Archive member included because of file (symbol)

c:/coocox/coide/gcc/sourcery g++ lite/bin/../lib/gcc/arm-none-eabi/4.5.1/../../../../arm-none-eabi/lib/thumb2\libc.a(lib_a-memcpy.o)
                              ..\obj\queue.o (memcpy)
c:/coocox/coide/gcc/sourcery g++ lite/bin/../lib/gcc/arm-none-eabi/4.5.1/../../../../arm-none-eabi/lib/thumb2\libc.a(lib_a-memset.o)
                              ..\obj\tasks.o (memset)
c:/coocox/coide/gcc/sourcery g++ lite/bin/../lib/gcc/arm-none-eabi/4.5.1/../../../../arm-none-eabi/lib/thumb2\libc.a(lib_a-strncpy.o)
                              ..\obj\tasks.o (strncpy)

Allocating common symbols
Common symbol       size              file

tab                 0x1b4             ..\obj\tablo.o
xSPI_Buf_Mutex      0x4               ..\obj\spi_bus.o
channels            0x38              ..\obj\channels.o

Discarded input sections

 .text          0x00000000        0x0 ..\obj\stm32f10x_tim.o
 .data          0x00000000        0x0 ..\obj\stm32f10x_tim.o
 .bss           0x00000000        0x0 ..\obj\stm32f10x_tim.o
 .text.TIM_DeInit
                0x00000000      0x2b0 ..\obj\stm32f10x_tim.o
 .text.TIM_TimeBaseInit
                0x00000000      0x120 ..\obj\stm32f10x_tim.o
 .text.TIM_OC1Init
                0x00000000      0x134 ..\obj\stm32f10x_tim.o
 .text.TIM_OC2Init
                0x00000000      0x134 ..\obj\stm32f10x_tim.o
 .text.TIM_OC3Init
                0x00000000      0x130 ..\obj\stm32f10x_tim.o
 .text.TIM_OC4Init
                0x00000000       0xe8 ..\obj\stm32f10x_tim.o
 .text.TIM_ICInit
                0x00000000       0xa8 ..\obj\stm32f10x_tim.o
 .text.TIM_PWMIConfig
                0x00000000       0xc4 ..\obj\stm32f10x_tim.o
 .text.TIM_BDTRConfig
                0x00000000       0x5c ..\obj\stm32f10x_tim.o
 .text.TIM_TimeBaseStructInit
                0x00000000       0x3c ..\obj\stm32f10x_tim.o
 .text.TIM_OCStructInit
                0x00000000       0x54 ..\obj\stm32f10x_tim.o
 .text.TIM_ICStructInit
                0x00000000       0x3c ..\obj\stm32f10x_tim.o
 .text.TIM_BDTRStructInit
                0x00000000       0x4c ..\obj\stm32f10x_tim.o
 .text.TIM_Cmd  0x00000000       0x40 ..\obj\stm32f10x_tim.o
 .text.TIM_CtrlPWMOutputs
                0x00000000       0x50 ..\obj\stm32f10x_tim.o
 .text.TIM_ITConfig
                0x00000000       0x4c ..\obj\stm32f10x_tim.o
 .text.TIM_GenerateEvent
                0x00000000       0x1c ..\obj\stm32f10x_tim.o
 .text.TIM_DMAConfig
                0x00000000       0x2c ..\obj\stm32f10x_tim.o
 .text.TIM_DMACmd
                0x00000000       0x4c ..\obj\stm32f10x_tim.o
 .text.TIM_InternalClockConfig
                0x00000000       0x24 ..\obj\stm32f10x_tim.o
 .text.TIM_ITRxExternalClockConfig
                0x00000000       0x30 ..\obj\stm32f10x_tim.o
 .text.TIM_TIxExternalClockConfig
                0x00000000       0x58 ..\obj\stm32f10x_tim.o
 .text.TIM_ETRClockMode1Config
                0x00000000       0x54 ..\obj\stm32f10x_tim.o
 .text.TIM_ETRClockMode2Config
                0x00000000       0x34 ..\obj\stm32f10x_tim.o
 .text.TIM_ETRConfig
                0x00000000       0x54 ..\obj\stm32f10x_tim.o
 .text.TIM_PrescalerConfig
                0x00000000       0x28 ..\obj\stm32f10x_tim.o
 .text.TIM_CounterModeConfig
                0x00000000       0x3c ..\obj\stm32f10x_tim.o
 .text.TIM_SelectInputTrigger
                0x00000000       0x3c ..\obj\stm32f10x_tim.o
 .text.TIM_EncoderInterfaceConfig
                0x00000000       0x98 ..\obj\stm32f10x_tim.o
 .text.TIM_ForcedOC1Config
                0x00000000       0x3c ..\obj\stm32f10x_tim.o
 .text.TIM_ForcedOC2Config
                0x00000000       0x40 ..\obj\stm32f10x_tim.o
 .text.TIM_ForcedOC3Config
                0x00000000       0x3c ..\obj\stm32f10x_tim.o
 .text.TIM_ForcedOC4Config
                0x00000000       0x40 ..\obj\stm32f10x_tim.o
 .text.TIM_ARRPreloadConfig
                0x00000000       0x40 ..\obj\stm32f10x_tim.o
 .text.TIM_SelectCOM
                0x00000000       0x40 ..\obj\stm32f10x_tim.o
 .text.TIM_SelectCCDMA
                0x00000000       0x40 ..\obj\stm32f10x_tim.o
 .text.TIM_CCPreloadControl
                0x00000000       0x40 ..\obj\stm32f10x_tim.o
 .text.TIM_OC1PreloadConfig
                0x00000000       0x3c ..\obj\stm32f10x_tim.o
 .text.TIM_OC2PreloadConfig
                0x00000000       0x40 ..\obj\stm32f10x_tim.o
 .text.TIM_OC3PreloadConfig
                0x00000000       0x3c ..\obj\stm32f10x_tim.o
 .text.TIM_OC4PreloadConfig
                0x00000000       0x40 ..\obj\stm32f10x_tim.o
 .text.TIM_OC1FastConfig
                0x00000000       0x3c ..\obj\stm32f10x_tim.o
 .text.TIM_OC2FastConfig
                0x00000000       0x40 ..\obj\stm32f10x_tim.o
 .text.TIM_OC3FastConfig
                0x00000000       0x3c ..\obj\stm32f10x_tim.o
 .text.TIM_OC4FastConfig
                0x00000000       0x40 ..\obj\stm32f10x_tim.o
 .text.TIM_ClearOC1Ref
                0x00000000       0x3c ..\obj\stm32f10x_tim.o
 .text.TIM_ClearOC2Ref
                0x00000000       0x44 ..\obj\stm32f10x_tim.o
 .text.TIM_ClearOC3Ref
                0x00000000       0x3c ..\obj\stm32f10x_tim.o
 .text.TIM_ClearOC4Ref
                0x00000000       0x44 ..\obj\stm32f10x_tim.o
 .text.TIM_OC1PolarityConfig
                0x00000000       0x3c ..\obj\stm32f10x_tim.o
 .text.TIM_OC1NPolarityConfig
                0x00000000       0x3c ..\obj\stm32f10x_tim.o
 .text.TIM_OC2PolarityConfig
                0x00000000       0x40 ..\obj\stm32f10x_tim.o
 .text.TIM_OC2NPolarityConfig
                0x00000000       0x40 ..\obj\stm32f10x_tim.o
 .text.TIM_OC3PolarityConfig
                0x00000000       0x40 ..\obj\stm32f10x_tim.o
 .text.TIM_OC3NPolarityConfig
                0x00000000       0x40 ..\obj\stm32f10x_tim.o
 .text.TIM_OC4PolarityConfig
                0x00000000       0x40 ..\obj\stm32f10x_tim.o
 .text.TIM_CCxCmd
                0x00000000       0x60 ..\obj\stm32f10x_tim.o
 .text.TIM_CCxNCmd
                0x00000000       0x60 ..\obj\stm32f10x_tim.o
 .text.TIM_SelectOCxM
                0x00000000       0xc0 ..\obj\stm32f10x_tim.o
 .text.TIM_UpdateDisableConfig
                0x00000000       0x40 ..\obj\stm32f10x_tim.o
 .text.TIM_UpdateRequestConfig
                0x00000000       0x40 ..\obj\stm32f10x_tim.o
 .text.TIM_SelectHallSensor
                0x00000000       0x40 ..\obj\stm32f10x_tim.o
 .text.TIM_SelectOnePulseMode
                0x00000000       0x38 ..\obj\stm32f10x_tim.o
 .text.TIM_SelectOutputTrigger
                0x00000000       0x38 ..\obj\stm32f10x_tim.o
 .text.TIM_SelectSlaveMode
                0x00000000       0x38 ..\obj\stm32f10x_tim.o
 .text.TIM_SelectMasterSlaveMode
                0x00000000       0x38 ..\obj\stm32f10x_tim.o
 .text.TIM_SetCounter
                0x00000000       0x1c ..\obj\stm32f10x_tim.o
 .text.TIM_SetAutoreload
                0x00000000       0x1c ..\obj\stm32f10x_tim.o
 .text.TIM_SetCompare1
                0x00000000       0x1c ..\obj\stm32f10x_tim.o
 .text.TIM_SetCompare2
                0x00000000       0x1c ..\obj\stm32f10x_tim.o
 .text.TIM_SetCompare3
                0x00000000       0x1c ..\obj\stm32f10x_tim.o
 .text.TIM_SetCompare4
                0x00000000       0x20 ..\obj\stm32f10x_tim.o
 .text.TIM_SetIC1Prescaler
                0x00000000       0x38 ..\obj\stm32f10x_tim.o
 .text.TIM_SetIC2Prescaler
                0x00000000       0x40 ..\obj\stm32f10x_tim.o
 .text.TIM_SetIC3Prescaler
                0x00000000       0x38 ..\obj\stm32f10x_tim.o
 .text.TIM_SetIC4Prescaler
                0x00000000       0x40 ..\obj\stm32f10x_tim.o
 .text.TIM_SetClockDivision
                0x00000000       0x38 ..\obj\stm32f10x_tim.o
 .text.TIM_GetCapture1
                0x00000000       0x1c ..\obj\stm32f10x_tim.o
 .text.TIM_GetCapture2
                0x00000000       0x1c ..\obj\stm32f10x_tim.o
 .text.TIM_GetCapture3
                0x00000000       0x1c ..\obj\stm32f10x_tim.o
 .text.TIM_GetCapture4
                0x00000000       0x1c ..\obj\stm32f10x_tim.o
 .text.TIM_GetCounter
                0x00000000       0x1c ..\obj\stm32f10x_tim.o
 .text.TIM_GetPrescaler
                0x00000000       0x1c ..\obj\stm32f10x_tim.o
 .text.TIM_GetFlagStatus
                0x00000000       0x40 ..\obj\stm32f10x_tim.o
 .text.TIM_ClearFlag
                0x00000000       0x24 ..\obj\stm32f10x_tim.o
 .text.TIM_GetITStatus
                0x00000000       0x64 ..\obj\stm32f10x_tim.o
 .text.TIM_ClearITPendingBit
                0x00000000       0x24 ..\obj\stm32f10x_tim.o
 .text.TI1_Config
                0x00000000       0xec ..\obj\stm32f10x_tim.o
 .text.TI2_Config
                0x00000000      0x10c ..\obj\stm32f10x_tim.o
 .text.TI3_Config
                0x00000000       0xfc ..\obj\stm32f10x_tim.o
 .text.TI4_Config
                0x00000000      0x114 ..\obj\stm32f10x_tim.o
 .text          0x00000000        0x0 ..\obj\startup_stm32f10x_md_vl.o
 .data          0x00000000        0x0 ..\obj\startup_stm32f10x_md_vl.o
 .bss           0x00000000        0x0 ..\obj\startup_stm32f10x_md_vl.o
 .text          0x00000000        0x0 ..\obj\core_cm3.o
 .data          0x00000000        0x0 ..\obj\core_cm3.o
 .bss           0x00000000        0x0 ..\obj\core_cm3.o
 .text.__get_PSP
                0x00000000       0x10 ..\obj\core_cm3.o
 .text.__set_PSP
                0x00000000        0x8 ..\obj\core_cm3.o
 .text.__get_MSP
                0x00000000       0x10 ..\obj\core_cm3.o
 .text.__set_MSP
                0x00000000        0x8 ..\obj\core_cm3.o
 .text.__get_BASEPRI
                0x00000000       0x20 ..\obj\core_cm3.o
 .text.__set_BASEPRI
                0x00000000       0x18 ..\obj\core_cm3.o
 .text.__get_PRIMASK
                0x00000000       0x20 ..\obj\core_cm3.o
 .text.__set_PRIMASK
                0x00000000       0x18 ..\obj\core_cm3.o
 .text.__get_FAULTMASK
                0x00000000       0x20 ..\obj\core_cm3.o
 .text.__set_FAULTMASK
                0x00000000       0x18 ..\obj\core_cm3.o
 .text.__get_CONTROL
                0x00000000       0x20 ..\obj\core_cm3.o
 .text.__set_CONTROL
                0x00000000       0x18 ..\obj\core_cm3.o
 .text.__REV    0x00000000       0x24 ..\obj\core_cm3.o
 .text.__REV16  0x00000000       0x24 ..\obj\core_cm3.o
 .text.__REVSH  0x00000000       0x24 ..\obj\core_cm3.o
 .text.__RBIT   0x00000000       0x24 ..\obj\core_cm3.o
 .text.__LDREXB
                0x00000000       0x24 ..\obj\core_cm3.o
 .text.__LDREXH
                0x00000000       0x24 ..\obj\core_cm3.o
 .text.__LDREXW
                0x00000000       0x24 ..\obj\core_cm3.o
 .text.__STREXB
                0x00000000       0x2c ..\obj\core_cm3.o
 .text.__STREXH
                0x00000000       0x2c ..\obj\core_cm3.o
 .text.__STREXW
                0x00000000       0x28 ..\obj\core_cm3.o
 .text          0x00000000        0x0 ..\obj\system_stm32f10x.o
 .data          0x00000000       0x14 ..\obj\system_stm32f10x.o
 .bss           0x00000000        0x0 ..\obj\system_stm32f10x.o
 .text.SystemCoreClockUpdate
                0x00000000      0x13c ..\obj\system_stm32f10x.o
 .text          0x00000000        0x0 ..\obj\stm32f10x_pwr.o
 .data          0x00000000        0x0 ..\obj\stm32f10x_pwr.o
 .bss           0x00000000        0x0 ..\obj\stm32f10x_pwr.o
 .text.__WFI    0x00000000        0xc ..\obj\stm32f10x_pwr.o
 .text.__WFE    0x00000000        0xc ..\obj\stm32f10x_pwr.o
 .text.PWR_DeInit
                0x00000000       0x20 ..\obj\stm32f10x_pwr.o
 .text.PWR_BackupAccessCmd
                0x00000000       0x20 ..\obj\stm32f10x_pwr.o
 .text.PWR_PVDCmd
                0x00000000       0x20 ..\obj\stm32f10x_pwr.o
 .text.PWR_PVDLevelConfig
                0x00000000       0x44 ..\obj\stm32f10x_pwr.o
 .text.PWR_WakeUpPinCmd
                0x00000000       0x20 ..\obj\stm32f10x_pwr.o
 .text.PWR_EnterSTOPMode
                0x00000000       0x84 ..\obj\stm32f10x_pwr.o
 .text.PWR_EnterSTANDBYMode
                0x00000000       0x54 ..\obj\stm32f10x_pwr.o
 .text.PWR_GetFlagStatus
                0x00000000       0x40 ..\obj\stm32f10x_pwr.o
 .text.PWR_ClearFlag
                0x00000000       0x34 ..\obj\stm32f10x_pwr.o
 .text          0x00000000        0x0 ..\obj\stm32f10x_gpio.o
 .data          0x00000000        0x0 ..\obj\stm32f10x_gpio.o
 .bss           0x00000000        0x0 ..\obj\stm32f10x_gpio.o
 .text.GPIO_DeInit
                0x00000000      0x128 ..\obj\stm32f10x_gpio.o
 .text.GPIO_AFIODeInit
                0x00000000       0x20 ..\obj\stm32f10x_gpio.o
 .text.GPIO_StructInit
                0x00000000       0x2c ..\obj\stm32f10x_gpio.o
 .text.GPIO_ReadInputDataBit
                0x00000000       0x40 ..\obj\stm32f10x_gpio.o
 .text.GPIO_ReadInputData
                0x00000000       0x1c ..\obj\stm32f10x_gpio.o
 .text.GPIO_ReadOutputDataBit
                0x00000000       0x40 ..\obj\stm32f10x_gpio.o
 .text.GPIO_ReadOutputData
                0x00000000       0x1c ..\obj\stm32f10x_gpio.o
 .text.GPIO_SetBits
                0x00000000       0x1c ..\obj\stm32f10x_gpio.o
 .text.GPIO_ResetBits
                0x00000000       0x1c ..\obj\stm32f10x_gpio.o
 .text.GPIO_Write
                0x00000000       0x1c ..\obj\stm32f10x_gpio.o
 .text.GPIO_PinLockConfig
                0x00000000       0x44 ..\obj\stm32f10x_gpio.o
 .text.GPIO_EventOutputConfig
                0x00000000       0x5c ..\obj\stm32f10x_gpio.o
 .text.GPIO_EventOutputCmd
                0x00000000       0x20 ..\obj\stm32f10x_gpio.o
 .text.GPIO_PinRemapConfig
                0x00000000      0x124 ..\obj\stm32f10x_gpio.o
 .text.GPIO_EXTILineConfig
                0x00000000       0xb4 ..\obj\stm32f10x_gpio.o
 .text.GPIO_ETH_MediaInterfaceConfig
                0x00000000       0x20 ..\obj\stm32f10x_gpio.o
 .text          0x00000000        0x0 ..\obj\stm32f10x_dac.o
 .data          0x00000000        0x0 ..\obj\stm32f10x_dac.o
 .bss           0x00000000        0x0 ..\obj\stm32f10x_dac.o
 .text.DAC_DeInit
                0x00000000       0x20 ..\obj\stm32f10x_dac.o
 .text.DAC_Init
                0x00000000       0x78 ..\obj\stm32f10x_dac.o
 .text.DAC_StructInit
                0x00000000       0x34 ..\obj\stm32f10x_dac.o
 .text.DAC_Cmd  0x00000000       0x6c ..\obj\stm32f10x_dac.o
 .text.DAC_ITConfig
                0x00000000       0x68 ..\obj\stm32f10x_dac.o
 .text.DAC_DMACmd
                0x00000000       0x6c ..\obj\stm32f10x_dac.o
 .text.DAC_SoftwareTriggerCmd
                0x00000000       0x74 ..\obj\stm32f10x_dac.o
 .text.DAC_DualSoftwareTriggerCmd
                0x00000000       0x4c ..\obj\stm32f10x_dac.o
 .text.DAC_WaveGenerationCmd
                0x00000000       0x68 ..\obj\stm32f10x_dac.o
 .text.DAC_SetChannel1Data
                0x00000000       0x38 ..\obj\stm32f10x_dac.o
 .text.DAC_SetChannel2Data
                0x00000000       0x38 ..\obj\stm32f10x_dac.o
 .text.DAC_SetDualChannelData
                0x00000000       0x68 ..\obj\stm32f10x_dac.o
 .text.DAC_GetDataOutputValue
                0x00000000       0x3c ..\obj\stm32f10x_dac.o
 .text.DAC_GetFlagStatus
                0x00000000       0x48 ..\obj\stm32f10x_dac.o
 .text.DAC_ClearFlag
                0x00000000       0x28 ..\obj\stm32f10x_dac.o
 .text.DAC_GetITStatus
                0x00000000       0x70 ..\obj\stm32f10x_dac.o
 .text.DAC_ClearITPendingBit
                0x00000000       0x28 ..\obj\stm32f10x_dac.o
 .text          0x00000000        0x0 ..\obj\indicator.o
 .data          0x00000000        0x0 ..\obj\indicator.o
 .bss           0x00000000        0x0 ..\obj\indicator.o
 .text.indicators_init
                0x00000000       0x1c ..\obj\indicator.o
 .text          0x00000000        0x0 ..\obj\main.o
 .data          0x00000000        0x0 ..\obj\main.o
 .bss           0x00000000        0x0 ..\obj\main.o
 .text          0x00000000        0x0 ..\obj\timers.o
 .data          0x00000000        0x0 ..\obj\timers.o
 .bss           0x00000000        0x0 ..\obj\timers.o
 .text          0x00000000        0x0 ..\obj\tablo.o
 .data          0x00000000        0x0 ..\obj\tablo.o
 .bss           0x00000000        0x0 ..\obj\tablo.o
 .text          0x00000000        0x0 ..\obj\stm32f10x_rcc.o
 .data          0x00000000       0x14 ..\obj\stm32f10x_rcc.o
 .bss           0x00000000        0x0 ..\obj\stm32f10x_rcc.o
 .text.RCC_DeInit
                0x00000000       0xac ..\obj\stm32f10x_rcc.o
 .text.RCC_HSEConfig
                0x00000000       0x88 ..\obj\stm32f10x_rcc.o
 .text.RCC_WaitForHSEStartUp
                0x00000000       0x64 ..\obj\stm32f10x_rcc.o
 .text.RCC_AdjustHSICalibrationValue
                0x00000000       0x48 ..\obj\stm32f10x_rcc.o
 .text.RCC_HSICmd
                0x00000000       0x20 ..\obj\stm32f10x_rcc.o
 .text.RCC_PLLConfig
                0x00000000       0x4c ..\obj\stm32f10x_rcc.o
 .text.RCC_PLLCmd
                0x00000000       0x20 ..\obj\stm32f10x_rcc.o
 .text.RCC_PREDIV1Config
                0x00000000       0x50 ..\obj\stm32f10x_rcc.o
 .text.RCC_SYSCLKConfig
                0x00000000       0x44 ..\obj\stm32f10x_rcc.o
 .text.RCC_GetSYSCLKSource
                0x00000000       0x20 ..\obj\stm32f10x_rcc.o
 .text.RCC_HCLKConfig
                0x00000000       0x44 ..\obj\stm32f10x_rcc.o
 .text.RCC_PCLK1Config
                0x00000000       0x44 ..\obj\stm32f10x_rcc.o
 .text.RCC_PCLK2Config
                0x00000000       0x48 ..\obj\stm32f10x_rcc.o
 .text.RCC_ITConfig
                0x00000000       0x64 ..\obj\stm32f10x_rcc.o
 .text.RCC_USBCLKConfig
                0x00000000       0x20 ..\obj\stm32f10x_rcc.o
 .text.RCC_ADCCLKConfig
                0x00000000       0x44 ..\obj\stm32f10x_rcc.o
 .text.RCC_LSEConfig
                0x00000000       0x5c ..\obj\stm32f10x_rcc.o
 .text.RCC_LSICmd
                0x00000000       0x20 ..\obj\stm32f10x_rcc.o
 .text.RCC_RTCCLKConfig
                0x00000000       0x30 ..\obj\stm32f10x_rcc.o
 .text.RCC_RTCCLKCmd
                0x00000000       0x20 ..\obj\stm32f10x_rcc.o
 .text.RCC_GetClocksFreq
                0x00000000      0x1cc ..\obj\stm32f10x_rcc.o
 .text.RCC_APB1PeriphClockCmd
                0x00000000       0x5c ..\obj\stm32f10x_rcc.o
 .text.RCC_APB2PeriphResetCmd
                0x00000000       0x5c ..\obj\stm32f10x_rcc.o
 .text.RCC_APB1PeriphResetCmd
                0x00000000       0x5c ..\obj\stm32f10x_rcc.o
 .text.RCC_BackupResetCmd
                0x00000000       0x20 ..\obj\stm32f10x_rcc.o
 .text.RCC_ClockSecuritySystemCmd
                0x00000000       0x20 ..\obj\stm32f10x_rcc.o
 .text.RCC_MCOConfig
                0x00000000       0x20 ..\obj\stm32f10x_rcc.o
 .text.RCC_GetFlagStatus
                0x00000000       0x90 ..\obj\stm32f10x_rcc.o
 .text.RCC_ClearFlag
                0x00000000       0x24 ..\obj\stm32f10x_rcc.o
 .text.RCC_GetITStatus
                0x00000000       0x44 ..\obj\stm32f10x_rcc.o
 .text.RCC_ClearITPendingBit
                0x00000000       0x20 ..\obj\stm32f10x_rcc.o
 .text          0x00000000        0x0 ..\obj\tasks.o
 .text.vTaskSuspend
                0x00000000       0xc0 ..\obj\tasks.o
 .text.xTaskIsTaskSuspended
                0x00000000       0x50 ..\obj\tasks.o
 .text.vTaskResume
                0x00000000       0xac ..\obj\tasks.o
 .text.xTaskResumeFromISR
                0x00000000       0xd4 ..\obj\tasks.o
 .text.vTaskEndScheduler
                0x00000000       0x20 ..\obj\tasks.o
 .text.xTaskGetTickCount
                0x00000000       0x28 ..\obj\tasks.o
 .text.xTaskGetTickCountFromISR
                0x00000000       0x38 ..\obj\tasks.o
 .text.uxTaskGetNumberOfTasks
                0x00000000       0x18 ..\obj\tasks.o
 .text          0x00000000        0x0 ..\obj\stm32f10x_adc.o
 .data          0x00000000        0x0 ..\obj\stm32f10x_adc.o
 .bss           0x00000000        0x0 ..\obj\stm32f10x_adc.o
 .text.ADC_DeInit
                0x00000000       0x88 ..\obj\stm32f10x_adc.o
 .text.ADC_Init
                0x00000000       0xc0 ..\obj\stm32f10x_adc.o
 .text.ADC_StructInit
                0x00000000       0x44 ..\obj\stm32f10x_adc.o
 .text.ADC_Cmd  0x00000000       0x38 ..\obj\stm32f10x_adc.o
 .text.ADC_DMACmd
                0x00000000       0x38 ..\obj\stm32f10x_adc.o
 .text.ADC_ITConfig
                0x00000000       0x4c ..\obj\stm32f10x_adc.o
 .text.ADC_ResetCalibration
                0x00000000       0x20 ..\obj\stm32f10x_adc.o
 .text.ADC_GetResetCalibrationStatus
                0x00000000       0x38 ..\obj\stm32f10x_adc.o
 .text.ADC_StartCalibration
                0x00000000       0x20 ..\obj\stm32f10x_adc.o
 .text.ADC_GetCalibrationStatus
                0x00000000       0x38 ..\obj\stm32f10x_adc.o
 .text.ADC_SoftwareStartConvCmd
                0x00000000       0x38 ..\obj\stm32f10x_adc.o
 .text.ADC_GetSoftwareStartConvStatus
                0x00000000       0x38 ..\obj\stm32f10x_adc.o
 .text.ADC_DiscModeChannelCountConfig
                0x00000000       0x4c ..\obj\stm32f10x_adc.o
 .text.ADC_DiscModeCmd
                0x00000000       0x38 ..\obj\stm32f10x_adc.o
 .text.ADC_RegularChannelConfig
                0x00000000      0x1d0 ..\obj\stm32f10x_adc.o
 .text.ADC_ExternalTrigConvCmd
                0x00000000       0x38 ..\obj\stm32f10x_adc.o
 .text.ADC_GetConversionValue
                0x00000000       0x1c ..\obj\stm32f10x_adc.o
 .text.ADC_GetDualModeConversionValue
                0x00000000       0x18 ..\obj\stm32f10x_adc.o
 .text.ADC_AutoInjectedConvCmd
                0x00000000       0x38 ..\obj\stm32f10x_adc.o
 .text.ADC_InjectedDiscModeCmd
                0x00000000       0x38 ..\obj\stm32f10x_adc.o
 .text.ADC_ExternalTrigInjectedConvConfig
                0x00000000       0x38 ..\obj\stm32f10x_adc.o
 .text.ADC_ExternalTrigInjectedConvCmd
                0x00000000       0x38 ..\obj\stm32f10x_adc.o
 .text.ADC_SoftwareStartInjectedConvCmd
                0x00000000       0x38 ..\obj\stm32f10x_adc.o
 .text.ADC_GetSoftwareStartInjectedConvCmdStatus
                0x00000000       0x38 ..\obj\stm32f10x_adc.o
 .text.ADC_InjectedChannelConfig
                0x00000000      0x150 ..\obj\stm32f10x_adc.o
 .text.ADC_InjectedSequencerLengthConfig
                0x00000000       0x4c ..\obj\stm32f10x_adc.o
 .text.ADC_SetInjectedOffset
                0x00000000       0x34 ..\obj\stm32f10x_adc.o
 .text.ADC_GetInjectedConversionValue
                0x00000000       0x34 ..\obj\stm32f10x_adc.o
 .text.ADC_AnalogWatchdogCmd
                0x00000000       0x3c ..\obj\stm32f10x_adc.o
 .text.ADC_AnalogWatchdogThresholdsConfig
                0x00000000       0x28 ..\obj\stm32f10x_adc.o
 .text.ADC_AnalogWatchdogSingleChannelConfig
                0x00000000       0x3c ..\obj\stm32f10x_adc.o
 .text.ADC_TempSensorVrefintCmd
                0x00000000       0x4c ..\obj\stm32f10x_adc.o
 .text.ADC_GetFlagStatus
                0x00000000       0x40 ..\obj\stm32f10x_adc.o
 .text.ADC_ClearFlag
                0x00000000       0x20 ..\obj\stm32f10x_adc.o
 .text.ADC_GetITStatus
                0x00000000       0x6c ..\obj\stm32f10x_adc.o
 .text.ADC_ClearITPendingBit
                0x00000000       0x30 ..\obj\stm32f10x_adc.o
 .text          0x00000000        0x0 ..\obj\keyboard.o
 .data          0x00000000        0x0 ..\obj\keyboard.o
 .bss           0x00000000        0x0 ..\obj\keyboard.o
 .rodata        0x00000000        0xc ..\obj\keyboard.o
 .text.keyboard_init
                0x00000000      0x11c ..\obj\keyboard.o
 .text.keyboard_task
                0x00000000      0x42c ..\obj\keyboard.o
 .text          0x00000000        0x0 ..\obj\list.o
 .data          0x00000000        0x0 ..\obj\list.o
 .bss           0x00000000        0x0 ..\obj\list.o
 .text          0x00000000        0x0 ..\obj\stm32f10x_flash.o
 .data          0x00000000        0x0 ..\obj\stm32f10x_flash.o
 .bss           0x00000000        0x0 ..\obj\stm32f10x_flash.o
 .text.FLASH_SetLatency
                0x00000000       0x44 ..\obj\stm32f10x_flash.o
 .text.FLASH_HalfCycleAccessCmd
                0x00000000       0x48 ..\obj\stm32f10x_flash.o
 .text.FLASH_PrefetchBufferCmd
                0x00000000       0x48 ..\obj\stm32f10x_flash.o
 .text.FLASH_Unlock
                0x00000000       0x30 ..\obj\stm32f10x_flash.o
 .text.FLASH_UnlockBank1
                0x00000000       0x30 ..\obj\stm32f10x_flash.o
 .text.FLASH_Lock
                0x00000000       0x24 ..\obj\stm32f10x_flash.o
 .text.FLASH_LockBank1
                0x00000000       0x24 ..\obj\stm32f10x_flash.o
 .text.FLASH_ErasePage
                0x00000000       0x94 ..\obj\stm32f10x_flash.o
 .text.FLASH_EraseAllPages
                0x00000000       0x84 ..\obj\stm32f10x_flash.o
 .text.FLASH_EraseAllBank1Pages
                0x00000000       0x84 ..\obj\stm32f10x_flash.o
 .text.FLASH_EraseOptionBytes
                0x00000000      0x140 ..\obj\stm32f10x_flash.o
 .text.FLASH_ProgramWord
                0x00000000       0xc4 ..\obj\stm32f10x_flash.o
 .text.FLASH_ProgramHalfWord
                0x00000000       0x78 ..\obj\stm32f10x_flash.o
 .text.FLASH_ProgramOptionByteData
                0x00000000       0xa4 ..\obj\stm32f10x_flash.o
 .text.FLASH_EnableWriteProtection
                0x00000000      0x160 ..\obj\stm32f10x_flash.o
 .text.FLASH_ReadOutProtection
                0x00000000      0x148 ..\obj\stm32f10x_flash.o
 .text.FLASH_UserOptionByteConfig
                0x00000000       0xc4 ..\obj\stm32f10x_flash.o
 .text.FLASH_GetUserOptionByte
                0x00000000       0x1c ..\obj\stm32f10x_flash.o
 .text.FLASH_GetWriteProtectionOptionByte
                0x00000000       0x18 ..\obj\stm32f10x_flash.o
 .text.FLASH_GetReadOutProtectionStatus
                0x00000000       0x3c ..\obj\stm32f10x_flash.o
 .text.FLASH_GetPrefetchBufferStatus
                0x00000000       0x3c ..\obj\stm32f10x_flash.o
 .text.FLASH_ITConfig
                0x00000000       0x5c ..\obj\stm32f10x_flash.o
 .text.FLASH_GetFlagStatus
                0x00000000       0x6c ..\obj\stm32f10x_flash.o
 .text.FLASH_ClearFlag
                0x00000000       0x20 ..\obj\stm32f10x_flash.o
 .text.FLASH_GetStatus
                0x00000000       0x70 ..\obj\stm32f10x_flash.o
 .text.FLASH_GetBank1Status
                0x00000000       0x70 ..\obj\stm32f10x_flash.o
 .text.FLASH_WaitForLastOperation
                0x00000000       0x4c ..\obj\stm32f10x_flash.o
 .text.FLASH_WaitForLastBank1Operation
                0x00000000       0x4c ..\obj\stm32f10x_flash.o
 .text          0x00000000        0x0 ..\obj\port.o
 .bss           0x00000000        0x0 ..\obj\port.o
 .rodata        0x00000000        0x4 ..\obj\port.o
 .text.vPortEndScheduler
                0x00000000        0xc ..\obj\port.o
 .text          0x00000000        0x0 ..\obj\queue.o
 .data          0x00000000        0x0 ..\obj\queue.o
 .bss           0x00000000        0x0 ..\obj\queue.o
 .text.xQueueGenericCreate
                0x00000000       0xd4 ..\obj\queue.o
 .text.xQueueGenericSendFromISR
                0x00000000       0x90 ..\obj\queue.o
 .text.xQueueReceiveFromISR
                0x00000000       0x94 ..\obj\queue.o
 .text.uxQueueMessagesWaiting
                0x00000000       0x24 ..\obj\queue.o
 .text.uxQueueMessagesWaitingFromISR
                0x00000000       0x1c ..\obj\queue.o
 .text.vQueueDelete
                0x00000000       0x20 ..\obj\queue.o
 .text.xQueueIsQueueEmptyFromISR
                0x00000000       0x24 ..\obj\queue.o
 .text.xQueueIsQueueFullFromISR
                0x00000000       0x2c ..\obj\queue.o
 .text          0x00000000        0x0 ..\obj\stm32f10x_dma.o
 .data          0x00000000        0x0 ..\obj\stm32f10x_dma.o
 .bss           0x00000000        0x0 ..\obj\stm32f10x_dma.o
 .text.DMA_DeInit
                0x00000000      0x224 ..\obj\stm32f10x_dma.o
 .text.DMA_ITConfig
                0x00000000       0x40 ..\obj\stm32f10x_dma.o
 .text.DMA_SetCurrDataCounter
                0x00000000       0x1c ..\obj\stm32f10x_dma.o
 .text.DMA_GetCurrDataCounter
                0x00000000       0x1c ..\obj\stm32f10x_dma.o
 .text.DMA_GetITStatus
                0x00000000       0x60 ..\obj\stm32f10x_dma.o
 .text.DMA_ClearITPendingBit
                0x00000000       0x38 ..\obj\stm32f10x_dma.o
 .text          0x00000000        0x0 ..\obj\croutine.o
 .data          0x00000000        0x0 ..\obj\croutine.o
 .bss           0x00000000       0x80 ..\obj\croutine.o
 .text.xCoRoutineCreate
                0x00000000       0xf4 ..\obj\croutine.o
 .text.vCoRoutineAddToDelayedList
                0x00000000       0xb4 ..\obj\croutine.o
 .text.prvCheckPendingReadyList
                0x00000000       0xa0 ..\obj\croutine.o
 .text.prvCheckDelayedList
                0x00000000      0x170 ..\obj\croutine.o
 .text.vCoRoutineSchedule
                0x00000000       0xf0 ..\obj\croutine.o
 .text.prvInitialiseCoRoutineLists
                0x00000000       0x8c ..\obj\croutine.o
 .text.xCoRoutineRemoveFromEventList
                0x00000000       0x60 ..\obj\croutine.o
 .text          0x00000000        0x0 ..\obj\channels.o
 .data          0x00000000        0x8 ..\obj\channels.o
 .bss           0x00000000       0x10 ..\obj\channels.o
 .text.ChannelsInit
                0x00000000       0xf4 ..\obj\channels.o
 COMMON         0x00000000       0x38 ..\obj\channels.o
 .text          0x00000000        0x0 ..\obj\spi_bus.o
 .data          0x00000000        0x0 ..\obj\spi_bus.o
 .bss           0x00000000        0x0 ..\obj\spi_bus.o
 .text          0x00000000        0x0 ..\obj\misc.o
 .data          0x00000000        0x0 ..\obj\misc.o
 .bss           0x00000000        0x0 ..\obj\misc.o
 .text.NVIC_PriorityGroupConfig
                0x00000000       0x28 ..\obj\misc.o
 .text.NVIC_Init
                0x00000000       0xec ..\obj\misc.o
 .text.NVIC_SetVectorTable
                0x00000000       0x2c ..\obj\misc.o
 .text.NVIC_SystemLPConfig
                0x00000000       0x5c ..\obj\misc.o
 .text.SysTick_CLKSourceConfig
                0x00000000       0x4c ..\obj\misc.o
 .text          0x00000000        0x0 ..\obj\stm32f10x_spi.o
 .data          0x00000000        0x0 ..\obj\stm32f10x_spi.o
 .bss           0x00000000        0x0 ..\obj\stm32f10x_spi.o
 .text.SPI_I2S_DeInit
                0x00000000       0x88 ..\obj\stm32f10x_spi.o
 .text.I2S_Init
                0x00000000      0x1a4 ..\obj\stm32f10x_spi.o
 .text.SPI_StructInit
                0x00000000       0x5c ..\obj\stm32f10x_spi.o
 .text.I2S_StructInit
                0x00000000       0x44 ..\obj\stm32f10x_spi.o
 .text.I2S_Cmd  0x00000000       0x40 ..\obj\stm32f10x_spi.o
 .text.SPI_I2S_ITConfig
                0x00000000       0x70 ..\obj\stm32f10x_spi.o
 .text.SPI_I2S_SendData
                0x00000000       0x1c ..\obj\stm32f10x_spi.o
 .text.SPI_I2S_ReceiveData
                0x00000000       0x1c ..\obj\stm32f10x_spi.o
 .text.SPI_NSSInternalSoftwareConfig
                0x00000000       0x44 ..\obj\stm32f10x_spi.o
 .text.SPI_SSOutputCmd
                0x00000000       0x40 ..\obj\stm32f10x_spi.o
 .text.SPI_DataSizeConfig
                0x00000000       0x38 ..\obj\stm32f10x_spi.o
 .text.SPI_TransmitCRC
                0x00000000       0x24 ..\obj\stm32f10x_spi.o
 .text.SPI_GetCRC
                0x00000000       0x34 ..\obj\stm32f10x_spi.o
 .text.SPI_GetCRCPolynomial
                0x00000000       0x1c ..\obj\stm32f10x_spi.o
 .text.SPI_BiDirectionalLineConfig
                0x00000000       0x40 ..\obj\stm32f10x_spi.o
 .text.SPI_I2S_GetFlagStatus
                0x00000000       0x40 ..\obj\stm32f10x_spi.o
 .text.SPI_I2S_ClearFlag
                0x00000000       0x24 ..\obj\stm32f10x_spi.o
 .text.SPI_I2S_GetITStatus
                0x00000000       0x8c ..\obj\stm32f10x_spi.o
 .text.SPI_I2S_ClearITPendingBit
                0x00000000       0x38 ..\obj\stm32f10x_spi.o
 .text          0x00000000        0x0 ..\obj\heap_1.o
 .data          0x00000000        0x0 ..\obj\heap_1.o
 .text.vPortInitialiseBlocks
                0x00000000       0x18 ..\obj\heap_1.o
 .text.xPortGetFreeHeapSize
                0x00000000       0x1c ..\obj\heap_1.o
 .data          0x00000000        0x0 c:/coocox/coide/gcc/sourcery g++ lite/bin/../lib/gcc/arm-none-eabi/4.5.1/../../../../arm-none-eabi/lib/thumb2\libc.a(lib_a-memcpy.o)
 .bss           0x00000000        0x0 c:/coocox/coide/gcc/sourcery g++ lite/bin/../lib/gcc/arm-none-eabi/4.5.1/../../../../arm-none-eabi/lib/thumb2\libc.a(lib_a-memcpy.o)
 .data          0x00000000        0x0 c:/coocox/coide/gcc/sourcery g++ lite/bin/../lib/gcc/arm-none-eabi/4.5.1/../../../../arm-none-eabi/lib/thumb2\libc.a(lib_a-memset.o)
 .bss           0x00000000        0x0 c:/coocox/coide/gcc/sourcery g++ lite/bin/../lib/gcc/arm-none-eabi/4.5.1/../../../../arm-none-eabi/lib/thumb2\libc.a(lib_a-memset.o)
 .data          0x00000000        0x0 c:/coocox/coide/gcc/sourcery g++ lite/bin/../lib/gcc/arm-none-eabi/4.5.1/../../../../arm-none-eabi/lib/thumb2\libc.a(lib_a-strncpy.o)
 .bss           0x00000000        0x0 c:/coocox/coide/gcc/sourcery g++ lite/bin/../lib/gcc/arm-none-eabi/4.5.1/../../../../arm-none-eabi/lib/thumb2\libc.a(lib_a-strncpy.o)

Memory Configuration

Name             Origin             Length             Attributes
rom              0x08000000         0x00020000         xr
ram              0x20000000         0x00002000         xrw
*default*        0x00000000         0xffffffff

Linker script and memory map

                0x20002000                _eram = 0x20002000

.text           0x08000000     0x2898
 *(.isr_vector .isr_vector.*)
 .isr_vector    0x08000000      0x124 ..\obj\startup_stm32f10x_md_vl.o
                0x08000000                g_pfnVectors
 *(.text .text.* .gnu.linkonce.t.*)
 .text.Default_Reset_Handler
                0x08000124       0x6c ..\obj\startup_stm32f10x_md_vl.o
                0x08000124                Default_Reset_Handler
                0x08000124                Reset_Handler
 .text.Default_Handler
                0x08000190        0x8 ..\obj\startup_stm32f10x_md_vl.o
                0x08000190                EXTI2_IRQHandler
                0x08000190                DebugMon_Handler
                0x08000190                TIM1_CC_IRQHandler
                0x08000190                HardFault_Handler
                0x08000190                PVD_IRQHandler
                0x08000190                NMI_Handler
                0x08000190                EXTI3_IRQHandler
                0x08000190                EXTI0_IRQHandler
                0x08000190                I2C2_EV_IRQHandler
                0x08000190                TIM1_UP_TIM16_IRQHandler
                0x08000190                UsageFault_Handler
                0x08000190                SPI1_IRQHandler
                0x08000190                TAMPER_IRQHandler
                0x08000190                TIM6_DAC_IRQHandler
                0x08000190                DMA1_Channel4_IRQHandler
                0x08000190                ADC1_IRQHandler
                0x08000190                USART3_IRQHandler
                0x08000190                RTC_IRQHandler
                0x08000190                DMA1_Channel7_IRQHandler
                0x08000190                TIM4_IRQHandler
                0x08000190                I2C1_EV_IRQHandler
                0x08000190                DMA1_Channel6_IRQHandler
                0x08000190                TIM3_IRQHandler
                0x08000190                RCC_IRQHandler
                0x08000190                DMA1_Channel1_IRQHandler
                0x08000190                CEC_IRQHandler
                0x08000190                EXTI15_10_IRQHandler
                0x08000190                TIM7_IRQHandler
                0x08000190                EXTI9_5_IRQHandler
                0x08000190                SPI2_IRQHandler
                0x08000190                MemManage_Handler
                0x08000190                DMA1_Channel5_IRQHandler
                0x08000190                EXTI4_IRQHandler
                0x08000190                TIM1_TRG_COM_TIM17_IRQHandler
                0x08000190                DMA1_Channel3_IRQHandler
                0x08000190                WWDG_IRQHandler
                0x08000190                TIM2_IRQHandler
                0x08000190                EXTI1_IRQHandler
                0x08000190                RTCAlarm_IRQHandler
                0x08000190                USART2_IRQHandler
                0x08000190                I2C2_ER_IRQHandler
                0x08000190                DMA1_Channel2_IRQHandler
                0x08000190                FLASH_IRQHandler
                0x08000190                BusFault_Handler
                0x08000190                USART1_IRQHandler
                0x08000190                I2C1_ER_IRQHandler
                0x08000190                TIM1_BRK_TIM15_IRQHandler
 .text.SystemInit
                0x08000198       0xbc ..\obj\system_stm32f10x.o
                0x08000198                SystemInit
 .text.SetSysClock
                0x08000254        0xc ..\obj\system_stm32f10x.o
 .text.SetSysClockTo24
                0x08000260      0x15c ..\obj\system_stm32f10x.o
 .text.GPIO_Init
                0x080003bc      0x1c0 ..\obj\stm32f10x_gpio.o
                0x080003bc                GPIO_Init
 .text.GPIO_WriteBit
                0x0800057c       0x30 ..\obj\stm32f10x_gpio.o
                0x0800057c                GPIO_WriteBit
 .text.Init_Task
                0x080005ac       0x40 ..\obj\main.o
 .text.main     0x080005ec       0x48 ..\obj\main.o
                0x080005ec                main
 .text.tablo_indicator_struct_init
                0x08000634       0xcc ..\obj\tablo.o
                0x08000634                tablo_indicator_struct_init
 .text.tablo_devices_init
                0x08000700       0x20 ..\obj\tablo.o
                0x08000700                tablo_devices_init
 .text.RCC_AHBPeriphClockCmd
                0x08000720       0x5c ..\obj\stm32f10x_rcc.o
                0x08000720                RCC_AHBPeriphClockCmd
 .text.RCC_APB2PeriphClockCmd
                0x0800077c       0x5c ..\obj\stm32f10x_rcc.o
                0x0800077c                RCC_APB2PeriphClockCmd
 .text.xTaskGenericCreate
                0x080007d8      0x1ac ..\obj\tasks.o
                0x080007d8                xTaskGenericCreate
 .text.vTaskDelete
                0x08000984       0xc0 ..\obj\tasks.o
                0x08000984                vTaskDelete
 .text.vTaskDelay
                0x08000a44       0x5c ..\obj\tasks.o
                0x08000a44                vTaskDelay
 .text.vTaskStartScheduler
                0x08000aa0       0x74 ..\obj\tasks.o
                0x08000aa0                vTaskStartScheduler
 .text.vTaskSuspendAll
                0x08000b14       0x24 ..\obj\tasks.o
                0x08000b14                vTaskSuspendAll
 .text.xTaskResumeAll
                0x08000b38      0x154 ..\obj\tasks.o
                0x08000b38                xTaskResumeAll
 .text.vTaskIncrementTick
                0x08000c8c      0x1b8 ..\obj\tasks.o
                0x08000c8c                vTaskIncrementTick
 .text.vTaskSwitchContext
                0x08000e44       0xd0 ..\obj\tasks.o
                0x08000e44                vTaskSwitchContext
 .text.vTaskPlaceOnEventList
                0x08000f14       0x78 ..\obj\tasks.o
                0x08000f14                vTaskPlaceOnEventList
 .text.xTaskRemoveFromEventList
                0x08000f8c       0xc4 ..\obj\tasks.o
                0x08000f8c                xTaskRemoveFromEventList
 .text.vTaskSetTimeOutState
                0x08001050       0x30 ..\obj\tasks.o
                0x08001050                vTaskSetTimeOutState
 .text.xTaskCheckForTimeOut
                0x08001080       0xa4 ..\obj\tasks.o
                0x08001080                xTaskCheckForTimeOut
 .text.vTaskMissedYield
                0x08001124       0x18 ..\obj\tasks.o
                0x08001124                vTaskMissedYield
 .text.prvIdleTask
                0x0800113c       0x24 ..\obj\tasks.o
 .text.prvInitialiseTCBVariables
                0x08001160       0x7c ..\obj\tasks.o
 .text.prvInitialiseTaskLists
                0x080011dc       0xa4 ..\obj\tasks.o
 .text.prvCheckTasksWaitingTermination
                0x08001280       0x98 ..\obj\tasks.o
 .text.prvAddCurrentTaskToDelayedList
                0x08001318       0x8c ..\obj\tasks.o
 .text.prvAllocateTCBAndStack
                0x080013a4       0x74 ..\obj\tasks.o
 .text.prvDeleteTCB
                0x08001418       0x20 ..\obj\tasks.o
 .text.xTaskGetCurrentTaskHandle
                0x08001438       0x20 ..\obj\tasks.o
                0x08001438                xTaskGetCurrentTaskHandle
 .text.vTaskPriorityInherit
                0x08001458       0xd8 ..\obj\tasks.o
                0x08001458                vTaskPriorityInherit
 .text.vTaskPriorityDisinherit
                0x08001530       0x90 ..\obj\tasks.o
                0x08001530                vTaskPriorityDisinherit
 .text.vListInitialise
                0x080015c0       0x48 ..\obj\list.o
                0x080015c0                vListInitialise
 .text.vListInitialiseItem
                0x08001608       0x1c ..\obj\list.o
                0x08001608                vListInitialiseItem
 .text.vListInsertEnd
                0x08001624       0x54 ..\obj\list.o
                0x08001624                vListInsertEnd
 .text.vListInsert
                0x08001678       0x78 ..\obj\list.o
                0x08001678                vListInsert
 .text.vListRemove
                0x080016f0       0x54 ..\obj\list.o
                0x080016f0                vListRemove
 .text.pxPortInitialiseStack
                0x08001744       0x60 ..\obj\port.o
                0x08001744                pxPortInitialiseStack
 .text.SVC_Handler
                0x080017a4       0x20 ..\obj\port.o
                0x080017a4                SVC_Handler
 .text.vPortStartFirstTask
                0x080017c4       0x14 ..\obj\port.o
                0x080017c4                vPortStartFirstTask
 .text.xPortStartScheduler
                0x080017d8       0x54 ..\obj\port.o
                0x080017d8                xPortStartScheduler
 .text.vPortYieldFromISR
                0x0800182c       0x18 ..\obj\port.o
                0x0800182c                vPortYieldFromISR
 .text.vPortEnterCritical
                0x08001844       0x2c ..\obj\port.o
                0x08001844                vPortEnterCritical
 .text.vPortExitCritical
                0x08001870       0x38 ..\obj\port.o
                0x08001870                vPortExitCritical
 .text.PendSV_Handler
                0x080018a8       0x3c ..\obj\port.o
                0x080018a8                PendSV_Handler
 .text.SysTick_Handler
                0x080018e4       0x38 ..\obj\port.o
                0x080018e4                SysTick_Handler
 .text.prvSetupTimerInterrupt
                0x0800191c       0x28 ..\obj\port.o
 .text.xQueueCreateMutex
                0x08001944       0x9c ..\obj\queue.o
                0x08001944                xQueueCreateMutex
 .text.xQueueGenericSend
                0x080019e0      0x124 ..\obj\queue.o
                0x080019e0                xQueueGenericSend
 .text.xQueueGenericReceive
                0x08001b04      0x188 ..\obj\queue.o
                0x08001b04                xQueueGenericReceive
 .text.prvCopyDataToQueue
                0x08001c8c       0xc4 ..\obj\queue.o
 .text.prvCopyDataFromQueue
                0x08001d50       0x50 ..\obj\queue.o
 .text.prvUnlockQueue
                0x08001da0       0xa0 ..\obj\queue.o
 .text.prvIsQueueEmpty
                0x08001e40       0x2c ..\obj\queue.o
 .text.prvIsQueueFull
                0x08001e6c       0x30 ..\obj\queue.o
 .text.DMA_Init
                0x08001e9c       0x84 ..\obj\stm32f10x_dma.o
                0x08001e9c                DMA_Init
 .text.DMA_StructInit
                0x08001f20       0x6c ..\obj\stm32f10x_dma.o
                0x08001f20                DMA_StructInit
 .text.DMA_Cmd  0x08001f8c       0x3c ..\obj\stm32f10x_dma.o
                0x08001f8c                DMA_Cmd
 .text.DMA_GetFlagStatus
                0x08001fc8       0x60 ..\obj\stm32f10x_dma.o
                0x08001fc8                DMA_GetFlagStatus
 .text.DMA_ClearFlag
                0x08002028       0x38 ..\obj\stm32f10x_dma.o
                0x08002028                DMA_ClearFlag
 .text.spi_buses_init
                0x08002060       0x64 ..\obj\spi_bus.o
                0x08002060                spi_buses_init
 .text.spi1_config
                0x080020c4      0x1e0 ..\obj\spi_bus.o
                0x080020c4                spi1_config
 .text.spi1_write_buf
                0x080022a4       0x44 ..\obj\spi_bus.o
                0x080022a4                spi1_write_buf
 .text.spi1_task
                0x080022e8      0x100 ..\obj\spi_bus.o
 .text.SPI_Init
                0x080023e8       0x98 ..\obj\stm32f10x_spi.o
                0x080023e8                SPI_Init
 .text.SPI_Cmd  0x08002480       0x40 ..\obj\stm32f10x_spi.o
                0x08002480                SPI_Cmd
 .text.SPI_I2S_DMACmd
                0x080024c0       0x4c ..\obj\stm32f10x_spi.o
                0x080024c0                SPI_I2S_DMACmd
 .text.SPI_CalculateCRC
                0x0800250c       0x40 ..\obj\stm32f10x_spi.o
                0x0800250c                SPI_CalculateCRC
 .text.pvPortMalloc
                0x0800254c       0x98 ..\obj\heap_1.o
                0x0800254c                pvPortMalloc
 .text.vPortFree
                0x080025e4       0x14 ..\obj\heap_1.o
                0x080025e4                vPortFree
 .text          0x080025f8      0x150 c:/coocox/coide/gcc/sourcery g++ lite/bin/../lib/gcc/arm-none-eabi/4.5.1/../../../../arm-none-eabi/lib/thumb2\libc.a(lib_a-memcpy.o)
                0x080025f8                memcpy
 .text          0x08002748       0xb4 c:/coocox/coide/gcc/sourcery g++ lite/bin/../lib/gcc/arm-none-eabi/4.5.1/../../../../arm-none-eabi/lib/thumb2\libc.a(lib_a-memset.o)
                0x08002748                memset
 .text          0x080027fc       0x7c c:/coocox/coide/gcc/sourcery g++ lite/bin/../lib/gcc/arm-none-eabi/4.5.1/../../../../arm-none-eabi/lib/thumb2\libc.a(lib_a-strncpy.o)
                0x080027fc                strncpy
 *(.glue_7t)
 .glue_7t       0x00000000        0x0 linker stubs
 *(.glue_7)
 .glue_7        0x00000000        0x0 linker stubs
 *(.rodata .rodata* .gnu.linkonce.r.*)
 .rodata        0x08002878        0xc ..\obj\main.o
 .rodata        0x08002884        0x8 ..\obj\tasks.o
 .rodata        0x0800288c        0xc ..\obj\spi_bus.o

.vfp11_veneer   0x08002898        0x0
 .vfp11_veneer  0x00000000        0x0 linker stubs

.v4_bx          0x08002898        0x0
 .v4_bx         0x00000000        0x0 linker stubs

.ARM.extab
 *(.ARM.extab* .gnu.linkonce.armextab.*)

.ARM.exidx
 *(.ARM.exidx* .gnu.linkonce.armexidx.*)
                0x08002898                . = ALIGN (0x4)
                0x08002898                _etext = .
                0x08002898                _sidata = .

.data           0x20000000        0x8 load address 0x08002898
                0x20000000                _sdata = .
 *(.data .data.*)
 .data          0x20000000        0x4 ..\obj\tasks.o
 .data          0x20000004        0x4 ..\obj\port.o
                0x20000008                . = ALIGN (0x4)
                0x20000008                _edata = .

.bss            0x20000008      0xec0 load address 0x080028a0
                0x20000008                _sbss = .
 *(.bss .bss.*)
 .bss           0x20000008      0x100 ..\obj\tasks.o
                0x20000008                pxCurrentTCB
 .bss           0x20000108      0xc08 ..\obj\heap_1.o
 *(COMMON)
 COMMON         0x20000d10      0x1b4 ..\obj\tablo.o
                0x20000d10                tab
 COMMON         0x20000ec4        0x4 ..\obj\spi_bus.o
                0x20000ec4                xSPI_Buf_Mutex
                0x20000ec8                . = ALIGN (0x4)
                0x20000ec8                _ebss = .

.co_stack       0x20000ec8      0x400 load address 0x08003760
                0x20000ec8                . = ALIGN (0x8)
 *(.co_stack .co_stack.*)
 .co_stack      0x20000ec8      0x400 ..\obj\startup_stm32f10x_md_vl.o
                0x20000ec8                pulStack
                0x200012c8                . = ALIGN (0x4)
                0x200012c8                _end = .
LOAD ..\obj\stm32f10x_tim.o
LOAD ..\obj\startup_stm32f10x_md_vl.o
LOAD ..\obj\core_cm3.o
LOAD ..\obj\system_stm32f10x.o
LOAD ..\obj\stm32f10x_pwr.o
LOAD ..\obj\stm32f10x_gpio.o
LOAD ..\obj\stm32f10x_dac.o
LOAD ..\obj\indicator.o
LOAD ..\obj\main.o
LOAD ..\obj\timers.o
LOAD ..\obj\tablo.o
LOAD ..\obj\stm32f10x_rcc.o
LOAD ..\obj\tasks.o
LOAD ..\obj\stm32f10x_adc.o
LOAD ..\obj\keyboard.o
LOAD ..\obj\list.o
LOAD ..\obj\stm32f10x_flash.o
LOAD ..\obj\port.o
LOAD ..\obj\queue.o
LOAD ..\obj\stm32f10x_dma.o
LOAD ..\obj\croutine.o
LOAD ..\obj\channels.o
LOAD ..\obj\spi_bus.o
LOAD ..\obj\misc.o
LOAD ..\obj\stm32f10x_spi.o
LOAD ..\obj\heap_1.o
START GROUP
LOAD c:/coocox/coide/gcc/sourcery g++ lite/bin/../lib/gcc/arm-none-eabi/4.5.1/thumb2\libgcc.a
LOAD c:/coocox/coide/gcc/sourcery g++ lite/bin/../lib/gcc/arm-none-eabi/4.5.1/../../../../arm-none-eabi/lib/thumb2\libc.a
END GROUP
OUTPUT(tablo_proto_test.elf elf32-littlearm)

.debug_abbrev   0x00000000     0x1f00
 .debug_abbrev  0x00000000      0x172 ..\obj\stm32f10x_tim.o
 .debug_abbrev  0x00000172       0xa3 ..\obj\startup_stm32f10x_md_vl.o
 .debug_abbrev  0x00000215       0xd5 ..\obj\core_cm3.o
 .debug_abbrev  0x000002ea      0x17e ..\obj\system_stm32f10x.o
 .debug_abbrev  0x00000468      0x184 ..\obj\stm32f10x_pwr.o
 .debug_abbrev  0x000005ec      0x1a4 ..\obj\stm32f10x_gpio.o
 .debug_abbrev  0x00000790      0x172 ..\obj\stm32f10x_dac.o
 .debug_abbrev  0x00000902       0x77 ..\obj\indicator.o
 .debug_abbrev  0x00000979       0xd0 ..\obj\main.o
 .debug_abbrev  0x00000a49       0x40 ..\obj\timers.o
 .debug_abbrev  0x00000a89      0x10b ..\obj\tablo.o
 .debug_abbrev  0x00000b94      0x191 ..\obj\stm32f10x_rcc.o
 .debug_abbrev  0x00000d25      0x193 ..\obj\tasks.o
 .debug_abbrev  0x00000eb8      0x174 ..\obj\stm32f10x_adc.o
 .debug_abbrev  0x0000102c      0x102 ..\obj\keyboard.o
 .debug_abbrev  0x0000112e       0xb2 ..\obj\list.o
 .debug_abbrev  0x000011e0      0x162 ..\obj\stm32f10x_flash.o
 .debug_abbrev  0x00001342      0x138 ..\obj\port.o
 .debug_abbrev  0x0000147a      0x103 ..\obj\queue.o
 .debug_abbrev  0x0000157d      0x14e ..\obj\stm32f10x_dma.o
 .debug_abbrev  0x000016cb      0x197 ..\obj\croutine.o
 .debug_abbrev  0x00001862      0x10f ..\obj\channels.o
 .debug_abbrev  0x00001971      0x1f0 ..\obj\spi_bus.o
 .debug_abbrev  0x00001b61      0x135 ..\obj\misc.o
 .debug_abbrev  0x00001c96      0x15d ..\obj\stm32f10x_spi.o
 .debug_abbrev  0x00001df3      0x10d ..\obj\heap_1.o

.debug_info     0x00000000     0x9d14
 .debug_info    0x00000000     0x1e18 ..\obj\stm32f10x_tim.o
 .debug_info    0x00001e18      0x143 ..\obj\startup_stm32f10x_md_vl.o
 .debug_info    0x00001f5b      0x548 ..\obj\core_cm3.o
 .debug_info    0x000024a3      0x433 ..\obj\system_stm32f10x.o
 .debug_info    0x000028d6      0x45b ..\obj\stm32f10x_pwr.o
 .debug_info    0x00002d31      0x723 ..\obj\stm32f10x_gpio.o
 .debug_info    0x00003454      0x671 ..\obj\stm32f10x_dac.o
 .debug_info    0x00003ac5       0xc4 ..\obj\indicator.o
 .debug_info    0x00003b89      0x158 ..\obj\main.o
 .debug_info    0x00003ce1       0x89 ..\obj\timers.o
 .debug_info    0x00003d6a      0x299 ..\obj\tablo.o
 .debug_info    0x00004003      0x976 ..\obj\stm32f10x_rcc.o
 .debug_info    0x00004979      0xc80 ..\obj\tasks.o
 .debug_info    0x000055f9      0xc0e ..\obj\stm32f10x_adc.o
 .debug_info    0x00006207      0x25f ..\obj\keyboard.o
 .debug_info    0x00006466      0x2cb ..\obj\list.o
 .debug_info    0x00006731      0x819 ..\obj\stm32f10x_flash.o
 .debug_info    0x00006f4a      0x214 ..\obj\port.o
 .debug_info    0x0000715e      0x7a4 ..\obj\queue.o
 .debug_info    0x00007902      0x4a2 ..\obj\stm32f10x_dma.o
 .debug_info    0x00007da4      0x4ec ..\obj\croutine.o
 .debug_info    0x00008290      0x290 ..\obj\channels.o
 .debug_info    0x00008520      0x7aa ..\obj\spi_bus.o
 .debug_info    0x00008cca      0x546 ..\obj\misc.o
 .debug_info    0x00009210      0x971 ..\obj\stm32f10x_spi.o
 .debug_info    0x00009b81      0x193 ..\obj\heap_1.o

.debug_line     0x00000000     0x5699
 .debug_line    0x00000000      0xac7 ..\obj\stm32f10x_tim.o
 .debug_line    0x00000ac7       0xc7 ..\obj\startup_stm32f10x_md_vl.o
 .debug_line    0x00000b8e      0x29f ..\obj\core_cm3.o
 .debug_line    0x00000e2d      0x270 ..\obj\system_stm32f10x.o
 .debug_line    0x0000109d      0x2a1 ..\obj\stm32f10x_pwr.o
 .debug_line    0x0000133e      0x3e1 ..\obj\stm32f10x_gpio.o
 .debug_line    0x0000171f      0x391 ..\obj\stm32f10x_dac.o
 .debug_line    0x00001ab0      0x15d ..\obj\indicator.o
 .debug_line    0x00001c0d      0x176 ..\obj\main.o
 .debug_line    0x00001d83       0x78 ..\obj\timers.o
 .debug_line    0x00001dfb      0x201 ..\obj\tablo.o
 .debug_line    0x00001ffc      0x508 ..\obj\stm32f10x_rcc.o
 .debug_line    0x00002504      0x6ad ..\obj\tasks.o
 .debug_line    0x00002bb1      0x555 ..\obj\stm32f10x_adc.o
 .debug_line    0x00003106      0x297 ..\obj\keyboard.o
 .debug_line    0x0000339d      0x24e ..\obj\list.o
 .debug_line    0x000035eb      0x50c ..\obj\stm32f10x_flash.o
 .debug_line    0x00003af7      0x24c ..\obj\port.o
 .debug_line    0x00003d43      0x46b ..\obj\queue.o
 .debug_line    0x000041ae      0x335 ..\obj\stm32f10x_dma.o
 .debug_line    0x000044e3      0x31d ..\obj\croutine.o
 .debug_line    0x00004800      0x1ce ..\obj\channels.o
 .debug_line    0x000049ce      0x457 ..\obj\spi_bus.o
 .debug_line    0x00004e25      0x276 ..\obj\misc.o
 .debug_line    0x0000509b      0x454 ..\obj\stm32f10x_spi.o
 .debug_line    0x000054ef      0x1aa ..\obj\heap_1.o

.debug_loc      0x00000000     0x5196
 .debug_loc     0x00000000     0x13e8 ..\obj\stm32f10x_tim.o
 .debug_loc     0x000013e8       0x64 ..\obj\startup_stm32f10x_md_vl.o
 .debug_loc     0x0000144c      0x3f0 ..\obj\core_cm3.o
 .debug_loc     0x0000183c       0xc8 ..\obj\system_stm32f10x.o
 .debug_loc     0x00001904      0x238 ..\obj\stm32f10x_pwr.o
 .debug_loc     0x00001b3c      0x3e4 ..\obj\stm32f10x_gpio.o
 .debug_loc     0x00001f20      0x3ac ..\obj\stm32f10x_dac.o
 .debug_loc     0x000022cc       0x38 ..\obj\indicator.o
 .debug_loc     0x00002304       0x70 ..\obj\main.o
 .debug_loc     0x00002374       0x64 ..\obj\tablo.o
 .debug_loc     0x000023d8      0x714 ..\obj\stm32f10x_rcc.o
 .debug_loc     0x00002aec      0x698 ..\obj\tasks.o
 .debug_loc     0x00003184      0x7d4 ..\obj\stm32f10x_adc.o
 .debug_loc     0x00003958       0x70 ..\obj\keyboard.o
 .debug_loc     0x000039c8      0x118 ..\obj\list.o
 .debug_loc     0x00003ae0      0x5d8 ..\obj\stm32f10x_flash.o
 .debug_loc     0x000040b8      0x178 ..\obj\port.o
 .debug_loc     0x00004230      0x380 ..\obj\queue.o
 .debug_loc     0x000045b0      0x268 ..\obj\stm32f10x_dma.o
 .debug_loc     0x00004818      0x188 ..\obj\croutine.o
 .debug_loc     0x000049a0       0x2c ..\obj\channels.o
 .debug_loc     0x000049cc       0xe2 ..\obj\spi_bus.o
 .debug_loc     0x00004aae      0x118 ..\obj\misc.o
 .debug_loc     0x00004bc6      0x508 ..\obj\stm32f10x_spi.o
 .debug_loc     0x000050ce       0xc8 ..\obj\heap_1.o

.debug_pubnames
                0x00000000     0x2263
 .debug_pubnames
                0x00000000      0x7b0 ..\obj\stm32f10x_tim.o
 .debug_pubnames
                0x000007b0       0x4a ..\obj\startup_stm32f10x_md_vl.o
 .debug_pubnames
                0x000007fa      0x159 ..\obj\core_cm3.o
 .debug_pubnames
                0x00000953       0x61 ..\obj\system_stm32f10x.o
 .debug_pubnames
                0x000009b4       0xcb ..\obj\stm32f10x_pwr.o
 .debug_pubnames
                0x00000a7f      0x19d ..\obj\stm32f10x_gpio.o
 .debug_pubnames
                0x00000c1c      0x17d ..\obj\stm32f10x_dac.o
 .debug_pubnames
                0x00000d99       0x26 ..\obj\indicator.o
 .debug_pubnames
                0x00000dbf       0x1b ..\obj\main.o
 .debug_pubnames
                0x00000dda       0x51 ..\obj\tablo.o
 .debug_pubnames
                0x00000e2b      0x2da ..\obj\stm32f10x_rcc.o
 .debug_pubnames
                0x00001105      0x24c ..\obj\tasks.o
 .debug_pubnames
                0x00001351      0x401 ..\obj\stm32f10x_adc.o
 .debug_pubnames
                0x00001752       0x36 ..\obj\keyboard.o
 .debug_pubnames
                0x00001788       0x71 ..\obj\list.o
 .debug_pubnames
                0x000017f9      0x2f2 ..\obj\stm32f10x_flash.o
 .debug_pubnames
                0x00001aeb      0x101 ..\obj\port.o
 .debug_pubnames
                0x00001bec      0x12e ..\obj\queue.o
 .debug_pubnames
                0x00001d1a       0xea ..\obj\stm32f10x_dma.o
 .debug_pubnames
                0x00001e04       0x96 ..\obj\croutine.o
 .debug_pubnames
                0x00001e9a       0x8b ..\obj\channels.o
 .debug_pubnames
                0x00001f25       0x5b ..\obj\spi_bus.o
 .debug_pubnames
                0x00001f80       0x89 ..\obj\misc.o
 .debug_pubnames
                0x00002009      0x1f6 ..\obj\stm32f10x_spi.o
 .debug_pubnames
                0x000021ff       0x64 ..\obj\heap_1.o

.debug_pubtypes
                0x00000000      0xd0a
 .debug_pubtypes
                0x00000000       0xd8 ..\obj\stm32f10x_tim.o
 .debug_pubtypes
                0x000000d8       0x50 ..\obj\core_cm3.o
 .debug_pubtypes
                0x00000128       0x55 ..\obj\system_stm32f10x.o
 .debug_pubtypes
                0x0000017d       0x78 ..\obj\stm32f10x_pwr.o
 .debug_pubtypes
                0x000001f5       0xc3 ..\obj\stm32f10x_gpio.o
 .debug_pubtypes
                0x000002b8       0x8c ..\obj\stm32f10x_dac.o
 .debug_pubtypes
                0x00000344       0x1e ..\obj\indicator.o
 .debug_pubtypes
                0x00000362       0x2b ..\obj\main.o
 .debug_pubtypes
                0x0000038d       0x12 ..\obj\timers.o
 .debug_pubtypes
                0x0000039f       0x56 ..\obj\tablo.o
 .debug_pubtypes
                0x000003f5       0x9e ..\obj\stm32f10x_rcc.o
 .debug_pubtypes
                0x00000493      0x10c ..\obj\tasks.o
 .debug_pubtypes
                0x0000059f       0x8c ..\obj\stm32f10x_adc.o
 .debug_pubtypes
                0x0000062b       0x89 ..\obj\keyboard.o
 .debug_pubtypes
                0x000006b4       0x7a ..\obj\list.o
 .debug_pubtypes
                0x0000072e       0x8d ..\obj\stm32f10x_flash.o
 .debug_pubtypes
                0x000007bb       0x33 ..\obj\port.o
 .debug_pubtypes
                0x000007ee       0xd4 ..\obj\queue.o
 .debug_pubtypes
                0x000008c2       0x98 ..\obj\stm32f10x_dma.o
 .debug_pubtypes
                0x0000095a       0xcd ..\obj\croutine.o
 .debug_pubtypes
                0x00000a27       0x46 ..\obj\channels.o
 .debug_pubtypes
                0x00000a6d      0x13b ..\obj\spi_bus.o
 .debug_pubtypes
                0x00000ba8       0x80 ..\obj\misc.o
 .debug_pubtypes
                0x00000c28       0xb6 ..\obj\stm32f10x_spi.o
 .debug_pubtypes
                0x00000cde       0x2c ..\obj\heap_1.o

.debug_aranges  0x00000000      0xe70
 .debug_aranges
                0x00000000      0x2f0 ..\obj\stm32f10x_tim.o
 .debug_aranges
                0x000002f0       0x28 ..\obj\startup_stm32f10x_md_vl.o
 .debug_aranges
                0x00000318       0xc8 ..\obj\core_cm3.o
 .debug_aranges
                0x000003e0       0x38 ..\obj\system_stm32f10x.o
 .debug_aranges
                0x00000418       0x70 ..\obj\stm32f10x_pwr.o
 .debug_aranges
                0x00000488       0xa8 ..\obj\stm32f10x_gpio.o
 .debug_aranges
                0x00000530       0xa0 ..\obj\stm32f10x_dac.o
 .debug_aranges
                0x000005d0       0x20 ..\obj\indicator.o
 .debug_aranges
                0x000005f0       0x28 ..\obj\main.o
 .debug_aranges
                0x00000618       0x28 ..\obj\tablo.o
 .debug_aranges
                0x00000640      0x120 ..\obj\stm32f10x_rcc.o
 .debug_aranges
                0x00000760      0x110 ..\obj\tasks.o
 .debug_aranges
                0x00000870      0x138 ..\obj\stm32f10x_adc.o
 .debug_aranges
                0x000009a8       0x28 ..\obj\keyboard.o
 .debug_aranges
                0x000009d0       0x40 ..\obj\list.o
 .debug_aranges
                0x00000a10       0xf8 ..\obj\stm32f10x_flash.o
 .debug_aranges
                0x00000b08       0x70 ..\obj\port.o
 .debug_aranges
                0x00000b78       0x98 ..\obj\queue.o
 .debug_aranges
                0x00000c10       0x70 ..\obj\stm32f10x_dma.o
 .debug_aranges
                0x00000c80       0x50 ..\obj\croutine.o
 .debug_aranges
                0x00000cd0       0x20 ..\obj\channels.o
 .debug_aranges
                0x00000cf0       0x38 ..\obj\spi_bus.o
 .debug_aranges
                0x00000d28       0x40 ..\obj\misc.o
 .debug_aranges
                0x00000d68       0xd0 ..\obj\stm32f10x_spi.o
 .debug_aranges
                0x00000e38       0x38 ..\obj\heap_1.o

.debug_ranges   0x00000000      0xce0
 .debug_ranges  0x00000000      0x2e0 ..\obj\stm32f10x_tim.o
 .debug_ranges  0x000002e0       0x18 ..\obj\startup_stm32f10x_md_vl.o
 .debug_ranges  0x000002f8       0xb8 ..\obj\core_cm3.o
 .debug_ranges  0x000003b0       0x28 ..\obj\system_stm32f10x.o
 .debug_ranges  0x000003d8       0x60 ..\obj\stm32f10x_pwr.o
 .debug_ranges  0x00000438       0x98 ..\obj\stm32f10x_gpio.o
 .debug_ranges  0x000004d0       0x90 ..\obj\stm32f10x_dac.o
 .debug_ranges  0x00000560       0x10 ..\obj\indicator.o
 .debug_ranges  0x00000570       0x18 ..\obj\main.o
 .debug_ranges  0x00000588       0x18 ..\obj\tablo.o
 .debug_ranges  0x000005a0      0x110 ..\obj\stm32f10x_rcc.o
 .debug_ranges  0x000006b0      0x100 ..\obj\tasks.o
 .debug_ranges  0x000007b0      0x128 ..\obj\stm32f10x_adc.o
 .debug_ranges  0x000008d8       0x18 ..\obj\keyboard.o
 .debug_ranges  0x000008f0       0x30 ..\obj\list.o
 .debug_ranges  0x00000920       0xe8 ..\obj\stm32f10x_flash.o
 .debug_ranges  0x00000a08       0x60 ..\obj\port.o
 .debug_ranges  0x00000a68       0x88 ..\obj\queue.o
 .debug_ranges  0x00000af0       0x60 ..\obj\stm32f10x_dma.o
 .debug_ranges  0x00000b50       0x40 ..\obj\croutine.o
 .debug_ranges  0x00000b90       0x10 ..\obj\channels.o
 .debug_ranges  0x00000ba0       0x28 ..\obj\spi_bus.o
 .debug_ranges  0x00000bc8       0x30 ..\obj\misc.o
 .debug_ranges  0x00000bf8       0xc0 ..\obj\stm32f10x_spi.o
 .debug_ranges  0x00000cb8       0x28 ..\obj\heap_1.o

.debug_str      0x00000000     0x43bc
 .debug_str     0x00000000      0xcbb ..\obj\stm32f10x_tim.o
                                0xd5c (size before relaxing)
 .debug_str     0x00000cbb       0xd5 ..\obj\startup_stm32f10x_md_vl.o
                                0x100 (size before relaxing)
 .debug_str     0x00000d90      0x191 ..\obj\core_cm3.o
                                0x24b (size before relaxing)
 .debug_str     0x00000f21      0x179 ..\obj\system_stm32f10x.o
                                0x253 (size before relaxing)
 .debug_str     0x0000109a      0x149 ..\obj\stm32f10x_pwr.o
                                0x291 (size before relaxing)
 .debug_str     0x000011e3      0x399 ..\obj\stm32f10x_gpio.o
                                0x498 (size before relaxing)
 .debug_str     0x0000157c      0x2b5 ..\obj\stm32f10x_dac.o
                                0x3c2 (size before relaxing)
 .debug_str     0x00001831       0x71 ..\obj\indicator.o
                                0x116 (size before relaxing)
 .debug_str     0x000018a2       0xf4 ..\obj\main.o
                                0x1ae (size before relaxing)
 .debug_str     0x00001996       0x66 ..\obj\timers.o
                                0x103 (size before relaxing)
 .debug_str     0x000019fc      0x161 ..\obj\tablo.o
                                0x215 (size before relaxing)
 .debug_str     0x00001b5d      0x43f ..\obj\stm32f10x_rcc.o
                                0x5ec (size before relaxing)
 .debug_str     0x00001f9c      0x72e ..\obj\tasks.o
                                0x85a (size before relaxing)
 .debug_str     0x000026ca      0x53e ..\obj\stm32f10x_adc.o
                                0x67a (size before relaxing)
 .debug_str     0x00002c08       0x9f ..\obj\keyboard.o
                                0x28f (size before relaxing)
 .debug_str     0x00002ca7       0xf7 ..\obj\list.o
                                0x237 (size before relaxing)
 .debug_str     0x00002d9e      0x447 ..\obj\stm32f10x_flash.o
                                0x567 (size before relaxing)
 .debug_str     0x000031e5      0x170 ..\obj\port.o
                                0x240 (size before relaxing)
 .debug_str     0x00003355      0x322 ..\obj\queue.o
                                0x4d4 (size before relaxing)
 .debug_str     0x00003677      0x23e ..\obj\stm32f10x_dma.o
                                0x340 (size before relaxing)
 .debug_str     0x000038b5      0x29c ..\obj\croutine.o
                                0x443 (size before relaxing)
 .debug_str     0x00003b51      0x121 ..\obj\channels.o
                                0x1f9 (size before relaxing)
 .debug_str     0x00003c72      0x18a ..\obj\spi_bus.o
                                0x5d7 (size before relaxing)
 .debug_str     0x00003dfc      0x1e5 ..\obj\misc.o
                                0x342 (size before relaxing)
 .debug_str     0x00003fe1      0x2e0 ..\obj\stm32f10x_spi.o
                                0x57c (size before relaxing)
 .debug_str     0x000042c1       0xfb ..\obj\heap_1.o
                                0x1ab (size before relaxing)

.comment        0x00000000       0x2a
 .comment       0x00000000       0x2a ..\obj\stm32f10x_tim.o
                                 0x2b (size before relaxing)
 .comment       0x00000000       0x2b ..\obj\startup_stm32f10x_md_vl.o
 .comment       0x00000000       0x2b ..\obj\core_cm3.o
 .comment       0x00000000       0x2b ..\obj\system_stm32f10x.o
 .comment       0x00000000       0x2b ..\obj\stm32f10x_pwr.o
 .comment       0x00000000       0x2b ..\obj\stm32f10x_gpio.o
 .comment       0x00000000       0x2b ..\obj\stm32f10x_dac.o
 .comment       0x00000000       0x2b ..\obj\indicator.o
 .comment       0x00000000       0x2b ..\obj\main.o
 .comment       0x00000000       0x2b ..\obj\timers.o
 .comment       0x00000000       0x2b ..\obj\tablo.o
 .comment       0x00000000       0x2b ..\obj\stm32f10x_rcc.o
 .comment       0x00000000       0x2b ..\obj\tasks.o
 .comment       0x00000000       0x2b ..\obj\stm32f10x_adc.o
 .comment       0x00000000       0x2b ..\obj\keyboard.o
 .comment       0x00000000       0x2b ..\obj\list.o
 .comment       0x00000000       0x2b ..\obj\stm32f10x_flash.o
 .comment       0x00000000       0x2b ..\obj\port.o
 .comment       0x00000000       0x2b ..\obj\queue.o
 .comment       0x00000000       0x2b ..\obj\stm32f10x_dma.o
 .comment       0x00000000       0x2b ..\obj\croutine.o
 .comment       0x00000000       0x2b ..\obj\channels.o
 .comment       0x00000000       0x2b ..\obj\spi_bus.o
 .comment       0x00000000       0x2b ..\obj\misc.o
 .comment       0x00000000       0x2b ..\obj\stm32f10x_spi.o
 .comment       0x00000000       0x2b ..\obj\heap_1.o

.ARM.attributes
                0x00000000       0x31
 .ARM.attributes
                0x00000000       0x31 ..\obj\stm32f10x_tim.o
 .ARM.attributes
                0x00000031       0x31 ..\obj\startup_stm32f10x_md_vl.o
 .ARM.attributes
                0x00000062       0x31 ..\obj\core_cm3.o
 .ARM.attributes
                0x00000093       0x31 ..\obj\system_stm32f10x.o
 .ARM.attributes
                0x000000c4       0x31 ..\obj\stm32f10x_pwr.o
 .ARM.attributes
                0x000000f5       0x31 ..\obj\stm32f10x_gpio.o
 .ARM.attributes
                0x00000126       0x31 ..\obj\stm32f10x_dac.o
 .ARM.attributes
                0x00000157       0x31 ..\obj\indicator.o
 .ARM.attributes
                0x00000188       0x31 ..\obj\main.o
 .ARM.attributes
                0x000001b9       0x31 ..\obj\timers.o
 .ARM.attributes
                0x000001ea       0x31 ..\obj\tablo.o
 .ARM.attributes
                0x0000021b       0x31 ..\obj\stm32f10x_rcc.o
 .ARM.attributes
                0x0000024c       0x31 ..\obj\tasks.o
 .ARM.attributes
                0x0000027d       0x31 ..\obj\stm32f10x_adc.o
 .ARM.attributes
                0x000002ae       0x31 ..\obj\keyboard.o
 .ARM.attributes
                0x000002df       0x31 ..\obj\list.o
 .ARM.attributes
                0x00000310       0x31 ..\obj\stm32f10x_flash.o
 .ARM.attributes
                0x00000341       0x31 ..\obj\port.o
 .ARM.attributes
                0x00000372       0x31 ..\obj\queue.o
 .ARM.attributes
                0x000003a3       0x31 ..\obj\stm32f10x_dma.o
 .ARM.attributes
                0x000003d4       0x31 ..\obj\croutine.o
 .ARM.attributes
                0x00000405       0x31 ..\obj\channels.o
 .ARM.attributes
                0x00000436       0x31 ..\obj\spi_bus.o
 .ARM.attributes
                0x00000467       0x31 ..\obj\misc.o
 .ARM.attributes
                0x00000498       0x31 ..\obj\stm32f10x_spi.o
 .ARM.attributes
                0x000004c9       0x31 ..\obj\heap_1.o
 .ARM.attributes
                0x000004fa       0x29 c:/coocox/coide/gcc/sourcery g++ lite/bin/../lib/gcc/arm-none-eabi/4.5.1/../../../../arm-none-eabi/lib/thumb2\libc.a(lib_a-memcpy.o)
 .ARM.attributes
                0x00000523       0x29 c:/coocox/coide/gcc/sourcery g++ lite/bin/../lib/gcc/arm-none-eabi/4.5.1/../../../../arm-none-eabi/lib/thumb2\libc.a(lib_a-memset.o)
 .ARM.attributes
                0x0000054c       0x29 c:/coocox/coide/gcc/sourcery g++ lite/bin/../lib/gcc/arm-none-eabi/4.5.1/../../../../arm-none-eabi/lib/thumb2\libc.a(lib_a-strncpy.o)

.debug_frame    0x00000000     0x2d2c
 .debug_frame   0x00000000      0xa20 ..\obj\stm32f10x_tim.o
 .debug_frame   0x00000a20       0x48 ..\obj\startup_stm32f10x_md_vl.o
 .debug_frame   0x00000a68      0x280 ..\obj\core_cm3.o
 .debug_frame   0x00000ce8       0x80 ..\obj\system_stm32f10x.o
 .debug_frame   0x00000d68      0x140 ..\obj\stm32f10x_pwr.o
 .debug_frame   0x00000ea8      0x210 ..\obj\stm32f10x_gpio.o
 .debug_frame   0x000010b8      0x1ec ..\obj\stm32f10x_dac.o
 .debug_frame   0x000012a4       0x2c ..\obj\indicator.o
 .debug_frame   0x000012d0       0x50 ..\obj\main.o
 .debug_frame   0x00001320       0x48 ..\obj\tablo.o
 .debug_frame   0x00001368      0x3a4 ..\obj\stm32f10x_rcc.o
 .debug_frame   0x0000170c      0x3c0 ..\obj\tasks.o
 .debug_frame   0x00001acc      0x400 ..\obj\stm32f10x_adc.o
 .debug_frame   0x00001ecc       0x50 ..\obj\keyboard.o
 .debug_frame   0x00001f1c       0x9c ..\obj\list.o
 .debug_frame   0x00001fb8      0x338 ..\obj\stm32f10x_flash.o
 .debug_frame   0x000022f0      0x110 ..\obj\port.o
 .debug_frame   0x00002400      0x204 ..\obj\queue.o
 .debug_frame   0x00002604      0x144 ..\obj\stm32f10x_dma.o
 .debug_frame   0x00002748       0xf0 ..\obj\croutine.o
 .debug_frame   0x00002838       0x28 ..\obj\channels.o
 .debug_frame   0x00002860       0x90 ..\obj\spi_bus.o
 .debug_frame   0x000028f0       0x9c ..\obj\misc.o
 .debug_frame   0x0000298c      0x29c ..\obj\stm32f10x_spi.o
 .debug_frame   0x00002c28       0x7c ..\obj\heap_1.o
 .debug_frame   0x00002ca4       0x30 c:/coocox/coide/gcc/sourcery g++ lite/bin/../lib/gcc/arm-none-eabi/4.5.1/../../../../arm-none-eabi/lib/thumb2\libc.a(lib_a-memcpy.o)
 .debug_frame   0x00002cd4       0x2c c:/coocox/coide/gcc/sourcery g++ lite/bin/../lib/gcc/arm-none-eabi/4.5.1/../../../../arm-none-eabi/lib/thumb2\libc.a(lib_a-memset.o)
 .debug_frame   0x00002d00       0x2c c:/coocox/coide/gcc/sourcery g++ lite/bin/../lib/gcc/arm-none-eabi/4.5.1/../../../../arm-none-eabi/lib/thumb2\libc.a(lib_a-strncpy.o)
