Archive member included because of file (symbol)

c:/coocox/coide/gcc/sourcery g++ lite/bin/../lib/gcc/arm-none-eabi/4.5.1/thumb2\libgcc.a(_arm_addsubdf3.o)
                              ..\obj\indicator.o (__aeabi_f2d)
c:/coocox/coide/gcc/sourcery g++ lite/bin/../lib/gcc/arm-none-eabi/4.5.1/thumb2\libgcc.a(_arm_cmpdf2.o)
                              ..\obj\indicator.o (__aeabi_dcmpgt)
c:/coocox/coide/gcc/sourcery g++ lite/bin/../lib/gcc/arm-none-eabi/4.5.1/thumb2\libgcc.a(_arm_muldivsf3.o)
                              ..\obj\indicator.o (__aeabi_fmul)
c:/coocox/coide/gcc/sourcery g++ lite/bin/../lib/gcc/arm-none-eabi/4.5.1/thumb2\libgcc.a(_arm_cmpsf2.o)
                              ..\obj\indicator.o (__aeabi_fcmplt)
c:/coocox/coide/gcc/sourcery g++ lite/bin/../lib/gcc/arm-none-eabi/4.5.1/thumb2\libgcc.a(_arm_fixunssfsi.o)
                              ..\obj\indicator.o (__aeabi_f2uiz)
c:/coocox/coide/gcc/sourcery g++ lite/bin/../lib/gcc/arm-none-eabi/4.5.1/../../../../arm-none-eabi/lib/thumb2\libc.a(lib_a-memcpy.o)
                              ..\obj\queue.o (memcpy)
c:/coocox/coide/gcc/sourcery g++ lite/bin/../lib/gcc/arm-none-eabi/4.5.1/../../../../arm-none-eabi/lib/thumb2\libc.a(lib_a-memset.o)
                              ..\obj\tasks.o (memset)
c:/coocox/coide/gcc/sourcery g++ lite/bin/../lib/gcc/arm-none-eabi/4.5.1/../../../../arm-none-eabi/lib/thumb2\libc.a(lib_a-strlen.o)
                              ..\obj\indicator.o (strlen)
c:/coocox/coide/gcc/sourcery g++ lite/bin/../lib/gcc/arm-none-eabi/4.5.1/../../../../arm-none-eabi/lib/thumb2\libc.a(lib_a-strncpy.o)
                              ..\obj\tasks.o (strncpy)

Allocating common symbols
Common symbol       size              file

ADC_Data_1          0x2               ..\obj\adc_sensor.o
ADC_Data_4          0x2               ..\obj\adc_sensor.o
tab                 0x1b6             ..\obj\tablo.o
xSPI_Buf_Mutex      0x4               ..\obj\spi_bus.o
ADC_Data_3          0x2               ..\obj\adc_sensor.o
channels            0x38              ..\obj\channels.o
ADC_Data_2          0x2               ..\obj\adc_sensor.o

Discarded input sections

 .text          0x00000000        0x0 ..\obj\stm32f10x_tim.o
 .data          0x00000000        0x0 ..\obj\stm32f10x_tim.o
 .bss           0x00000000        0x0 ..\obj\stm32f10x_tim.o
 .text.TIM_DeInit
                0x00000000      0x2b0 ..\obj\stm32f10x_tim.o
 .text.TIM_TimeBaseInit
                0x00000000      0x120 ..\obj\stm32f10x_tim.o
 .text.TIM_OC1Init
                0x00000000      0x134 ..\obj\stm32f10x_tim.o
 .text.TIM_OC2Init
                0x00000000      0x134 ..\obj\stm32f10x_tim.o
 .text.TIM_OC3Init
                0x00000000      0x130 ..\obj\stm32f10x_tim.o
 .text.TIM_OC4Init
                0x00000000       0xe8 ..\obj\stm32f10x_tim.o
 .text.TIM_ICInit
                0x00000000       0xa8 ..\obj\stm32f10x_tim.o
 .text.TIM_PWMIConfig
                0x00000000       0xc4 ..\obj\stm32f10x_tim.o
 .text.TIM_BDTRConfig
                0x00000000       0x5c ..\obj\stm32f10x_tim.o
 .text.TIM_TimeBaseStructInit
                0x00000000       0x3c ..\obj\stm32f10x_tim.o
 .text.TIM_OCStructInit
                0x00000000       0x54 ..\obj\stm32f10x_tim.o
 .text.TIM_ICStructInit
                0x00000000       0x3c ..\obj\stm32f10x_tim.o
 .text.TIM_BDTRStructInit
                0x00000000       0x4c ..\obj\stm32f10x_tim.o
 .text.TIM_Cmd  0x00000000       0x40 ..\obj\stm32f10x_tim.o
 .text.TIM_CtrlPWMOutputs
                0x00000000       0x50 ..\obj\stm32f10x_tim.o
 .text.TIM_ITConfig
                0x00000000       0x4c ..\obj\stm32f10x_tim.o
 .text.TIM_GenerateEvent
                0x00000000       0x1c ..\obj\stm32f10x_tim.o
 .text.TIM_DMAConfig
                0x00000000       0x2c ..\obj\stm32f10x_tim.o
 .text.TIM_DMACmd
                0x00000000       0x4c ..\obj\stm32f10x_tim.o
 .text.TIM_InternalClockConfig
                0x00000000       0x24 ..\obj\stm32f10x_tim.o
 .text.TIM_ITRxExternalClockConfig
                0x00000000       0x30 ..\obj\stm32f10x_tim.o
 .text.TIM_TIxExternalClockConfig
                0x00000000       0x58 ..\obj\stm32f10x_tim.o
 .text.TIM_ETRClockMode1Config
                0x00000000       0x54 ..\obj\stm32f10x_tim.o
 .text.TIM_ETRClockMode2Config
                0x00000000       0x34 ..\obj\stm32f10x_tim.o
 .text.TIM_ETRConfig
                0x00000000       0x54 ..\obj\stm32f10x_tim.o
 .text.TIM_PrescalerConfig
                0x00000000       0x28 ..\obj\stm32f10x_tim.o
 .text.TIM_CounterModeConfig
                0x00000000       0x3c ..\obj\stm32f10x_tim.o
 .text.TIM_SelectInputTrigger
                0x00000000       0x3c ..\obj\stm32f10x_tim.o
 .text.TIM_EncoderInterfaceConfig
                0x00000000       0x98 ..\obj\stm32f10x_tim.o
 .text.TIM_ForcedOC1Config
                0x00000000       0x3c ..\obj\stm32f10x_tim.o
 .text.TIM_ForcedOC2Config
                0x00000000       0x40 ..\obj\stm32f10x_tim.o
 .text.TIM_ForcedOC3Config
                0x00000000       0x3c ..\obj\stm32f10x_tim.o
 .text.TIM_ForcedOC4Config
                0x00000000       0x40 ..\obj\stm32f10x_tim.o
 .text.TIM_ARRPreloadConfig
                0x00000000       0x40 ..\obj\stm32f10x_tim.o
 .text.TIM_SelectCOM
                0x00000000       0x40 ..\obj\stm32f10x_tim.o
 .text.TIM_SelectCCDMA
                0x00000000       0x40 ..\obj\stm32f10x_tim.o
 .text.TIM_CCPreloadControl
                0x00000000       0x40 ..\obj\stm32f10x_tim.o
 .text.TIM_OC1PreloadConfig
                0x00000000       0x3c ..\obj\stm32f10x_tim.o
 .text.TIM_OC2PreloadConfig
                0x00000000       0x40 ..\obj\stm32f10x_tim.o
 .text.TIM_OC3PreloadConfig
                0x00000000       0x3c ..\obj\stm32f10x_tim.o
 .text.TIM_OC4PreloadConfig
                0x00000000       0x40 ..\obj\stm32f10x_tim.o
 .text.TIM_OC1FastConfig
                0x00000000       0x3c ..\obj\stm32f10x_tim.o
 .text.TIM_OC2FastConfig
                0x00000000       0x40 ..\obj\stm32f10x_tim.o
 .text.TIM_OC3FastConfig
                0x00000000       0x3c ..\obj\stm32f10x_tim.o
 .text.TIM_OC4FastConfig
                0x00000000       0x40 ..\obj\stm32f10x_tim.o
 .text.TIM_ClearOC1Ref
                0x00000000       0x3c ..\obj\stm32f10x_tim.o
 .text.TIM_ClearOC2Ref
                0x00000000       0x44 ..\obj\stm32f10x_tim.o
 .text.TIM_ClearOC3Ref
                0x00000000       0x3c ..\obj\stm32f10x_tim.o
 .text.TIM_ClearOC4Ref
                0x00000000       0x44 ..\obj\stm32f10x_tim.o
 .text.TIM_OC1PolarityConfig
                0x00000000       0x3c ..\obj\stm32f10x_tim.o
 .text.TIM_OC1NPolarityConfig
                0x00000000       0x3c ..\obj\stm32f10x_tim.o
 .text.TIM_OC2PolarityConfig
                0x00000000       0x40 ..\obj\stm32f10x_tim.o
 .text.TIM_OC2NPolarityConfig
                0x00000000       0x40 ..\obj\stm32f10x_tim.o
 .text.TIM_OC3PolarityConfig
                0x00000000       0x40 ..\obj\stm32f10x_tim.o
 .text.TIM_OC3NPolarityConfig
                0x00000000       0x40 ..\obj\stm32f10x_tim.o
 .text.TIM_OC4PolarityConfig
                0x00000000       0x40 ..\obj\stm32f10x_tim.o
 .text.TIM_CCxCmd
                0x00000000       0x60 ..\obj\stm32f10x_tim.o
 .text.TIM_CCxNCmd
                0x00000000       0x60 ..\obj\stm32f10x_tim.o
 .text.TIM_SelectOCxM
                0x00000000       0xc0 ..\obj\stm32f10x_tim.o
 .text.TIM_UpdateDisableConfig
                0x00000000       0x40 ..\obj\stm32f10x_tim.o
 .text.TIM_UpdateRequestConfig
                0x00000000       0x40 ..\obj\stm32f10x_tim.o
 .text.TIM_SelectHallSensor
                0x00000000       0x40 ..\obj\stm32f10x_tim.o
 .text.TIM_SelectOnePulseMode
                0x00000000       0x38 ..\obj\stm32f10x_tim.o
 .text.TIM_SelectOutputTrigger
                0x00000000       0x38 ..\obj\stm32f10x_tim.o
 .text.TIM_SelectSlaveMode
                0x00000000       0x38 ..\obj\stm32f10x_tim.o
 .text.TIM_SelectMasterSlaveMode
                0x00000000       0x38 ..\obj\stm32f10x_tim.o
 .text.TIM_SetCounter
                0x00000000       0x1c ..\obj\stm32f10x_tim.o
 .text.TIM_SetAutoreload
                0x00000000       0x1c ..\obj\stm32f10x_tim.o
 .text.TIM_SetCompare1
                0x00000000       0x1c ..\obj\stm32f10x_tim.o
 .text.TIM_SetCompare2
                0x00000000       0x1c ..\obj\stm32f10x_tim.o
 .text.TIM_SetCompare3
                0x00000000       0x1c ..\obj\stm32f10x_tim.o
 .text.TIM_SetCompare4
                0x00000000       0x20 ..\obj\stm32f10x_tim.o
 .text.TIM_SetIC1Prescaler
                0x00000000       0x38 ..\obj\stm32f10x_tim.o
 .text.TIM_SetIC2Prescaler
                0x00000000       0x40 ..\obj\stm32f10x_tim.o
 .text.TIM_SetIC3Prescaler
                0x00000000       0x38 ..\obj\stm32f10x_tim.o
 .text.TIM_SetIC4Prescaler
                0x00000000       0x40 ..\obj\stm32f10x_tim.o
 .text.TIM_SetClockDivision
                0x00000000       0x38 ..\obj\stm32f10x_tim.o
 .text.TIM_GetCapture1
                0x00000000       0x1c ..\obj\stm32f10x_tim.o
 .text.TIM_GetCapture2
                0x00000000       0x1c ..\obj\stm32f10x_tim.o
 .text.TIM_GetCapture3
                0x00000000       0x1c ..\obj\stm32f10x_tim.o
 .text.TIM_GetCapture4
                0x00000000       0x1c ..\obj\stm32f10x_tim.o
 .text.TIM_GetCounter
                0x00000000       0x1c ..\obj\stm32f10x_tim.o
 .text.TIM_GetPrescaler
                0x00000000       0x1c ..\obj\stm32f10x_tim.o
 .text.TIM_GetFlagStatus
                0x00000000       0x40 ..\obj\stm32f10x_tim.o
 .text.TIM_ClearFlag
                0x00000000       0x24 ..\obj\stm32f10x_tim.o
 .text.TIM_GetITStatus
                0x00000000       0x64 ..\obj\stm32f10x_tim.o
 .text.TIM_ClearITPendingBit
                0x00000000       0x24 ..\obj\stm32f10x_tim.o
 .text.TI1_Config
                0x00000000       0xec ..\obj\stm32f10x_tim.o
 .text.TI2_Config
                0x00000000      0x10c ..\obj\stm32f10x_tim.o
 .text.TI3_Config
                0x00000000       0xfc ..\obj\stm32f10x_tim.o
 .text.TI4_Config
                0x00000000      0x114 ..\obj\stm32f10x_tim.o
 .text          0x00000000        0x0 ..\obj\startup_stm32f10x_md_vl.o
 .data          0x00000000        0x0 ..\obj\startup_stm32f10x_md_vl.o
 .bss           0x00000000        0x0 ..\obj\startup_stm32f10x_md_vl.o
 .text          0x00000000        0x0 ..\obj\core_cm3.o
 .data          0x00000000        0x0 ..\obj\core_cm3.o
 .bss           0x00000000        0x0 ..\obj\core_cm3.o
 .text.__get_PSP
                0x00000000       0x10 ..\obj\core_cm3.o
 .text.__set_PSP
                0x00000000        0x8 ..\obj\core_cm3.o
 .text.__get_MSP
                0x00000000       0x10 ..\obj\core_cm3.o
 .text.__set_MSP
                0x00000000        0x8 ..\obj\core_cm3.o
 .text.__get_BASEPRI
                0x00000000       0x20 ..\obj\core_cm3.o
 .text.__set_BASEPRI
                0x00000000       0x18 ..\obj\core_cm3.o
 .text.__get_PRIMASK
                0x00000000       0x20 ..\obj\core_cm3.o
 .text.__set_PRIMASK
                0x00000000       0x18 ..\obj\core_cm3.o
 .text.__get_FAULTMASK
                0x00000000       0x20 ..\obj\core_cm3.o
 .text.__set_FAULTMASK
                0x00000000       0x18 ..\obj\core_cm3.o
 .text.__get_CONTROL
                0x00000000       0x20 ..\obj\core_cm3.o
 .text.__set_CONTROL
                0x00000000       0x18 ..\obj\core_cm3.o
 .text.__REV    0x00000000       0x24 ..\obj\core_cm3.o
 .text.__REV16  0x00000000       0x24 ..\obj\core_cm3.o
 .text.__REVSH  0x00000000       0x24 ..\obj\core_cm3.o
 .text.__RBIT   0x00000000       0x24 ..\obj\core_cm3.o
 .text.__LDREXB
                0x00000000       0x24 ..\obj\core_cm3.o
 .text.__LDREXH
                0x00000000       0x24 ..\obj\core_cm3.o
 .text.__LDREXW
                0x00000000       0x24 ..\obj\core_cm3.o
 .text.__STREXB
                0x00000000       0x2c ..\obj\core_cm3.o
 .text.__STREXH
                0x00000000       0x2c ..\obj\core_cm3.o
 .text.__STREXW
                0x00000000       0x28 ..\obj\core_cm3.o
 .text          0x00000000        0x0 ..\obj\system_stm32f10x.o
 .data          0x00000000       0x14 ..\obj\system_stm32f10x.o
 .bss           0x00000000        0x0 ..\obj\system_stm32f10x.o
 .text.SystemCoreClockUpdate
                0x00000000      0x13c ..\obj\system_stm32f10x.o
 .text          0x00000000        0x0 ..\obj\stm32f10x_pwr.o
 .data          0x00000000        0x0 ..\obj\stm32f10x_pwr.o
 .bss           0x00000000        0x0 ..\obj\stm32f10x_pwr.o
 .text.__WFI    0x00000000        0xc ..\obj\stm32f10x_pwr.o
 .text.__WFE    0x00000000        0xc ..\obj\stm32f10x_pwr.o
 .text.PWR_DeInit
                0x00000000       0x20 ..\obj\stm32f10x_pwr.o
 .text.PWR_BackupAccessCmd
                0x00000000       0x20 ..\obj\stm32f10x_pwr.o
 .text.PWR_PVDCmd
                0x00000000       0x20 ..\obj\stm32f10x_pwr.o
 .text.PWR_PVDLevelConfig
                0x00000000       0x44 ..\obj\stm32f10x_pwr.o
 .text.PWR_WakeUpPinCmd
                0x00000000       0x20 ..\obj\stm32f10x_pwr.o
 .text.PWR_EnterSTOPMode
                0x00000000       0x84 ..\obj\stm32f10x_pwr.o
 .text.PWR_EnterSTANDBYMode
                0x00000000       0x54 ..\obj\stm32f10x_pwr.o
 .text.PWR_GetFlagStatus
                0x00000000       0x40 ..\obj\stm32f10x_pwr.o
 .text.PWR_ClearFlag
                0x00000000       0x34 ..\obj\stm32f10x_pwr.o
 .text          0x00000000        0x0 ..\obj\stm32f10x_gpio.o
 .data          0x00000000        0x0 ..\obj\stm32f10x_gpio.o
 .bss           0x00000000        0x0 ..\obj\stm32f10x_gpio.o
 .text.GPIO_DeInit
                0x00000000      0x128 ..\obj\stm32f10x_gpio.o
 .text.GPIO_AFIODeInit
                0x00000000       0x20 ..\obj\stm32f10x_gpio.o
 .text.GPIO_StructInit
                0x00000000       0x2c ..\obj\stm32f10x_gpio.o
 .text.GPIO_ReadInputDataBit
                0x00000000       0x40 ..\obj\stm32f10x_gpio.o
 .text.GPIO_ReadInputData
                0x00000000       0x1c ..\obj\stm32f10x_gpio.o
 .text.GPIO_ReadOutputDataBit
                0x00000000       0x40 ..\obj\stm32f10x_gpio.o
 .text.GPIO_ReadOutputData
                0x00000000       0x1c ..\obj\stm32f10x_gpio.o
 .text.GPIO_SetBits
                0x00000000       0x1c ..\obj\stm32f10x_gpio.o
 .text.GPIO_ResetBits
                0x00000000       0x1c ..\obj\stm32f10x_gpio.o
 .text.GPIO_Write
                0x00000000       0x1c ..\obj\stm32f10x_gpio.o
 .text.GPIO_PinLockConfig
                0x00000000       0x44 ..\obj\stm32f10x_gpio.o
 .text.GPIO_EventOutputConfig
                0x00000000       0x5c ..\obj\stm32f10x_gpio.o
 .text.GPIO_EventOutputCmd
                0x00000000       0x20 ..\obj\stm32f10x_gpio.o
 .text.GPIO_PinRemapConfig
                0x00000000      0x124 ..\obj\stm32f10x_gpio.o
 .text.GPIO_EXTILineConfig
                0x00000000       0xb4 ..\obj\stm32f10x_gpio.o
 .text.GPIO_ETH_MediaInterfaceConfig
                0x00000000       0x20 ..\obj\stm32f10x_gpio.o
 .text          0x00000000        0x0 ..\obj\adc_sensor.o
 .data          0x00000000        0x0 ..\obj\adc_sensor.o
 .bss           0x00000000        0x0 ..\obj\adc_sensor.o
 .text.ADC_Sensor_Init
                0x00000000      0x1cc ..\obj\adc_sensor.o
 .text          0x00000000        0x0 ..\obj\stm32f10x_dac.o
 .data          0x00000000        0x0 ..\obj\stm32f10x_dac.o
 .bss           0x00000000        0x0 ..\obj\stm32f10x_dac.o
 .text.DAC_DeInit
                0x00000000       0x20 ..\obj\stm32f10x_dac.o
 .text.DAC_StructInit
                0x00000000       0x34 ..\obj\stm32f10x_dac.o
 .text.DAC_ITConfig
                0x00000000       0x68 ..\obj\stm32f10x_dac.o
 .text.DAC_DMACmd
                0x00000000       0x6c ..\obj\stm32f10x_dac.o
 .text.DAC_SoftwareTriggerCmd
                0x00000000       0x74 ..\obj\stm32f10x_dac.o
 .text.DAC_DualSoftwareTriggerCmd
                0x00000000       0x4c ..\obj\stm32f10x_dac.o
 .text.DAC_WaveGenerationCmd
                0x00000000       0x68 ..\obj\stm32f10x_dac.o
 .text.DAC_SetChannel2Data
                0x00000000       0x38 ..\obj\stm32f10x_dac.o
 .text.DAC_SetDualChannelData
                0x00000000       0x68 ..\obj\stm32f10x_dac.o
 .text.DAC_GetDataOutputValue
                0x00000000       0x3c ..\obj\stm32f10x_dac.o
 .text.DAC_GetFlagStatus
                0x00000000       0x48 ..\obj\stm32f10x_dac.o
 .text.DAC_ClearFlag
                0x00000000       0x28 ..\obj\stm32f10x_dac.o
 .text.DAC_GetITStatus
                0x00000000       0x70 ..\obj\stm32f10x_dac.o
 .text.DAC_ClearITPendingBit
                0x00000000       0x28 ..\obj\stm32f10x_dac.o
 .text          0x00000000        0x0 ..\obj\indicator.o
 .data          0x00000000        0x0 ..\obj\indicator.o
 .bss           0x00000000        0x0 ..\obj\indicator.o
 .text.indicators_init
                0x00000000       0x1c ..\obj\indicator.o
 .text          0x00000000        0x0 ..\obj\main.o
 .data          0x00000000        0x0 ..\obj\main.o
 .bss           0x00000000        0x0 ..\obj\main.o
 .text          0x00000000        0x0 ..\obj\timers.o
 .data          0x00000000        0x0 ..\obj\timers.o
 .bss           0x00000000        0x0 ..\obj\timers.o
 .text          0x00000000        0x0 ..\obj\tablo.o
 .data          0x00000000        0x0 ..\obj\tablo.o
 .bss           0x00000000        0x0 ..\obj\tablo.o
 .text          0x00000000        0x0 ..\obj\printf.o
 .data          0x00000000       0xf4 ..\obj\printf.o
 .bss           0x00000000        0x0 ..\obj\printf.o
 .text.PrintChar
                0x00000000       0x14 ..\obj\printf.o
 .text.snprintf
                0x00000000       0x34 ..\obj\printf.o
 .rodata        0x00000000       0x24 ..\obj\printf.o
 .text.vfprintf
                0x00000000       0x6c ..\obj\printf.o
 .text.vprintf  0x00000000       0x2c ..\obj\printf.o
 .text.fprintf  0x00000000       0x30 ..\obj\printf.o
 .text.printf   0x00000000       0x2c ..\obj\printf.o
 .text.puts     0x00000000       0x28 ..\obj\printf.o
 .text.fputc    0x00000000       0x4c ..\obj\printf.o
 .text.fputs    0x00000000       0x50 ..\obj\printf.o
 .text          0x00000000        0x0 ..\obj\stm32f10x_rcc.o
 .data          0x00000000       0x14 ..\obj\stm32f10x_rcc.o
 .bss           0x00000000        0x0 ..\obj\stm32f10x_rcc.o
 .text.RCC_DeInit
                0x00000000       0xac ..\obj\stm32f10x_rcc.o
 .text.RCC_HSEConfig
                0x00000000       0x88 ..\obj\stm32f10x_rcc.o
 .text.RCC_WaitForHSEStartUp
                0x00000000       0x64 ..\obj\stm32f10x_rcc.o
 .text.RCC_AdjustHSICalibrationValue
                0x00000000       0x48 ..\obj\stm32f10x_rcc.o
 .text.RCC_HSICmd
                0x00000000       0x20 ..\obj\stm32f10x_rcc.o
 .text.RCC_PLLConfig
                0x00000000       0x4c ..\obj\stm32f10x_rcc.o
 .text.RCC_PLLCmd
                0x00000000       0x20 ..\obj\stm32f10x_rcc.o
 .text.RCC_PREDIV1Config
                0x00000000       0x50 ..\obj\stm32f10x_rcc.o
 .text.RCC_SYSCLKConfig
                0x00000000       0x44 ..\obj\stm32f10x_rcc.o
 .text.RCC_GetSYSCLKSource
                0x00000000       0x20 ..\obj\stm32f10x_rcc.o
 .text.RCC_HCLKConfig
                0x00000000       0x44 ..\obj\stm32f10x_rcc.o
 .text.RCC_PCLK1Config
                0x00000000       0x44 ..\obj\stm32f10x_rcc.o
 .text.RCC_PCLK2Config
                0x00000000       0x48 ..\obj\stm32f10x_rcc.o
 .text.RCC_ITConfig
                0x00000000       0x64 ..\obj\stm32f10x_rcc.o
 .text.RCC_USBCLKConfig
                0x00000000       0x20 ..\obj\stm32f10x_rcc.o
 .text.RCC_ADCCLKConfig
                0x00000000       0x44 ..\obj\stm32f10x_rcc.o
 .text.RCC_LSEConfig
                0x00000000       0x5c ..\obj\stm32f10x_rcc.o
 .text.RCC_LSICmd
                0x00000000       0x20 ..\obj\stm32f10x_rcc.o
 .text.RCC_RTCCLKConfig
                0x00000000       0x30 ..\obj\stm32f10x_rcc.o
 .text.RCC_RTCCLKCmd
                0x00000000       0x20 ..\obj\stm32f10x_rcc.o
 .text.RCC_GetClocksFreq
                0x00000000      0x1cc ..\obj\stm32f10x_rcc.o
 .text.RCC_APB2PeriphResetCmd
                0x00000000       0x5c ..\obj\stm32f10x_rcc.o
 .text.RCC_APB1PeriphResetCmd
                0x00000000       0x5c ..\obj\stm32f10x_rcc.o
 .text.RCC_BackupResetCmd
                0x00000000       0x20 ..\obj\stm32f10x_rcc.o
 .text.RCC_ClockSecuritySystemCmd
                0x00000000       0x20 ..\obj\stm32f10x_rcc.o
 .text.RCC_MCOConfig
                0x00000000       0x20 ..\obj\stm32f10x_rcc.o
 .text.RCC_GetFlagStatus
                0x00000000       0x90 ..\obj\stm32f10x_rcc.o
 .text.RCC_ClearFlag
                0x00000000       0x24 ..\obj\stm32f10x_rcc.o
 .text.RCC_GetITStatus
                0x00000000       0x44 ..\obj\stm32f10x_rcc.o
 .text.RCC_ClearITPendingBit
                0x00000000       0x20 ..\obj\stm32f10x_rcc.o
 .text          0x00000000        0x0 ..\obj\dac.o
 .data          0x00000000        0x0 ..\obj\dac.o
 .bss           0x00000000        0x0 ..\obj\dac.o
 .text          0x00000000        0x0 ..\obj\tasks.o
 .text.vTaskSuspend
                0x00000000       0xc0 ..\obj\tasks.o
 .text.xTaskIsTaskSuspended
                0x00000000       0x50 ..\obj\tasks.o
 .text.vTaskResume
                0x00000000       0xac ..\obj\tasks.o
 .text.xTaskResumeFromISR
                0x00000000       0xd4 ..\obj\tasks.o
 .text.vTaskEndScheduler
                0x00000000       0x20 ..\obj\tasks.o
 .text.xTaskGetTickCount
                0x00000000       0x28 ..\obj\tasks.o
 .text.xTaskGetTickCountFromISR
                0x00000000       0x38 ..\obj\tasks.o
 .text.uxTaskGetNumberOfTasks
                0x00000000       0x18 ..\obj\tasks.o
 .text          0x00000000        0x0 ..\obj\stm32f10x_adc.o
 .data          0x00000000        0x0 ..\obj\stm32f10x_adc.o
 .bss           0x00000000        0x0 ..\obj\stm32f10x_adc.o
 .text.ADC_DeInit
                0x00000000       0x88 ..\obj\stm32f10x_adc.o
 .text.ADC_Init
                0x00000000       0xc0 ..\obj\stm32f10x_adc.o
 .text.ADC_StructInit
                0x00000000       0x44 ..\obj\stm32f10x_adc.o
 .text.ADC_Cmd  0x00000000       0x38 ..\obj\stm32f10x_adc.o
 .text.ADC_DMACmd
                0x00000000       0x38 ..\obj\stm32f10x_adc.o
 .text.ADC_ITConfig
                0x00000000       0x4c ..\obj\stm32f10x_adc.o
 .text.ADC_ResetCalibration
                0x00000000       0x20 ..\obj\stm32f10x_adc.o
 .text.ADC_GetResetCalibrationStatus
                0x00000000       0x38 ..\obj\stm32f10x_adc.o
 .text.ADC_StartCalibration
                0x00000000       0x20 ..\obj\stm32f10x_adc.o
 .text.ADC_GetCalibrationStatus
                0x00000000       0x38 ..\obj\stm32f10x_adc.o
 .text.ADC_SoftwareStartConvCmd
                0x00000000       0x38 ..\obj\stm32f10x_adc.o
 .text.ADC_GetSoftwareStartConvStatus
                0x00000000       0x38 ..\obj\stm32f10x_adc.o
 .text.ADC_DiscModeChannelCountConfig
                0x00000000       0x4c ..\obj\stm32f10x_adc.o
 .text.ADC_DiscModeCmd
                0x00000000       0x38 ..\obj\stm32f10x_adc.o
 .text.ADC_RegularChannelConfig
                0x00000000      0x1d0 ..\obj\stm32f10x_adc.o
 .text.ADC_ExternalTrigConvCmd
                0x00000000       0x38 ..\obj\stm32f10x_adc.o
 .text.ADC_GetConversionValue
                0x00000000       0x1c ..\obj\stm32f10x_adc.o
 .text.ADC_GetDualModeConversionValue
                0x00000000       0x18 ..\obj\stm32f10x_adc.o
 .text.ADC_AutoInjectedConvCmd
                0x00000000       0x38 ..\obj\stm32f10x_adc.o
 .text.ADC_InjectedDiscModeCmd
                0x00000000       0x38 ..\obj\stm32f10x_adc.o
 .text.ADC_ExternalTrigInjectedConvConfig
                0x00000000       0x38 ..\obj\stm32f10x_adc.o
 .text.ADC_ExternalTrigInjectedConvCmd
                0x00000000       0x38 ..\obj\stm32f10x_adc.o
 .text.ADC_SoftwareStartInjectedConvCmd
                0x00000000       0x38 ..\obj\stm32f10x_adc.o
 .text.ADC_GetSoftwareStartInjectedConvCmdStatus
                0x00000000       0x38 ..\obj\stm32f10x_adc.o
 .text.ADC_InjectedChannelConfig
                0x00000000      0x150 ..\obj\stm32f10x_adc.o
 .text.ADC_InjectedSequencerLengthConfig
                0x00000000       0x4c ..\obj\stm32f10x_adc.o
 .text.ADC_SetInjectedOffset
                0x00000000       0x34 ..\obj\stm32f10x_adc.o
 .text.ADC_AnalogWatchdogCmd
                0x00000000       0x3c ..\obj\stm32f10x_adc.o
 .text.ADC_AnalogWatchdogThresholdsConfig
                0x00000000       0x28 ..\obj\stm32f10x_adc.o
 .text.ADC_AnalogWatchdogSingleChannelConfig
                0x00000000       0x3c ..\obj\stm32f10x_adc.o
 .text.ADC_TempSensorVrefintCmd
                0x00000000       0x4c ..\obj\stm32f10x_adc.o
 .text.ADC_GetFlagStatus
                0x00000000       0x40 ..\obj\stm32f10x_adc.o
 .text.ADC_ClearFlag
                0x00000000       0x20 ..\obj\stm32f10x_adc.o
 .text          0x00000000        0x0 ..\obj\keyboard.o
 .data          0x00000000        0x0 ..\obj\keyboard.o
 .bss           0x00000000        0x0 ..\obj\keyboard.o
 .rodata        0x00000000        0xc ..\obj\keyboard.o
 .text.keyboard_init
                0x00000000      0x11c ..\obj\keyboard.o
 .text.keyboard_task
                0x00000000      0x42c ..\obj\keyboard.o
 .text          0x00000000        0x0 ..\obj\list.o
 .data          0x00000000        0x0 ..\obj\list.o
 .bss           0x00000000        0x0 ..\obj\list.o
 .text          0x00000000        0x0 ..\obj\syscalls.o
 .data          0x00000000        0x0 ..\obj\syscalls.o
 .bss           0x00000000        0x4 ..\obj\syscalls.o
 .text._sbrk    0x00000000       0x5c ..\obj\syscalls.o
 .text.link     0x00000000       0x1c ..\obj\syscalls.o
 .text._close   0x00000000       0x18 ..\obj\syscalls.o
 .text._fstat   0x00000000       0x24 ..\obj\syscalls.o
 .text._isatty  0x00000000       0x18 ..\obj\syscalls.o
 .text._lseek   0x00000000       0x1c ..\obj\syscalls.o
 .text._read    0x00000000       0x1c ..\obj\syscalls.o
 .text._write   0x00000000       0x1c ..\obj\syscalls.o
 .text.abort    0x00000000        0x8 ..\obj\syscalls.o
 .text          0x00000000        0x0 ..\obj\stm32f10x_flash.o
 .data          0x00000000        0x0 ..\obj\stm32f10x_flash.o
 .bss           0x00000000        0x0 ..\obj\stm32f10x_flash.o
 .text.FLASH_SetLatency
                0x00000000       0x44 ..\obj\stm32f10x_flash.o
 .text.FLASH_HalfCycleAccessCmd
                0x00000000       0x48 ..\obj\stm32f10x_flash.o
 .text.FLASH_PrefetchBufferCmd
                0x00000000       0x48 ..\obj\stm32f10x_flash.o
 .text.FLASH_Unlock
                0x00000000       0x30 ..\obj\stm32f10x_flash.o
 .text.FLASH_UnlockBank1
                0x00000000       0x30 ..\obj\stm32f10x_flash.o
 .text.FLASH_Lock
                0x00000000       0x24 ..\obj\stm32f10x_flash.o
 .text.FLASH_LockBank1
                0x00000000       0x24 ..\obj\stm32f10x_flash.o
 .text.FLASH_ErasePage
                0x00000000       0x94 ..\obj\stm32f10x_flash.o
 .text.FLASH_EraseAllPages
                0x00000000       0x84 ..\obj\stm32f10x_flash.o
 .text.FLASH_EraseAllBank1Pages
                0x00000000       0x84 ..\obj\stm32f10x_flash.o
 .text.FLASH_EraseOptionBytes
                0x00000000      0x140 ..\obj\stm32f10x_flash.o
 .text.FLASH_ProgramWord
                0x00000000       0xc4 ..\obj\stm32f10x_flash.o
 .text.FLASH_ProgramHalfWord
                0x00000000       0x78 ..\obj\stm32f10x_flash.o
 .text.FLASH_ProgramOptionByteData
                0x00000000       0xa4 ..\obj\stm32f10x_flash.o
 .text.FLASH_EnableWriteProtection
                0x00000000      0x160 ..\obj\stm32f10x_flash.o
 .text.FLASH_ReadOutProtection
                0x00000000      0x148 ..\obj\stm32f10x_flash.o
 .text.FLASH_UserOptionByteConfig
                0x00000000       0xc4 ..\obj\stm32f10x_flash.o
 .text.FLASH_GetUserOptionByte
                0x00000000       0x1c ..\obj\stm32f10x_flash.o
 .text.FLASH_GetWriteProtectionOptionByte
                0x00000000       0x18 ..\obj\stm32f10x_flash.o
 .text.FLASH_GetReadOutProtectionStatus
                0x00000000       0x3c ..\obj\stm32f10x_flash.o
 .text.FLASH_GetPrefetchBufferStatus
                0x00000000       0x3c ..\obj\stm32f10x_flash.o
 .text.FLASH_ITConfig
                0x00000000       0x5c ..\obj\stm32f10x_flash.o
 .text.FLASH_GetFlagStatus
                0x00000000       0x6c ..\obj\stm32f10x_flash.o
 .text.FLASH_ClearFlag
                0x00000000       0x20 ..\obj\stm32f10x_flash.o
 .text.FLASH_GetStatus
                0x00000000       0x70 ..\obj\stm32f10x_flash.o
 .text.FLASH_GetBank1Status
                0x00000000       0x70 ..\obj\stm32f10x_flash.o
 .text.FLASH_WaitForLastOperation
                0x00000000       0x4c ..\obj\stm32f10x_flash.o
 .text.FLASH_WaitForLastBank1Operation
                0x00000000       0x4c ..\obj\stm32f10x_flash.o
 .text          0x00000000        0x0 ..\obj\port.o
 .bss           0x00000000        0x0 ..\obj\port.o
 .rodata        0x00000000        0x4 ..\obj\port.o
 .text.vPortEndScheduler
                0x00000000        0xc ..\obj\port.o
 .text          0x00000000        0x0 ..\obj\queue.o
 .data          0x00000000        0x0 ..\obj\queue.o
 .bss           0x00000000        0x0 ..\obj\queue.o
 .text.xQueueGenericCreate
                0x00000000       0xd4 ..\obj\queue.o
 .text.xQueueGenericSendFromISR
                0x00000000       0x90 ..\obj\queue.o
 .text.xQueueReceiveFromISR
                0x00000000       0x94 ..\obj\queue.o
 .text.uxQueueMessagesWaiting
                0x00000000       0x24 ..\obj\queue.o
 .text.uxQueueMessagesWaitingFromISR
                0x00000000       0x1c ..\obj\queue.o
 .text.vQueueDelete
                0x00000000       0x20 ..\obj\queue.o
 .text.xQueueIsQueueEmptyFromISR
                0x00000000       0x24 ..\obj\queue.o
 .text.xQueueIsQueueFullFromISR
                0x00000000       0x2c ..\obj\queue.o
 .text          0x00000000        0x0 ..\obj\stm32f10x_dma.o
 .data          0x00000000        0x0 ..\obj\stm32f10x_dma.o
 .bss           0x00000000        0x0 ..\obj\stm32f10x_dma.o
 .text.DMA_DeInit
                0x00000000      0x224 ..\obj\stm32f10x_dma.o
 .text.DMA_ITConfig
                0x00000000       0x40 ..\obj\stm32f10x_dma.o
 .text.DMA_SetCurrDataCounter
                0x00000000       0x1c ..\obj\stm32f10x_dma.o
 .text.DMA_GetCurrDataCounter
                0x00000000       0x1c ..\obj\stm32f10x_dma.o
 .text.DMA_GetITStatus
                0x00000000       0x60 ..\obj\stm32f10x_dma.o
 .text.DMA_ClearITPendingBit
                0x00000000       0x38 ..\obj\stm32f10x_dma.o
 .text          0x00000000        0x0 ..\obj\croutine.o
 .data          0x00000000        0x0 ..\obj\croutine.o
 .bss           0x00000000       0x80 ..\obj\croutine.o
 .text.xCoRoutineCreate
                0x00000000       0xf4 ..\obj\croutine.o
 .text.vCoRoutineAddToDelayedList
                0x00000000       0xb4 ..\obj\croutine.o
 .text.prvCheckPendingReadyList
                0x00000000       0xa0 ..\obj\croutine.o
 .text.prvCheckDelayedList
                0x00000000      0x170 ..\obj\croutine.o
 .text.vCoRoutineSchedule
                0x00000000       0xf0 ..\obj\croutine.o
 .text.prvInitialiseCoRoutineLists
                0x00000000       0x8c ..\obj\croutine.o
 .text.xCoRoutineRemoveFromEventList
                0x00000000       0x60 ..\obj\croutine.o
 .text          0x00000000        0x0 ..\obj\channels.o
 .data          0x00000000        0x8 ..\obj\channels.o
 .bss           0x00000000       0x10 ..\obj\channels.o
 .text.ChannelsInit
                0x00000000       0xf4 ..\obj\channels.o
 COMMON         0x00000000       0x38 ..\obj\channels.o
 .text          0x00000000        0x0 ..\obj\spi_bus.o
 .data          0x00000000        0x0 ..\obj\spi_bus.o
 .bss           0x00000000        0x0 ..\obj\spi_bus.o
 .text          0x00000000        0x0 ..\obj\misc.o
 .data          0x00000000        0x0 ..\obj\misc.o
 .bss           0x00000000        0x0 ..\obj\misc.o
 .text.NVIC_PriorityGroupConfig
                0x00000000       0x28 ..\obj\misc.o
 .text.NVIC_Init
                0x00000000       0xec ..\obj\misc.o
 .text.NVIC_SetVectorTable
                0x00000000       0x2c ..\obj\misc.o
 .text.NVIC_SystemLPConfig
                0x00000000       0x5c ..\obj\misc.o
 .text.SysTick_CLKSourceConfig
                0x00000000       0x4c ..\obj\misc.o
 .text          0x00000000        0x0 ..\obj\stm32f10x_spi.o
 .data          0x00000000        0x0 ..\obj\stm32f10x_spi.o
 .bss           0x00000000        0x0 ..\obj\stm32f10x_spi.o
 .text.SPI_I2S_DeInit
                0x00000000       0x88 ..\obj\stm32f10x_spi.o
 .text.I2S_Init
                0x00000000      0x1a4 ..\obj\stm32f10x_spi.o
 .text.SPI_StructInit
                0x00000000       0x5c ..\obj\stm32f10x_spi.o
 .text.I2S_StructInit
                0x00000000       0x44 ..\obj\stm32f10x_spi.o
 .text.I2S_Cmd  0x00000000       0x40 ..\obj\stm32f10x_spi.o
 .text.SPI_I2S_ITConfig
                0x00000000       0x70 ..\obj\stm32f10x_spi.o
 .text.SPI_I2S_SendData
                0x00000000       0x1c ..\obj\stm32f10x_spi.o
 .text.SPI_I2S_ReceiveData
                0x00000000       0x1c ..\obj\stm32f10x_spi.o
 .text.SPI_NSSInternalSoftwareConfig
                0x00000000       0x44 ..\obj\stm32f10x_spi.o
 .text.SPI_SSOutputCmd
                0x00000000       0x40 ..\obj\stm32f10x_spi.o
 .text.SPI_DataSizeConfig
                0x00000000       0x38 ..\obj\stm32f10x_spi.o
 .text.SPI_TransmitCRC
                0x00000000       0x24 ..\obj\stm32f10x_spi.o
 .text.SPI_GetCRC
                0x00000000       0x34 ..\obj\stm32f10x_spi.o
 .text.SPI_GetCRCPolynomial
                0x00000000       0x1c ..\obj\stm32f10x_spi.o
 .text.SPI_BiDirectionalLineConfig
                0x00000000       0x40 ..\obj\stm32f10x_spi.o
 .text.SPI_I2S_GetFlagStatus
                0x00000000       0x40 ..\obj\stm32f10x_spi.o
 .text.SPI_I2S_ClearFlag
                0x00000000       0x24 ..\obj\stm32f10x_spi.o
 .text.SPI_I2S_GetITStatus
                0x00000000       0x8c ..\obj\stm32f10x_spi.o
 .text.SPI_I2S_ClearITPendingBit
                0x00000000       0x38 ..\obj\stm32f10x_spi.o
 .text          0x00000000        0x0 ..\obj\heap_1.o
 .data          0x00000000        0x0 ..\obj\heap_1.o
 .text.vPortInitialiseBlocks
                0x00000000       0x18 ..\obj\heap_1.o
 .text.xPortGetFreeHeapSize
                0x00000000       0x1c ..\obj\heap_1.o
 .data          0x00000000        0x0 c:/coocox/coide/gcc/sourcery g++ lite/bin/../lib/gcc/arm-none-eabi/4.5.1/thumb2\libgcc.a(_arm_addsubdf3.o)
 .bss           0x00000000        0x0 c:/coocox/coide/gcc/sourcery g++ lite/bin/../lib/gcc/arm-none-eabi/4.5.1/thumb2\libgcc.a(_arm_addsubdf3.o)
 .data          0x00000000        0x0 c:/coocox/coide/gcc/sourcery g++ lite/bin/../lib/gcc/arm-none-eabi/4.5.1/thumb2\libgcc.a(_arm_cmpdf2.o)
 .bss           0x00000000        0x0 c:/coocox/coide/gcc/sourcery g++ lite/bin/../lib/gcc/arm-none-eabi/4.5.1/thumb2\libgcc.a(_arm_cmpdf2.o)
 .data          0x00000000        0x0 c:/coocox/coide/gcc/sourcery g++ lite/bin/../lib/gcc/arm-none-eabi/4.5.1/thumb2\libgcc.a(_arm_muldivsf3.o)
 .bss           0x00000000        0x0 c:/coocox/coide/gcc/sourcery g++ lite/bin/../lib/gcc/arm-none-eabi/4.5.1/thumb2\libgcc.a(_arm_muldivsf3.o)
 .data          0x00000000        0x0 c:/coocox/coide/gcc/sourcery g++ lite/bin/../lib/gcc/arm-none-eabi/4.5.1/thumb2\libgcc.a(_arm_cmpsf2.o)
 .bss           0x00000000        0x0 c:/coocox/coide/gcc/sourcery g++ lite/bin/../lib/gcc/arm-none-eabi/4.5.1/thumb2\libgcc.a(_arm_cmpsf2.o)
 .data          0x00000000        0x0 c:/coocox/coide/gcc/sourcery g++ lite/bin/../lib/gcc/arm-none-eabi/4.5.1/thumb2\libgcc.a(_arm_fixunssfsi.o)
 .bss           0x00000000        0x0 c:/coocox/coide/gcc/sourcery g++ lite/bin/../lib/gcc/arm-none-eabi/4.5.1/thumb2\libgcc.a(_arm_fixunssfsi.o)
 .data          0x00000000        0x0 c:/coocox/coide/gcc/sourcery g++ lite/bin/../lib/gcc/arm-none-eabi/4.5.1/../../../../arm-none-eabi/lib/thumb2\libc.a(lib_a-memcpy.o)
 .bss           0x00000000        0x0 c:/coocox/coide/gcc/sourcery g++ lite/bin/../lib/gcc/arm-none-eabi/4.5.1/../../../../arm-none-eabi/lib/thumb2\libc.a(lib_a-memcpy.o)
 .data          0x00000000        0x0 c:/coocox/coide/gcc/sourcery g++ lite/bin/../lib/gcc/arm-none-eabi/4.5.1/../../../../arm-none-eabi/lib/thumb2\libc.a(lib_a-memset.o)
 .bss           0x00000000        0x0 c:/coocox/coide/gcc/sourcery g++ lite/bin/../lib/gcc/arm-none-eabi/4.5.1/../../../../arm-none-eabi/lib/thumb2\libc.a(lib_a-memset.o)
 .data          0x00000000        0x0 c:/coocox/coide/gcc/sourcery g++ lite/bin/../lib/gcc/arm-none-eabi/4.5.1/../../../../arm-none-eabi/lib/thumb2\libc.a(lib_a-strlen.o)
 .bss           0x00000000        0x0 c:/coocox/coide/gcc/sourcery g++ lite/bin/../lib/gcc/arm-none-eabi/4.5.1/../../../../arm-none-eabi/lib/thumb2\libc.a(lib_a-strlen.o)
 .data          0x00000000        0x0 c:/coocox/coide/gcc/sourcery g++ lite/bin/../lib/gcc/arm-none-eabi/4.5.1/../../../../arm-none-eabi/lib/thumb2\libc.a(lib_a-strncpy.o)
 .bss           0x00000000        0x0 c:/coocox/coide/gcc/sourcery g++ lite/bin/../lib/gcc/arm-none-eabi/4.5.1/../../../../arm-none-eabi/lib/thumb2\libc.a(lib_a-strncpy.o)

Memory Configuration

Name             Origin             Length             Attributes
rom              0x08000000         0x00020000         xr
ram              0x20000000         0x00002000         xrw
*default*        0x00000000         0xffffffff

Linker script and memory map

                0x20002000                _eram = 0x20002000

.text           0x08000000     0x43a8
 *(.isr_vector .isr_vector.*)
 .isr_vector    0x08000000      0x124 ..\obj\startup_stm32f10x_md_vl.o
                0x08000000                g_pfnVectors
 *(.text .text.* .gnu.linkonce.t.*)
 .text.Default_Reset_Handler
                0x08000124       0x6c ..\obj\startup_stm32f10x_md_vl.o
                0x08000124                Default_Reset_Handler
                0x08000124                Reset_Handler
 .text.Default_Handler
                0x08000190        0x8 ..\obj\startup_stm32f10x_md_vl.o
                0x08000190                EXTI2_IRQHandler
                0x08000190                DebugMon_Handler
                0x08000190                TIM1_CC_IRQHandler
                0x08000190                HardFault_Handler
                0x08000190                PVD_IRQHandler
                0x08000190                NMI_Handler
                0x08000190                EXTI3_IRQHandler
                0x08000190                EXTI0_IRQHandler
                0x08000190                I2C2_EV_IRQHandler
                0x08000190                TIM1_UP_TIM16_IRQHandler
                0x08000190                UsageFault_Handler
                0x08000190                SPI1_IRQHandler
                0x08000190                TAMPER_IRQHandler
                0x08000190                TIM6_DAC_IRQHandler
                0x08000190                DMA1_Channel4_IRQHandler
                0x08000190                USART3_IRQHandler
                0x08000190                RTC_IRQHandler
                0x08000190                DMA1_Channel7_IRQHandler
                0x08000190                TIM4_IRQHandler
                0x08000190                I2C1_EV_IRQHandler
                0x08000190                DMA1_Channel6_IRQHandler
                0x08000190                TIM3_IRQHandler
                0x08000190                RCC_IRQHandler
                0x08000190                DMA1_Channel1_IRQHandler
                0x08000190                CEC_IRQHandler
                0x08000190                EXTI15_10_IRQHandler
                0x08000190                TIM7_IRQHandler
                0x08000190                EXTI9_5_IRQHandler
                0x08000190                SPI2_IRQHandler
                0x08000190                MemManage_Handler
                0x08000190                DMA1_Channel5_IRQHandler
                0x08000190                EXTI4_IRQHandler
                0x08000190                TIM1_TRG_COM_TIM17_IRQHandler
                0x08000190                DMA1_Channel3_IRQHandler
                0x08000190                WWDG_IRQHandler
                0x08000190                TIM2_IRQHandler
                0x08000190                EXTI1_IRQHandler
                0x08000190                RTCAlarm_IRQHandler
                0x08000190                USART2_IRQHandler
                0x08000190                I2C2_ER_IRQHandler
                0x08000190                DMA1_Channel2_IRQHandler
                0x08000190                FLASH_IRQHandler
                0x08000190                BusFault_Handler
                0x08000190                USART1_IRQHandler
                0x08000190                I2C1_ER_IRQHandler
                0x08000190                TIM1_BRK_TIM15_IRQHandler
 .text.SystemInit
                0x08000198       0xbc ..\obj\system_stm32f10x.o
                0x08000198                SystemInit
 .text.SetSysClock
                0x08000254        0xc ..\obj\system_stm32f10x.o
 .text.SetSysClockTo24
                0x08000260      0x15c ..\obj\system_stm32f10x.o
 .text.GPIO_Init
                0x080003bc      0x1c0 ..\obj\stm32f10x_gpio.o
                0x080003bc                GPIO_Init
 .text.GPIO_WriteBit
                0x0800057c       0x30 ..\obj\stm32f10x_gpio.o
                0x0800057c                GPIO_WriteBit
 .text.ADC1_IRQHandler
                0x080005ac       0xcc ..\obj\adc_sensor.o
                0x080005ac                ADC1_IRQHandler
 .text.DAC_Init
                0x08000678       0x78 ..\obj\stm32f10x_dac.o
                0x08000678                DAC_Init
 .text.DAC_Cmd  0x080006f0       0x6c ..\obj\stm32f10x_dac.o
                0x080006f0                DAC_Cmd
 .text.DAC_SetChannel1Data
                0x0800075c       0x38 ..\obj\stm32f10x_dac.o
                0x0800075c                DAC_SetChannel1Data
 *fill*         0x08000794        0x4 00
 .text.indicators_set_num
                0x08000798      0x2d0 ..\obj\indicator.o
                0x08000798                indicators_set_num
 .text.str_to_ind
                0x08000a68      0x58c ..\obj\indicator.o
                0x08000a68                str_to_ind
 .text.Init_Task
                0x08000ff4       0x24 ..\obj\main.o
 .text.main     0x08001018       0x48 ..\obj\main.o
                0x08001018                main
 .text.tablo_indicator_struct_init
                0x08001060       0xac ..\obj\tablo.o
                0x08001060                tablo_indicator_struct_init
 .text.tablo_devices_init
                0x0800110c       0x20 ..\obj\tablo.o
                0x0800110c                tablo_devices_init
 .text.PutChar  0x0800112c       0x24 ..\obj\printf.o
                0x0800112c                PutChar
 .text.PutString
                0x08001150       0x48 ..\obj\printf.o
                0x08001150                PutString
 .text.PutUnsignedInt
                0x08001198       0xbc ..\obj\printf.o
                0x08001198                PutUnsignedInt
 .text.PutSignedInt
                0x08001254      0x12c ..\obj\printf.o
                0x08001254                PutSignedInt
 .text.PutHexa  0x08001380       0xe8 ..\obj\printf.o
                0x08001380                PutHexa
 .text.vsnprintf
                0x08001468      0x2a4 ..\obj\printf.o
                0x08001468                vsnprintf
 .text.vsprintf
                0x0800170c       0x28 ..\obj\printf.o
                0x0800170c                vsprintf
 .text.sprintf  0x08001734       0x30 ..\obj\printf.o
                0x08001734                sprintf
 .text.RCC_AHBPeriphClockCmd
                0x08001764       0x5c ..\obj\stm32f10x_rcc.o
                0x08001764                RCC_AHBPeriphClockCmd
 .text.RCC_APB2PeriphClockCmd
                0x080017c0       0x5c ..\obj\stm32f10x_rcc.o
                0x080017c0                RCC_APB2PeriphClockCmd
 .text.RCC_APB1PeriphClockCmd
                0x0800181c       0x5c ..\obj\stm32f10x_rcc.o
                0x0800181c                RCC_APB1PeriphClockCmd
 .text.DAC_Out_Init
                0x08001878       0x7c ..\obj\dac.o
                0x08001878                DAC_Out_Init
 .text.xTaskGenericCreate
                0x080018f4      0x1ac ..\obj\tasks.o
                0x080018f4                xTaskGenericCreate
 .text.vTaskDelete
                0x08001aa0       0xc0 ..\obj\tasks.o
                0x08001aa0                vTaskDelete
 .text.vTaskDelay
                0x08001b60       0x5c ..\obj\tasks.o
                0x08001b60                vTaskDelay
 .text.vTaskStartScheduler
                0x08001bbc       0x74 ..\obj\tasks.o
                0x08001bbc                vTaskStartScheduler
 .text.vTaskSuspendAll
                0x08001c30       0x24 ..\obj\tasks.o
                0x08001c30                vTaskSuspendAll
 .text.xTaskResumeAll
                0x08001c54      0x154 ..\obj\tasks.o
                0x08001c54                xTaskResumeAll
 .text.vTaskIncrementTick
                0x08001da8      0x1b8 ..\obj\tasks.o
                0x08001da8                vTaskIncrementTick
 .text.vTaskSwitchContext
                0x08001f60       0xd0 ..\obj\tasks.o
                0x08001f60                vTaskSwitchContext
 .text.vTaskPlaceOnEventList
                0x08002030       0x78 ..\obj\tasks.o
                0x08002030                vTaskPlaceOnEventList
 .text.xTaskRemoveFromEventList
                0x080020a8       0xc4 ..\obj\tasks.o
                0x080020a8                xTaskRemoveFromEventList
 .text.vTaskSetTimeOutState
                0x0800216c       0x30 ..\obj\tasks.o
                0x0800216c                vTaskSetTimeOutState
 .text.xTaskCheckForTimeOut
                0x0800219c       0xa4 ..\obj\tasks.o
                0x0800219c                xTaskCheckForTimeOut
 .text.vTaskMissedYield
                0x08002240       0x18 ..\obj\tasks.o
                0x08002240                vTaskMissedYield
 .text.prvIdleTask
                0x08002258       0x24 ..\obj\tasks.o
 .text.prvInitialiseTCBVariables
                0x0800227c       0x7c ..\obj\tasks.o
 .text.prvInitialiseTaskLists
                0x080022f8       0xa4 ..\obj\tasks.o
 .text.prvCheckTasksWaitingTermination
                0x0800239c       0x98 ..\obj\tasks.o
 .text.prvAddCurrentTaskToDelayedList
                0x08002434       0x8c ..\obj\tasks.o
 .text.prvAllocateTCBAndStack
                0x080024c0       0x74 ..\obj\tasks.o
 .text.prvDeleteTCB
                0x08002534       0x20 ..\obj\tasks.o
 .text.xTaskGetCurrentTaskHandle
                0x08002554       0x20 ..\obj\tasks.o
                0x08002554                xTaskGetCurrentTaskHandle
 .text.vTaskPriorityInherit
                0x08002574       0xd8 ..\obj\tasks.o
                0x08002574                vTaskPriorityInherit
 .text.vTaskPriorityDisinherit
                0x0800264c       0x90 ..\obj\tasks.o
                0x0800264c                vTaskPriorityDisinherit
 .text.ADC_GetInjectedConversionValue
                0x080026dc       0x34 ..\obj\stm32f10x_adc.o
                0x080026dc                ADC_GetInjectedConversionValue
 .text.ADC_GetITStatus
                0x08002710       0x6c ..\obj\stm32f10x_adc.o
                0x08002710                ADC_GetITStatus
 .text.ADC_ClearITPendingBit
                0x0800277c       0x30 ..\obj\stm32f10x_adc.o
                0x0800277c                ADC_ClearITPendingBit
 .text.vListInitialise
                0x080027ac       0x48 ..\obj\list.o
                0x080027ac                vListInitialise
 .text.vListInitialiseItem
                0x080027f4       0x1c ..\obj\list.o
                0x080027f4                vListInitialiseItem
 .text.vListInsertEnd
                0x08002810       0x54 ..\obj\list.o
                0x08002810                vListInsertEnd
 .text.vListInsert
                0x08002864       0x78 ..\obj\list.o
                0x08002864                vListInsert
 .text.vListRemove
                0x080028dc       0x54 ..\obj\list.o
                0x080028dc                vListRemove
 .text.pxPortInitialiseStack
                0x08002930       0x60 ..\obj\port.o
                0x08002930                pxPortInitialiseStack
 .text.SVC_Handler
                0x08002990       0x20 ..\obj\port.o
                0x08002990                SVC_Handler
 .text.vPortStartFirstTask
                0x080029b0       0x14 ..\obj\port.o
                0x080029b0                vPortStartFirstTask
 .text.xPortStartScheduler
                0x080029c4       0x54 ..\obj\port.o
                0x080029c4                xPortStartScheduler
 .text.vPortYieldFromISR
                0x08002a18       0x18 ..\obj\port.o
                0x08002a18                vPortYieldFromISR
 .text.vPortEnterCritical
                0x08002a30       0x2c ..\obj\port.o
                0x08002a30                vPortEnterCritical
 .text.vPortExitCritical
                0x08002a5c       0x38 ..\obj\port.o
                0x08002a5c                vPortExitCritical
 .text.PendSV_Handler
                0x08002a94       0x3c ..\obj\port.o
                0x08002a94                PendSV_Handler
 .text.SysTick_Handler
                0x08002ad0       0x38 ..\obj\port.o
                0x08002ad0                SysTick_Handler
 .text.prvSetupTimerInterrupt
                0x08002b08       0x28 ..\obj\port.o
 .text.xQueueCreateMutex
                0x08002b30       0x9c ..\obj\queue.o
                0x08002b30                xQueueCreateMutex
 .text.xQueueGenericSend
                0x08002bcc      0x124 ..\obj\queue.o
                0x08002bcc                xQueueGenericSend
 .text.xQueueGenericReceive
                0x08002cf0      0x188 ..\obj\queue.o
                0x08002cf0                xQueueGenericReceive
 .text.prvCopyDataToQueue
                0x08002e78       0xc4 ..\obj\queue.o
 .text.prvCopyDataFromQueue
                0x08002f3c       0x50 ..\obj\queue.o
 .text.prvUnlockQueue
                0x08002f8c       0xa0 ..\obj\queue.o
 .text.prvIsQueueEmpty
                0x0800302c       0x2c ..\obj\queue.o
 .text.prvIsQueueFull
                0x08003058       0x30 ..\obj\queue.o
 .text.DMA_Init
                0x08003088       0x84 ..\obj\stm32f10x_dma.o
                0x08003088                DMA_Init
 .text.DMA_StructInit
                0x0800310c       0x6c ..\obj\stm32f10x_dma.o
                0x0800310c                DMA_StructInit
 .text.DMA_Cmd  0x08003178       0x3c ..\obj\stm32f10x_dma.o
                0x08003178                DMA_Cmd
 .text.DMA_GetFlagStatus
                0x080031b4       0x60 ..\obj\stm32f10x_dma.o
                0x080031b4                DMA_GetFlagStatus
 .text.DMA_ClearFlag
                0x08003214       0x38 ..\obj\stm32f10x_dma.o
                0x08003214                DMA_ClearFlag
 .text.spi_buses_init
                0x0800324c       0x84 ..\obj\spi_bus.o
                0x0800324c                spi_buses_init
 .text.spi1_config
                0x080032d0      0x1e0 ..\obj\spi_bus.o
                0x080032d0                spi1_config
 .text.spi1_write_buf
                0x080034b0       0x44 ..\obj\spi_bus.o
                0x080034b0                spi1_write_buf
 .text.spi1_task
                0x080034f4      0x100 ..\obj\spi_bus.o
 .text.SPI_Init
                0x080035f4       0x98 ..\obj\stm32f10x_spi.o
                0x080035f4                SPI_Init
 .text.SPI_Cmd  0x0800368c       0x40 ..\obj\stm32f10x_spi.o
                0x0800368c                SPI_Cmd
 .text.SPI_I2S_DMACmd
                0x080036cc       0x4c ..\obj\stm32f10x_spi.o
                0x080036cc                SPI_I2S_DMACmd
 .text.SPI_CalculateCRC
                0x08003718       0x40 ..\obj\stm32f10x_spi.o
                0x08003718                SPI_CalculateCRC
 .text.pvPortMalloc
                0x08003758       0x98 ..\obj\heap_1.o
                0x08003758                pvPortMalloc
 .text.vPortFree
                0x080037f0       0x14 ..\obj\heap_1.o
                0x080037f0                vPortFree
 .text          0x08003804      0x370 c:/coocox/coide/gcc/sourcery g++ lite/bin/../lib/gcc/arm-none-eabi/4.5.1/thumb2\libgcc.a(_arm_addsubdf3.o)
                0x08003804                __aeabi_drsub
                0x0800380c                __aeabi_dsub
                0x0800380c                __subdf3
                0x08003810                __aeabi_dadd
                0x08003810                __adddf3
                0x08003a88                __floatunsidf
                0x08003a88                __aeabi_ui2d
                0x08003aa8                __floatsidf
                0x08003aa8                __aeabi_i2d
                0x08003acc                __aeabi_f2d
                0x08003acc                __extendsfdf2
                0x08003b08                __floatundidf
                0x08003b08                __aeabi_ul2d
                0x08003b18                __floatdidf
                0x08003b18                __aeabi_l2d
 .text          0x08003b74      0x110 c:/coocox/coide/gcc/sourcery g++ lite/bin/../lib/gcc/arm-none-eabi/4.5.1/thumb2\libgcc.a(_arm_cmpdf2.o)
                0x08003b74                __gtdf2
                0x08003b74                __gedf2
                0x08003b7c                __ltdf2
                0x08003b7c                __ledf2
                0x08003b84                __nedf2
                0x08003b84                __eqdf2
                0x08003b84                __cmpdf2
                0x08003c00                __aeabi_cdrcmple
                0x08003c10                __aeabi_cdcmpeq
                0x08003c10                __aeabi_cdcmple
                0x08003c20                __aeabi_dcmpeq
                0x08003c34                __aeabi_dcmplt
                0x08003c48                __aeabi_dcmple
                0x08003c5c                __aeabi_dcmpge
                0x08003c70                __aeabi_dcmpgt
 .text          0x08003c84      0x2a0 c:/coocox/coide/gcc/sourcery g++ lite/bin/../lib/gcc/arm-none-eabi/4.5.1/thumb2\libgcc.a(_arm_muldivsf3.o)
                0x08003c84                __mulsf3
                0x08003c84                __aeabi_fmul
                0x08003dec                __aeabi_fdiv
                0x08003dec                __divsf3
 .text          0x08003f24       0xec c:/coocox/coide/gcc/sourcery g++ lite/bin/../lib/gcc/arm-none-eabi/4.5.1/thumb2\libgcc.a(_arm_cmpsf2.o)
                0x08003f24                __gesf2
                0x08003f24                __gtsf2
                0x08003f2c                __lesf2
                0x08003f2c                __ltsf2
                0x08003f34                __nesf2
                0x08003f34                __eqsf2
                0x08003f34                __cmpsf2
                0x08003f94                __aeabi_cfrcmple
                0x08003f9c                __aeabi_cfcmpeq
                0x08003f9c                __aeabi_cfcmple
                0x08003fac                __aeabi_fcmpeq
                0x08003fc0                __aeabi_fcmplt
                0x08003fd4                __aeabi_fcmple
                0x08003fe8                __aeabi_fcmpge
                0x08003ffc                __aeabi_fcmpgt
 .text          0x08004010       0x40 c:/coocox/coide/gcc/sourcery g++ lite/bin/../lib/gcc/arm-none-eabi/4.5.1/thumb2\libgcc.a(_arm_fixunssfsi.o)
                0x08004010                __fixunssfsi
                0x08004010                __aeabi_f2uiz
 .text          0x08004050      0x150 c:/coocox/coide/gcc/sourcery g++ lite/bin/../lib/gcc/arm-none-eabi/4.5.1/../../../../arm-none-eabi/lib/thumb2\libc.a(lib_a-memcpy.o)
                0x08004050                memcpy
 .text          0x080041a0       0xb4 c:/coocox/coide/gcc/sourcery g++ lite/bin/../lib/gcc/arm-none-eabi/4.5.1/../../../../arm-none-eabi/lib/thumb2\libc.a(lib_a-memset.o)
                0x080041a0                memset
 .text          0x08004254       0x60 c:/coocox/coide/gcc/sourcery g++ lite/bin/../lib/gcc/arm-none-eabi/4.5.1/../../../../arm-none-eabi/lib/thumb2\libc.a(lib_a-strlen.o)
                0x08004254                strlen
 .text          0x080042b4       0x7c c:/coocox/coide/gcc/sourcery g++ lite/bin/../lib/gcc/arm-none-eabi/4.5.1/../../../../arm-none-eabi/lib/thumb2\libc.a(lib_a-strncpy.o)
                0x080042b4                strncpy
 *(.glue_7t)
 .glue_7t       0x00000000        0x0 linker stubs
 *(.glue_7)
 .glue_7        0x00000000        0x0 linker stubs
 *(.rodata .rodata* .gnu.linkonce.r.*)
 .rodata        0x08004330       0x5c ..\obj\indicator.o
                0x08004330                Sym_table
 .rodata        0x0800438c        0x8 ..\obj\main.o
 .rodata        0x08004394        0x8 ..\obj\tasks.o
 .rodata        0x0800439c        0xc ..\obj\spi_bus.o

.vfp11_veneer   0x080043a8        0x0
 .vfp11_veneer  0x00000000        0x0 linker stubs

.v4_bx          0x080043a8        0x0
 .v4_bx         0x00000000        0x0 linker stubs

.ARM.extab
 *(.ARM.extab* .gnu.linkonce.armextab.*)

.ARM.exidx
 *(.ARM.exidx* .gnu.linkonce.armexidx.*)
                0x080043a8                . = ALIGN (0x4)
                0x080043a8                _etext = .
                0x080043a8                _sidata = .

.data           0x20000000        0x8 load address 0x080043a8
                0x20000000                _sdata = .
 *(.data .data.*)
 .data          0x20000000        0x4 ..\obj\tasks.o
 .data          0x20000004        0x4 ..\obj\port.o
                0x20000008                . = ALIGN (0x4)
                0x20000008                _edata = .

.bss            0x20000008      0xecc load address 0x080043b0
                0x20000008                _sbss = .
 *(.bss .bss.*)
 .bss           0x20000008      0x100 ..\obj\tasks.o
                0x20000008                pxCurrentTCB
 .bss           0x20000108      0xc08 ..\obj\heap_1.o
 *(COMMON)
 COMMON         0x20000d10        0x8 ..\obj\adc_sensor.o
                0x20000d10                ADC_Data_1
                0x20000d12                ADC_Data_4
                0x20000d14                ADC_Data_3
                0x20000d16                ADC_Data_2
 COMMON         0x20000d18      0x1b6 ..\obj\tablo.o
                0x20000d18                tab
 *fill*         0x20000ece        0x2 00
 COMMON         0x20000ed0        0x4 ..\obj\spi_bus.o
                0x20000ed0                xSPI_Buf_Mutex
                0x20000ed4                . = ALIGN (0x4)
                0x20000ed4                _ebss = .

.co_stack       0x20000ed4      0x404 load address 0x0800527c
                0x20000ed8                . = ALIGN (0x8)
 *fill*         0x20000ed4        0x4 00
 *(.co_stack .co_stack.*)
 .co_stack      0x20000ed8      0x400 ..\obj\startup_stm32f10x_md_vl.o
                0x20000ed8                pulStack
                0x200012d8                . = ALIGN (0x4)
                0x200012d8                _end = .
LOAD ..\obj\stm32f10x_tim.o
LOAD ..\obj\startup_stm32f10x_md_vl.o
LOAD ..\obj\core_cm3.o
LOAD ..\obj\system_stm32f10x.o
LOAD ..\obj\stm32f10x_pwr.o
LOAD ..\obj\stm32f10x_gpio.o
LOAD ..\obj\adc_sensor.o
LOAD ..\obj\stm32f10x_dac.o
LOAD ..\obj\indicator.o
LOAD ..\obj\main.o
LOAD ..\obj\timers.o
LOAD ..\obj\tablo.o
LOAD ..\obj\printf.o
LOAD ..\obj\stm32f10x_rcc.o
LOAD ..\obj\dac.o
LOAD ..\obj\tasks.o
LOAD ..\obj\stm32f10x_adc.o
LOAD ..\obj\keyboard.o
LOAD ..\obj\list.o
LOAD ..\obj\syscalls.o
LOAD ..\obj\stm32f10x_flash.o
LOAD ..\obj\port.o
LOAD ..\obj\queue.o
LOAD ..\obj\stm32f10x_dma.o
LOAD ..\obj\croutine.o
LOAD ..\obj\channels.o
LOAD ..\obj\spi_bus.o
LOAD ..\obj\misc.o
LOAD ..\obj\stm32f10x_spi.o
LOAD ..\obj\heap_1.o
START GROUP
LOAD c:/coocox/coide/gcc/sourcery g++ lite/bin/../lib/gcc/arm-none-eabi/4.5.1/thumb2\libgcc.a
LOAD c:/coocox/coide/gcc/sourcery g++ lite/bin/../lib/gcc/arm-none-eabi/4.5.1/../../../../arm-none-eabi/lib/thumb2\libc.a
END GROUP
OUTPUT(tablo_proto_test.elf elf32-littlearm)

.debug_abbrev   0x00000000     0x24b4
 .debug_abbrev  0x00000000      0x172 ..\obj\stm32f10x_tim.o
 .debug_abbrev  0x00000172       0xa3 ..\obj\startup_stm32f10x_md_vl.o
 .debug_abbrev  0x00000215       0xd5 ..\obj\core_cm3.o
 .debug_abbrev  0x000002ea      0x17e ..\obj\system_stm32f10x.o
 .debug_abbrev  0x00000468      0x184 ..\obj\stm32f10x_pwr.o
 .debug_abbrev  0x000005ec      0x1a4 ..\obj\stm32f10x_gpio.o
 .debug_abbrev  0x00000790      0x134 ..\obj\adc_sensor.o
 .debug_abbrev  0x000008c4      0x172 ..\obj\stm32f10x_dac.o
 .debug_abbrev  0x00000a36      0x14e ..\obj\indicator.o
 .debug_abbrev  0x00000b84       0x86 ..\obj\main.o
 .debug_abbrev  0x00000c0a       0x40 ..\obj\timers.o
 .debug_abbrev  0x00000c4a      0x10b ..\obj\tablo.o
 .debug_abbrev  0x00000d55      0x238 ..\obj\printf.o
 .debug_abbrev  0x00000f8d      0x191 ..\obj\stm32f10x_rcc.o
 .debug_abbrev  0x0000111e       0xec ..\obj\dac.o
 .debug_abbrev  0x0000120a      0x193 ..\obj\tasks.o
 .debug_abbrev  0x0000139d      0x174 ..\obj\stm32f10x_adc.o
 .debug_abbrev  0x00001511      0x102 ..\obj\keyboard.o
 .debug_abbrev  0x00001613       0xb2 ..\obj\list.o
 .debug_abbrev  0x000016c5       0xde ..\obj\syscalls.o
 .debug_abbrev  0x000017a3      0x162 ..\obj\stm32f10x_flash.o
 .debug_abbrev  0x00001905      0x138 ..\obj\port.o
 .debug_abbrev  0x00001a3d      0x103 ..\obj\queue.o
 .debug_abbrev  0x00001b40      0x14e ..\obj\stm32f10x_dma.o
 .debug_abbrev  0x00001c8e      0x197 ..\obj\croutine.o
 .debug_abbrev  0x00001e25      0x10f ..\obj\channels.o
 .debug_abbrev  0x00001f34      0x1e1 ..\obj\spi_bus.o
 .debug_abbrev  0x00002115      0x135 ..\obj\misc.o
 .debug_abbrev  0x0000224a      0x15d ..\obj\stm32f10x_spi.o
 .debug_abbrev  0x000023a7      0x10d ..\obj\heap_1.o

.debug_info     0x00000000     0xbb23
 .debug_info    0x00000000     0x1e18 ..\obj\stm32f10x_tim.o
 .debug_info    0x00001e18      0x143 ..\obj\startup_stm32f10x_md_vl.o
 .debug_info    0x00001f5b      0x548 ..\obj\core_cm3.o
 .debug_info    0x000024a3      0x433 ..\obj\system_stm32f10x.o
 .debug_info    0x000028d6      0x45b ..\obj\stm32f10x_pwr.o
 .debug_info    0x00002d31      0x723 ..\obj\stm32f10x_gpio.o
 .debug_info    0x00003454      0x5fd ..\obj\adc_sensor.o
 .debug_info    0x00003a51      0x671 ..\obj\stm32f10x_dac.o
 .debug_info    0x000040c2      0x3ac ..\obj\indicator.o
 .debug_info    0x0000446e       0xef ..\obj\main.o
 .debug_info    0x0000455d       0x89 ..\obj\timers.o
 .debug_info    0x000045e6      0x2a7 ..\obj\tablo.o
 .debug_info    0x0000488d      0xed2 ..\obj\printf.o
 .debug_info    0x0000575f      0x976 ..\obj\stm32f10x_rcc.o
 .debug_info    0x000060d5      0x268 ..\obj\dac.o
 .debug_info    0x0000633d      0xc80 ..\obj\tasks.o
 .debug_info    0x00006fbd      0xc0e ..\obj\stm32f10x_adc.o
 .debug_info    0x00007bcb      0x25f ..\obj\keyboard.o
 .debug_info    0x00007e2a      0x2cb ..\obj\list.o
 .debug_info    0x000080f5      0x440 ..\obj\syscalls.o
 .debug_info    0x00008535      0x819 ..\obj\stm32f10x_flash.o
 .debug_info    0x00008d4e      0x214 ..\obj\port.o
 .debug_info    0x00008f62      0x7a4 ..\obj\queue.o
 .debug_info    0x00009706      0x4a2 ..\obj\stm32f10x_dma.o
 .debug_info    0x00009ba8      0x4ec ..\obj\croutine.o
 .debug_info    0x0000a094      0x290 ..\obj\channels.o
 .debug_info    0x0000a324      0x7b5 ..\obj\spi_bus.o
 .debug_info    0x0000aad9      0x546 ..\obj\misc.o
 .debug_info    0x0000b01f      0x971 ..\obj\stm32f10x_spi.o
 .debug_info    0x0000b990      0x193 ..\obj\heap_1.o

.debug_line     0x00000000     0x6199
 .debug_line    0x00000000      0xac7 ..\obj\stm32f10x_tim.o
 .debug_line    0x00000ac7       0xc7 ..\obj\startup_stm32f10x_md_vl.o
 .debug_line    0x00000b8e      0x29f ..\obj\core_cm3.o
 .debug_line    0x00000e2d      0x270 ..\obj\system_stm32f10x.o
 .debug_line    0x0000109d      0x2a1 ..\obj\stm32f10x_pwr.o
 .debug_line    0x0000133e      0x3e1 ..\obj\stm32f10x_gpio.o
 .debug_line    0x0000171f      0x28c ..\obj\adc_sensor.o
 .debug_line    0x000019ab      0x391 ..\obj\stm32f10x_dac.o
 .debug_line    0x00001d3c      0x28f ..\obj\indicator.o
 .debug_line    0x00001fcb       0xf5 ..\obj\main.o
 .debug_line    0x000020c0       0x78 ..\obj\timers.o
 .debug_line    0x00002138      0x1f9 ..\obj\tablo.o
 .debug_line    0x00002331      0x3e0 ..\obj\printf.o
 .debug_line    0x00002711      0x508 ..\obj\stm32f10x_rcc.o
 .debug_line    0x00002c19      0x23b ..\obj\dac.o
 .debug_line    0x00002e54      0x6ad ..\obj\tasks.o
 .debug_line    0x00003501      0x555 ..\obj\stm32f10x_adc.o
 .debug_line    0x00003a56      0x297 ..\obj\keyboard.o
 .debug_line    0x00003ced      0x24e ..\obj\list.o
 .debug_line    0x00003f3b      0x1ae ..\obj\syscalls.o
 .debug_line    0x000040e9      0x50c ..\obj\stm32f10x_flash.o
 .debug_line    0x000045f5      0x24c ..\obj\port.o
 .debug_line    0x00004841      0x46b ..\obj\queue.o
 .debug_line    0x00004cac      0x335 ..\obj\stm32f10x_dma.o
 .debug_line    0x00004fe1      0x31d ..\obj\croutine.o
 .debug_line    0x000052fe      0x1ce ..\obj\channels.o
 .debug_line    0x000054cc      0x459 ..\obj\spi_bus.o
 .debug_line    0x00005925      0x276 ..\obj\misc.o
 .debug_line    0x00005b9b      0x454 ..\obj\stm32f10x_spi.o
 .debug_line    0x00005fef      0x1aa ..\obj\heap_1.o

.debug_loc      0x00000000     0x5878
 .debug_loc     0x00000000     0x13e8 ..\obj\stm32f10x_tim.o
 .debug_loc     0x000013e8       0x64 ..\obj\startup_stm32f10x_md_vl.o
 .debug_loc     0x0000144c      0x3f0 ..\obj\core_cm3.o
 .debug_loc     0x0000183c       0xc8 ..\obj\system_stm32f10x.o
 .debug_loc     0x00001904      0x238 ..\obj\stm32f10x_pwr.o
 .debug_loc     0x00001b3c      0x3e4 ..\obj\stm32f10x_gpio.o
 .debug_loc     0x00001f20       0x64 ..\obj\adc_sensor.o
 .debug_loc     0x00001f84      0x3ac ..\obj\stm32f10x_dac.o
 .debug_loc     0x00002330       0xa8 ..\obj\indicator.o
 .debug_loc     0x000023d8       0x70 ..\obj\main.o
 .debug_loc     0x00002448       0x64 ..\obj\tablo.o
 .debug_loc     0x000024ac      0x3ea ..\obj\printf.o
 .debug_loc     0x00002896      0x714 ..\obj\stm32f10x_rcc.o
 .debug_loc     0x00002faa       0x38 ..\obj\dac.o
 .debug_loc     0x00002fe2      0x698 ..\obj\tasks.o
 .debug_loc     0x0000367a      0x7d4 ..\obj\stm32f10x_adc.o
 .debug_loc     0x00003e4e       0x70 ..\obj\keyboard.o
 .debug_loc     0x00003ebe      0x118 ..\obj\list.o
 .debug_loc     0x00003fd6      0x1ec ..\obj\syscalls.o
 .debug_loc     0x000041c2      0x5d8 ..\obj\stm32f10x_flash.o
 .debug_loc     0x0000479a      0x178 ..\obj\port.o
 .debug_loc     0x00004912      0x380 ..\obj\queue.o
 .debug_loc     0x00004c92      0x268 ..\obj\stm32f10x_dma.o
 .debug_loc     0x00004efa      0x188 ..\obj\croutine.o
 .debug_loc     0x00005082       0x2c ..\obj\channels.o
 .debug_loc     0x000050ae       0xe2 ..\obj\spi_bus.o
 .debug_loc     0x00005190      0x118 ..\obj\misc.o
 .debug_loc     0x000052a8      0x508 ..\obj\stm32f10x_spi.o
 .debug_loc     0x000057b0       0xc8 ..\obj\heap_1.o

.debug_pubnames
                0x00000000     0x24a2
 .debug_pubnames
                0x00000000      0x7b0 ..\obj\stm32f10x_tim.o
 .debug_pubnames
                0x000007b0       0x4a ..\obj\startup_stm32f10x_md_vl.o
 .debug_pubnames
                0x000007fa      0x159 ..\obj\core_cm3.o
 .debug_pubnames
                0x00000953       0x61 ..\obj\system_stm32f10x.o
 .debug_pubnames
                0x000009b4       0xcb ..\obj\stm32f10x_pwr.o
 .debug_pubnames
                0x00000a7f      0x19d ..\obj\stm32f10x_gpio.o
 .debug_pubnames
                0x00000c1c       0x76 ..\obj\adc_sensor.o
 .debug_pubnames
                0x00000c92      0x17d ..\obj\stm32f10x_dac.o
 .debug_pubnames
                0x00000e0f       0x5a ..\obj\indicator.o
 .debug_pubnames
                0x00000e69       0x1b ..\obj\main.o
 .debug_pubnames
                0x00000e84       0x51 ..\obj\tablo.o
 .debug_pubnames
                0x00000ed5      0x101 ..\obj\printf.o
 .debug_pubnames
                0x00000fd6      0x2da ..\obj\stm32f10x_rcc.o
 .debug_pubnames
                0x000012b0       0x23 ..\obj\dac.o
 .debug_pubnames
                0x000012d3      0x24c ..\obj\tasks.o
 .debug_pubnames
                0x0000151f      0x401 ..\obj\stm32f10x_adc.o
 .debug_pubnames
                0x00001920       0x36 ..\obj\keyboard.o
 .debug_pubnames
                0x00001956       0x71 ..\obj\list.o
 .debug_pubnames
                0x000019c7       0x71 ..\obj\syscalls.o
 .debug_pubnames
                0x00001a38      0x2f2 ..\obj\stm32f10x_flash.o
 .debug_pubnames
                0x00001d2a      0x101 ..\obj\port.o
 .debug_pubnames
                0x00001e2b      0x12e ..\obj\queue.o
 .debug_pubnames
                0x00001f59       0xea ..\obj\stm32f10x_dma.o
 .debug_pubnames
                0x00002043       0x96 ..\obj\croutine.o
 .debug_pubnames
                0x000020d9       0x8b ..\obj\channels.o
 .debug_pubnames
                0x00002164       0x5b ..\obj\spi_bus.o
 .debug_pubnames
                0x000021bf       0x89 ..\obj\misc.o
 .debug_pubnames
                0x00002248      0x1f6 ..\obj\stm32f10x_spi.o
 .debug_pubnames
                0x0000243e       0x64 ..\obj\heap_1.o

.debug_pubtypes
                0x00000000     0x107c
 .debug_pubtypes
                0x00000000       0xd8 ..\obj\stm32f10x_tim.o
 .debug_pubtypes
                0x000000d8       0x50 ..\obj\core_cm3.o
 .debug_pubtypes
                0x00000128       0x55 ..\obj\system_stm32f10x.o
 .debug_pubtypes
                0x0000017d       0x78 ..\obj\stm32f10x_pwr.o
 .debug_pubtypes
                0x000001f5       0xc3 ..\obj\stm32f10x_gpio.o
 .debug_pubtypes
                0x000002b8       0xdf ..\obj\adc_sensor.o
 .debug_pubtypes
                0x00000397       0x8c ..\obj\stm32f10x_dac.o
 .debug_pubtypes
                0x00000423       0x56 ..\obj\indicator.o
 .debug_pubtypes
                0x00000479       0x12 ..\obj\main.o
 .debug_pubtypes
                0x0000048b       0x12 ..\obj\timers.o
 .debug_pubtypes
                0x0000049d       0x56 ..\obj\tablo.o
 .debug_pubtypes
                0x000004f3      0x139 ..\obj\printf.o
 .debug_pubtypes
                0x0000062c       0x9e ..\obj\stm32f10x_rcc.o
 .debug_pubtypes
                0x000006ca       0x91 ..\obj\dac.o
 .debug_pubtypes
                0x0000075b      0x10c ..\obj\tasks.o
 .debug_pubtypes
                0x00000867       0x8c ..\obj\stm32f10x_adc.o
 .debug_pubtypes
                0x000008f3       0x89 ..\obj\keyboard.o
 .debug_pubtypes
                0x0000097c       0x7a ..\obj\list.o
 .debug_pubtypes
                0x000009f6       0xaa ..\obj\syscalls.o
 .debug_pubtypes
                0x00000aa0       0x8d ..\obj\stm32f10x_flash.o
 .debug_pubtypes
                0x00000b2d       0x33 ..\obj\port.o
 .debug_pubtypes
                0x00000b60       0xd4 ..\obj\queue.o
 .debug_pubtypes
                0x00000c34       0x98 ..\obj\stm32f10x_dma.o
 .debug_pubtypes
                0x00000ccc       0xcd ..\obj\croutine.o
 .debug_pubtypes
                0x00000d99       0x46 ..\obj\channels.o
 .debug_pubtypes
                0x00000ddf      0x13b ..\obj\spi_bus.o
 .debug_pubtypes
                0x00000f1a       0x80 ..\obj\misc.o
 .debug_pubtypes
                0x00000f9a       0xb6 ..\obj\stm32f10x_spi.o
 .debug_pubtypes
                0x00001050       0x2c ..\obj\heap_1.o

.debug_aranges  0x00000000      0xfc8
 .debug_aranges
                0x00000000      0x2f0 ..\obj\stm32f10x_tim.o
 .debug_aranges
                0x000002f0       0x28 ..\obj\startup_stm32f10x_md_vl.o
 .debug_aranges
                0x00000318       0xc8 ..\obj\core_cm3.o
 .debug_aranges
                0x000003e0       0x38 ..\obj\system_stm32f10x.o
 .debug_aranges
                0x00000418       0x70 ..\obj\stm32f10x_pwr.o
 .debug_aranges
                0x00000488       0xa8 ..\obj\stm32f10x_gpio.o
 .debug_aranges
                0x00000530       0x28 ..\obj\adc_sensor.o
 .debug_aranges
                0x00000558       0xa0 ..\obj\stm32f10x_dac.o
 .debug_aranges
                0x000005f8       0x30 ..\obj\indicator.o
 .debug_aranges
                0x00000628       0x28 ..\obj\main.o
 .debug_aranges
                0x00000650       0x28 ..\obj\tablo.o
 .debug_aranges
                0x00000678       0xa0 ..\obj\printf.o
 .debug_aranges
                0x00000718      0x120 ..\obj\stm32f10x_rcc.o
 .debug_aranges
                0x00000838       0x20 ..\obj\dac.o
 .debug_aranges
                0x00000858      0x110 ..\obj\tasks.o
 .debug_aranges
                0x00000968      0x138 ..\obj\stm32f10x_adc.o
 .debug_aranges
                0x00000aa0       0x28 ..\obj\keyboard.o
 .debug_aranges
                0x00000ac8       0x40 ..\obj\list.o
 .debug_aranges
                0x00000b08       0x60 ..\obj\syscalls.o
 .debug_aranges
                0x00000b68       0xf8 ..\obj\stm32f10x_flash.o
 .debug_aranges
                0x00000c60       0x70 ..\obj\port.o
 .debug_aranges
                0x00000cd0       0x98 ..\obj\queue.o
 .debug_aranges
                0x00000d68       0x70 ..\obj\stm32f10x_dma.o
 .debug_aranges
                0x00000dd8       0x50 ..\obj\croutine.o
 .debug_aranges
                0x00000e28       0x20 ..\obj\channels.o
 .debug_aranges
                0x00000e48       0x38 ..\obj\spi_bus.o
 .debug_aranges
                0x00000e80       0x40 ..\obj\misc.o
 .debug_aranges
                0x00000ec0       0xd0 ..\obj\stm32f10x_spi.o
 .debug_aranges
                0x00000f90       0x38 ..\obj\heap_1.o

.debug_ranges   0x00000000      0xdf8
 .debug_ranges  0x00000000      0x2e0 ..\obj\stm32f10x_tim.o
 .debug_ranges  0x000002e0       0x18 ..\obj\startup_stm32f10x_md_vl.o
 .debug_ranges  0x000002f8       0xb8 ..\obj\core_cm3.o
 .debug_ranges  0x000003b0       0x28 ..\obj\system_stm32f10x.o
 .debug_ranges  0x000003d8       0x60 ..\obj\stm32f10x_pwr.o
 .debug_ranges  0x00000438       0x98 ..\obj\stm32f10x_gpio.o
 .debug_ranges  0x000004d0       0x18 ..\obj\adc_sensor.o
 .debug_ranges  0x000004e8       0x90 ..\obj\stm32f10x_dac.o
 .debug_ranges  0x00000578       0x20 ..\obj\indicator.o
 .debug_ranges  0x00000598       0x18 ..\obj\main.o
 .debug_ranges  0x000005b0       0x18 ..\obj\tablo.o
 .debug_ranges  0x000005c8       0x90 ..\obj\printf.o
 .debug_ranges  0x00000658      0x110 ..\obj\stm32f10x_rcc.o
 .debug_ranges  0x00000768       0x10 ..\obj\dac.o
 .debug_ranges  0x00000778      0x100 ..\obj\tasks.o
 .debug_ranges  0x00000878      0x128 ..\obj\stm32f10x_adc.o
 .debug_ranges  0x000009a0       0x18 ..\obj\keyboard.o
 .debug_ranges  0x000009b8       0x30 ..\obj\list.o
 .debug_ranges  0x000009e8       0x50 ..\obj\syscalls.o
 .debug_ranges  0x00000a38       0xe8 ..\obj\stm32f10x_flash.o
 .debug_ranges  0x00000b20       0x60 ..\obj\port.o
 .debug_ranges  0x00000b80       0x88 ..\obj\queue.o
 .debug_ranges  0x00000c08       0x60 ..\obj\stm32f10x_dma.o
 .debug_ranges  0x00000c68       0x40 ..\obj\croutine.o
 .debug_ranges  0x00000ca8       0x10 ..\obj\channels.o
 .debug_ranges  0x00000cb8       0x28 ..\obj\spi_bus.o
 .debug_ranges  0x00000ce0       0x30 ..\obj\misc.o
 .debug_ranges  0x00000d10       0xc0 ..\obj\stm32f10x_spi.o
 .debug_ranges  0x00000dd0       0x28 ..\obj\heap_1.o

.debug_str      0x00000000     0x4dcf
 .debug_str     0x00000000      0xcbb ..\obj\stm32f10x_tim.o
                                0xd5c (size before relaxing)
 .debug_str     0x00000cbb       0xd5 ..\obj\startup_stm32f10x_md_vl.o
                                0x100 (size before relaxing)
 .debug_str     0x00000d90      0x184 ..\obj\core_cm3.o
                                0x24b (size before relaxing)
 .debug_str     0x00000f14      0x179 ..\obj\system_stm32f10x.o
                                0x253 (size before relaxing)
 .debug_str     0x0000108d      0x149 ..\obj\stm32f10x_pwr.o
                                0x291 (size before relaxing)
 .debug_str     0x000011d6      0x399 ..\obj\stm32f10x_gpio.o
                                0x498 (size before relaxing)
 .debug_str     0x0000156f      0x4b2 ..\obj\adc_sensor.o
                                0x6aa (size before relaxing)
 .debug_str     0x00001a21      0x2b5 ..\obj\stm32f10x_dac.o
                                0x3c2 (size before relaxing)
 .debug_str     0x00001cd6      0x1fc ..\obj\indicator.o
                                0x2af (size before relaxing)
 .debug_str     0x00001ed2       0x76 ..\obj\main.o
                                0x187 (size before relaxing)
 .debug_str     0x00001f48       0x66 ..\obj\timers.o
                                0x103 (size before relaxing)
 .debug_str     0x00001fae       0x86 ..\obj\tablo.o
                                0x223 (size before relaxing)
 .debug_str     0x00002034      0x4b7 ..\obj\printf.o
                                0x620 (size before relaxing)
 .debug_str     0x000024eb      0x43f ..\obj\stm32f10x_rcc.o
                                0x5ec (size before relaxing)
 .debug_str     0x0000292a       0x74 ..\obj\dac.o
                                0x2c3 (size before relaxing)
 .debug_str     0x0000299e      0x727 ..\obj\tasks.o
                                0x85a (size before relaxing)
 .debug_str     0x000030c5      0x471 ..\obj\stm32f10x_adc.o
                                0x67a (size before relaxing)
 .debug_str     0x00003536       0x8c ..\obj\keyboard.o
                                0x28f (size before relaxing)
 .debug_str     0x000035c2       0xf7 ..\obj\list.o
                                0x237 (size before relaxing)
 .debug_str     0x000036b9      0x169 ..\obj\syscalls.o
                                0x2a0 (size before relaxing)
 .debug_str     0x00003822      0x447 ..\obj\stm32f10x_flash.o
                                0x567 (size before relaxing)
 .debug_str     0x00003c69      0x170 ..\obj\port.o
                                0x240 (size before relaxing)
 .debug_str     0x00003dd9      0x322 ..\obj\queue.o
                                0x4d4 (size before relaxing)
 .debug_str     0x000040fb      0x23e ..\obj\stm32f10x_dma.o
                                0x340 (size before relaxing)
 .debug_str     0x00004339      0x29c ..\obj\croutine.o
                                0x443 (size before relaxing)
 .debug_str     0x000045d5      0x121 ..\obj\channels.o
                                0x1f9 (size before relaxing)
 .debug_str     0x000046f6      0x18a ..\obj\spi_bus.o
                                0x5e5 (size before relaxing)
 .debug_str     0x00004880      0x174 ..\obj\misc.o
                                0x342 (size before relaxing)
 .debug_str     0x000049f4      0x2e0 ..\obj\stm32f10x_spi.o
                                0x57c (size before relaxing)
 .debug_str     0x00004cd4       0xfb ..\obj\heap_1.o
                                0x1ab (size before relaxing)

.comment        0x00000000       0x2a
 .comment       0x00000000       0x2a ..\obj\stm32f10x_tim.o
                                 0x2b (size before relaxing)
 .comment       0x00000000       0x2b ..\obj\startup_stm32f10x_md_vl.o
 .comment       0x00000000       0x2b ..\obj\core_cm3.o
 .comment       0x00000000       0x2b ..\obj\system_stm32f10x.o
 .comment       0x00000000       0x2b ..\obj\stm32f10x_pwr.o
 .comment       0x00000000       0x2b ..\obj\stm32f10x_gpio.o
 .comment       0x00000000       0x2b ..\obj\adc_sensor.o
 .comment       0x00000000       0x2b ..\obj\stm32f10x_dac.o
 .comment       0x00000000       0x2b ..\obj\indicator.o
 .comment       0x00000000       0x2b ..\obj\main.o
 .comment       0x00000000       0x2b ..\obj\timers.o
 .comment       0x00000000       0x2b ..\obj\tablo.o
 .comment       0x00000000       0x2b ..\obj\printf.o
 .comment       0x00000000       0x2b ..\obj\stm32f10x_rcc.o
 .comment       0x00000000       0x2b ..\obj\dac.o
 .comment       0x00000000       0x2b ..\obj\tasks.o
 .comment       0x00000000       0x2b ..\obj\stm32f10x_adc.o
 .comment       0x00000000       0x2b ..\obj\keyboard.o
 .comment       0x00000000       0x2b ..\obj\list.o
 .comment       0x00000000       0x2b ..\obj\syscalls.o
 .comment       0x00000000       0x2b ..\obj\stm32f10x_flash.o
 .comment       0x00000000       0x2b ..\obj\port.o
 .comment       0x00000000       0x2b ..\obj\queue.o
 .comment       0x00000000       0x2b ..\obj\stm32f10x_dma.o
 .comment       0x00000000       0x2b ..\obj\croutine.o
 .comment       0x00000000       0x2b ..\obj\channels.o
 .comment       0x00000000       0x2b ..\obj\spi_bus.o
 .comment       0x00000000       0x2b ..\obj\misc.o
 .comment       0x00000000       0x2b ..\obj\stm32f10x_spi.o
 .comment       0x00000000       0x2b ..\obj\heap_1.o

.ARM.attributes
                0x00000000       0x31
 .ARM.attributes
                0x00000000       0x31 ..\obj\stm32f10x_tim.o
 .ARM.attributes
                0x00000031       0x31 ..\obj\startup_stm32f10x_md_vl.o
 .ARM.attributes
                0x00000062       0x31 ..\obj\core_cm3.o
 .ARM.attributes
                0x00000093       0x31 ..\obj\system_stm32f10x.o
 .ARM.attributes
                0x000000c4       0x31 ..\obj\stm32f10x_pwr.o
 .ARM.attributes
                0x000000f5       0x31 ..\obj\stm32f10x_gpio.o
 .ARM.attributes
                0x00000126       0x31 ..\obj\adc_sensor.o
 .ARM.attributes
                0x00000157       0x31 ..\obj\stm32f10x_dac.o
 .ARM.attributes
                0x00000188       0x31 ..\obj\indicator.o
 .ARM.attributes
                0x000001b9       0x31 ..\obj\main.o
 .ARM.attributes
                0x000001ea       0x31 ..\obj\timers.o
 .ARM.attributes
                0x0000021b       0x31 ..\obj\tablo.o
 .ARM.attributes
                0x0000024c       0x31 ..\obj\printf.o
 .ARM.attributes
                0x0000027d       0x31 ..\obj\stm32f10x_rcc.o
 .ARM.attributes
                0x000002ae       0x31 ..\obj\dac.o
 .ARM.attributes
                0x000002df       0x31 ..\obj\tasks.o
 .ARM.attributes
                0x00000310       0x31 ..\obj\stm32f10x_adc.o
 .ARM.attributes
                0x00000341       0x31 ..\obj\keyboard.o
 .ARM.attributes
                0x00000372       0x31 ..\obj\list.o
 .ARM.attributes
                0x000003a3       0x31 ..\obj\syscalls.o
 .ARM.attributes
                0x000003d4       0x31 ..\obj\stm32f10x_flash.o
 .ARM.attributes
                0x00000405       0x31 ..\obj\port.o
 .ARM.attributes
                0x00000436       0x31 ..\obj\queue.o
 .ARM.attributes
                0x00000467       0x31 ..\obj\stm32f10x_dma.o
 .ARM.attributes
                0x00000498       0x31 ..\obj\croutine.o
 .ARM.attributes
                0x000004c9       0x31 ..\obj\channels.o
 .ARM.attributes
                0x000004fa       0x31 ..\obj\spi_bus.o
 .ARM.attributes
                0x0000052b       0x31 ..\obj\misc.o
 .ARM.attributes
                0x0000055c       0x31 ..\obj\stm32f10x_spi.o
 .ARM.attributes
                0x0000058d       0x31 ..\obj\heap_1.o
 .ARM.attributes
                0x000005be       0x1b c:/coocox/coide/gcc/sourcery g++ lite/bin/../lib/gcc/arm-none-eabi/4.5.1/thumb2\libgcc.a(_arm_addsubdf3.o)
 .ARM.attributes
                0x000005d9       0x1b c:/coocox/coide/gcc/sourcery g++ lite/bin/../lib/gcc/arm-none-eabi/4.5.1/thumb2\libgcc.a(_arm_cmpdf2.o)
 .ARM.attributes
                0x000005f4       0x1b c:/coocox/coide/gcc/sourcery g++ lite/bin/../lib/gcc/arm-none-eabi/4.5.1/thumb2\libgcc.a(_arm_muldivsf3.o)
 .ARM.attributes
                0x0000060f       0x1b c:/coocox/coide/gcc/sourcery g++ lite/bin/../lib/gcc/arm-none-eabi/4.5.1/thumb2\libgcc.a(_arm_cmpsf2.o)
 .ARM.attributes
                0x0000062a       0x1b c:/coocox/coide/gcc/sourcery g++ lite/bin/../lib/gcc/arm-none-eabi/4.5.1/thumb2\libgcc.a(_arm_fixunssfsi.o)
 .ARM.attributes
                0x00000645       0x29 c:/coocox/coide/gcc/sourcery g++ lite/bin/../lib/gcc/arm-none-eabi/4.5.1/../../../../arm-none-eabi/lib/thumb2\libc.a(lib_a-memcpy.o)
 .ARM.attributes
                0x0000066e       0x29 c:/coocox/coide/gcc/sourcery g++ lite/bin/../lib/gcc/arm-none-eabi/4.5.1/../../../../arm-none-eabi/lib/thumb2\libc.a(lib_a-memset.o)
 .ARM.attributes
                0x00000697       0x29 c:/coocox/coide/gcc/sourcery g++ lite/bin/../lib/gcc/arm-none-eabi/4.5.1/../../../../arm-none-eabi/lib/thumb2\libc.a(lib_a-strlen.o)
 .ARM.attributes
                0x000006c0       0x29 c:/coocox/coide/gcc/sourcery g++ lite/bin/../lib/gcc/arm-none-eabi/4.5.1/../../../../arm-none-eabi/lib/thumb2\libc.a(lib_a-strncpy.o)

.debug_frame    0x00000000     0x315c
 .debug_frame   0x00000000      0xa20 ..\obj\stm32f10x_tim.o
 .debug_frame   0x00000a20       0x48 ..\obj\startup_stm32f10x_md_vl.o
 .debug_frame   0x00000a68      0x280 ..\obj\core_cm3.o
 .debug_frame   0x00000ce8       0x80 ..\obj\system_stm32f10x.o
 .debug_frame   0x00000d68      0x140 ..\obj\stm32f10x_pwr.o
 .debug_frame   0x00000ea8      0x210 ..\obj\stm32f10x_gpio.o
 .debug_frame   0x000010b8       0x4c ..\obj\adc_sensor.o
 .debug_frame   0x00001104      0x1ec ..\obj\stm32f10x_dac.o
 .debug_frame   0x000012f0       0x74 ..\obj\indicator.o
 .debug_frame   0x00001364       0x50 ..\obj\main.o
 .debug_frame   0x000013b4       0x48 ..\obj\tablo.o
 .debug_frame   0x000013fc      0x244 ..\obj\printf.o
 .debug_frame   0x00001640      0x3a4 ..\obj\stm32f10x_rcc.o
 .debug_frame   0x000019e4       0x30 ..\obj\dac.o
 .debug_frame   0x00001a14      0x3c0 ..\obj\tasks.o
 .debug_frame   0x00001dd4      0x400 ..\obj\stm32f10x_adc.o
 .debug_frame   0x000021d4       0x50 ..\obj\keyboard.o
 .debug_frame   0x00002224       0x9c ..\obj\list.o
 .debug_frame   0x000022c0      0x108 ..\obj\syscalls.o
 .debug_frame   0x000023c8      0x338 ..\obj\stm32f10x_flash.o
 .debug_frame   0x00002700      0x110 ..\obj\port.o
 .debug_frame   0x00002810      0x204 ..\obj\queue.o
 .debug_frame   0x00002a14      0x144 ..\obj\stm32f10x_dma.o
 .debug_frame   0x00002b58       0xf0 ..\obj\croutine.o
 .debug_frame   0x00002c48       0x28 ..\obj\channels.o
 .debug_frame   0x00002c70       0x90 ..\obj\spi_bus.o
 .debug_frame   0x00002d00       0x9c ..\obj\misc.o
 .debug_frame   0x00002d9c      0x29c ..\obj\stm32f10x_spi.o
 .debug_frame   0x00003038       0x7c ..\obj\heap_1.o
 .debug_frame   0x000030b4       0x30 c:/coocox/coide/gcc/sourcery g++ lite/bin/../lib/gcc/arm-none-eabi/4.5.1/../../../../arm-none-eabi/lib/thumb2\libc.a(lib_a-memcpy.o)
 .debug_frame   0x000030e4       0x2c c:/coocox/coide/gcc/sourcery g++ lite/bin/../lib/gcc/arm-none-eabi/4.5.1/../../../../arm-none-eabi/lib/thumb2\libc.a(lib_a-memset.o)
 .debug_frame   0x00003110       0x20 c:/coocox/coide/gcc/sourcery g++ lite/bin/../lib/gcc/arm-none-eabi/4.5.1/../../../../arm-none-eabi/lib/thumb2\libc.a(lib_a-strlen.o)
 .debug_frame   0x00003130       0x2c c:/coocox/coide/gcc/sourcery g++ lite/bin/../lib/gcc/arm-none-eabi/4.5.1/../../../../arm-none-eabi/lib/thumb2\libc.a(lib_a-strncpy.o)
