Archive member included because of file (symbol)

c:/coocox/coide/gcc/sourcery g++ lite/bin/../lib/gcc/arm-none-eabi/4.5.1/thumb2\libgcc.a(_arm_addsubdf3.o)
                              ..\obj\indicator.o (__aeabi_f2d)
c:/coocox/coide/gcc/sourcery g++ lite/bin/../lib/gcc/arm-none-eabi/4.5.1/thumb2\libgcc.a(_arm_cmpdf2.o)
                              ..\obj\indicator.o (__aeabi_dcmpgt)
c:/coocox/coide/gcc/sourcery g++ lite/bin/../lib/gcc/arm-none-eabi/4.5.1/thumb2\libgcc.a(_arm_muldivsf3.o)
                              ..\obj\indicator.o (__aeabi_fmul)
c:/coocox/coide/gcc/sourcery g++ lite/bin/../lib/gcc/arm-none-eabi/4.5.1/thumb2\libgcc.a(_arm_cmpsf2.o)
                              ..\obj\indicator.o (__aeabi_fcmplt)
c:/coocox/coide/gcc/sourcery g++ lite/bin/../lib/gcc/arm-none-eabi/4.5.1/thumb2\libgcc.a(_arm_fixunssfsi.o)
                              ..\obj\indicator.o (__aeabi_f2uiz)
c:/coocox/coide/gcc/sourcery g++ lite/bin/../lib/gcc/arm-none-eabi/4.5.1/../../../../arm-none-eabi/lib/thumb2\libc.a(lib_a-memcpy.o)
                              ..\obj\queue.o (memcpy)
c:/coocox/coide/gcc/sourcery g++ lite/bin/../lib/gcc/arm-none-eabi/4.5.1/../../../../arm-none-eabi/lib/thumb2\libc.a(lib_a-memset.o)
                              ..\obj\tasks.o (memset)
c:/coocox/coide/gcc/sourcery g++ lite/bin/../lib/gcc/arm-none-eabi/4.5.1/../../../../arm-none-eabi/lib/thumb2\libc.a(lib_a-signal.o)
                              ..\obj\menu.o (signal)
c:/coocox/coide/gcc/sourcery g++ lite/bin/../lib/gcc/arm-none-eabi/4.5.1/../../../../arm-none-eabi/lib/thumb2\libc.a(lib_a-signalr.o)
                              c:/coocox/coide/gcc/sourcery g++ lite/bin/../lib/gcc/arm-none-eabi/4.5.1/../../../../arm-none-eabi/lib/thumb2\libc.a(lib_a-signal.o) (_kill_r)
c:/coocox/coide/gcc/sourcery g++ lite/bin/../lib/gcc/arm-none-eabi/4.5.1/../../../../arm-none-eabi/lib/thumb2\libc.a(lib_a-strlen.o)
                              ..\obj\indicator.o (strlen)
c:/coocox/coide/gcc/sourcery g++ lite/bin/../lib/gcc/arm-none-eabi/4.5.1/../../../../arm-none-eabi/lib/thumb2\libc.a(lib_a-strncpy.o)
                              ..\obj\tasks.o (strncpy)
c:/coocox/coide/gcc/sourcery g++ lite/bin/../lib/gcc/arm-none-eabi/4.5.1/../../../../arm-none-eabi/lib/thumb2\libc.a(lib_a-mallocr.o)
                              c:/coocox/coide/gcc/sourcery g++ lite/bin/../lib/gcc/arm-none-eabi/4.5.1/../../../../arm-none-eabi/lib/thumb2\libc.a(lib_a-signal.o) (_malloc_r)
c:/coocox/coide/gcc/sourcery g++ lite/bin/../lib/gcc/arm-none-eabi/4.5.1/../../../../arm-none-eabi/lib/thumb2\libc.a(lib_a-mlock.o)
                              c:/coocox/coide/gcc/sourcery g++ lite/bin/../lib/gcc/arm-none-eabi/4.5.1/../../../../arm-none-eabi/lib/thumb2\libc.a(lib_a-mallocr.o) (__malloc_lock)
c:/coocox/coide/gcc/sourcery g++ lite/bin/../lib/gcc/arm-none-eabi/4.5.1/../../../../arm-none-eabi/lib/thumb2\libc.a(lib_a-reent.o)
                              c:/coocox/coide/gcc/sourcery g++ lite/bin/../lib/gcc/arm-none-eabi/4.5.1/../../../../arm-none-eabi/lib/thumb2\libc.a(lib_a-signalr.o) (errno)
c:/coocox/coide/gcc/sourcery g++ lite/bin/../lib/gcc/arm-none-eabi/4.5.1/../../../../arm-none-eabi/lib/thumb2\libc.a(lib_a-sbrkr.o)
                              c:/coocox/coide/gcc/sourcery g++ lite/bin/../lib/gcc/arm-none-eabi/4.5.1/../../../../arm-none-eabi/lib/thumb2\libc.a(lib_a-mallocr.o) (_sbrk_r)
c:/coocox/coide/gcc/sourcery g++ lite/bin/../lib/gcc/arm-none-eabi/4.5.1/../../../../arm-none-eabi/lib/thumb2\libc.a(lib_a-freer.o)
                              c:/coocox/coide/gcc/sourcery g++ lite/bin/../lib/gcc/arm-none-eabi/4.5.1/../../../../arm-none-eabi/lib/thumb2\libc.a(lib_a-mallocr.o) (_free_r)

Allocating common symbols
Common symbol       size              file

ADC_Data_1          0x2               ..\obj\adc_sensor.o
errno               0x4               c:/coocox/coide/gcc/sourcery g++ lite/bin/../lib/gcc/arm-none-eabi/4.5.1/../../../../arm-none-eabi/lib/thumb2\libc.a(lib_a-reent.o)
menuStack           0x28              ..\obj\menu.o
ADC_Data_4          0x2               ..\obj\adc_sensor.o
tab                 0x1b6             ..\obj\tablo.o
xSPI_Buf_Mutex      0x4               ..\obj\spi_bus.o
ADC_Data_3          0x2               ..\obj\adc_sensor.o
menuStackTop        0x1               ..\obj\menu.o
selectedMenuItem    0x4               ..\obj\menu.o
channels            0x40              ..\obj\channels.o
ADC_Data_2          0x2               ..\obj\adc_sensor.o

Discarded input sections

 .text          0x00000000        0x0 ..\obj\stm32f10x_tim.o
 .data          0x00000000        0x0 ..\obj\stm32f10x_tim.o
 .bss           0x00000000        0x0 ..\obj\stm32f10x_tim.o
 .text.TIM_DeInit
                0x00000000      0x2b0 ..\obj\stm32f10x_tim.o
 .text.TIM_TimeBaseInit
                0x00000000      0x120 ..\obj\stm32f10x_tim.o
 .text.TIM_OC1Init
                0x00000000      0x134 ..\obj\stm32f10x_tim.o
 .text.TIM_OC2Init
                0x00000000      0x134 ..\obj\stm32f10x_tim.o
 .text.TIM_OC3Init
                0x00000000      0x130 ..\obj\stm32f10x_tim.o
 .text.TIM_OC4Init
                0x00000000       0xe8 ..\obj\stm32f10x_tim.o
 .text.TIM_ICInit
                0x00000000       0xa8 ..\obj\stm32f10x_tim.o
 .text.TIM_PWMIConfig
                0x00000000       0xc4 ..\obj\stm32f10x_tim.o
 .text.TIM_BDTRConfig
                0x00000000       0x5c ..\obj\stm32f10x_tim.o
 .text.TIM_TimeBaseStructInit
                0x00000000       0x3c ..\obj\stm32f10x_tim.o
 .text.TIM_OCStructInit
                0x00000000       0x54 ..\obj\stm32f10x_tim.o
 .text.TIM_ICStructInit
                0x00000000       0x3c ..\obj\stm32f10x_tim.o
 .text.TIM_BDTRStructInit
                0x00000000       0x4c ..\obj\stm32f10x_tim.o
 .text.TIM_Cmd  0x00000000       0x40 ..\obj\stm32f10x_tim.o
 .text.TIM_CtrlPWMOutputs
                0x00000000       0x50 ..\obj\stm32f10x_tim.o
 .text.TIM_ITConfig
                0x00000000       0x4c ..\obj\stm32f10x_tim.o
 .text.TIM_GenerateEvent
                0x00000000       0x1c ..\obj\stm32f10x_tim.o
 .text.TIM_DMAConfig
                0x00000000       0x2c ..\obj\stm32f10x_tim.o
 .text.TIM_DMACmd
                0x00000000       0x4c ..\obj\stm32f10x_tim.o
 .text.TIM_InternalClockConfig
                0x00000000       0x24 ..\obj\stm32f10x_tim.o
 .text.TIM_ITRxExternalClockConfig
                0x00000000       0x30 ..\obj\stm32f10x_tim.o
 .text.TIM_TIxExternalClockConfig
                0x00000000       0x58 ..\obj\stm32f10x_tim.o
 .text.TIM_ETRClockMode1Config
                0x00000000       0x54 ..\obj\stm32f10x_tim.o
 .text.TIM_ETRClockMode2Config
                0x00000000       0x34 ..\obj\stm32f10x_tim.o
 .text.TIM_ETRConfig
                0x00000000       0x54 ..\obj\stm32f10x_tim.o
 .text.TIM_PrescalerConfig
                0x00000000       0x28 ..\obj\stm32f10x_tim.o
 .text.TIM_CounterModeConfig
                0x00000000       0x3c ..\obj\stm32f10x_tim.o
 .text.TIM_SelectInputTrigger
                0x00000000       0x3c ..\obj\stm32f10x_tim.o
 .text.TIM_EncoderInterfaceConfig
                0x00000000       0x98 ..\obj\stm32f10x_tim.o
 .text.TIM_ForcedOC1Config
                0x00000000       0x3c ..\obj\stm32f10x_tim.o
 .text.TIM_ForcedOC2Config
                0x00000000       0x40 ..\obj\stm32f10x_tim.o
 .text.TIM_ForcedOC3Config
                0x00000000       0x3c ..\obj\stm32f10x_tim.o
 .text.TIM_ForcedOC4Config
                0x00000000       0x40 ..\obj\stm32f10x_tim.o
 .text.TIM_ARRPreloadConfig
                0x00000000       0x40 ..\obj\stm32f10x_tim.o
 .text.TIM_SelectCOM
                0x00000000       0x40 ..\obj\stm32f10x_tim.o
 .text.TIM_SelectCCDMA
                0x00000000       0x40 ..\obj\stm32f10x_tim.o
 .text.TIM_CCPreloadControl
                0x00000000       0x40 ..\obj\stm32f10x_tim.o
 .text.TIM_OC1PreloadConfig
                0x00000000       0x3c ..\obj\stm32f10x_tim.o
 .text.TIM_OC2PreloadConfig
                0x00000000       0x40 ..\obj\stm32f10x_tim.o
 .text.TIM_OC3PreloadConfig
                0x00000000       0x3c ..\obj\stm32f10x_tim.o
 .text.TIM_OC4PreloadConfig
                0x00000000       0x40 ..\obj\stm32f10x_tim.o
 .text.TIM_OC1FastConfig
                0x00000000       0x3c ..\obj\stm32f10x_tim.o
 .text.TIM_OC2FastConfig
                0x00000000       0x40 ..\obj\stm32f10x_tim.o
 .text.TIM_OC3FastConfig
                0x00000000       0x3c ..\obj\stm32f10x_tim.o
 .text.TIM_OC4FastConfig
                0x00000000       0x40 ..\obj\stm32f10x_tim.o
 .text.TIM_ClearOC1Ref
                0x00000000       0x3c ..\obj\stm32f10x_tim.o
 .text.TIM_ClearOC2Ref
                0x00000000       0x44 ..\obj\stm32f10x_tim.o
 .text.TIM_ClearOC3Ref
                0x00000000       0x3c ..\obj\stm32f10x_tim.o
 .text.TIM_ClearOC4Ref
                0x00000000       0x44 ..\obj\stm32f10x_tim.o
 .text.TIM_OC1PolarityConfig
                0x00000000       0x3c ..\obj\stm32f10x_tim.o
 .text.TIM_OC1NPolarityConfig
                0x00000000       0x3c ..\obj\stm32f10x_tim.o
 .text.TIM_OC2PolarityConfig
                0x00000000       0x40 ..\obj\stm32f10x_tim.o
 .text.TIM_OC2NPolarityConfig
                0x00000000       0x40 ..\obj\stm32f10x_tim.o
 .text.TIM_OC3PolarityConfig
                0x00000000       0x40 ..\obj\stm32f10x_tim.o
 .text.TIM_OC3NPolarityConfig
                0x00000000       0x40 ..\obj\stm32f10x_tim.o
 .text.TIM_OC4PolarityConfig
                0x00000000       0x40 ..\obj\stm32f10x_tim.o
 .text.TIM_CCxCmd
                0x00000000       0x60 ..\obj\stm32f10x_tim.o
 .text.TIM_CCxNCmd
                0x00000000       0x60 ..\obj\stm32f10x_tim.o
 .text.TIM_SelectOCxM
                0x00000000       0xc0 ..\obj\stm32f10x_tim.o
 .text.TIM_UpdateDisableConfig
                0x00000000       0x40 ..\obj\stm32f10x_tim.o
 .text.TIM_UpdateRequestConfig
                0x00000000       0x40 ..\obj\stm32f10x_tim.o
 .text.TIM_SelectHallSensor
                0x00000000       0x40 ..\obj\stm32f10x_tim.o
 .text.TIM_SelectOnePulseMode
                0x00000000       0x38 ..\obj\stm32f10x_tim.o
 .text.TIM_SelectOutputTrigger
                0x00000000       0x38 ..\obj\stm32f10x_tim.o
 .text.TIM_SelectSlaveMode
                0x00000000       0x38 ..\obj\stm32f10x_tim.o
 .text.TIM_SelectMasterSlaveMode
                0x00000000       0x38 ..\obj\stm32f10x_tim.o
 .text.TIM_SetCounter
                0x00000000       0x1c ..\obj\stm32f10x_tim.o
 .text.TIM_SetAutoreload
                0x00000000       0x1c ..\obj\stm32f10x_tim.o
 .text.TIM_SetCompare1
                0x00000000       0x1c ..\obj\stm32f10x_tim.o
 .text.TIM_SetCompare2
                0x00000000       0x1c ..\obj\stm32f10x_tim.o
 .text.TIM_SetCompare3
                0x00000000       0x1c ..\obj\stm32f10x_tim.o
 .text.TIM_SetCompare4
                0x00000000       0x20 ..\obj\stm32f10x_tim.o
 .text.TIM_SetIC1Prescaler
                0x00000000       0x38 ..\obj\stm32f10x_tim.o
 .text.TIM_SetIC2Prescaler
                0x00000000       0x40 ..\obj\stm32f10x_tim.o
 .text.TIM_SetIC3Prescaler
                0x00000000       0x38 ..\obj\stm32f10x_tim.o
 .text.TIM_SetIC4Prescaler
                0x00000000       0x40 ..\obj\stm32f10x_tim.o
 .text.TIM_SetClockDivision
                0x00000000       0x38 ..\obj\stm32f10x_tim.o
 .text.TIM_GetCapture1
                0x00000000       0x1c ..\obj\stm32f10x_tim.o
 .text.TIM_GetCapture2
                0x00000000       0x1c ..\obj\stm32f10x_tim.o
 .text.TIM_GetCapture3
                0x00000000       0x1c ..\obj\stm32f10x_tim.o
 .text.TIM_GetCapture4
                0x00000000       0x1c ..\obj\stm32f10x_tim.o
 .text.TIM_GetCounter
                0x00000000       0x1c ..\obj\stm32f10x_tim.o
 .text.TIM_GetPrescaler
                0x00000000       0x1c ..\obj\stm32f10x_tim.o
 .text.TIM_GetFlagStatus
                0x00000000       0x40 ..\obj\stm32f10x_tim.o
 .text.TIM_ClearFlag
                0x00000000       0x24 ..\obj\stm32f10x_tim.o
 .text.TIM_GetITStatus
                0x00000000       0x64 ..\obj\stm32f10x_tim.o
 .text.TIM_ClearITPendingBit
                0x00000000       0x24 ..\obj\stm32f10x_tim.o
 .text.TI1_Config
                0x00000000       0xec ..\obj\stm32f10x_tim.o
 .text.TI2_Config
                0x00000000      0x10c ..\obj\stm32f10x_tim.o
 .text.TI3_Config
                0x00000000       0xfc ..\obj\stm32f10x_tim.o
 .text.TI4_Config
                0x00000000      0x114 ..\obj\stm32f10x_tim.o
 .text          0x00000000        0x0 ..\obj\startup_stm32f10x_md_vl.o
 .data          0x00000000        0x0 ..\obj\startup_stm32f10x_md_vl.o
 .bss           0x00000000        0x0 ..\obj\startup_stm32f10x_md_vl.o
 .text          0x00000000        0x0 ..\obj\core_cm3.o
 .data          0x00000000        0x0 ..\obj\core_cm3.o
 .bss           0x00000000        0x0 ..\obj\core_cm3.o
 .text.__get_PSP
                0x00000000       0x10 ..\obj\core_cm3.o
 .text.__set_PSP
                0x00000000        0x8 ..\obj\core_cm3.o
 .text.__get_MSP
                0x00000000       0x10 ..\obj\core_cm3.o
 .text.__set_MSP
                0x00000000        0x8 ..\obj\core_cm3.o
 .text.__get_BASEPRI
                0x00000000       0x20 ..\obj\core_cm3.o
 .text.__set_BASEPRI
                0x00000000       0x18 ..\obj\core_cm3.o
 .text.__get_PRIMASK
                0x00000000       0x20 ..\obj\core_cm3.o
 .text.__set_PRIMASK
                0x00000000       0x18 ..\obj\core_cm3.o
 .text.__get_FAULTMASK
                0x00000000       0x20 ..\obj\core_cm3.o
 .text.__set_FAULTMASK
                0x00000000       0x18 ..\obj\core_cm3.o
 .text.__get_CONTROL
                0x00000000       0x20 ..\obj\core_cm3.o
 .text.__set_CONTROL
                0x00000000       0x18 ..\obj\core_cm3.o
 .text.__REV    0x00000000       0x24 ..\obj\core_cm3.o
 .text.__REV16  0x00000000       0x24 ..\obj\core_cm3.o
 .text.__REVSH  0x00000000       0x24 ..\obj\core_cm3.o
 .text.__RBIT   0x00000000       0x24 ..\obj\core_cm3.o
 .text.__LDREXB
                0x00000000       0x24 ..\obj\core_cm3.o
 .text.__LDREXH
                0x00000000       0x24 ..\obj\core_cm3.o
 .text.__LDREXW
                0x00000000       0x24 ..\obj\core_cm3.o
 .text.__STREXB
                0x00000000       0x2c ..\obj\core_cm3.o
 .text.__STREXH
                0x00000000       0x2c ..\obj\core_cm3.o
 .text.__STREXW
                0x00000000       0x28 ..\obj\core_cm3.o
 .text          0x00000000        0x0 ..\obj\system_stm32f10x.o
 .data          0x00000000       0x14 ..\obj\system_stm32f10x.o
 .bss           0x00000000        0x0 ..\obj\system_stm32f10x.o
 .text.SystemCoreClockUpdate
                0x00000000      0x13c ..\obj\system_stm32f10x.o
 .text          0x00000000        0x0 ..\obj\stm32f10x_pwr.o
 .data          0x00000000        0x0 ..\obj\stm32f10x_pwr.o
 .bss           0x00000000        0x0 ..\obj\stm32f10x_pwr.o
 .text.__WFI    0x00000000        0xc ..\obj\stm32f10x_pwr.o
 .text.__WFE    0x00000000        0xc ..\obj\stm32f10x_pwr.o
 .text.PWR_DeInit
                0x00000000       0x20 ..\obj\stm32f10x_pwr.o
 .text.PWR_BackupAccessCmd
                0x00000000       0x20 ..\obj\stm32f10x_pwr.o
 .text.PWR_PVDCmd
                0x00000000       0x20 ..\obj\stm32f10x_pwr.o
 .text.PWR_PVDLevelConfig
                0x00000000       0x44 ..\obj\stm32f10x_pwr.o
 .text.PWR_WakeUpPinCmd
                0x00000000       0x20 ..\obj\stm32f10x_pwr.o
 .text.PWR_EnterSTOPMode
                0x00000000       0x84 ..\obj\stm32f10x_pwr.o
 .text.PWR_EnterSTANDBYMode
                0x00000000       0x54 ..\obj\stm32f10x_pwr.o
 .text.PWR_GetFlagStatus
                0x00000000       0x40 ..\obj\stm32f10x_pwr.o
 .text.PWR_ClearFlag
                0x00000000       0x34 ..\obj\stm32f10x_pwr.o
 .text          0x00000000        0x0 ..\obj\stm32f10x_gpio.o
 .data          0x00000000        0x0 ..\obj\stm32f10x_gpio.o
 .bss           0x00000000        0x0 ..\obj\stm32f10x_gpio.o
 .text.GPIO_DeInit
                0x00000000      0x128 ..\obj\stm32f10x_gpio.o
 .text.GPIO_AFIODeInit
                0x00000000       0x20 ..\obj\stm32f10x_gpio.o
 .text.GPIO_StructInit
                0x00000000       0x2c ..\obj\stm32f10x_gpio.o
 .text.GPIO_ReadInputData
                0x00000000       0x1c ..\obj\stm32f10x_gpio.o
 .text.GPIO_ReadOutputDataBit
                0x00000000       0x40 ..\obj\stm32f10x_gpio.o
 .text.GPIO_ReadOutputData
                0x00000000       0x1c ..\obj\stm32f10x_gpio.o
 .text.GPIO_SetBits
                0x00000000       0x1c ..\obj\stm32f10x_gpio.o
 .text.GPIO_ResetBits
                0x00000000       0x1c ..\obj\stm32f10x_gpio.o
 .text.GPIO_Write
                0x00000000       0x1c ..\obj\stm32f10x_gpio.o
 .text.GPIO_PinLockConfig
                0x00000000       0x44 ..\obj\stm32f10x_gpio.o
 .text.GPIO_EventOutputConfig
                0x00000000       0x5c ..\obj\stm32f10x_gpio.o
 .text.GPIO_EventOutputCmd
                0x00000000       0x20 ..\obj\stm32f10x_gpio.o
 .text.GPIO_PinRemapConfig
                0x00000000      0x124 ..\obj\stm32f10x_gpio.o
 .text.GPIO_EXTILineConfig
                0x00000000       0xb4 ..\obj\stm32f10x_gpio.o
 .text.GPIO_ETH_MediaInterfaceConfig
                0x00000000       0x20 ..\obj\stm32f10x_gpio.o
 .text          0x00000000        0x0 ..\obj\adc_sensor.o
 .data          0x00000000        0x0 ..\obj\adc_sensor.o
 .text          0x00000000        0x0 ..\obj\stm32f10x_dac.o
 .data          0x00000000        0x0 ..\obj\stm32f10x_dac.o
 .bss           0x00000000        0x0 ..\obj\stm32f10x_dac.o
 .text.DAC_DeInit
                0x00000000       0x20 ..\obj\stm32f10x_dac.o
 .text.DAC_StructInit
                0x00000000       0x34 ..\obj\stm32f10x_dac.o
 .text.DAC_ITConfig
                0x00000000       0x68 ..\obj\stm32f10x_dac.o
 .text.DAC_DMACmd
                0x00000000       0x6c ..\obj\stm32f10x_dac.o
 .text.DAC_SoftwareTriggerCmd
                0x00000000       0x74 ..\obj\stm32f10x_dac.o
 .text.DAC_DualSoftwareTriggerCmd
                0x00000000       0x4c ..\obj\stm32f10x_dac.o
 .text.DAC_WaveGenerationCmd
                0x00000000       0x68 ..\obj\stm32f10x_dac.o
 .text.DAC_SetChannel2Data
                0x00000000       0x38 ..\obj\stm32f10x_dac.o
 .text.DAC_SetDualChannelData
                0x00000000       0x68 ..\obj\stm32f10x_dac.o
 .text.DAC_GetDataOutputValue
                0x00000000       0x3c ..\obj\stm32f10x_dac.o
 .text.DAC_GetFlagStatus
                0x00000000       0x48 ..\obj\stm32f10x_dac.o
 .text.DAC_ClearFlag
                0x00000000       0x28 ..\obj\stm32f10x_dac.o
 .text.DAC_GetITStatus
                0x00000000       0x70 ..\obj\stm32f10x_dac.o
 .text.DAC_ClearITPendingBit
                0x00000000       0x28 ..\obj\stm32f10x_dac.o
 .text          0x00000000        0x0 ..\obj\indicator.o
 .data          0x00000000        0x0 ..\obj\indicator.o
 .bss           0x00000000        0x0 ..\obj\indicator.o
 .text.indicators_init
                0x00000000       0x1c ..\obj\indicator.o
 .text.indicators_set_num
                0x00000000      0x310 ..\obj\indicator.o
 .text          0x00000000        0x0 ..\obj\main.o
 .data          0x00000000        0x0 ..\obj\main.o
 .bss           0x00000000        0x0 ..\obj\main.o
 .text          0x00000000        0x0 ..\obj\timers.o
 .data          0x00000000        0x0 ..\obj\timers.o
 .bss           0x00000000        0x0 ..\obj\timers.o
 .text          0x00000000        0x0 ..\obj\tablo.o
 .data          0x00000000        0x0 ..\obj\tablo.o
 .bss           0x00000000        0x0 ..\obj\tablo.o
 .text          0x00000000        0x0 ..\obj\printf.o
 .data          0x00000000       0xf4 ..\obj\printf.o
 .bss           0x00000000        0x0 ..\obj\printf.o
 .text.PrintChar
                0x00000000       0x14 ..\obj\printf.o
 .text.PutChar  0x00000000       0x24 ..\obj\printf.o
 .text.PutString
                0x00000000       0x48 ..\obj\printf.o
 .text.PutUnsignedInt
                0x00000000       0xbc ..\obj\printf.o
 .text.PutSignedInt
                0x00000000      0x12c ..\obj\printf.o
 .text.PutHexa  0x00000000       0xe8 ..\obj\printf.o
 .text.vsnprintf
                0x00000000      0x2a4 ..\obj\printf.o
 .text.snprintf
                0x00000000       0x34 ..\obj\printf.o
 .text.vsprintf
                0x00000000       0x28 ..\obj\printf.o
 .rodata        0x00000000       0x24 ..\obj\printf.o
 .text.vfprintf
                0x00000000       0x6c ..\obj\printf.o
 .text.vprintf  0x00000000       0x2c ..\obj\printf.o
 .text.fprintf  0x00000000       0x30 ..\obj\printf.o
 .text.printf   0x00000000       0x2c ..\obj\printf.o
 .text.sprintf  0x00000000       0x30 ..\obj\printf.o
 .text.puts     0x00000000       0x28 ..\obj\printf.o
 .text.fputc    0x00000000       0x4c ..\obj\printf.o
 .text.fputs    0x00000000       0x50 ..\obj\printf.o
 .text          0x00000000        0x0 ..\obj\stm32f10x_rcc.o
 .data          0x00000000       0x14 ..\obj\stm32f10x_rcc.o
 .bss           0x00000000        0x0 ..\obj\stm32f10x_rcc.o
 .text.RCC_DeInit
                0x00000000       0xac ..\obj\stm32f10x_rcc.o
 .text.RCC_HSEConfig
                0x00000000       0x88 ..\obj\stm32f10x_rcc.o
 .text.RCC_WaitForHSEStartUp
                0x00000000       0x64 ..\obj\stm32f10x_rcc.o
 .text.RCC_AdjustHSICalibrationValue
                0x00000000       0x48 ..\obj\stm32f10x_rcc.o
 .text.RCC_HSICmd
                0x00000000       0x20 ..\obj\stm32f10x_rcc.o
 .text.RCC_PLLConfig
                0x00000000       0x4c ..\obj\stm32f10x_rcc.o
 .text.RCC_PLLCmd
                0x00000000       0x20 ..\obj\stm32f10x_rcc.o
 .text.RCC_PREDIV1Config
                0x00000000       0x50 ..\obj\stm32f10x_rcc.o
 .text.RCC_SYSCLKConfig
                0x00000000       0x44 ..\obj\stm32f10x_rcc.o
 .text.RCC_GetSYSCLKSource
                0x00000000       0x20 ..\obj\stm32f10x_rcc.o
 .text.RCC_HCLKConfig
                0x00000000       0x44 ..\obj\stm32f10x_rcc.o
 .text.RCC_PCLK1Config
                0x00000000       0x44 ..\obj\stm32f10x_rcc.o
 .text.RCC_PCLK2Config
                0x00000000       0x48 ..\obj\stm32f10x_rcc.o
 .text.RCC_ITConfig
                0x00000000       0x64 ..\obj\stm32f10x_rcc.o
 .text.RCC_USBCLKConfig
                0x00000000       0x20 ..\obj\stm32f10x_rcc.o
 .text.RCC_ADCCLKConfig
                0x00000000       0x44 ..\obj\stm32f10x_rcc.o
 .text.RCC_LSEConfig
                0x00000000       0x5c ..\obj\stm32f10x_rcc.o
 .text.RCC_LSICmd
                0x00000000       0x20 ..\obj\stm32f10x_rcc.o
 .text.RCC_RTCCLKConfig
                0x00000000       0x30 ..\obj\stm32f10x_rcc.o
 .text.RCC_RTCCLKCmd
                0x00000000       0x20 ..\obj\stm32f10x_rcc.o
 .text.RCC_GetClocksFreq
                0x00000000      0x1cc ..\obj\stm32f10x_rcc.o
 .text.RCC_APB2PeriphResetCmd
                0x00000000       0x5c ..\obj\stm32f10x_rcc.o
 .text.RCC_APB1PeriphResetCmd
                0x00000000       0x5c ..\obj\stm32f10x_rcc.o
 .text.RCC_BackupResetCmd
                0x00000000       0x20 ..\obj\stm32f10x_rcc.o
 .text.RCC_ClockSecuritySystemCmd
                0x00000000       0x20 ..\obj\stm32f10x_rcc.o
 .text.RCC_MCOConfig
                0x00000000       0x20 ..\obj\stm32f10x_rcc.o
 .text.RCC_GetFlagStatus
                0x00000000       0x90 ..\obj\stm32f10x_rcc.o
 .text.RCC_ClearFlag
                0x00000000       0x24 ..\obj\stm32f10x_rcc.o
 .text.RCC_GetITStatus
                0x00000000       0x44 ..\obj\stm32f10x_rcc.o
 .text.RCC_ClearITPendingBit
                0x00000000       0x20 ..\obj\stm32f10x_rcc.o
 .text          0x00000000        0x0 ..\obj\dac.o
 .data          0x00000000        0x0 ..\obj\dac.o
 .bss           0x00000000        0x0 ..\obj\dac.o
 .text          0x00000000        0x0 ..\obj\tasks.o
 .text.vTaskSuspend
                0x00000000       0xc0 ..\obj\tasks.o
 .text.xTaskIsTaskSuspended
                0x00000000       0x50 ..\obj\tasks.o
 .text.vTaskResume
                0x00000000       0xac ..\obj\tasks.o
 .text.xTaskResumeFromISR
                0x00000000       0xd4 ..\obj\tasks.o
 .text.vTaskEndScheduler
                0x00000000       0x20 ..\obj\tasks.o
 .text.xTaskGetTickCount
                0x00000000       0x28 ..\obj\tasks.o
 .text.xTaskGetTickCountFromISR
                0x00000000       0x38 ..\obj\tasks.o
 .text.uxTaskGetNumberOfTasks
                0x00000000       0x18 ..\obj\tasks.o
 .text          0x00000000        0x0 ..\obj\stm32f10x_adc.o
 .data          0x00000000        0x0 ..\obj\stm32f10x_adc.o
 .bss           0x00000000        0x0 ..\obj\stm32f10x_adc.o
 .text.ADC_DeInit
                0x00000000       0x88 ..\obj\stm32f10x_adc.o
 .text.ADC_StructInit
                0x00000000       0x44 ..\obj\stm32f10x_adc.o
 .text.ADC_DMACmd
                0x00000000       0x38 ..\obj\stm32f10x_adc.o
 .text.ADC_SoftwareStartConvCmd
                0x00000000       0x38 ..\obj\stm32f10x_adc.o
 .text.ADC_GetSoftwareStartConvStatus
                0x00000000       0x38 ..\obj\stm32f10x_adc.o
 .text.ADC_DiscModeChannelCountConfig
                0x00000000       0x4c ..\obj\stm32f10x_adc.o
 .text.ADC_DiscModeCmd
                0x00000000       0x38 ..\obj\stm32f10x_adc.o
 .text.ADC_RegularChannelConfig
                0x00000000      0x1d0 ..\obj\stm32f10x_adc.o
 .text.ADC_ExternalTrigConvCmd
                0x00000000       0x38 ..\obj\stm32f10x_adc.o
 .text.ADC_GetConversionValue
                0x00000000       0x1c ..\obj\stm32f10x_adc.o
 .text.ADC_GetDualModeConversionValue
                0x00000000       0x18 ..\obj\stm32f10x_adc.o
 .text.ADC_InjectedDiscModeCmd
                0x00000000       0x38 ..\obj\stm32f10x_adc.o
 .text.ADC_ExternalTrigInjectedConvCmd
                0x00000000       0x38 ..\obj\stm32f10x_adc.o
 .text.ADC_GetSoftwareStartInjectedConvCmdStatus
                0x00000000       0x38 ..\obj\stm32f10x_adc.o
 .text.ADC_SetInjectedOffset
                0x00000000       0x34 ..\obj\stm32f10x_adc.o
 .text.ADC_AnalogWatchdogCmd
                0x00000000       0x3c ..\obj\stm32f10x_adc.o
 .text.ADC_AnalogWatchdogThresholdsConfig
                0x00000000       0x28 ..\obj\stm32f10x_adc.o
 .text.ADC_AnalogWatchdogSingleChannelConfig
                0x00000000       0x3c ..\obj\stm32f10x_adc.o
 .text.ADC_TempSensorVrefintCmd
                0x00000000       0x4c ..\obj\stm32f10x_adc.o
 .text.ADC_GetFlagStatus
                0x00000000       0x40 ..\obj\stm32f10x_adc.o
 .text.ADC_ClearFlag
                0x00000000       0x20 ..\obj\stm32f10x_adc.o
 .text          0x00000000        0x0 ..\obj\keyboard.o
 .data          0x00000000        0x0 ..\obj\keyboard.o
 .bss           0x00000000        0x0 ..\obj\keyboard.o
 .text          0x00000000        0x0 ..\obj\menu.o
 .data          0x00000000        0x0 ..\obj\menu.o
 .text.CalibrationKey
                0x00000000       0x1c ..\obj\menu.o
 .text.CalibrationScreen
                0x00000000       0x24 ..\obj\menu.o
 .text.Set_Signal
                0x00000000       0x28 ..\obj\menu.o
 .text.DisplayProcess
                0x00000000       0x14 ..\obj\menu.o
 .text          0x00000000        0x0 ..\obj\list.o
 .data          0x00000000        0x0 ..\obj\list.o
 .bss           0x00000000        0x0 ..\obj\list.o
 .text          0x00000000        0x0 ..\obj\syscalls.o
 .data          0x00000000        0x0 ..\obj\syscalls.o
 .bss           0x00000000        0x4 ..\obj\syscalls.o
 .text._sbrk    0x00000000       0x5c ..\obj\syscalls.o
 .text.link     0x00000000       0x1c ..\obj\syscalls.o
 .text._close   0x00000000       0x18 ..\obj\syscalls.o
 .text._fstat   0x00000000       0x24 ..\obj\syscalls.o
 .text._isatty  0x00000000       0x18 ..\obj\syscalls.o
 .text._lseek   0x00000000       0x1c ..\obj\syscalls.o
 .text._read    0x00000000       0x1c ..\obj\syscalls.o
 .text._write   0x00000000       0x1c ..\obj\syscalls.o
 .text.abort    0x00000000        0x8 ..\obj\syscalls.o
 .text          0x00000000        0x0 ..\obj\stm32f10x_flash.o
 .data          0x00000000        0x0 ..\obj\stm32f10x_flash.o
 .bss           0x00000000        0x0 ..\obj\stm32f10x_flash.o
 .text.FLASH_SetLatency
                0x00000000       0x44 ..\obj\stm32f10x_flash.o
 .text.FLASH_HalfCycleAccessCmd
                0x00000000       0x48 ..\obj\stm32f10x_flash.o
 .text.FLASH_PrefetchBufferCmd
                0x00000000       0x48 ..\obj\stm32f10x_flash.o
 .text.FLASH_Unlock
                0x00000000       0x30 ..\obj\stm32f10x_flash.o
 .text.FLASH_UnlockBank1
                0x00000000       0x30 ..\obj\stm32f10x_flash.o
 .text.FLASH_Lock
                0x00000000       0x24 ..\obj\stm32f10x_flash.o
 .text.FLASH_LockBank1
                0x00000000       0x24 ..\obj\stm32f10x_flash.o
 .text.FLASH_ErasePage
                0x00000000       0x94 ..\obj\stm32f10x_flash.o
 .text.FLASH_EraseAllPages
                0x00000000       0x84 ..\obj\stm32f10x_flash.o
 .text.FLASH_EraseAllBank1Pages
                0x00000000       0x84 ..\obj\stm32f10x_flash.o
 .text.FLASH_EraseOptionBytes
                0x00000000      0x140 ..\obj\stm32f10x_flash.o
 .text.FLASH_ProgramWord
                0x00000000       0xc4 ..\obj\stm32f10x_flash.o
 .text.FLASH_ProgramHalfWord
                0x00000000       0x78 ..\obj\stm32f10x_flash.o
 .text.FLASH_ProgramOptionByteData
                0x00000000       0xa4 ..\obj\stm32f10x_flash.o
 .text.FLASH_EnableWriteProtection
                0x00000000      0x160 ..\obj\stm32f10x_flash.o
 .text.FLASH_ReadOutProtection
                0x00000000      0x148 ..\obj\stm32f10x_flash.o
 .text.FLASH_UserOptionByteConfig
                0x00000000       0xc4 ..\obj\stm32f10x_flash.o
 .text.FLASH_GetUserOptionByte
                0x00000000       0x1c ..\obj\stm32f10x_flash.o
 .text.FLASH_GetWriteProtectionOptionByte
                0x00000000       0x18 ..\obj\stm32f10x_flash.o
 .text.FLASH_GetReadOutProtectionStatus
                0x00000000       0x3c ..\obj\stm32f10x_flash.o
 .text.FLASH_GetPrefetchBufferStatus
                0x00000000       0x3c ..\obj\stm32f10x_flash.o
 .text.FLASH_ITConfig
                0x00000000       0x5c ..\obj\stm32f10x_flash.o
 .text.FLASH_GetFlagStatus
                0x00000000       0x6c ..\obj\stm32f10x_flash.o
 .text.FLASH_ClearFlag
                0x00000000       0x20 ..\obj\stm32f10x_flash.o
 .text.FLASH_GetStatus
                0x00000000       0x70 ..\obj\stm32f10x_flash.o
 .text.FLASH_GetBank1Status
                0x00000000       0x70 ..\obj\stm32f10x_flash.o
 .text.FLASH_WaitForLastOperation
                0x00000000       0x4c ..\obj\stm32f10x_flash.o
 .text.FLASH_WaitForLastBank1Operation
                0x00000000       0x4c ..\obj\stm32f10x_flash.o
 .text          0x00000000        0x0 ..\obj\port.o
 .bss           0x00000000        0x0 ..\obj\port.o
 .rodata        0x00000000        0x4 ..\obj\port.o
 .text.vPortEndScheduler
                0x00000000        0xc ..\obj\port.o
 .text          0x00000000        0x0 ..\obj\queue.o
 .data          0x00000000        0x0 ..\obj\queue.o
 .bss           0x00000000        0x0 ..\obj\queue.o
 .text.xQueueGenericCreate
                0x00000000       0xd4 ..\obj\queue.o
 .text.xQueueGenericSendFromISR
                0x00000000       0x90 ..\obj\queue.o
 .text.xQueueReceiveFromISR
                0x00000000       0x94 ..\obj\queue.o
 .text.uxQueueMessagesWaiting
                0x00000000       0x24 ..\obj\queue.o
 .text.uxQueueMessagesWaitingFromISR
                0x00000000       0x1c ..\obj\queue.o
 .text.vQueueDelete
                0x00000000       0x20 ..\obj\queue.o
 .text.xQueueIsQueueEmptyFromISR
                0x00000000       0x24 ..\obj\queue.o
 .text.xQueueIsQueueFullFromISR
                0x00000000       0x2c ..\obj\queue.o
 .text          0x00000000        0x0 ..\obj\stm32f10x_dma.o
 .data          0x00000000        0x0 ..\obj\stm32f10x_dma.o
 .bss           0x00000000        0x0 ..\obj\stm32f10x_dma.o
 .text.DMA_DeInit
                0x00000000      0x224 ..\obj\stm32f10x_dma.o
 .text.DMA_ITConfig
                0x00000000       0x40 ..\obj\stm32f10x_dma.o
 .text.DMA_SetCurrDataCounter
                0x00000000       0x1c ..\obj\stm32f10x_dma.o
 .text.DMA_GetCurrDataCounter
                0x00000000       0x1c ..\obj\stm32f10x_dma.o
 .text.DMA_GetITStatus
                0x00000000       0x60 ..\obj\stm32f10x_dma.o
 .text.DMA_ClearITPendingBit
                0x00000000       0x38 ..\obj\stm32f10x_dma.o
 .text          0x00000000        0x0 ..\obj\croutine.o
 .data          0x00000000        0x0 ..\obj\croutine.o
 .bss           0x00000000       0x80 ..\obj\croutine.o
 .text.xCoRoutineCreate
                0x00000000       0xf4 ..\obj\croutine.o
 .text.vCoRoutineAddToDelayedList
                0x00000000       0xb4 ..\obj\croutine.o
 .text.prvCheckPendingReadyList
                0x00000000       0xa0 ..\obj\croutine.o
 .text.prvCheckDelayedList
                0x00000000      0x170 ..\obj\croutine.o
 .text.vCoRoutineSchedule
                0x00000000       0xf0 ..\obj\croutine.o
 .text.prvInitialiseCoRoutineLists
                0x00000000       0x8c ..\obj\croutine.o
 .text.xCoRoutineRemoveFromEventList
                0x00000000       0x60 ..\obj\croutine.o
 .text          0x00000000        0x0 ..\obj\channels.o
 .data          0x00000000        0x8 ..\obj\channels.o
 .bss           0x00000000       0x10 ..\obj\channels.o
 .text.ChannelsInit
                0x00000000       0x80 ..\obj\channels.o
 .text          0x00000000        0x0 ..\obj\spi_bus.o
 .data          0x00000000        0x0 ..\obj\spi_bus.o
 .bss           0x00000000        0x0 ..\obj\spi_bus.o
 .text          0x00000000        0x0 ..\obj\misc.o
 .data          0x00000000        0x0 ..\obj\misc.o
 .bss           0x00000000        0x0 ..\obj\misc.o
 .text.NVIC_PriorityGroupConfig
                0x00000000       0x28 ..\obj\misc.o
 .text.NVIC_SetVectorTable
                0x00000000       0x2c ..\obj\misc.o
 .text.NVIC_SystemLPConfig
                0x00000000       0x5c ..\obj\misc.o
 .text.SysTick_CLKSourceConfig
                0x00000000       0x4c ..\obj\misc.o
 .text          0x00000000        0x0 ..\obj\stm32f10x_spi.o
 .data          0x00000000        0x0 ..\obj\stm32f10x_spi.o
 .bss           0x00000000        0x0 ..\obj\stm32f10x_spi.o
 .text.SPI_I2S_DeInit
                0x00000000       0x88 ..\obj\stm32f10x_spi.o
 .text.I2S_Init
                0x00000000      0x1a4 ..\obj\stm32f10x_spi.o
 .text.SPI_StructInit
                0x00000000       0x5c ..\obj\stm32f10x_spi.o
 .text.I2S_StructInit
                0x00000000       0x44 ..\obj\stm32f10x_spi.o
 .text.I2S_Cmd  0x00000000       0x40 ..\obj\stm32f10x_spi.o
 .text.SPI_I2S_ITConfig
                0x00000000       0x70 ..\obj\stm32f10x_spi.o
 .text.SPI_I2S_SendData
                0x00000000       0x1c ..\obj\stm32f10x_spi.o
 .text.SPI_I2S_ReceiveData
                0x00000000       0x1c ..\obj\stm32f10x_spi.o
 .text.SPI_NSSInternalSoftwareConfig
                0x00000000       0x44 ..\obj\stm32f10x_spi.o
 .text.SPI_SSOutputCmd
                0x00000000       0x40 ..\obj\stm32f10x_spi.o
 .text.SPI_DataSizeConfig
                0x00000000       0x38 ..\obj\stm32f10x_spi.o
 .text.SPI_TransmitCRC
                0x00000000       0x24 ..\obj\stm32f10x_spi.o
 .text.SPI_GetCRC
                0x00000000       0x34 ..\obj\stm32f10x_spi.o
 .text.SPI_GetCRCPolynomial
                0x00000000       0x1c ..\obj\stm32f10x_spi.o
 .text.SPI_BiDirectionalLineConfig
                0x00000000       0x40 ..\obj\stm32f10x_spi.o
 .text.SPI_I2S_GetFlagStatus
                0x00000000       0x40 ..\obj\stm32f10x_spi.o
 .text.SPI_I2S_ClearFlag
                0x00000000       0x24 ..\obj\stm32f10x_spi.o
 .text.SPI_I2S_GetITStatus
                0x00000000       0x8c ..\obj\stm32f10x_spi.o
 .text.SPI_I2S_ClearITPendingBit
                0x00000000       0x38 ..\obj\stm32f10x_spi.o
 .text          0x00000000        0x0 ..\obj\heap_1.o
 .data          0x00000000        0x0 ..\obj\heap_1.o
 .text.vPortInitialiseBlocks
                0x00000000       0x18 ..\obj\heap_1.o
 .text.xPortGetFreeHeapSize
                0x00000000       0x1c ..\obj\heap_1.o
 .text          0x00000000      0x370 c:/coocox/coide/gcc/sourcery g++ lite/bin/../lib/gcc/arm-none-eabi/4.5.1/thumb2\libgcc.a(_arm_addsubdf3.o)
 .data          0x00000000        0x0 c:/coocox/coide/gcc/sourcery g++ lite/bin/../lib/gcc/arm-none-eabi/4.5.1/thumb2\libgcc.a(_arm_addsubdf3.o)
 .bss           0x00000000        0x0 c:/coocox/coide/gcc/sourcery g++ lite/bin/../lib/gcc/arm-none-eabi/4.5.1/thumb2\libgcc.a(_arm_addsubdf3.o)
 .text          0x00000000      0x110 c:/coocox/coide/gcc/sourcery g++ lite/bin/../lib/gcc/arm-none-eabi/4.5.1/thumb2\libgcc.a(_arm_cmpdf2.o)
 .data          0x00000000        0x0 c:/coocox/coide/gcc/sourcery g++ lite/bin/../lib/gcc/arm-none-eabi/4.5.1/thumb2\libgcc.a(_arm_cmpdf2.o)
 .bss           0x00000000        0x0 c:/coocox/coide/gcc/sourcery g++ lite/bin/../lib/gcc/arm-none-eabi/4.5.1/thumb2\libgcc.a(_arm_cmpdf2.o)
 .text          0x00000000      0x2a0 c:/coocox/coide/gcc/sourcery g++ lite/bin/../lib/gcc/arm-none-eabi/4.5.1/thumb2\libgcc.a(_arm_muldivsf3.o)
 .data          0x00000000        0x0 c:/coocox/coide/gcc/sourcery g++ lite/bin/../lib/gcc/arm-none-eabi/4.5.1/thumb2\libgcc.a(_arm_muldivsf3.o)
 .bss           0x00000000        0x0 c:/coocox/coide/gcc/sourcery g++ lite/bin/../lib/gcc/arm-none-eabi/4.5.1/thumb2\libgcc.a(_arm_muldivsf3.o)
 .text          0x00000000       0xec c:/coocox/coide/gcc/sourcery g++ lite/bin/../lib/gcc/arm-none-eabi/4.5.1/thumb2\libgcc.a(_arm_cmpsf2.o)
 .data          0x00000000        0x0 c:/coocox/coide/gcc/sourcery g++ lite/bin/../lib/gcc/arm-none-eabi/4.5.1/thumb2\libgcc.a(_arm_cmpsf2.o)
 .bss           0x00000000        0x0 c:/coocox/coide/gcc/sourcery g++ lite/bin/../lib/gcc/arm-none-eabi/4.5.1/thumb2\libgcc.a(_arm_cmpsf2.o)
 .text          0x00000000       0x40 c:/coocox/coide/gcc/sourcery g++ lite/bin/../lib/gcc/arm-none-eabi/4.5.1/thumb2\libgcc.a(_arm_fixunssfsi.o)
 .data          0x00000000        0x0 c:/coocox/coide/gcc/sourcery g++ lite/bin/../lib/gcc/arm-none-eabi/4.5.1/thumb2\libgcc.a(_arm_fixunssfsi.o)
 .bss           0x00000000        0x0 c:/coocox/coide/gcc/sourcery g++ lite/bin/../lib/gcc/arm-none-eabi/4.5.1/thumb2\libgcc.a(_arm_fixunssfsi.o)
 .data          0x00000000        0x0 c:/coocox/coide/gcc/sourcery g++ lite/bin/../lib/gcc/arm-none-eabi/4.5.1/../../../../arm-none-eabi/lib/thumb2\libc.a(lib_a-memcpy.o)
 .bss           0x00000000        0x0 c:/coocox/coide/gcc/sourcery g++ lite/bin/../lib/gcc/arm-none-eabi/4.5.1/../../../../arm-none-eabi/lib/thumb2\libc.a(lib_a-memcpy.o)
 .data          0x00000000        0x0 c:/coocox/coide/gcc/sourcery g++ lite/bin/../lib/gcc/arm-none-eabi/4.5.1/../../../../arm-none-eabi/lib/thumb2\libc.a(lib_a-memset.o)
 .bss           0x00000000        0x0 c:/coocox/coide/gcc/sourcery g++ lite/bin/../lib/gcc/arm-none-eabi/4.5.1/../../../../arm-none-eabi/lib/thumb2\libc.a(lib_a-memset.o)
 .text          0x00000000      0x154 c:/coocox/coide/gcc/sourcery g++ lite/bin/../lib/gcc/arm-none-eabi/4.5.1/../../../../arm-none-eabi/lib/thumb2\libc.a(lib_a-signal.o)
 .data          0x00000000        0x0 c:/coocox/coide/gcc/sourcery g++ lite/bin/../lib/gcc/arm-none-eabi/4.5.1/../../../../arm-none-eabi/lib/thumb2\libc.a(lib_a-signal.o)
 .bss           0x00000000        0x0 c:/coocox/coide/gcc/sourcery g++ lite/bin/../lib/gcc/arm-none-eabi/4.5.1/../../../../arm-none-eabi/lib/thumb2\libc.a(lib_a-signal.o)
 .text          0x00000000       0x30 c:/coocox/coide/gcc/sourcery g++ lite/bin/../lib/gcc/arm-none-eabi/4.5.1/../../../../arm-none-eabi/lib/thumb2\libc.a(lib_a-signalr.o)
 .data          0x00000000        0x0 c:/coocox/coide/gcc/sourcery g++ lite/bin/../lib/gcc/arm-none-eabi/4.5.1/../../../../arm-none-eabi/lib/thumb2\libc.a(lib_a-signalr.o)
 .bss           0x00000000        0x0 c:/coocox/coide/gcc/sourcery g++ lite/bin/../lib/gcc/arm-none-eabi/4.5.1/../../../../arm-none-eabi/lib/thumb2\libc.a(lib_a-signalr.o)
 .data          0x00000000        0x0 c:/coocox/coide/gcc/sourcery g++ lite/bin/../lib/gcc/arm-none-eabi/4.5.1/../../../../arm-none-eabi/lib/thumb2\libc.a(lib_a-strlen.o)
 .bss           0x00000000        0x0 c:/coocox/coide/gcc/sourcery g++ lite/bin/../lib/gcc/arm-none-eabi/4.5.1/../../../../arm-none-eabi/lib/thumb2\libc.a(lib_a-strlen.o)
 .data          0x00000000        0x0 c:/coocox/coide/gcc/sourcery g++ lite/bin/../lib/gcc/arm-none-eabi/4.5.1/../../../../arm-none-eabi/lib/thumb2\libc.a(lib_a-strncpy.o)
 .bss           0x00000000        0x0 c:/coocox/coide/gcc/sourcery g++ lite/bin/../lib/gcc/arm-none-eabi/4.5.1/../../../../arm-none-eabi/lib/thumb2\libc.a(lib_a-strncpy.o)
 .text          0x00000000      0x57c c:/coocox/coide/gcc/sourcery g++ lite/bin/../lib/gcc/arm-none-eabi/4.5.1/../../../../arm-none-eabi/lib/thumb2\libc.a(lib_a-mallocr.o)
 .data          0x00000000      0x410 c:/coocox/coide/gcc/sourcery g++ lite/bin/../lib/gcc/arm-none-eabi/4.5.1/../../../../arm-none-eabi/lib/thumb2\libc.a(lib_a-mallocr.o)
 .bss           0x00000000       0x34 c:/coocox/coide/gcc/sourcery g++ lite/bin/../lib/gcc/arm-none-eabi/4.5.1/../../../../arm-none-eabi/lib/thumb2\libc.a(lib_a-mallocr.o)
 .text          0x00000000        0x8 c:/coocox/coide/gcc/sourcery g++ lite/bin/../lib/gcc/arm-none-eabi/4.5.1/../../../../arm-none-eabi/lib/thumb2\libc.a(lib_a-mlock.o)
 .data          0x00000000        0x0 c:/coocox/coide/gcc/sourcery g++ lite/bin/../lib/gcc/arm-none-eabi/4.5.1/../../../../arm-none-eabi/lib/thumb2\libc.a(lib_a-mlock.o)
 .bss           0x00000000        0x0 c:/coocox/coide/gcc/sourcery g++ lite/bin/../lib/gcc/arm-none-eabi/4.5.1/../../../../arm-none-eabi/lib/thumb2\libc.a(lib_a-mlock.o)
 .text          0x00000000      0x114 c:/coocox/coide/gcc/sourcery g++ lite/bin/../lib/gcc/arm-none-eabi/4.5.1/../../../../arm-none-eabi/lib/thumb2\libc.a(lib_a-reent.o)
 .data          0x00000000        0x0 c:/coocox/coide/gcc/sourcery g++ lite/bin/../lib/gcc/arm-none-eabi/4.5.1/../../../../arm-none-eabi/lib/thumb2\libc.a(lib_a-reent.o)
 .bss           0x00000000        0x0 c:/coocox/coide/gcc/sourcery g++ lite/bin/../lib/gcc/arm-none-eabi/4.5.1/../../../../arm-none-eabi/lib/thumb2\libc.a(lib_a-reent.o)
 COMMON         0x00000000        0x4 c:/coocox/coide/gcc/sourcery g++ lite/bin/../lib/gcc/arm-none-eabi/4.5.1/../../../../arm-none-eabi/lib/thumb2\libc.a(lib_a-reent.o)
 .text          0x00000000       0x28 c:/coocox/coide/gcc/sourcery g++ lite/bin/../lib/gcc/arm-none-eabi/4.5.1/../../../../arm-none-eabi/lib/thumb2\libc.a(lib_a-sbrkr.o)
 .data          0x00000000        0x0 c:/coocox/coide/gcc/sourcery g++ lite/bin/../lib/gcc/arm-none-eabi/4.5.1/../../../../arm-none-eabi/lib/thumb2\libc.a(lib_a-sbrkr.o)
 .bss           0x00000000        0x0 c:/coocox/coide/gcc/sourcery g++ lite/bin/../lib/gcc/arm-none-eabi/4.5.1/../../../../arm-none-eabi/lib/thumb2\libc.a(lib_a-sbrkr.o)
 .text          0x00000000      0x240 c:/coocox/coide/gcc/sourcery g++ lite/bin/../lib/gcc/arm-none-eabi/4.5.1/../../../../arm-none-eabi/lib/thumb2\libc.a(lib_a-freer.o)
 .data          0x00000000        0x0 c:/coocox/coide/gcc/sourcery g++ lite/bin/../lib/gcc/arm-none-eabi/4.5.1/../../../../arm-none-eabi/lib/thumb2\libc.a(lib_a-freer.o)
 .bss           0x00000000        0x0 c:/coocox/coide/gcc/sourcery g++ lite/bin/../lib/gcc/arm-none-eabi/4.5.1/../../../../arm-none-eabi/lib/thumb2\libc.a(lib_a-freer.o)

Memory Configuration

Name             Origin             Length             Attributes
rom              0x08000000         0x00020000         xr
ram              0x20000000         0x00002000         xrw
*default*        0x00000000         0xffffffff

Linker script and memory map

                0x20002000                _eram = 0x20002000

.text           0x08000000     0x4228
 *(.isr_vector .isr_vector.*)
 .isr_vector    0x08000000      0x124 ..\obj\startup_stm32f10x_md_vl.o
                0x08000000                g_pfnVectors
 *(.text .text.* .gnu.linkonce.t.*)
 .text.Default_Reset_Handler
                0x08000124       0x6c ..\obj\startup_stm32f10x_md_vl.o
                0x08000124                Default_Reset_Handler
                0x08000124                Reset_Handler
 .text.Default_Handler
                0x08000190        0x8 ..\obj\startup_stm32f10x_md_vl.o
                0x08000190                EXTI2_IRQHandler
                0x08000190                DebugMon_Handler
                0x08000190                TIM1_CC_IRQHandler
                0x08000190                HardFault_Handler
                0x08000190                PVD_IRQHandler
                0x08000190                NMI_Handler
                0x08000190                EXTI3_IRQHandler
                0x08000190                EXTI0_IRQHandler
                0x08000190                I2C2_EV_IRQHandler
                0x08000190                TIM1_UP_TIM16_IRQHandler
                0x08000190                UsageFault_Handler
                0x08000190                SPI1_IRQHandler
                0x08000190                TAMPER_IRQHandler
                0x08000190                TIM6_DAC_IRQHandler
                0x08000190                DMA1_Channel4_IRQHandler
                0x08000190                USART3_IRQHandler
                0x08000190                RTC_IRQHandler
                0x08000190                DMA1_Channel7_IRQHandler
                0x08000190                TIM4_IRQHandler
                0x08000190                I2C1_EV_IRQHandler
                0x08000190                DMA1_Channel6_IRQHandler
                0x08000190                TIM3_IRQHandler
                0x08000190                RCC_IRQHandler
                0x08000190                DMA1_Channel1_IRQHandler
                0x08000190                CEC_IRQHandler
                0x08000190                EXTI15_10_IRQHandler
                0x08000190                TIM7_IRQHandler
                0x08000190                EXTI9_5_IRQHandler
                0x08000190                SPI2_IRQHandler
                0x08000190                MemManage_Handler
                0x08000190                DMA1_Channel5_IRQHandler
                0x08000190                EXTI4_IRQHandler
                0x08000190                TIM1_TRG_COM_TIM17_IRQHandler
                0x08000190                DMA1_Channel3_IRQHandler
                0x08000190                WWDG_IRQHandler
                0x08000190                TIM2_IRQHandler
                0x08000190                EXTI1_IRQHandler
                0x08000190                RTCAlarm_IRQHandler
                0x08000190                USART2_IRQHandler
                0x08000190                I2C2_ER_IRQHandler
                0x08000190                DMA1_Channel2_IRQHandler
                0x08000190                FLASH_IRQHandler
                0x08000190                BusFault_Handler
                0x08000190                USART1_IRQHandler
                0x08000190                I2C1_ER_IRQHandler
                0x08000190                TIM1_BRK_TIM15_IRQHandler
 .text.SystemInit
                0x08000198       0xbc ..\obj\system_stm32f10x.o
                0x08000198                SystemInit
 .text.SetSysClock
                0x08000254        0xc ..\obj\system_stm32f10x.o
 .text.SetSysClockTo24
                0x08000260      0x15c ..\obj\system_stm32f10x.o
 .text.GPIO_Init
                0x080003bc      0x1c0 ..\obj\stm32f10x_gpio.o
                0x080003bc                GPIO_Init
 .text.GPIO_ReadInputDataBit
                0x0800057c       0x40 ..\obj\stm32f10x_gpio.o
                0x0800057c                GPIO_ReadInputDataBit
 .text.GPIO_WriteBit
                0x080005bc       0x30 ..\obj\stm32f10x_gpio.o
                0x080005bc                GPIO_WriteBit
 .text.ADC_Sensor_Init
                0x080005ec      0x184 ..\obj\adc_sensor.o
                0x080005ec                ADC_Sensor_Init
 .text.ADC1_IRQHandler
                0x08000770       0x5c ..\obj\adc_sensor.o
                0x08000770                ADC1_IRQHandler
 .text.ADC_Poll_task
                0x080007cc       0xd0 ..\obj\adc_sensor.o
 .text.DAC_Init
                0x0800089c       0x78 ..\obj\stm32f10x_dac.o
                0x0800089c                DAC_Init
 .text.DAC_Cmd  0x08000914       0x6c ..\obj\stm32f10x_dac.o
                0x08000914                DAC_Cmd
 .text.DAC_SetChannel1Data
                0x08000980       0x38 ..\obj\stm32f10x_dac.o
                0x08000980                DAC_SetChannel1Data
 .text.str_to_ind
                0x080009b8      0x58c ..\obj\indicator.o
                0x080009b8                str_to_ind
 .text.Init_Task
                0x08000f44       0x30 ..\obj\main.o
 .text.main     0x08000f74       0x48 ..\obj\main.o
                0x08000f74                main
 .text.tablo_indicator_struct_init
                0x08000fbc       0xac ..\obj\tablo.o
                0x08000fbc                tablo_indicator_struct_init
 .text.tablo_devices_init
                0x08001068       0x20 ..\obj\tablo.o
                0x08001068                tablo_devices_init
 .text.RCC_AHBPeriphClockCmd
                0x08001088       0x5c ..\obj\stm32f10x_rcc.o
                0x08001088                RCC_AHBPeriphClockCmd
 .text.RCC_APB2PeriphClockCmd
                0x080010e4       0x5c ..\obj\stm32f10x_rcc.o
                0x080010e4                RCC_APB2PeriphClockCmd
 .text.RCC_APB1PeriphClockCmd
                0x08001140       0x5c ..\obj\stm32f10x_rcc.o
                0x08001140                RCC_APB1PeriphClockCmd
 .text.DAC_Out_Init
                0x0800119c       0x70 ..\obj\dac.o
                0x0800119c                DAC_Out_Init
 .text.xTaskGenericCreate
                0x0800120c      0x1ac ..\obj\tasks.o
                0x0800120c                xTaskGenericCreate
 .text.vTaskDelete
                0x080013b8       0xc0 ..\obj\tasks.o
                0x080013b8                vTaskDelete
 .text.vTaskDelay
                0x08001478       0x5c ..\obj\tasks.o
                0x08001478                vTaskDelay
 .text.vTaskStartScheduler
                0x080014d4       0x74 ..\obj\tasks.o
                0x080014d4                vTaskStartScheduler
 .text.vTaskSuspendAll
                0x08001548       0x24 ..\obj\tasks.o
                0x08001548                vTaskSuspendAll
 .text.xTaskResumeAll
                0x0800156c      0x154 ..\obj\tasks.o
                0x0800156c                xTaskResumeAll
 .text.vTaskIncrementTick
                0x080016c0      0x1b8 ..\obj\tasks.o
                0x080016c0                vTaskIncrementTick
 .text.vTaskSwitchContext
                0x08001878       0xd0 ..\obj\tasks.o
                0x08001878                vTaskSwitchContext
 .text.vTaskPlaceOnEventList
                0x08001948       0x78 ..\obj\tasks.o
                0x08001948                vTaskPlaceOnEventList
 .text.xTaskRemoveFromEventList
                0x080019c0       0xc4 ..\obj\tasks.o
                0x080019c0                xTaskRemoveFromEventList
 .text.vTaskSetTimeOutState
                0x08001a84       0x30 ..\obj\tasks.o
                0x08001a84                vTaskSetTimeOutState
 .text.xTaskCheckForTimeOut
                0x08001ab4       0xa4 ..\obj\tasks.o
                0x08001ab4                xTaskCheckForTimeOut
 .text.vTaskMissedYield
                0x08001b58       0x18 ..\obj\tasks.o
                0x08001b58                vTaskMissedYield
 .text.prvIdleTask
                0x08001b70       0x24 ..\obj\tasks.o
 .text.prvInitialiseTCBVariables
                0x08001b94       0x7c ..\obj\tasks.o
 .text.prvInitialiseTaskLists
                0x08001c10       0xa4 ..\obj\tasks.o
 .text.prvCheckTasksWaitingTermination
                0x08001cb4       0x98 ..\obj\tasks.o
 .text.prvAddCurrentTaskToDelayedList
                0x08001d4c       0x8c ..\obj\tasks.o
 .text.prvAllocateTCBAndStack
                0x08001dd8       0x74 ..\obj\tasks.o
 .text.prvDeleteTCB
                0x08001e4c       0x20 ..\obj\tasks.o
 .text.xTaskGetCurrentTaskHandle
                0x08001e6c       0x20 ..\obj\tasks.o
                0x08001e6c                xTaskGetCurrentTaskHandle
 .text.vTaskPriorityInherit
                0x08001e8c       0xd8 ..\obj\tasks.o
                0x08001e8c                vTaskPriorityInherit
 .text.vTaskPriorityDisinherit
                0x08001f64       0x90 ..\obj\tasks.o
                0x08001f64                vTaskPriorityDisinherit
 .text.ADC_Init
                0x08001ff4       0xc0 ..\obj\stm32f10x_adc.o
                0x08001ff4                ADC_Init
 .text.ADC_Cmd  0x080020b4       0x38 ..\obj\stm32f10x_adc.o
                0x080020b4                ADC_Cmd
 .text.ADC_ITConfig
                0x080020ec       0x4c ..\obj\stm32f10x_adc.o
                0x080020ec                ADC_ITConfig
 .text.ADC_ResetCalibration
                0x08002138       0x20 ..\obj\stm32f10x_adc.o
                0x08002138                ADC_ResetCalibration
 .text.ADC_GetResetCalibrationStatus
                0x08002158       0x38 ..\obj\stm32f10x_adc.o
                0x08002158                ADC_GetResetCalibrationStatus
 .text.ADC_StartCalibration
                0x08002190       0x20 ..\obj\stm32f10x_adc.o
                0x08002190                ADC_StartCalibration
 .text.ADC_GetCalibrationStatus
                0x080021b0       0x38 ..\obj\stm32f10x_adc.o
                0x080021b0                ADC_GetCalibrationStatus
 .text.ADC_AutoInjectedConvCmd
                0x080021e8       0x38 ..\obj\stm32f10x_adc.o
                0x080021e8                ADC_AutoInjectedConvCmd
 .text.ADC_ExternalTrigInjectedConvConfig
                0x08002220       0x38 ..\obj\stm32f10x_adc.o
                0x08002220                ADC_ExternalTrigInjectedConvConfig
 .text.ADC_SoftwareStartInjectedConvCmd
                0x08002258       0x38 ..\obj\stm32f10x_adc.o
                0x08002258                ADC_SoftwareStartInjectedConvCmd
 .text.ADC_InjectedChannelConfig
                0x08002290      0x150 ..\obj\stm32f10x_adc.o
                0x08002290                ADC_InjectedChannelConfig
 .text.ADC_InjectedSequencerLengthConfig
                0x080023e0       0x4c ..\obj\stm32f10x_adc.o
                0x080023e0                ADC_InjectedSequencerLengthConfig
 .text.ADC_GetInjectedConversionValue
                0x0800242c       0x34 ..\obj\stm32f10x_adc.o
                0x0800242c                ADC_GetInjectedConversionValue
 .text.ADC_GetITStatus
                0x08002460       0x6c ..\obj\stm32f10x_adc.o
                0x08002460                ADC_GetITStatus
 .text.ADC_ClearITPendingBit
                0x080024cc       0x30 ..\obj\stm32f10x_adc.o
                0x080024cc                ADC_ClearITPendingBit
 .text.keyboard_init
                0x080024fc       0x74 ..\obj\keyboard.o
                0x080024fc                keyboard_init
 .text.keyboard_task
                0x08002570       0x64 ..\obj\keyboard.o
                0x08002570                keyboard_task
 .text.keyboard_poll
                0x080025d4       0x7c ..\obj\keyboard.o
                0x080025d4                keyboard_poll
 .text.menuChange
                0x08002650       0x30 ..\obj\menu.o
                0x08002650                menuChange
 .text.menuChange_NEXT
                0x08002680       0x6c ..\obj\menu.o
                0x08002680                menuChange_NEXT
 .text.dispMenu
                0x080026ec       0x84 ..\obj\menu.o
                0x080026ec                dispMenu
 .text.menuKey  0x08002770       0xec ..\obj\menu.o
                0x08002770                menuKey
 .text.menuHandler
                0x0800285c       0xbc ..\obj\menu.o
                0x0800285c                menuHandler
 .text.startMenu
                0x08002918       0x34 ..\obj\menu.o
                0x08002918                startMenu
 .text.SetBrightnessKey
                0x0800294c       0x74 ..\obj\menu.o
                0x0800294c                SetBrightnessKey
 .text.SetBrightnessScreen
                0x080029c0       0x18 ..\obj\menu.o
                0x080029c0                SetBrightnessScreen
 .text.Set_Blink_Sym
                0x080029d8       0x18 ..\obj\menu.o
                0x080029d8                Set_Blink_Sym
 .text.vListInitialise
                0x080029f0       0x48 ..\obj\list.o
                0x080029f0                vListInitialise
 .text.vListInitialiseItem
                0x08002a38       0x1c ..\obj\list.o
                0x08002a38                vListInitialiseItem
 .text.vListInsertEnd
                0x08002a54       0x54 ..\obj\list.o
                0x08002a54                vListInsertEnd
 .text.vListInsert
                0x08002aa8       0x78 ..\obj\list.o
                0x08002aa8                vListInsert
 .text.vListRemove
                0x08002b20       0x54 ..\obj\list.o
                0x08002b20                vListRemove
 .text.pxPortInitialiseStack
                0x08002b74       0x60 ..\obj\port.o
                0x08002b74                pxPortInitialiseStack
 .text.SVC_Handler
                0x08002bd4       0x20 ..\obj\port.o
                0x08002bd4                SVC_Handler
 .text.vPortStartFirstTask
                0x08002bf4       0x14 ..\obj\port.o
                0x08002bf4                vPortStartFirstTask
 .text.xPortStartScheduler
                0x08002c08       0x54 ..\obj\port.o
                0x08002c08                xPortStartScheduler
 .text.vPortYieldFromISR
                0x08002c5c       0x18 ..\obj\port.o
                0x08002c5c                vPortYieldFromISR
 .text.vPortEnterCritical
                0x08002c74       0x2c ..\obj\port.o
                0x08002c74                vPortEnterCritical
 .text.vPortExitCritical
                0x08002ca0       0x38 ..\obj\port.o
                0x08002ca0                vPortExitCritical
 .text.PendSV_Handler
                0x08002cd8       0x3c ..\obj\port.o
                0x08002cd8                PendSV_Handler
 .text.SysTick_Handler
                0x08002d14       0x38 ..\obj\port.o
                0x08002d14                SysTick_Handler
 .text.prvSetupTimerInterrupt
                0x08002d4c       0x28 ..\obj\port.o
 .text.xQueueCreateMutex
                0x08002d74       0x9c ..\obj\queue.o
                0x08002d74                xQueueCreateMutex
 .text.xQueueGenericSend
                0x08002e10      0x124 ..\obj\queue.o
                0x08002e10                xQueueGenericSend
 .text.xQueueGenericReceive
                0x08002f34      0x188 ..\obj\queue.o
                0x08002f34                xQueueGenericReceive
 .text.prvCopyDataToQueue
                0x080030bc       0xc4 ..\obj\queue.o
 .text.prvCopyDataFromQueue
                0x08003180       0x50 ..\obj\queue.o
 .text.prvUnlockQueue
                0x080031d0       0xa0 ..\obj\queue.o
 .text.prvIsQueueEmpty
                0x08003270       0x2c ..\obj\queue.o
 .text.prvIsQueueFull
                0x0800329c       0x30 ..\obj\queue.o
 .text.DMA_Init
                0x080032cc       0x84 ..\obj\stm32f10x_dma.o
                0x080032cc                DMA_Init
 .text.DMA_StructInit
                0x08003350       0x6c ..\obj\stm32f10x_dma.o
                0x08003350                DMA_StructInit
 .text.DMA_Cmd  0x080033bc       0x3c ..\obj\stm32f10x_dma.o
                0x080033bc                DMA_Cmd
 .text.DMA_GetFlagStatus
                0x080033f8       0x60 ..\obj\stm32f10x_dma.o
                0x080033f8                DMA_GetFlagStatus
 .text.DMA_ClearFlag
                0x08003458       0x38 ..\obj\stm32f10x_dma.o
                0x08003458                DMA_ClearFlag
 .text.spi_buses_init
                0x08003490       0x64 ..\obj\spi_bus.o
                0x08003490                spi_buses_init
 .text.spi1_config
                0x080034f4      0x1e0 ..\obj\spi_bus.o
                0x080034f4                spi1_config
 .text.spi1_write_buf
                0x080036d4       0x44 ..\obj\spi_bus.o
                0x080036d4                spi1_write_buf
 .text.spi1_task
                0x08003718      0x100 ..\obj\spi_bus.o
 .text.NVIC_Init
                0x08003818       0xec ..\obj\misc.o
                0x08003818                NVIC_Init
 .text.SPI_Init
                0x08003904       0x98 ..\obj\stm32f10x_spi.o
                0x08003904                SPI_Init
 .text.SPI_Cmd  0x0800399c       0x40 ..\obj\stm32f10x_spi.o
                0x0800399c                SPI_Cmd
 .text.SPI_I2S_DMACmd
                0x080039dc       0x4c ..\obj\stm32f10x_spi.o
                0x080039dc                SPI_I2S_DMACmd
 .text.SPI_CalculateCRC
                0x08003a28       0x40 ..\obj\stm32f10x_spi.o
                0x08003a28                SPI_CalculateCRC
 .text.pvPortMalloc
                0x08003a68       0x98 ..\obj\heap_1.o
                0x08003a68                pvPortMalloc
 .text.vPortFree
                0x08003b00       0x14 ..\obj\heap_1.o
                0x08003b00                vPortFree
 .text          0x08003b14      0x150 c:/coocox/coide/gcc/sourcery g++ lite/bin/../lib/gcc/arm-none-eabi/4.5.1/../../../../arm-none-eabi/lib/thumb2\libc.a(lib_a-memcpy.o)
                0x08003b14                memcpy
 .text          0x08003c64       0xb4 c:/coocox/coide/gcc/sourcery g++ lite/bin/../lib/gcc/arm-none-eabi/4.5.1/../../../../arm-none-eabi/lib/thumb2\libc.a(lib_a-memset.o)
                0x08003c64                memset
 .text          0x08003d18       0x60 c:/coocox/coide/gcc/sourcery g++ lite/bin/../lib/gcc/arm-none-eabi/4.5.1/../../../../arm-none-eabi/lib/thumb2\libc.a(lib_a-strlen.o)
                0x08003d18                strlen
 .text          0x08003d78       0x7c c:/coocox/coide/gcc/sourcery g++ lite/bin/../lib/gcc/arm-none-eabi/4.5.1/../../../../arm-none-eabi/lib/thumb2\libc.a(lib_a-strncpy.o)
                0x08003d78                strncpy
 *(.glue_7t)
 .glue_7t       0x00000000        0x0 linker stubs
 *(.glue_7)
 .glue_7        0x00000000        0x0 linker stubs
 *(.rodata .rodata* .gnu.linkonce.r.*)
 .rodata        0x08003df4       0x10 ..\obj\adc_sensor.o
 .rodata        0x08003e04       0x5c ..\obj\indicator.o
                0x08003e04                Sym_table
 .rodata        0x08003e60        0x8 ..\obj\main.o
 .rodata        0x08003e68        0x8 ..\obj\tasks.o
 .rodata        0x08003e70        0xc ..\obj\keyboard.o
 .rodata        0x08003e7c      0x3a0 ..\obj\menu.o
                0x08003e7c                strNULL
                0x08003e80                Null_Menu
                0x08003ea4                m_s0i1
                0x08003ec4                m_s1i1
                0x08003ee4                m_s1i2
                0x08003f04                m_s2i1
                0x08003f24                m_s2i2
                0x08003f44                m_s2i3
                0x08003f64                m_s2i4
                0x08003f84                m_s2i5
                0x08003fa4                m_s2i6
                0x08003fc4                m_s3i1
                0x08003fe4                m_s3i2
                0x08004004                m_s3i3
                0x08004024                m_s3i4
                0x0800403c                m_s4i1
                0x08004054                m_s4i2
                0x0800406c                m_s4i3
                0x08004084                m_s4i4
                0x0800409c                m_s5i1
                0x080040b4                m_s5i2
                0x080040cc                m_s5i3
                0x080040e4                m_s5i4
                0x080040fc                m_s6i1
                0x08004114                m_s6i2
                0x0800412c                m_s6i3
                0x08004144                m_s6i4
                0x0800415c                m_s7i1
                0x08004174                m_s7i2
                0x0800418c                m_s7i3
                0x080041a4                m_s7i4
                0x080041bc                m_s8i1
                0x080041d4                m_s8i2
                0x080041ec                m_s8i3
                0x08004204                m_s8i4
 .rodata        0x0800421c        0xc ..\obj\spi_bus.o

.vfp11_veneer   0x08004228        0x0
 .vfp11_veneer  0x00000000        0x0 linker stubs

.v4_bx          0x08004228        0x0
 .v4_bx         0x00000000        0x0 linker stubs

.ARM.extab
 *(.ARM.extab* .gnu.linkonce.armextab.*)

.ARM.exidx
 *(.ARM.exidx* .gnu.linkonce.armexidx.*)
                0x08004228                . = ALIGN (0x4)
                0x08004228                _etext = .
                0x08004228                _sidata = .

.data           0x20000000        0x8 load address 0x08004228
                0x20000000                _sdata = .
 *(.data .data.*)
 .data          0x20000000        0x4 ..\obj\tasks.o
 .data          0x20000004        0x4 ..\obj\port.o
                0x20000008                . = ALIGN (0x4)
                0x20000008                _edata = .

.bss            0x20000008     0x1354 load address 0x08004230
                0x20000008                _sbss = .
 *(.bss .bss.*)
 .bss           0x20000008        0x8 ..\obj\adc_sensor.o
                0x20000008                adc_ready
 .bss           0x20000010      0x100 ..\obj\tasks.o
                0x20000010                pxCurrentTCB
 .bss           0x20000110        0xc ..\obj\menu.o
                0x20000110                flag_menu_entry
                0x20000111                dynamic_disp
 *fill*         0x2000011c        0x4 00
 .bss           0x20000120     0x1008 ..\obj\heap_1.o
 *(COMMON)
 COMMON         0x20001128        0x8 ..\obj\adc_sensor.o
                0x20001128                ADC_Data_1
                0x2000112a                ADC_Data_4
                0x2000112c                ADC_Data_3
                0x2000112e                ADC_Data_2
 COMMON         0x20001130      0x1b6 ..\obj\tablo.o
                0x20001130                tab
 *fill*         0x200012e6        0x2 00
 COMMON         0x200012e8       0x30 ..\obj\menu.o
                0x200012e8                menuStack
                0x20001310                menuStackTop
                0x20001314                selectedMenuItem
 COMMON         0x20001318       0x40 ..\obj\channels.o
                0x20001318                channels
 COMMON         0x20001358        0x4 ..\obj\spi_bus.o
                0x20001358                xSPI_Buf_Mutex
                0x2000135c                . = ALIGN (0x4)
                0x2000135c                _ebss = .

.co_stack       0x2000135c      0x404 load address 0x08005584
                0x20001360                . = ALIGN (0x8)
 *fill*         0x2000135c        0x4 00
 *(.co_stack .co_stack.*)
 .co_stack      0x20001360      0x400 ..\obj\startup_stm32f10x_md_vl.o
                0x20001360                pulStack
                0x20001760                . = ALIGN (0x4)
                0x20001760                _end = .
LOAD ..\obj\stm32f10x_tim.o
LOAD ..\obj\startup_stm32f10x_md_vl.o
LOAD ..\obj\core_cm3.o
LOAD ..\obj\system_stm32f10x.o
LOAD ..\obj\stm32f10x_pwr.o
LOAD ..\obj\stm32f10x_gpio.o
LOAD ..\obj\adc_sensor.o
LOAD ..\obj\stm32f10x_dac.o
LOAD ..\obj\indicator.o
LOAD ..\obj\main.o
LOAD ..\obj\timers.o
LOAD ..\obj\tablo.o
LOAD ..\obj\printf.o
LOAD ..\obj\stm32f10x_rcc.o
LOAD ..\obj\dac.o
LOAD ..\obj\tasks.o
LOAD ..\obj\stm32f10x_adc.o
LOAD ..\obj\keyboard.o
LOAD ..\obj\menu.o
LOAD ..\obj\list.o
LOAD ..\obj\syscalls.o
LOAD ..\obj\stm32f10x_flash.o
LOAD ..\obj\port.o
LOAD ..\obj\queue.o
LOAD ..\obj\stm32f10x_dma.o
LOAD ..\obj\croutine.o
LOAD ..\obj\channels.o
LOAD ..\obj\spi_bus.o
LOAD ..\obj\misc.o
LOAD ..\obj\stm32f10x_spi.o
LOAD ..\obj\heap_1.o
START GROUP
LOAD c:/coocox/coide/gcc/sourcery g++ lite/bin/../lib/gcc/arm-none-eabi/4.5.1/thumb2\libgcc.a
LOAD c:/coocox/coide/gcc/sourcery g++ lite/bin/../lib/gcc/arm-none-eabi/4.5.1/../../../../arm-none-eabi/lib/thumb2\libc.a
END GROUP
OUTPUT(tablo_proto_test.elf elf32-littlearm)

.debug_abbrev   0x00000000     0x27cb
 .debug_abbrev  0x00000000      0x172 ..\obj\stm32f10x_tim.o
 .debug_abbrev  0x00000172       0xa3 ..\obj\startup_stm32f10x_md_vl.o
 .debug_abbrev  0x00000215       0xd5 ..\obj\core_cm3.o
 .debug_abbrev  0x000002ea      0x17e ..\obj\system_stm32f10x.o
 .debug_abbrev  0x00000468      0x184 ..\obj\stm32f10x_pwr.o
 .debug_abbrev  0x000005ec      0x1a4 ..\obj\stm32f10x_gpio.o
 .debug_abbrev  0x00000790      0x1cd ..\obj\adc_sensor.o
 .debug_abbrev  0x0000095d      0x172 ..\obj\stm32f10x_dac.o
 .debug_abbrev  0x00000acf      0x164 ..\obj\indicator.o
 .debug_abbrev  0x00000c33       0x86 ..\obj\main.o
 .debug_abbrev  0x00000cb9       0x40 ..\obj\timers.o
 .debug_abbrev  0x00000cf9      0x10b ..\obj\tablo.o
 .debug_abbrev  0x00000e04      0x238 ..\obj\printf.o
 .debug_abbrev  0x0000103c      0x191 ..\obj\stm32f10x_rcc.o
 .debug_abbrev  0x000011cd       0xec ..\obj\dac.o
 .debug_abbrev  0x000012b9      0x193 ..\obj\tasks.o
 .debug_abbrev  0x0000144c      0x174 ..\obj\stm32f10x_adc.o
 .debug_abbrev  0x000015c0      0x119 ..\obj\keyboard.o
 .debug_abbrev  0x000016d9      0x260 ..\obj\menu.o
 .debug_abbrev  0x00001939       0xb2 ..\obj\list.o
 .debug_abbrev  0x000019eb       0xde ..\obj\syscalls.o
 .debug_abbrev  0x00001ac9      0x162 ..\obj\stm32f10x_flash.o
 .debug_abbrev  0x00001c2b      0x138 ..\obj\port.o
 .debug_abbrev  0x00001d63      0x103 ..\obj\queue.o
 .debug_abbrev  0x00001e66      0x14e ..\obj\stm32f10x_dma.o
 .debug_abbrev  0x00001fb4      0x197 ..\obj\croutine.o
 .debug_abbrev  0x0000214b      0x100 ..\obj\channels.o
 .debug_abbrev  0x0000224b      0x1e1 ..\obj\spi_bus.o
 .debug_abbrev  0x0000242c      0x135 ..\obj\misc.o
 .debug_abbrev  0x00002561      0x15d ..\obj\stm32f10x_spi.o
 .debug_abbrev  0x000026be      0x10d ..\obj\heap_1.o

.debug_info     0x00000000     0xcb3a
 .debug_info    0x00000000     0x1e18 ..\obj\stm32f10x_tim.o
 .debug_info    0x00001e18      0x143 ..\obj\startup_stm32f10x_md_vl.o
 .debug_info    0x00001f5b      0x548 ..\obj\core_cm3.o
 .debug_info    0x000024a3      0x433 ..\obj\system_stm32f10x.o
 .debug_info    0x000028d6      0x45b ..\obj\stm32f10x_pwr.o
 .debug_info    0x00002d31      0x723 ..\obj\stm32f10x_gpio.o
 .debug_info    0x00003454      0x7f9 ..\obj\adc_sensor.o
 .debug_info    0x00003c4d      0x671 ..\obj\stm32f10x_dac.o
 .debug_info    0x000042be      0x3f7 ..\obj\indicator.o
 .debug_info    0x000046b5       0xef ..\obj\main.o
 .debug_info    0x000047a4       0x89 ..\obj\timers.o
 .debug_info    0x0000482d      0x2a7 ..\obj\tablo.o
 .debug_info    0x00004ad4      0xed2 ..\obj\printf.o
 .debug_info    0x000059a6      0x976 ..\obj\stm32f10x_rcc.o
 .debug_info    0x0000631c      0x268 ..\obj\dac.o
 .debug_info    0x00006584      0xc80 ..\obj\tasks.o
 .debug_info    0x00007204      0xc0e ..\obj\stm32f10x_adc.o
 .debug_info    0x00007e12      0x294 ..\obj\keyboard.o
 .debug_info    0x000080a6      0xd25 ..\obj\menu.o
 .debug_info    0x00008dcb      0x2cb ..\obj\list.o
 .debug_info    0x00009096      0x440 ..\obj\syscalls.o
 .debug_info    0x000094d6      0x819 ..\obj\stm32f10x_flash.o
 .debug_info    0x00009cef      0x214 ..\obj\port.o
 .debug_info    0x00009f03      0x7a4 ..\obj\queue.o
 .debug_info    0x0000a6a7      0x4a2 ..\obj\stm32f10x_dma.o
 .debug_info    0x0000ab49      0x4ec ..\obj\croutine.o
 .debug_info    0x0000b035      0x306 ..\obj\channels.o
 .debug_info    0x0000b33b      0x7b5 ..\obj\spi_bus.o
 .debug_info    0x0000baf0      0x546 ..\obj\misc.o
 .debug_info    0x0000c036      0x971 ..\obj\stm32f10x_spi.o
 .debug_info    0x0000c9a7      0x193 ..\obj\heap_1.o

.debug_line     0x00000000     0x66cc
 .debug_line    0x00000000      0xac7 ..\obj\stm32f10x_tim.o
 .debug_line    0x00000ac7       0xc7 ..\obj\startup_stm32f10x_md_vl.o
 .debug_line    0x00000b8e      0x29f ..\obj\core_cm3.o
 .debug_line    0x00000e2d      0x270 ..\obj\system_stm32f10x.o
 .debug_line    0x0000109d      0x2a1 ..\obj\stm32f10x_pwr.o
 .debug_line    0x0000133e      0x3e1 ..\obj\stm32f10x_gpio.o
 .debug_line    0x0000171f      0x338 ..\obj\adc_sensor.o
 .debug_line    0x00001a57      0x391 ..\obj\stm32f10x_dac.o
 .debug_line    0x00001de8      0x386 ..\obj\indicator.o
 .debug_line    0x0000216e       0xf8 ..\obj\main.o
 .debug_line    0x00002266       0x78 ..\obj\timers.o
 .debug_line    0x000022de      0x1f9 ..\obj\tablo.o
 .debug_line    0x000024d7      0x3e0 ..\obj\printf.o
 .debug_line    0x000028b7      0x508 ..\obj\stm32f10x_rcc.o
 .debug_line    0x00002dbf      0x23a ..\obj\dac.o
 .debug_line    0x00002ff9      0x6ad ..\obj\tasks.o
 .debug_line    0x000036a6      0x555 ..\obj\stm32f10x_adc.o
 .debug_line    0x00003bfb      0x26d ..\obj\keyboard.o
 .debug_line    0x00003e68      0x3c0 ..\obj\menu.o
 .debug_line    0x00004228      0x24e ..\obj\list.o
 .debug_line    0x00004476      0x1ae ..\obj\syscalls.o
 .debug_line    0x00004624      0x50c ..\obj\stm32f10x_flash.o
 .debug_line    0x00004b30      0x24c ..\obj\port.o
 .debug_line    0x00004d7c      0x46b ..\obj\queue.o
 .debug_line    0x000051e7      0x335 ..\obj\stm32f10x_dma.o
 .debug_line    0x0000551c      0x31d ..\obj\croutine.o
 .debug_line    0x00005839      0x1c6 ..\obj\channels.o
 .debug_line    0x000059ff      0x459 ..\obj\spi_bus.o
 .debug_line    0x00005e58      0x276 ..\obj\misc.o
 .debug_line    0x000060ce      0x454 ..\obj\stm32f10x_spi.o
 .debug_line    0x00006522      0x1aa ..\obj\heap_1.o

.debug_loc      0x00000000     0x5b9c
 .debug_loc     0x00000000     0x13e8 ..\obj\stm32f10x_tim.o
 .debug_loc     0x000013e8       0x64 ..\obj\startup_stm32f10x_md_vl.o
 .debug_loc     0x0000144c      0x3f0 ..\obj\core_cm3.o
 .debug_loc     0x0000183c       0xc8 ..\obj\system_stm32f10x.o
 .debug_loc     0x00001904      0x238 ..\obj\stm32f10x_pwr.o
 .debug_loc     0x00001b3c      0x3e4 ..\obj\stm32f10x_gpio.o
 .debug_loc     0x00001f20       0x9c ..\obj\adc_sensor.o
 .debug_loc     0x00001fbc      0x3ac ..\obj\stm32f10x_dac.o
 .debug_loc     0x00002368       0xa8 ..\obj\indicator.o
 .debug_loc     0x00002410       0x70 ..\obj\main.o
 .debug_loc     0x00002480       0x64 ..\obj\tablo.o
 .debug_loc     0x000024e4      0x3ea ..\obj\printf.o
 .debug_loc     0x000028ce      0x714 ..\obj\stm32f10x_rcc.o
 .debug_loc     0x00002fe2       0x38 ..\obj\dac.o
 .debug_loc     0x0000301a      0x698 ..\obj\tasks.o
 .debug_loc     0x000036b2      0x7d4 ..\obj\stm32f10x_adc.o
 .debug_loc     0x00003e86       0x9c ..\obj\keyboard.o
 .debug_loc     0x00003f22      0x2c0 ..\obj\menu.o
 .debug_loc     0x000041e2      0x118 ..\obj\list.o
 .debug_loc     0x000042fa      0x1ec ..\obj\syscalls.o
 .debug_loc     0x000044e6      0x5d8 ..\obj\stm32f10x_flash.o
 .debug_loc     0x00004abe      0x178 ..\obj\port.o
 .debug_loc     0x00004c36      0x380 ..\obj\queue.o
 .debug_loc     0x00004fb6      0x268 ..\obj\stm32f10x_dma.o
 .debug_loc     0x0000521e      0x188 ..\obj\croutine.o
 .debug_loc     0x000053a6       0x2c ..\obj\channels.o
 .debug_loc     0x000053d2       0xe2 ..\obj\spi_bus.o
 .debug_loc     0x000054b4      0x118 ..\obj\misc.o
 .debug_loc     0x000055cc      0x508 ..\obj\stm32f10x_spi.o
 .debug_loc     0x00005ad4       0xc8 ..\obj\heap_1.o

.debug_pubnames
                0x00000000     0x2783
 .debug_pubnames
                0x00000000      0x7b0 ..\obj\stm32f10x_tim.o
 .debug_pubnames
                0x000007b0       0x4a ..\obj\startup_stm32f10x_md_vl.o
 .debug_pubnames
                0x000007fa      0x159 ..\obj\core_cm3.o
 .debug_pubnames
                0x00000953       0x61 ..\obj\system_stm32f10x.o
 .debug_pubnames
                0x000009b4       0xcb ..\obj\stm32f10x_pwr.o
 .debug_pubnames
                0x00000a7f      0x19d ..\obj\stm32f10x_gpio.o
 .debug_pubnames
                0x00000c1c       0x84 ..\obj\adc_sensor.o
 .debug_pubnames
                0x00000ca0      0x17d ..\obj\stm32f10x_dac.o
 .debug_pubnames
                0x00000e1d       0x5a ..\obj\indicator.o
 .debug_pubnames
                0x00000e77       0x1b ..\obj\main.o
 .debug_pubnames
                0x00000e92       0x51 ..\obj\tablo.o
 .debug_pubnames
                0x00000ee3      0x101 ..\obj\printf.o
 .debug_pubnames
                0x00000fe4      0x2da ..\obj\stm32f10x_rcc.o
 .debug_pubnames
                0x000012be       0x23 ..\obj\dac.o
 .debug_pubnames
                0x000012e1      0x24c ..\obj\tasks.o
 .debug_pubnames
                0x0000152d      0x401 ..\obj\stm32f10x_adc.o
 .debug_pubnames
                0x0000192e       0x48 ..\obj\keyboard.o
 .debug_pubnames
                0x00001976      0x2c1 ..\obj\menu.o
 .debug_pubnames
                0x00001c37       0x71 ..\obj\list.o
 .debug_pubnames
                0x00001ca8       0x71 ..\obj\syscalls.o
 .debug_pubnames
                0x00001d19      0x2f2 ..\obj\stm32f10x_flash.o
 .debug_pubnames
                0x0000200b      0x101 ..\obj\port.o
 .debug_pubnames
                0x0000210c      0x12e ..\obj\queue.o
 .debug_pubnames
                0x0000223a       0xea ..\obj\stm32f10x_dma.o
 .debug_pubnames
                0x00002324       0x96 ..\obj\croutine.o
 .debug_pubnames
                0x000023ba       0x8b ..\obj\channels.o
 .debug_pubnames
                0x00002445       0x5b ..\obj\spi_bus.o
 .debug_pubnames
                0x000024a0       0x89 ..\obj\misc.o
 .debug_pubnames
                0x00002529      0x1f6 ..\obj\stm32f10x_spi.o
 .debug_pubnames
                0x0000271f       0x64 ..\obj\heap_1.o

.debug_pubtypes
                0x00000000     0x1140
 .debug_pubtypes
                0x00000000       0xd8 ..\obj\stm32f10x_tim.o
 .debug_pubtypes
                0x000000d8       0x50 ..\obj\core_cm3.o
 .debug_pubtypes
                0x00000128       0x55 ..\obj\system_stm32f10x.o
 .debug_pubtypes
                0x0000017d       0x78 ..\obj\stm32f10x_pwr.o
 .debug_pubtypes
                0x000001f5       0xc3 ..\obj\stm32f10x_gpio.o
 .debug_pubtypes
                0x000002b8      0x10a ..\obj\adc_sensor.o
 .debug_pubtypes
                0x000003c2       0x8c ..\obj\stm32f10x_dac.o
 .debug_pubtypes
                0x0000044e       0x8d ..\obj\indicator.o
 .debug_pubtypes
                0x000004db       0x12 ..\obj\main.o
 .debug_pubtypes
                0x000004ed       0x12 ..\obj\timers.o
 .debug_pubtypes
                0x000004ff       0x56 ..\obj\tablo.o
 .debug_pubtypes
                0x00000555      0x139 ..\obj\printf.o
 .debug_pubtypes
                0x0000068e       0x9e ..\obj\stm32f10x_rcc.o
 .debug_pubtypes
                0x0000072c       0x91 ..\obj\dac.o
 .debug_pubtypes
                0x000007bd      0x10c ..\obj\tasks.o
 .debug_pubtypes
                0x000008c9       0x8c ..\obj\stm32f10x_adc.o
 .debug_pubtypes
                0x00000955       0x89 ..\obj\keyboard.o
 .debug_pubtypes
                0x000009de       0x62 ..\obj\menu.o
 .debug_pubtypes
                0x00000a40       0x7a ..\obj\list.o
 .debug_pubtypes
                0x00000aba       0xaa ..\obj\syscalls.o
 .debug_pubtypes
                0x00000b64       0x8d ..\obj\stm32f10x_flash.o
 .debug_pubtypes
                0x00000bf1       0x33 ..\obj\port.o
 .debug_pubtypes
                0x00000c24       0xd4 ..\obj\queue.o
 .debug_pubtypes
                0x00000cf8       0x98 ..\obj\stm32f10x_dma.o
 .debug_pubtypes
                0x00000d90       0xcd ..\obj\croutine.o
 .debug_pubtypes
                0x00000e5d       0x46 ..\obj\channels.o
 .debug_pubtypes
                0x00000ea3      0x13b ..\obj\spi_bus.o
 .debug_pubtypes
                0x00000fde       0x80 ..\obj\misc.o
 .debug_pubtypes
                0x0000105e       0xb6 ..\obj\stm32f10x_spi.o
 .debug_pubtypes
                0x00001114       0x2c ..\obj\heap_1.o

.debug_aranges  0x00000000     0x1058
 .debug_aranges
                0x00000000      0x2f0 ..\obj\stm32f10x_tim.o
 .debug_aranges
                0x000002f0       0x28 ..\obj\startup_stm32f10x_md_vl.o
 .debug_aranges
                0x00000318       0xc8 ..\obj\core_cm3.o
 .debug_aranges
                0x000003e0       0x38 ..\obj\system_stm32f10x.o
 .debug_aranges
                0x00000418       0x70 ..\obj\stm32f10x_pwr.o
 .debug_aranges
                0x00000488       0xa8 ..\obj\stm32f10x_gpio.o
 .debug_aranges
                0x00000530       0x30 ..\obj\adc_sensor.o
 .debug_aranges
                0x00000560       0xa0 ..\obj\stm32f10x_dac.o
 .debug_aranges
                0x00000600       0x30 ..\obj\indicator.o
 .debug_aranges
                0x00000630       0x28 ..\obj\main.o
 .debug_aranges
                0x00000658       0x28 ..\obj\tablo.o
 .debug_aranges
                0x00000680       0xa0 ..\obj\printf.o
 .debug_aranges
                0x00000720      0x120 ..\obj\stm32f10x_rcc.o
 .debug_aranges
                0x00000840       0x20 ..\obj\dac.o
 .debug_aranges
                0x00000860      0x110 ..\obj\tasks.o
 .debug_aranges
                0x00000970      0x138 ..\obj\stm32f10x_adc.o
 .debug_aranges
                0x00000aa8       0x30 ..\obj\keyboard.o
 .debug_aranges
                0x00000ad8       0x80 ..\obj\menu.o
 .debug_aranges
                0x00000b58       0x40 ..\obj\list.o
 .debug_aranges
                0x00000b98       0x60 ..\obj\syscalls.o
 .debug_aranges
                0x00000bf8       0xf8 ..\obj\stm32f10x_flash.o
 .debug_aranges
                0x00000cf0       0x70 ..\obj\port.o
 .debug_aranges
                0x00000d60       0x98 ..\obj\queue.o
 .debug_aranges
                0x00000df8       0x70 ..\obj\stm32f10x_dma.o
 .debug_aranges
                0x00000e68       0x50 ..\obj\croutine.o
 .debug_aranges
                0x00000eb8       0x20 ..\obj\channels.o
 .debug_aranges
                0x00000ed8       0x38 ..\obj\spi_bus.o
 .debug_aranges
                0x00000f10       0x40 ..\obj\misc.o
 .debug_aranges
                0x00000f50       0xd0 ..\obj\stm32f10x_spi.o
 .debug_aranges
                0x00001020       0x38 ..\obj\heap_1.o

.debug_ranges   0x00000000      0xe78
 .debug_ranges  0x00000000      0x2e0 ..\obj\stm32f10x_tim.o
 .debug_ranges  0x000002e0       0x18 ..\obj\startup_stm32f10x_md_vl.o
 .debug_ranges  0x000002f8       0xb8 ..\obj\core_cm3.o
 .debug_ranges  0x000003b0       0x28 ..\obj\system_stm32f10x.o
 .debug_ranges  0x000003d8       0x60 ..\obj\stm32f10x_pwr.o
 .debug_ranges  0x00000438       0x98 ..\obj\stm32f10x_gpio.o
 .debug_ranges  0x000004d0       0x20 ..\obj\adc_sensor.o
 .debug_ranges  0x000004f0       0x90 ..\obj\stm32f10x_dac.o
 .debug_ranges  0x00000580       0x20 ..\obj\indicator.o
 .debug_ranges  0x000005a0       0x18 ..\obj\main.o
 .debug_ranges  0x000005b8       0x18 ..\obj\tablo.o
 .debug_ranges  0x000005d0       0x90 ..\obj\printf.o
 .debug_ranges  0x00000660      0x110 ..\obj\stm32f10x_rcc.o
 .debug_ranges  0x00000770       0x10 ..\obj\dac.o
 .debug_ranges  0x00000780      0x100 ..\obj\tasks.o
 .debug_ranges  0x00000880      0x128 ..\obj\stm32f10x_adc.o
 .debug_ranges  0x000009a8       0x20 ..\obj\keyboard.o
 .debug_ranges  0x000009c8       0x70 ..\obj\menu.o
 .debug_ranges  0x00000a38       0x30 ..\obj\list.o
 .debug_ranges  0x00000a68       0x50 ..\obj\syscalls.o
 .debug_ranges  0x00000ab8       0xe8 ..\obj\stm32f10x_flash.o
 .debug_ranges  0x00000ba0       0x60 ..\obj\port.o
 .debug_ranges  0x00000c00       0x88 ..\obj\queue.o
 .debug_ranges  0x00000c88       0x60 ..\obj\stm32f10x_dma.o
 .debug_ranges  0x00000ce8       0x40 ..\obj\croutine.o
 .debug_ranges  0x00000d28       0x10 ..\obj\channels.o
 .debug_ranges  0x00000d38       0x28 ..\obj\spi_bus.o
 .debug_ranges  0x00000d60       0x30 ..\obj\misc.o
 .debug_ranges  0x00000d90       0xc0 ..\obj\stm32f10x_spi.o
 .debug_ranges  0x00000e50       0x28 ..\obj\heap_1.o

.debug_str      0x00000000     0x533d
 .debug_str     0x00000000      0xcbb ..\obj\stm32f10x_tim.o
                                0xd5c (size before relaxing)
 .debug_str     0x00000cbb       0xd5 ..\obj\startup_stm32f10x_md_vl.o
                                0x100 (size before relaxing)
 .debug_str     0x00000d90      0x184 ..\obj\core_cm3.o
                                0x24b (size before relaxing)
 .debug_str     0x00000f14      0x179 ..\obj\system_stm32f10x.o
                                0x253 (size before relaxing)
 .debug_str     0x0000108d      0x149 ..\obj\stm32f10x_pwr.o
                                0x291 (size before relaxing)
 .debug_str     0x000011d6      0x399 ..\obj\stm32f10x_gpio.o
                                0x498 (size before relaxing)
 .debug_str     0x0000156f      0x5ca ..\obj\adc_sensor.o
                                0x7c2 (size before relaxing)
 .debug_str     0x00001b39      0x2b5 ..\obj\stm32f10x_dac.o
                                0x3c2 (size before relaxing)
 .debug_str     0x00001dee      0x14d ..\obj\indicator.o
                                0x2e9 (size before relaxing)
 .debug_str     0x00001f3b       0x69 ..\obj\main.o
                                0x187 (size before relaxing)
 .debug_str     0x00001fa4       0x66 ..\obj\timers.o
                                0x103 (size before relaxing)
 .debug_str     0x0000200a       0x86 ..\obj\tablo.o
                                0x223 (size before relaxing)
 .debug_str     0x00002090      0x4b7 ..\obj\printf.o
                                0x620 (size before relaxing)
 .debug_str     0x00002547      0x43f ..\obj\stm32f10x_rcc.o
                                0x5ec (size before relaxing)
 .debug_str     0x00002986       0x74 ..\obj\dac.o
                                0x2c3 (size before relaxing)
 .debug_str     0x000029fa      0x71a ..\obj\tasks.o
                                0x85a (size before relaxing)
 .debug_str     0x00003114      0x471 ..\obj\stm32f10x_adc.o
                                0x67a (size before relaxing)
 .debug_str     0x00003585       0xa2 ..\obj\keyboard.o
                                0x2a5 (size before relaxing)
 .debug_str     0x00003627      0x59f ..\obj\menu.o
                                0x7d6 (size before relaxing)
 .debug_str     0x00003bc6       0xf7 ..\obj\list.o
                                0x237 (size before relaxing)
 .debug_str     0x00003cbd      0x169 ..\obj\syscalls.o
                                0x2a0 (size before relaxing)
 .debug_str     0x00003e26      0x447 ..\obj\stm32f10x_flash.o
                                0x567 (size before relaxing)
 .debug_str     0x0000426d      0x170 ..\obj\port.o
                                0x240 (size before relaxing)
 .debug_str     0x000043dd      0x315 ..\obj\queue.o
                                0x4d4 (size before relaxing)
 .debug_str     0x000046f2      0x23e ..\obj\stm32f10x_dma.o
                                0x340 (size before relaxing)
 .debug_str     0x00004930      0x29c ..\obj\croutine.o
                                0x443 (size before relaxing)
 .debug_str     0x00004bcc       0xb8 ..\obj\channels.o
                                0x240 (size before relaxing)
 .debug_str     0x00004c84      0x16a ..\obj\spi_bus.o
                                0x5e5 (size before relaxing)
 .debug_str     0x00004dee      0x174 ..\obj\misc.o
                                0x342 (size before relaxing)
 .debug_str     0x00004f62      0x2e0 ..\obj\stm32f10x_spi.o
                                0x57c (size before relaxing)
 .debug_str     0x00005242       0xfb ..\obj\heap_1.o
                                0x1ab (size before relaxing)

.comment        0x00000000       0x2a
 .comment       0x00000000       0x2a ..\obj\stm32f10x_tim.o
                                 0x2b (size before relaxing)
 .comment       0x00000000       0x2b ..\obj\startup_stm32f10x_md_vl.o
 .comment       0x00000000       0x2b ..\obj\core_cm3.o
 .comment       0x00000000       0x2b ..\obj\system_stm32f10x.o
 .comment       0x00000000       0x2b ..\obj\stm32f10x_pwr.o
 .comment       0x00000000       0x2b ..\obj\stm32f10x_gpio.o
 .comment       0x00000000       0x2b ..\obj\adc_sensor.o
 .comment       0x00000000       0x2b ..\obj\stm32f10x_dac.o
 .comment       0x00000000       0x2b ..\obj\indicator.o
 .comment       0x00000000       0x2b ..\obj\main.o
 .comment       0x00000000       0x2b ..\obj\timers.o
 .comment       0x00000000       0x2b ..\obj\tablo.o
 .comment       0x00000000       0x2b ..\obj\printf.o
 .comment       0x00000000       0x2b ..\obj\stm32f10x_rcc.o
 .comment       0x00000000       0x2b ..\obj\dac.o
 .comment       0x00000000       0x2b ..\obj\tasks.o
 .comment       0x00000000       0x2b ..\obj\stm32f10x_adc.o
 .comment       0x00000000       0x2b ..\obj\keyboard.o
 .comment       0x00000000       0x2b ..\obj\menu.o
 .comment       0x00000000       0x2b ..\obj\list.o
 .comment       0x00000000       0x2b ..\obj\syscalls.o
 .comment       0x00000000       0x2b ..\obj\stm32f10x_flash.o
 .comment       0x00000000       0x2b ..\obj\port.o
 .comment       0x00000000       0x2b ..\obj\queue.o
 .comment       0x00000000       0x2b ..\obj\stm32f10x_dma.o
 .comment       0x00000000       0x2b ..\obj\croutine.o
 .comment       0x00000000       0x2b ..\obj\channels.o
 .comment       0x00000000       0x2b ..\obj\spi_bus.o
 .comment       0x00000000       0x2b ..\obj\misc.o
 .comment       0x00000000       0x2b ..\obj\stm32f10x_spi.o
 .comment       0x00000000       0x2b ..\obj\heap_1.o

.ARM.attributes
                0x00000000       0x31
 .ARM.attributes
                0x00000000       0x31 ..\obj\stm32f10x_tim.o
 .ARM.attributes
                0x00000031       0x31 ..\obj\startup_stm32f10x_md_vl.o
 .ARM.attributes
                0x00000062       0x31 ..\obj\core_cm3.o
 .ARM.attributes
                0x00000093       0x31 ..\obj\system_stm32f10x.o
 .ARM.attributes
                0x000000c4       0x31 ..\obj\stm32f10x_pwr.o
 .ARM.attributes
                0x000000f5       0x31 ..\obj\stm32f10x_gpio.o
 .ARM.attributes
                0x00000126       0x31 ..\obj\adc_sensor.o
 .ARM.attributes
                0x00000157       0x31 ..\obj\stm32f10x_dac.o
 .ARM.attributes
                0x00000188       0x31 ..\obj\indicator.o
 .ARM.attributes
                0x000001b9       0x31 ..\obj\main.o
 .ARM.attributes
                0x000001ea       0x31 ..\obj\timers.o
 .ARM.attributes
                0x0000021b       0x31 ..\obj\tablo.o
 .ARM.attributes
                0x0000024c       0x31 ..\obj\printf.o
 .ARM.attributes
                0x0000027d       0x31 ..\obj\stm32f10x_rcc.o
 .ARM.attributes
                0x000002ae       0x31 ..\obj\dac.o
 .ARM.attributes
                0x000002df       0x31 ..\obj\tasks.o
 .ARM.attributes
                0x00000310       0x31 ..\obj\stm32f10x_adc.o
 .ARM.attributes
                0x00000341       0x31 ..\obj\keyboard.o
 .ARM.attributes
                0x00000372       0x31 ..\obj\menu.o
 .ARM.attributes
                0x000003a3       0x31 ..\obj\list.o
 .ARM.attributes
                0x000003d4       0x31 ..\obj\syscalls.o
 .ARM.attributes
                0x00000405       0x31 ..\obj\stm32f10x_flash.o
 .ARM.attributes
                0x00000436       0x31 ..\obj\port.o
 .ARM.attributes
                0x00000467       0x31 ..\obj\queue.o
 .ARM.attributes
                0x00000498       0x31 ..\obj\stm32f10x_dma.o
 .ARM.attributes
                0x000004c9       0x31 ..\obj\croutine.o
 .ARM.attributes
                0x000004fa       0x31 ..\obj\channels.o
 .ARM.attributes
                0x0000052b       0x31 ..\obj\spi_bus.o
 .ARM.attributes
                0x0000055c       0x31 ..\obj\misc.o
 .ARM.attributes
                0x0000058d       0x31 ..\obj\stm32f10x_spi.o
 .ARM.attributes
                0x000005be       0x31 ..\obj\heap_1.o
 .ARM.attributes
                0x000005ef       0x1b c:/coocox/coide/gcc/sourcery g++ lite/bin/../lib/gcc/arm-none-eabi/4.5.1/thumb2\libgcc.a(_arm_addsubdf3.o)
 .ARM.attributes
                0x0000060a       0x1b c:/coocox/coide/gcc/sourcery g++ lite/bin/../lib/gcc/arm-none-eabi/4.5.1/thumb2\libgcc.a(_arm_cmpdf2.o)
 .ARM.attributes
                0x00000625       0x1b c:/coocox/coide/gcc/sourcery g++ lite/bin/../lib/gcc/arm-none-eabi/4.5.1/thumb2\libgcc.a(_arm_muldivsf3.o)
 .ARM.attributes
                0x00000640       0x1b c:/coocox/coide/gcc/sourcery g++ lite/bin/../lib/gcc/arm-none-eabi/4.5.1/thumb2\libgcc.a(_arm_cmpsf2.o)
 .ARM.attributes
                0x0000065b       0x1b c:/coocox/coide/gcc/sourcery g++ lite/bin/../lib/gcc/arm-none-eabi/4.5.1/thumb2\libgcc.a(_arm_fixunssfsi.o)
 .ARM.attributes
                0x00000676       0x29 c:/coocox/coide/gcc/sourcery g++ lite/bin/../lib/gcc/arm-none-eabi/4.5.1/../../../../arm-none-eabi/lib/thumb2\libc.a(lib_a-memcpy.o)
 .ARM.attributes
                0x0000069f       0x29 c:/coocox/coide/gcc/sourcery g++ lite/bin/../lib/gcc/arm-none-eabi/4.5.1/../../../../arm-none-eabi/lib/thumb2\libc.a(lib_a-memset.o)
 .ARM.attributes
                0x000006c8       0x29 c:/coocox/coide/gcc/sourcery g++ lite/bin/../lib/gcc/arm-none-eabi/4.5.1/../../../../arm-none-eabi/lib/thumb2\libc.a(lib_a-signal.o)
 .ARM.attributes
                0x000006f1       0x29 c:/coocox/coide/gcc/sourcery g++ lite/bin/../lib/gcc/arm-none-eabi/4.5.1/../../../../arm-none-eabi/lib/thumb2\libc.a(lib_a-signalr.o)
 .ARM.attributes
                0x0000071a       0x29 c:/coocox/coide/gcc/sourcery g++ lite/bin/../lib/gcc/arm-none-eabi/4.5.1/../../../../arm-none-eabi/lib/thumb2\libc.a(lib_a-strlen.o)
 .ARM.attributes
                0x00000743       0x29 c:/coocox/coide/gcc/sourcery g++ lite/bin/../lib/gcc/arm-none-eabi/4.5.1/../../../../arm-none-eabi/lib/thumb2\libc.a(lib_a-strncpy.o)
 .ARM.attributes
                0x0000076c       0x29 c:/coocox/coide/gcc/sourcery g++ lite/bin/../lib/gcc/arm-none-eabi/4.5.1/../../../../arm-none-eabi/lib/thumb2\libc.a(lib_a-mallocr.o)
 .ARM.attributes
                0x00000795       0x29 c:/coocox/coide/gcc/sourcery g++ lite/bin/../lib/gcc/arm-none-eabi/4.5.1/../../../../arm-none-eabi/lib/thumb2\libc.a(lib_a-mlock.o)
 .ARM.attributes
                0x000007be       0x29 c:/coocox/coide/gcc/sourcery g++ lite/bin/../lib/gcc/arm-none-eabi/4.5.1/../../../../arm-none-eabi/lib/thumb2\libc.a(lib_a-reent.o)
 .ARM.attributes
                0x000007e7       0x29 c:/coocox/coide/gcc/sourcery g++ lite/bin/../lib/gcc/arm-none-eabi/4.5.1/../../../../arm-none-eabi/lib/thumb2\libc.a(lib_a-sbrkr.o)
 .ARM.attributes
                0x00000810       0x29 c:/coocox/coide/gcc/sourcery g++ lite/bin/../lib/gcc/arm-none-eabi/4.5.1/../../../../arm-none-eabi/lib/thumb2\libc.a(lib_a-freer.o)

.debug_frame    0x00000000     0x3570
 .debug_frame   0x00000000      0xa20 ..\obj\stm32f10x_tim.o
 .debug_frame   0x00000a20       0x48 ..\obj\startup_stm32f10x_md_vl.o
 .debug_frame   0x00000a68      0x280 ..\obj\core_cm3.o
 .debug_frame   0x00000ce8       0x80 ..\obj\system_stm32f10x.o
 .debug_frame   0x00000d68      0x140 ..\obj\stm32f10x_pwr.o
 .debug_frame   0x00000ea8      0x210 ..\obj\stm32f10x_gpio.o
 .debug_frame   0x000010b8       0x6c ..\obj\adc_sensor.o
 .debug_frame   0x00001124      0x1ec ..\obj\stm32f10x_dac.o
 .debug_frame   0x00001310       0x74 ..\obj\indicator.o
 .debug_frame   0x00001384       0x50 ..\obj\main.o
 .debug_frame   0x000013d4       0x48 ..\obj\tablo.o
 .debug_frame   0x0000141c      0x244 ..\obj\printf.o
 .debug_frame   0x00001660      0x3a4 ..\obj\stm32f10x_rcc.o
 .debug_frame   0x00001a04       0x30 ..\obj\dac.o
 .debug_frame   0x00001a34      0x3c0 ..\obj\tasks.o
 .debug_frame   0x00001df4      0x400 ..\obj\stm32f10x_adc.o
 .debug_frame   0x000021f4       0x6c ..\obj\keyboard.o
 .debug_frame   0x00002260      0x190 ..\obj\menu.o
 .debug_frame   0x000023f0       0x9c ..\obj\list.o
 .debug_frame   0x0000248c      0x108 ..\obj\syscalls.o
 .debug_frame   0x00002594      0x338 ..\obj\stm32f10x_flash.o
 .debug_frame   0x000028cc      0x110 ..\obj\port.o
 .debug_frame   0x000029dc      0x204 ..\obj\queue.o
 .debug_frame   0x00002be0      0x144 ..\obj\stm32f10x_dma.o
 .debug_frame   0x00002d24       0xf0 ..\obj\croutine.o
 .debug_frame   0x00002e14       0x28 ..\obj\channels.o
 .debug_frame   0x00002e3c       0x90 ..\obj\spi_bus.o
 .debug_frame   0x00002ecc       0x9c ..\obj\misc.o
 .debug_frame   0x00002f68      0x29c ..\obj\stm32f10x_spi.o
 .debug_frame   0x00003204       0x7c ..\obj\heap_1.o
 .debug_frame   0x00003280       0x30 c:/coocox/coide/gcc/sourcery g++ lite/bin/../lib/gcc/arm-none-eabi/4.5.1/../../../../arm-none-eabi/lib/thumb2\libc.a(lib_a-memcpy.o)
 .debug_frame   0x000032b0       0x2c c:/coocox/coide/gcc/sourcery g++ lite/bin/../lib/gcc/arm-none-eabi/4.5.1/../../../../arm-none-eabi/lib/thumb2\libc.a(lib_a-memset.o)
 .debug_frame   0x000032dc       0xc0 c:/coocox/coide/gcc/sourcery g++ lite/bin/../lib/gcc/arm-none-eabi/4.5.1/../../../../arm-none-eabi/lib/thumb2\libc.a(lib_a-signal.o)
 .debug_frame   0x0000339c       0x3c c:/coocox/coide/gcc/sourcery g++ lite/bin/../lib/gcc/arm-none-eabi/4.5.1/../../../../arm-none-eabi/lib/thumb2\libc.a(lib_a-signalr.o)
 .debug_frame   0x000033d8       0x20 c:/coocox/coide/gcc/sourcery g++ lite/bin/../lib/gcc/arm-none-eabi/4.5.1/../../../../arm-none-eabi/lib/thumb2\libc.a(lib_a-strlen.o)
 .debug_frame   0x000033f8       0x2c c:/coocox/coide/gcc/sourcery g++ lite/bin/../lib/gcc/arm-none-eabi/4.5.1/../../../../arm-none-eabi/lib/thumb2\libc.a(lib_a-strncpy.o)
 .debug_frame   0x00003424       0x3c c:/coocox/coide/gcc/sourcery g++ lite/bin/../lib/gcc/arm-none-eabi/4.5.1/../../../../arm-none-eabi/lib/thumb2\libc.a(lib_a-mallocr.o)
 .debug_frame   0x00003460       0x30 c:/coocox/coide/gcc/sourcery g++ lite/bin/../lib/gcc/arm-none-eabi/4.5.1/../../../../arm-none-eabi/lib/thumb2\libc.a(lib_a-mlock.o)
 .debug_frame   0x00003490       0x64 c:/coocox/coide/gcc/sourcery g++ lite/bin/../lib/gcc/arm-none-eabi/4.5.1/../../../../arm-none-eabi/lib/thumb2\libc.a(lib_a-reent.o)
 .debug_frame   0x000034f4       0x2c c:/coocox/coide/gcc/sourcery g++ lite/bin/../lib/gcc/arm-none-eabi/4.5.1/../../../../arm-none-eabi/lib/thumb2\libc.a(lib_a-sbrkr.o)
 .debug_frame   0x00003520       0x50 c:/coocox/coide/gcc/sourcery g++ lite/bin/../lib/gcc/arm-none-eabi/4.5.1/../../../../arm-none-eabi/lib/thumb2\libc.a(lib_a-freer.o)
