Archive member included because of file (symbol)

C:\CooCox\CoIDE\gcc\Sourcery G++ Lite\arm-none-eabi\lib\thumb2\libm.a(lib_a-sf_fpclassify.o)
                              ..\obj\string_utils.o (__fpclassifyf)
c:/coocox/coide/gcc/sourcery g++ lite/bin/../lib/gcc/arm-none-eabi/4.5.1/thumb2\libgcc.a(_arm_addsubdf3.o)
                              ..\obj\menu.o (__aeabi_dadd)
c:/coocox/coide/gcc/sourcery g++ lite/bin/../lib/gcc/arm-none-eabi/4.5.1/thumb2\libgcc.a(_arm_muldivdf3.o)
                              ..\obj\menu.o (__aeabi_dmul)
c:/coocox/coide/gcc/sourcery g++ lite/bin/../lib/gcc/arm-none-eabi/4.5.1/thumb2\libgcc.a(_arm_cmpdf2.o)
                              ..\obj\menu.o (__aeabi_dcmple)
c:/coocox/coide/gcc/sourcery g++ lite/bin/../lib/gcc/arm-none-eabi/4.5.1/thumb2\libgcc.a(_arm_truncdfsf2.o)
                              ..\obj\menu.o (__aeabi_d2f)
c:/coocox/coide/gcc/sourcery g++ lite/bin/../lib/gcc/arm-none-eabi/4.5.1/thumb2\libgcc.a(_arm_addsubsf3.o)
                              ..\obj\string_utils.o (__aeabi_fadd)
c:/coocox/coide/gcc/sourcery g++ lite/bin/../lib/gcc/arm-none-eabi/4.5.1/thumb2\libgcc.a(_arm_muldivsf3.o)
                              ..\obj\string_utils.o (__aeabi_fmul)
c:/coocox/coide/gcc/sourcery g++ lite/bin/../lib/gcc/arm-none-eabi/4.5.1/thumb2\libgcc.a(_arm_cmpsf2.o)
                              ..\obj\string_utils.o (__aeabi_fcmplt)
c:/coocox/coide/gcc/sourcery g++ lite/bin/../lib/gcc/arm-none-eabi/4.5.1/thumb2\libgcc.a(_arm_fixunssfsi.o)
                              ..\obj\string_utils.o (__aeabi_f2uiz)
C:\CooCox\CoIDE\gcc\Sourcery G++ Lite\arm-none-eabi\lib\thumb2\libc.a(lib_a-ctype_.o)
                              ..\obj\string_utils.o (__ctype_ptr__)
C:\CooCox\CoIDE\gcc\Sourcery G++ Lite\arm-none-eabi\lib\thumb2\libc.a(lib_a-memcpy.o)
                              ..\obj\adc_sensor.o (memcpy)
C:\CooCox\CoIDE\gcc\Sourcery G++ Lite\arm-none-eabi\lib\thumb2\libc.a(lib_a-memset.o)
                              ..\obj\tasks.o (memset)
C:\CooCox\CoIDE\gcc\Sourcery G++ Lite\arm-none-eabi\lib\thumb2\libc.a(lib_a-strlen.o)
                              ..\obj\indicator.o (strlen)
C:\CooCox\CoIDE\gcc\Sourcery G++ Lite\arm-none-eabi\lib\thumb2\libc.a(lib_a-strncpy.o)
                              ..\obj\tasks.o (strncpy)

Allocating common symbols
Common symbol       size              file

ADC_Data_1          0x2               ..\obj\adc_sensor.o
menuStack           0x28              ..\obj\menu.o
tab                 0x1b6             ..\obj\tablo.o
xSPI_Buf_Mutex      0x4               ..\obj\spi_bus.o
menuStackTop        0x1               ..\obj\menu.o
xADCQueue           0x4               ..\obj\adc_sensor.o
selectedMenuItem    0x4               ..\obj\menu.o
channels            0x2c              ..\obj\channels.o
xKeyboardQueue      0x4               ..\obj\keyboard.o

Discarded input sections

 .text          0x00000000        0x0 ..\obj\stm32f10x_tim.o
 .data          0x00000000        0x0 ..\obj\stm32f10x_tim.o
 .bss           0x00000000        0x0 ..\obj\stm32f10x_tim.o
 .text.TIM_DeInit
                0x00000000      0x2b0 ..\obj\stm32f10x_tim.o
 .text.TIM_TimeBaseInit
                0x00000000      0x120 ..\obj\stm32f10x_tim.o
 .text.TIM_OC1Init
                0x00000000      0x134 ..\obj\stm32f10x_tim.o
 .text.TIM_OC2Init
                0x00000000      0x134 ..\obj\stm32f10x_tim.o
 .text.TIM_OC3Init
                0x00000000      0x130 ..\obj\stm32f10x_tim.o
 .text.TIM_OC4Init
                0x00000000       0xe8 ..\obj\stm32f10x_tim.o
 .text.TIM_ICInit
                0x00000000       0xa8 ..\obj\stm32f10x_tim.o
 .text.TIM_PWMIConfig
                0x00000000       0xc4 ..\obj\stm32f10x_tim.o
 .text.TIM_BDTRConfig
                0x00000000       0x5c ..\obj\stm32f10x_tim.o
 .text.TIM_TimeBaseStructInit
                0x00000000       0x3c ..\obj\stm32f10x_tim.o
 .text.TIM_OCStructInit
                0x00000000       0x54 ..\obj\stm32f10x_tim.o
 .text.TIM_ICStructInit
                0x00000000       0x3c ..\obj\stm32f10x_tim.o
 .text.TIM_BDTRStructInit
                0x00000000       0x4c ..\obj\stm32f10x_tim.o
 .text.TIM_Cmd  0x00000000       0x40 ..\obj\stm32f10x_tim.o
 .text.TIM_CtrlPWMOutputs
                0x00000000       0x50 ..\obj\stm32f10x_tim.o
 .text.TIM_ITConfig
                0x00000000       0x4c ..\obj\stm32f10x_tim.o
 .text.TIM_GenerateEvent
                0x00000000       0x1c ..\obj\stm32f10x_tim.o
 .text.TIM_DMAConfig
                0x00000000       0x2c ..\obj\stm32f10x_tim.o
 .text.TIM_DMACmd
                0x00000000       0x4c ..\obj\stm32f10x_tim.o
 .text.TIM_InternalClockConfig
                0x00000000       0x24 ..\obj\stm32f10x_tim.o
 .text.TIM_ITRxExternalClockConfig
                0x00000000       0x30 ..\obj\stm32f10x_tim.o
 .text.TIM_TIxExternalClockConfig
                0x00000000       0x58 ..\obj\stm32f10x_tim.o
 .text.TIM_ETRClockMode1Config
                0x00000000       0x54 ..\obj\stm32f10x_tim.o
 .text.TIM_ETRClockMode2Config
                0x00000000       0x34 ..\obj\stm32f10x_tim.o
 .text.TIM_ETRConfig
                0x00000000       0x54 ..\obj\stm32f10x_tim.o
 .text.TIM_PrescalerConfig
                0x00000000       0x28 ..\obj\stm32f10x_tim.o
 .text.TIM_CounterModeConfig
                0x00000000       0x3c ..\obj\stm32f10x_tim.o
 .text.TIM_SelectInputTrigger
                0x00000000       0x3c ..\obj\stm32f10x_tim.o
 .text.TIM_EncoderInterfaceConfig
                0x00000000       0x98 ..\obj\stm32f10x_tim.o
 .text.TIM_ForcedOC1Config
                0x00000000       0x3c ..\obj\stm32f10x_tim.o
 .text.TIM_ForcedOC2Config
                0x00000000       0x40 ..\obj\stm32f10x_tim.o
 .text.TIM_ForcedOC3Config
                0x00000000       0x3c ..\obj\stm32f10x_tim.o
 .text.TIM_ForcedOC4Config
                0x00000000       0x40 ..\obj\stm32f10x_tim.o
 .text.TIM_ARRPreloadConfig
                0x00000000       0x40 ..\obj\stm32f10x_tim.o
 .text.TIM_SelectCOM
                0x00000000       0x40 ..\obj\stm32f10x_tim.o
 .text.TIM_SelectCCDMA
                0x00000000       0x40 ..\obj\stm32f10x_tim.o
 .text.TIM_CCPreloadControl
                0x00000000       0x40 ..\obj\stm32f10x_tim.o
 .text.TIM_OC1PreloadConfig
                0x00000000       0x3c ..\obj\stm32f10x_tim.o
 .text.TIM_OC2PreloadConfig
                0x00000000       0x40 ..\obj\stm32f10x_tim.o
 .text.TIM_OC3PreloadConfig
                0x00000000       0x3c ..\obj\stm32f10x_tim.o
 .text.TIM_OC4PreloadConfig
                0x00000000       0x40 ..\obj\stm32f10x_tim.o
 .text.TIM_OC1FastConfig
                0x00000000       0x3c ..\obj\stm32f10x_tim.o
 .text.TIM_OC2FastConfig
                0x00000000       0x40 ..\obj\stm32f10x_tim.o
 .text.TIM_OC3FastConfig
                0x00000000       0x3c ..\obj\stm32f10x_tim.o
 .text.TIM_OC4FastConfig
                0x00000000       0x40 ..\obj\stm32f10x_tim.o
 .text.TIM_ClearOC1Ref
                0x00000000       0x3c ..\obj\stm32f10x_tim.o
 .text.TIM_ClearOC2Ref
                0x00000000       0x44 ..\obj\stm32f10x_tim.o
 .text.TIM_ClearOC3Ref
                0x00000000       0x3c ..\obj\stm32f10x_tim.o
 .text.TIM_ClearOC4Ref
                0x00000000       0x44 ..\obj\stm32f10x_tim.o
 .text.TIM_OC1PolarityConfig
                0x00000000       0x3c ..\obj\stm32f10x_tim.o
 .text.TIM_OC1NPolarityConfig
                0x00000000       0x3c ..\obj\stm32f10x_tim.o
 .text.TIM_OC2PolarityConfig
                0x00000000       0x40 ..\obj\stm32f10x_tim.o
 .text.TIM_OC2NPolarityConfig
                0x00000000       0x40 ..\obj\stm32f10x_tim.o
 .text.TIM_OC3PolarityConfig
                0x00000000       0x40 ..\obj\stm32f10x_tim.o
 .text.TIM_OC3NPolarityConfig
                0x00000000       0x40 ..\obj\stm32f10x_tim.o
 .text.TIM_OC4PolarityConfig
                0x00000000       0x40 ..\obj\stm32f10x_tim.o
 .text.TIM_CCxCmd
                0x00000000       0x60 ..\obj\stm32f10x_tim.o
 .text.TIM_CCxNCmd
                0x00000000       0x60 ..\obj\stm32f10x_tim.o
 .text.TIM_SelectOCxM
                0x00000000       0xc0 ..\obj\stm32f10x_tim.o
 .text.TIM_UpdateDisableConfig
                0x00000000       0x40 ..\obj\stm32f10x_tim.o
 .text.TIM_UpdateRequestConfig
                0x00000000       0x40 ..\obj\stm32f10x_tim.o
 .text.TIM_SelectHallSensor
                0x00000000       0x40 ..\obj\stm32f10x_tim.o
 .text.TIM_SelectOnePulseMode
                0x00000000       0x38 ..\obj\stm32f10x_tim.o
 .text.TIM_SelectOutputTrigger
                0x00000000       0x38 ..\obj\stm32f10x_tim.o
 .text.TIM_SelectSlaveMode
                0x00000000       0x38 ..\obj\stm32f10x_tim.o
 .text.TIM_SelectMasterSlaveMode
                0x00000000       0x38 ..\obj\stm32f10x_tim.o
 .text.TIM_SetCounter
                0x00000000       0x1c ..\obj\stm32f10x_tim.o
 .text.TIM_SetAutoreload
                0x00000000       0x1c ..\obj\stm32f10x_tim.o
 .text.TIM_SetCompare1
                0x00000000       0x1c ..\obj\stm32f10x_tim.o
 .text.TIM_SetCompare2
                0x00000000       0x1c ..\obj\stm32f10x_tim.o
 .text.TIM_SetCompare3
                0x00000000       0x1c ..\obj\stm32f10x_tim.o
 .text.TIM_SetCompare4
                0x00000000       0x20 ..\obj\stm32f10x_tim.o
 .text.TIM_SetIC1Prescaler
                0x00000000       0x38 ..\obj\stm32f10x_tim.o
 .text.TIM_SetIC2Prescaler
                0x00000000       0x40 ..\obj\stm32f10x_tim.o
 .text.TIM_SetIC3Prescaler
                0x00000000       0x38 ..\obj\stm32f10x_tim.o
 .text.TIM_SetIC4Prescaler
                0x00000000       0x40 ..\obj\stm32f10x_tim.o
 .text.TIM_SetClockDivision
                0x00000000       0x38 ..\obj\stm32f10x_tim.o
 .text.TIM_GetCapture1
                0x00000000       0x1c ..\obj\stm32f10x_tim.o
 .text.TIM_GetCapture2
                0x00000000       0x1c ..\obj\stm32f10x_tim.o
 .text.TIM_GetCapture3
                0x00000000       0x1c ..\obj\stm32f10x_tim.o
 .text.TIM_GetCapture4
                0x00000000       0x1c ..\obj\stm32f10x_tim.o
 .text.TIM_GetCounter
                0x00000000       0x1c ..\obj\stm32f10x_tim.o
 .text.TIM_GetPrescaler
                0x00000000       0x1c ..\obj\stm32f10x_tim.o
 .text.TIM_GetFlagStatus
                0x00000000       0x40 ..\obj\stm32f10x_tim.o
 .text.TIM_ClearFlag
                0x00000000       0x24 ..\obj\stm32f10x_tim.o
 .text.TIM_GetITStatus
                0x00000000       0x64 ..\obj\stm32f10x_tim.o
 .text.TIM_ClearITPendingBit
                0x00000000       0x24 ..\obj\stm32f10x_tim.o
 .text.TI1_Config
                0x00000000       0xec ..\obj\stm32f10x_tim.o
 .text.TI2_Config
                0x00000000      0x10c ..\obj\stm32f10x_tim.o
 .text.TI3_Config
                0x00000000       0xfc ..\obj\stm32f10x_tim.o
 .text.TI4_Config
                0x00000000      0x114 ..\obj\stm32f10x_tim.o
 .text          0x00000000        0x0 ..\obj\startup_stm32f10x_md_vl.o
 .data          0x00000000        0x0 ..\obj\startup_stm32f10x_md_vl.o
 .bss           0x00000000        0x0 ..\obj\startup_stm32f10x_md_vl.o
 .text          0x00000000        0x0 ..\obj\core_cm3.o
 .data          0x00000000        0x0 ..\obj\core_cm3.o
 .bss           0x00000000        0x0 ..\obj\core_cm3.o
 .text.__get_PSP
                0x00000000       0x10 ..\obj\core_cm3.o
 .text.__set_PSP
                0x00000000        0x8 ..\obj\core_cm3.o
 .text.__get_MSP
                0x00000000       0x10 ..\obj\core_cm3.o
 .text.__set_MSP
                0x00000000        0x8 ..\obj\core_cm3.o
 .text.__get_BASEPRI
                0x00000000       0x20 ..\obj\core_cm3.o
 .text.__set_BASEPRI
                0x00000000       0x18 ..\obj\core_cm3.o
 .text.__get_PRIMASK
                0x00000000       0x20 ..\obj\core_cm3.o
 .text.__set_PRIMASK
                0x00000000       0x18 ..\obj\core_cm3.o
 .text.__get_FAULTMASK
                0x00000000       0x20 ..\obj\core_cm3.o
 .text.__set_FAULTMASK
                0x00000000       0x18 ..\obj\core_cm3.o
 .text.__get_CONTROL
                0x00000000       0x20 ..\obj\core_cm3.o
 .text.__set_CONTROL
                0x00000000       0x18 ..\obj\core_cm3.o
 .text.__REV    0x00000000       0x24 ..\obj\core_cm3.o
 .text.__REV16  0x00000000       0x24 ..\obj\core_cm3.o
 .text.__REVSH  0x00000000       0x24 ..\obj\core_cm3.o
 .text.__RBIT   0x00000000       0x24 ..\obj\core_cm3.o
 .text.__LDREXB
                0x00000000       0x24 ..\obj\core_cm3.o
 .text.__LDREXH
                0x00000000       0x24 ..\obj\core_cm3.o
 .text.__LDREXW
                0x00000000       0x24 ..\obj\core_cm3.o
 .text.__STREXB
                0x00000000       0x2c ..\obj\core_cm3.o
 .text.__STREXH
                0x00000000       0x2c ..\obj\core_cm3.o
 .text.__STREXW
                0x00000000       0x28 ..\obj\core_cm3.o
 .text          0x00000000        0x0 ..\obj\system_stm32f10x.o
 .data          0x00000000       0x14 ..\obj\system_stm32f10x.o
 .bss           0x00000000        0x0 ..\obj\system_stm32f10x.o
 .text.SystemCoreClockUpdate
                0x00000000      0x13c ..\obj\system_stm32f10x.o
 .text          0x00000000        0x0 ..\obj\stm32f10x_pwr.o
 .data          0x00000000        0x0 ..\obj\stm32f10x_pwr.o
 .bss           0x00000000        0x0 ..\obj\stm32f10x_pwr.o
 .text.__WFI    0x00000000        0xc ..\obj\stm32f10x_pwr.o
 .text.__WFE    0x00000000        0xc ..\obj\stm32f10x_pwr.o
 .text.PWR_DeInit
                0x00000000       0x20 ..\obj\stm32f10x_pwr.o
 .text.PWR_BackupAccessCmd
                0x00000000       0x20 ..\obj\stm32f10x_pwr.o
 .text.PWR_PVDCmd
                0x00000000       0x20 ..\obj\stm32f10x_pwr.o
 .text.PWR_PVDLevelConfig
                0x00000000       0x44 ..\obj\stm32f10x_pwr.o
 .text.PWR_WakeUpPinCmd
                0x00000000       0x20 ..\obj\stm32f10x_pwr.o
 .text.PWR_EnterSTOPMode
                0x00000000       0x84 ..\obj\stm32f10x_pwr.o
 .text.PWR_EnterSTANDBYMode
                0x00000000       0x54 ..\obj\stm32f10x_pwr.o
 .text.PWR_GetFlagStatus
                0x00000000       0x40 ..\obj\stm32f10x_pwr.o
 .text.PWR_ClearFlag
                0x00000000       0x34 ..\obj\stm32f10x_pwr.o
 .text          0x00000000        0x0 ..\obj\stm32f10x_gpio.o
 .data          0x00000000        0x0 ..\obj\stm32f10x_gpio.o
 .bss           0x00000000        0x0 ..\obj\stm32f10x_gpio.o
 .text.GPIO_DeInit
                0x00000000      0x128 ..\obj\stm32f10x_gpio.o
 .text.GPIO_AFIODeInit
                0x00000000       0x20 ..\obj\stm32f10x_gpio.o
 .text.GPIO_StructInit
                0x00000000       0x2c ..\obj\stm32f10x_gpio.o
 .text.GPIO_ReadInputData
                0x00000000       0x1c ..\obj\stm32f10x_gpio.o
 .text.GPIO_ReadOutputDataBit
                0x00000000       0x40 ..\obj\stm32f10x_gpio.o
 .text.GPIO_ReadOutputData
                0x00000000       0x1c ..\obj\stm32f10x_gpio.o
 .text.GPIO_SetBits
                0x00000000       0x1c ..\obj\stm32f10x_gpio.o
 .text.GPIO_ResetBits
                0x00000000       0x1c ..\obj\stm32f10x_gpio.o
 .text.GPIO_Write
                0x00000000       0x1c ..\obj\stm32f10x_gpio.o
 .text.GPIO_PinLockConfig
                0x00000000       0x44 ..\obj\stm32f10x_gpio.o
 .text.GPIO_EventOutputConfig
                0x00000000       0x5c ..\obj\stm32f10x_gpio.o
 .text.GPIO_EventOutputCmd
                0x00000000       0x20 ..\obj\stm32f10x_gpio.o
 .text.GPIO_PinRemapConfig
                0x00000000      0x124 ..\obj\stm32f10x_gpio.o
 .text.GPIO_EXTILineConfig
                0x00000000       0xb4 ..\obj\stm32f10x_gpio.o
 .text.GPIO_ETH_MediaInterfaceConfig
                0x00000000       0x20 ..\obj\stm32f10x_gpio.o
 .text          0x00000000        0x0 ..\obj\adc_sensor.o
 .data          0x00000000        0x0 ..\obj\adc_sensor.o
 .text          0x00000000        0x0 ..\obj\stm32f10x_dac.o
 .data          0x00000000        0x0 ..\obj\stm32f10x_dac.o
 .bss           0x00000000        0x0 ..\obj\stm32f10x_dac.o
 .text.DAC_DeInit
                0x00000000       0x20 ..\obj\stm32f10x_dac.o
 .text.DAC_StructInit
                0x00000000       0x34 ..\obj\stm32f10x_dac.o
 .text.DAC_ITConfig
                0x00000000       0x68 ..\obj\stm32f10x_dac.o
 .text.DAC_DMACmd
                0x00000000       0x6c ..\obj\stm32f10x_dac.o
 .text.DAC_SoftwareTriggerCmd
                0x00000000       0x74 ..\obj\stm32f10x_dac.o
 .text.DAC_DualSoftwareTriggerCmd
                0x00000000       0x4c ..\obj\stm32f10x_dac.o
 .text.DAC_WaveGenerationCmd
                0x00000000       0x68 ..\obj\stm32f10x_dac.o
 .text.DAC_SetChannel2Data
                0x00000000       0x38 ..\obj\stm32f10x_dac.o
 .text.DAC_SetDualChannelData
                0x00000000       0x68 ..\obj\stm32f10x_dac.o
 .text.DAC_GetDataOutputValue
                0x00000000       0x3c ..\obj\stm32f10x_dac.o
 .text.DAC_GetFlagStatus
                0x00000000       0x48 ..\obj\stm32f10x_dac.o
 .text.DAC_ClearFlag
                0x00000000       0x28 ..\obj\stm32f10x_dac.o
 .text.DAC_GetITStatus
                0x00000000       0x70 ..\obj\stm32f10x_dac.o
 .text.DAC_ClearITPendingBit
                0x00000000       0x28 ..\obj\stm32f10x_dac.o
 .text          0x00000000        0x0 ..\obj\indicator.o
 .data          0x00000000        0x0 ..\obj\indicator.o
 .bss           0x00000000        0x0 ..\obj\indicator.o
 .text.indicators_init
                0x00000000       0x1c ..\obj\indicator.o
 .text          0x00000000        0x0 ..\obj\main.o
 .data          0x00000000        0x0 ..\obj\main.o
 .bss           0x00000000        0x0 ..\obj\main.o
 .text          0x00000000        0x0 ..\obj\timers.o
 .data          0x00000000        0x0 ..\obj\timers.o
 .bss           0x00000000        0x0 ..\obj\timers.o
 .text          0x00000000        0x0 ..\obj\tablo.o
 .data          0x00000000        0x0 ..\obj\tablo.o
 .bss           0x00000000        0x0 ..\obj\tablo.o
 .text          0x00000000        0x0 ..\obj\printf.o
 .data          0x00000000       0xf4 ..\obj\printf.o
 .bss           0x00000000        0x0 ..\obj\printf.o
 .text.PrintChar
                0x00000000       0x14 ..\obj\printf.o
 .text.vsprintf
                0x00000000       0x28 ..\obj\printf.o
 .rodata        0x00000000       0x24 ..\obj\printf.o
 .text.vfprintf
                0x00000000       0x6c ..\obj\printf.o
 .text.vprintf  0x00000000       0x2c ..\obj\printf.o
 .text.fprintf  0x00000000       0x30 ..\obj\printf.o
 .text.printf   0x00000000       0x2c ..\obj\printf.o
 .text.sprintf  0x00000000       0x30 ..\obj\printf.o
 .text.puts     0x00000000       0x28 ..\obj\printf.o
 .text.fputc    0x00000000       0x4c ..\obj\printf.o
 .text.fputs    0x00000000       0x50 ..\obj\printf.o
 .text          0x00000000        0x0 ..\obj\stm32f10x_rcc.o
 .data          0x00000000       0x14 ..\obj\stm32f10x_rcc.o
 .bss           0x00000000        0x0 ..\obj\stm32f10x_rcc.o
 .text.RCC_DeInit
                0x00000000       0xac ..\obj\stm32f10x_rcc.o
 .text.RCC_HSEConfig
                0x00000000       0x88 ..\obj\stm32f10x_rcc.o
 .text.RCC_WaitForHSEStartUp
                0x00000000       0x64 ..\obj\stm32f10x_rcc.o
 .text.RCC_AdjustHSICalibrationValue
                0x00000000       0x48 ..\obj\stm32f10x_rcc.o
 .text.RCC_HSICmd
                0x00000000       0x20 ..\obj\stm32f10x_rcc.o
 .text.RCC_PLLConfig
                0x00000000       0x4c ..\obj\stm32f10x_rcc.o
 .text.RCC_PLLCmd
                0x00000000       0x20 ..\obj\stm32f10x_rcc.o
 .text.RCC_PREDIV1Config
                0x00000000       0x50 ..\obj\stm32f10x_rcc.o
 .text.RCC_SYSCLKConfig
                0x00000000       0x44 ..\obj\stm32f10x_rcc.o
 .text.RCC_GetSYSCLKSource
                0x00000000       0x20 ..\obj\stm32f10x_rcc.o
 .text.RCC_HCLKConfig
                0x00000000       0x44 ..\obj\stm32f10x_rcc.o
 .text.RCC_PCLK1Config
                0x00000000       0x44 ..\obj\stm32f10x_rcc.o
 .text.RCC_PCLK2Config
                0x00000000       0x48 ..\obj\stm32f10x_rcc.o
 .text.RCC_ITConfig
                0x00000000       0x64 ..\obj\stm32f10x_rcc.o
 .text.RCC_USBCLKConfig
                0x00000000       0x20 ..\obj\stm32f10x_rcc.o
 .text.RCC_ADCCLKConfig
                0x00000000       0x44 ..\obj\stm32f10x_rcc.o
 .text.RCC_LSEConfig
                0x00000000       0x5c ..\obj\stm32f10x_rcc.o
 .text.RCC_LSICmd
                0x00000000       0x20 ..\obj\stm32f10x_rcc.o
 .text.RCC_RTCCLKConfig
                0x00000000       0x30 ..\obj\stm32f10x_rcc.o
 .text.RCC_RTCCLKCmd
                0x00000000       0x20 ..\obj\stm32f10x_rcc.o
 .text.RCC_GetClocksFreq
                0x00000000      0x1cc ..\obj\stm32f10x_rcc.o
 .text.RCC_APB2PeriphResetCmd
                0x00000000       0x5c ..\obj\stm32f10x_rcc.o
 .text.RCC_APB1PeriphResetCmd
                0x00000000       0x5c ..\obj\stm32f10x_rcc.o
 .text.RCC_BackupResetCmd
                0x00000000       0x20 ..\obj\stm32f10x_rcc.o
 .text.RCC_ClockSecuritySystemCmd
                0x00000000       0x20 ..\obj\stm32f10x_rcc.o
 .text.RCC_MCOConfig
                0x00000000       0x20 ..\obj\stm32f10x_rcc.o
 .text.RCC_GetFlagStatus
                0x00000000       0x90 ..\obj\stm32f10x_rcc.o
 .text.RCC_ClearFlag
                0x00000000       0x24 ..\obj\stm32f10x_rcc.o
 .text.RCC_GetITStatus
                0x00000000       0x44 ..\obj\stm32f10x_rcc.o
 .text.RCC_ClearITPendingBit
                0x00000000       0x20 ..\obj\stm32f10x_rcc.o
 .text          0x00000000        0x0 ..\obj\dac.o
 .data          0x00000000        0x0 ..\obj\dac.o
 .bss           0x00000000        0x0 ..\obj\dac.o
 .text          0x00000000        0x0 ..\obj\tasks.o
 .text.vTaskSuspend
                0x00000000       0xc0 ..\obj\tasks.o
 .text.xTaskIsTaskSuspended
                0x00000000       0x50 ..\obj\tasks.o
 .text.vTaskResume
                0x00000000       0xac ..\obj\tasks.o
 .text.xTaskResumeFromISR
                0x00000000       0xd4 ..\obj\tasks.o
 .text.vTaskEndScheduler
                0x00000000       0x20 ..\obj\tasks.o
 .text.xTaskGetTickCount
                0x00000000       0x28 ..\obj\tasks.o
 .text.xTaskGetTickCountFromISR
                0x00000000       0x38 ..\obj\tasks.o
 .text.uxTaskGetNumberOfTasks
                0x00000000       0x18 ..\obj\tasks.o
 .text          0x00000000        0x0 ..\obj\stm32f10x_adc.o
 .data          0x00000000        0x0 ..\obj\stm32f10x_adc.o
 .bss           0x00000000        0x0 ..\obj\stm32f10x_adc.o
 .text.ADC_DeInit
                0x00000000       0x88 ..\obj\stm32f10x_adc.o
 .text.ADC_StructInit
                0x00000000       0x44 ..\obj\stm32f10x_adc.o
 .text.ADC_DMACmd
                0x00000000       0x38 ..\obj\stm32f10x_adc.o
 .text.ADC_SoftwareStartConvCmd
                0x00000000       0x38 ..\obj\stm32f10x_adc.o
 .text.ADC_GetSoftwareStartConvStatus
                0x00000000       0x38 ..\obj\stm32f10x_adc.o
 .text.ADC_DiscModeChannelCountConfig
                0x00000000       0x4c ..\obj\stm32f10x_adc.o
 .text.ADC_DiscModeCmd
                0x00000000       0x38 ..\obj\stm32f10x_adc.o
 .text.ADC_RegularChannelConfig
                0x00000000      0x1d0 ..\obj\stm32f10x_adc.o
 .text.ADC_ExternalTrigConvCmd
                0x00000000       0x38 ..\obj\stm32f10x_adc.o
 .text.ADC_GetConversionValue
                0x00000000       0x1c ..\obj\stm32f10x_adc.o
 .text.ADC_GetDualModeConversionValue
                0x00000000       0x18 ..\obj\stm32f10x_adc.o
 .text.ADC_InjectedDiscModeCmd
                0x00000000       0x38 ..\obj\stm32f10x_adc.o
 .text.ADC_ExternalTrigInjectedConvCmd
                0x00000000       0x38 ..\obj\stm32f10x_adc.o
 .text.ADC_GetSoftwareStartInjectedConvCmdStatus
                0x00000000       0x38 ..\obj\stm32f10x_adc.o
 .text.ADC_SetInjectedOffset
                0x00000000       0x34 ..\obj\stm32f10x_adc.o
 .text.ADC_AnalogWatchdogCmd
                0x00000000       0x3c ..\obj\stm32f10x_adc.o
 .text.ADC_AnalogWatchdogThresholdsConfig
                0x00000000       0x28 ..\obj\stm32f10x_adc.o
 .text.ADC_AnalogWatchdogSingleChannelConfig
                0x00000000       0x3c ..\obj\stm32f10x_adc.o
 .text.ADC_TempSensorVrefintCmd
                0x00000000       0x4c ..\obj\stm32f10x_adc.o
 .text.ADC_GetFlagStatus
                0x00000000       0x40 ..\obj\stm32f10x_adc.o
 .text.ADC_ClearFlag
                0x00000000       0x20 ..\obj\stm32f10x_adc.o
 .text          0x00000000        0x0 ..\obj\string_utils.o
 .data          0x00000000        0x0 ..\obj\string_utils.o
 .bss           0x00000000        0x0 ..\obj\string_utils.o
 .text          0x00000000        0x0 ..\obj\keyboard.o
 .data          0x00000000        0x0 ..\obj\keyboard.o
 .bss           0x00000000        0x0 ..\obj\keyboard.o
 .text          0x00000000        0x0 ..\obj\menu.o
 .data          0x00000000        0x0 ..\obj\menu.o
 .text          0x00000000        0x0 ..\obj\list.o
 .data          0x00000000        0x0 ..\obj\list.o
 .bss           0x00000000        0x0 ..\obj\list.o
 .text          0x00000000        0x0 ..\obj\syscalls.o
 .data          0x00000000        0x0 ..\obj\syscalls.o
 .bss           0x00000000        0x4 ..\obj\syscalls.o
 .text._sbrk    0x00000000       0x5c ..\obj\syscalls.o
 .text.link     0x00000000       0x1c ..\obj\syscalls.o
 .text._close   0x00000000       0x18 ..\obj\syscalls.o
 .text._fstat   0x00000000       0x24 ..\obj\syscalls.o
 .text._isatty  0x00000000       0x18 ..\obj\syscalls.o
 .text._lseek   0x00000000       0x1c ..\obj\syscalls.o
 .text._read    0x00000000       0x1c ..\obj\syscalls.o
 .text._write   0x00000000       0x1c ..\obj\syscalls.o
 .text.abort    0x00000000        0x8 ..\obj\syscalls.o
 .text          0x00000000        0x0 ..\obj\stm32f10x_flash.o
 .data          0x00000000        0x0 ..\obj\stm32f10x_flash.o
 .bss           0x00000000        0x0 ..\obj\stm32f10x_flash.o
 .text.FLASH_SetLatency
                0x00000000       0x44 ..\obj\stm32f10x_flash.o
 .text.FLASH_HalfCycleAccessCmd
                0x00000000       0x48 ..\obj\stm32f10x_flash.o
 .text.FLASH_PrefetchBufferCmd
                0x00000000       0x48 ..\obj\stm32f10x_flash.o
 .text.FLASH_Unlock
                0x00000000       0x30 ..\obj\stm32f10x_flash.o
 .text.FLASH_Lock
                0x00000000       0x24 ..\obj\stm32f10x_flash.o
 .text.FLASH_EraseAllPages
                0x00000000       0x84 ..\obj\stm32f10x_flash.o
 .text.FLASH_EraseAllBank1Pages
                0x00000000       0x84 ..\obj\stm32f10x_flash.o
 .text.FLASH_EraseOptionBytes
                0x00000000      0x140 ..\obj\stm32f10x_flash.o
 .text.FLASH_ProgramHalfWord
                0x00000000       0x78 ..\obj\stm32f10x_flash.o
 .text.FLASH_ProgramOptionByteData
                0x00000000       0xa4 ..\obj\stm32f10x_flash.o
 .text.FLASH_EnableWriteProtection
                0x00000000      0x160 ..\obj\stm32f10x_flash.o
 .text.FLASH_ReadOutProtection
                0x00000000      0x148 ..\obj\stm32f10x_flash.o
 .text.FLASH_UserOptionByteConfig
                0x00000000       0xc4 ..\obj\stm32f10x_flash.o
 .text.FLASH_GetUserOptionByte
                0x00000000       0x1c ..\obj\stm32f10x_flash.o
 .text.FLASH_GetWriteProtectionOptionByte
                0x00000000       0x18 ..\obj\stm32f10x_flash.o
 .text.FLASH_GetReadOutProtectionStatus
                0x00000000       0x3c ..\obj\stm32f10x_flash.o
 .text.FLASH_GetPrefetchBufferStatus
                0x00000000       0x3c ..\obj\stm32f10x_flash.o
 .text.FLASH_ITConfig
                0x00000000       0x5c ..\obj\stm32f10x_flash.o
 .text.FLASH_GetFlagStatus
                0x00000000       0x6c ..\obj\stm32f10x_flash.o
 .text.FLASH_GetStatus
                0x00000000       0x70 ..\obj\stm32f10x_flash.o
 .text.FLASH_WaitForLastBank1Operation
                0x00000000       0x4c ..\obj\stm32f10x_flash.o
 .text          0x00000000        0x0 ..\obj\port.o
 .bss           0x00000000        0x0 ..\obj\port.o
 .rodata        0x00000000        0x4 ..\obj\port.o
 .text.vPortEndScheduler
                0x00000000        0xc ..\obj\port.o
 .text          0x00000000        0x0 ..\obj\queue.o
 .data          0x00000000        0x0 ..\obj\queue.o
 .bss           0x00000000        0x0 ..\obj\queue.o
 .text.xQueueReceiveFromISR
                0x00000000       0x94 ..\obj\queue.o
 .text.uxQueueMessagesWaitingFromISR
                0x00000000       0x1c ..\obj\queue.o
 .text.vQueueDelete
                0x00000000       0x20 ..\obj\queue.o
 .text.xQueueIsQueueEmptyFromISR
                0x00000000       0x24 ..\obj\queue.o
 .text.xQueueIsQueueFullFromISR
                0x00000000       0x2c ..\obj\queue.o
 .text          0x00000000        0x0 ..\obj\stm32f10x_dma.o
 .data          0x00000000        0x0 ..\obj\stm32f10x_dma.o
 .bss           0x00000000        0x0 ..\obj\stm32f10x_dma.o
 .text.DMA_DeInit
                0x00000000      0x224 ..\obj\stm32f10x_dma.o
 .text.DMA_ITConfig
                0x00000000       0x40 ..\obj\stm32f10x_dma.o
 .text.DMA_SetCurrDataCounter
                0x00000000       0x1c ..\obj\stm32f10x_dma.o
 .text.DMA_GetCurrDataCounter
                0x00000000       0x1c ..\obj\stm32f10x_dma.o
 .text.DMA_GetITStatus
                0x00000000       0x60 ..\obj\stm32f10x_dma.o
 .text.DMA_ClearITPendingBit
                0x00000000       0x38 ..\obj\stm32f10x_dma.o
 .text          0x00000000        0x0 ..\obj\croutine.o
 .data          0x00000000        0x0 ..\obj\croutine.o
 .bss           0x00000000       0x80 ..\obj\croutine.o
 .text.xCoRoutineCreate
                0x00000000       0xf4 ..\obj\croutine.o
 .text.vCoRoutineAddToDelayedList
                0x00000000       0xb4 ..\obj\croutine.o
 .text.prvCheckPendingReadyList
                0x00000000       0xa0 ..\obj\croutine.o
 .text.prvCheckDelayedList
                0x00000000      0x170 ..\obj\croutine.o
 .text.vCoRoutineSchedule
                0x00000000       0xf0 ..\obj\croutine.o
 .text.prvInitialiseCoRoutineLists
                0x00000000       0x8c ..\obj\croutine.o
 .text.xCoRoutineRemoveFromEventList
                0x00000000       0x60 ..\obj\croutine.o
 .text          0x00000000        0x0 ..\obj\channels.o
 .text.ChannelsInit
                0x00000000       0x70 ..\obj\channels.o
 .text          0x00000000        0x0 ..\obj\spi_bus.o
 .data          0x00000000        0x0 ..\obj\spi_bus.o
 .bss           0x00000000        0x0 ..\obj\spi_bus.o
 .text          0x00000000        0x0 ..\obj\misc.o
 .data          0x00000000        0x0 ..\obj\misc.o
 .bss           0x00000000        0x0 ..\obj\misc.o
 .text.NVIC_PriorityGroupConfig
                0x00000000       0x28 ..\obj\misc.o
 .text.NVIC_SetVectorTable
                0x00000000       0x2c ..\obj\misc.o
 .text.NVIC_SystemLPConfig
                0x00000000       0x5c ..\obj\misc.o
 .text.SysTick_CLKSourceConfig
                0x00000000       0x4c ..\obj\misc.o
 .text          0x00000000        0x0 ..\obj\stm32f10x_spi.o
 .data          0x00000000        0x0 ..\obj\stm32f10x_spi.o
 .bss           0x00000000        0x0 ..\obj\stm32f10x_spi.o
 .text.SPI_I2S_DeInit
                0x00000000       0x88 ..\obj\stm32f10x_spi.o
 .text.I2S_Init
                0x00000000      0x1a4 ..\obj\stm32f10x_spi.o
 .text.SPI_StructInit
                0x00000000       0x5c ..\obj\stm32f10x_spi.o
 .text.I2S_StructInit
                0x00000000       0x44 ..\obj\stm32f10x_spi.o
 .text.I2S_Cmd  0x00000000       0x40 ..\obj\stm32f10x_spi.o
 .text.SPI_I2S_ITConfig
                0x00000000       0x70 ..\obj\stm32f10x_spi.o
 .text.SPI_I2S_SendData
                0x00000000       0x1c ..\obj\stm32f10x_spi.o
 .text.SPI_I2S_ReceiveData
                0x00000000       0x1c ..\obj\stm32f10x_spi.o
 .text.SPI_NSSInternalSoftwareConfig
                0x00000000       0x44 ..\obj\stm32f10x_spi.o
 .text.SPI_SSOutputCmd
                0x00000000       0x40 ..\obj\stm32f10x_spi.o
 .text.SPI_DataSizeConfig
                0x00000000       0x38 ..\obj\stm32f10x_spi.o
 .text.SPI_TransmitCRC
                0x00000000       0x24 ..\obj\stm32f10x_spi.o
 .text.SPI_GetCRC
                0x00000000       0x34 ..\obj\stm32f10x_spi.o
 .text.SPI_GetCRCPolynomial
                0x00000000       0x1c ..\obj\stm32f10x_spi.o
 .text.SPI_BiDirectionalLineConfig
                0x00000000       0x40 ..\obj\stm32f10x_spi.o
 .text.SPI_I2S_GetFlagStatus
                0x00000000       0x40 ..\obj\stm32f10x_spi.o
 .text.SPI_I2S_ClearFlag
                0x00000000       0x24 ..\obj\stm32f10x_spi.o
 .text.SPI_I2S_GetITStatus
                0x00000000       0x8c ..\obj\stm32f10x_spi.o
 .text.SPI_I2S_ClearITPendingBit
                0x00000000       0x38 ..\obj\stm32f10x_spi.o
 .text          0x00000000        0x0 ..\obj\heap_1.o
 .data          0x00000000        0x0 ..\obj\heap_1.o
 .text.vPortInitialiseBlocks
                0x00000000       0x18 ..\obj\heap_1.o
 .text.xPortGetFreeHeapSize
                0x00000000       0x1c ..\obj\heap_1.o
 .data          0x00000000        0x0 C:\CooCox\CoIDE\gcc\Sourcery G++ Lite\arm-none-eabi\lib\thumb2\libm.a(lib_a-sf_fpclassify.o)
 .bss           0x00000000        0x0 C:\CooCox\CoIDE\gcc\Sourcery G++ Lite\arm-none-eabi\lib\thumb2\libm.a(lib_a-sf_fpclassify.o)
 .data          0x00000000        0x0 c:/coocox/coide/gcc/sourcery g++ lite/bin/../lib/gcc/arm-none-eabi/4.5.1/thumb2\libgcc.a(_arm_addsubdf3.o)
 .bss           0x00000000        0x0 c:/coocox/coide/gcc/sourcery g++ lite/bin/../lib/gcc/arm-none-eabi/4.5.1/thumb2\libgcc.a(_arm_addsubdf3.o)
 .data          0x00000000        0x0 c:/coocox/coide/gcc/sourcery g++ lite/bin/../lib/gcc/arm-none-eabi/4.5.1/thumb2\libgcc.a(_arm_muldivdf3.o)
 .bss           0x00000000        0x0 c:/coocox/coide/gcc/sourcery g++ lite/bin/../lib/gcc/arm-none-eabi/4.5.1/thumb2\libgcc.a(_arm_muldivdf3.o)
 .data          0x00000000        0x0 c:/coocox/coide/gcc/sourcery g++ lite/bin/../lib/gcc/arm-none-eabi/4.5.1/thumb2\libgcc.a(_arm_cmpdf2.o)
 .bss           0x00000000        0x0 c:/coocox/coide/gcc/sourcery g++ lite/bin/../lib/gcc/arm-none-eabi/4.5.1/thumb2\libgcc.a(_arm_cmpdf2.o)
 .data          0x00000000        0x0 c:/coocox/coide/gcc/sourcery g++ lite/bin/../lib/gcc/arm-none-eabi/4.5.1/thumb2\libgcc.a(_arm_truncdfsf2.o)
 .bss           0x00000000        0x0 c:/coocox/coide/gcc/sourcery g++ lite/bin/../lib/gcc/arm-none-eabi/4.5.1/thumb2\libgcc.a(_arm_truncdfsf2.o)
 .data          0x00000000        0x0 c:/coocox/coide/gcc/sourcery g++ lite/bin/../lib/gcc/arm-none-eabi/4.5.1/thumb2\libgcc.a(_arm_addsubsf3.o)
 .bss           0x00000000        0x0 c:/coocox/coide/gcc/sourcery g++ lite/bin/../lib/gcc/arm-none-eabi/4.5.1/thumb2\libgcc.a(_arm_addsubsf3.o)
 .data          0x00000000        0x0 c:/coocox/coide/gcc/sourcery g++ lite/bin/../lib/gcc/arm-none-eabi/4.5.1/thumb2\libgcc.a(_arm_muldivsf3.o)
 .bss           0x00000000        0x0 c:/coocox/coide/gcc/sourcery g++ lite/bin/../lib/gcc/arm-none-eabi/4.5.1/thumb2\libgcc.a(_arm_muldivsf3.o)
 .data          0x00000000        0x0 c:/coocox/coide/gcc/sourcery g++ lite/bin/../lib/gcc/arm-none-eabi/4.5.1/thumb2\libgcc.a(_arm_cmpsf2.o)
 .bss           0x00000000        0x0 c:/coocox/coide/gcc/sourcery g++ lite/bin/../lib/gcc/arm-none-eabi/4.5.1/thumb2\libgcc.a(_arm_cmpsf2.o)
 .data          0x00000000        0x0 c:/coocox/coide/gcc/sourcery g++ lite/bin/../lib/gcc/arm-none-eabi/4.5.1/thumb2\libgcc.a(_arm_fixunssfsi.o)
 .bss           0x00000000        0x0 c:/coocox/coide/gcc/sourcery g++ lite/bin/../lib/gcc/arm-none-eabi/4.5.1/thumb2\libgcc.a(_arm_fixunssfsi.o)
 .text          0x00000000        0x0 C:\CooCox\CoIDE\gcc\Sourcery G++ Lite\arm-none-eabi\lib\thumb2\libc.a(lib_a-ctype_.o)
 .bss           0x00000000        0x0 C:\CooCox\CoIDE\gcc\Sourcery G++ Lite\arm-none-eabi\lib\thumb2\libc.a(lib_a-ctype_.o)
 .data          0x00000000        0x0 C:\CooCox\CoIDE\gcc\Sourcery G++ Lite\arm-none-eabi\lib\thumb2\libc.a(lib_a-memcpy.o)
 .bss           0x00000000        0x0 C:\CooCox\CoIDE\gcc\Sourcery G++ Lite\arm-none-eabi\lib\thumb2\libc.a(lib_a-memcpy.o)
 .data          0x00000000        0x0 C:\CooCox\CoIDE\gcc\Sourcery G++ Lite\arm-none-eabi\lib\thumb2\libc.a(lib_a-memset.o)
 .bss           0x00000000        0x0 C:\CooCox\CoIDE\gcc\Sourcery G++ Lite\arm-none-eabi\lib\thumb2\libc.a(lib_a-memset.o)
 .data          0x00000000        0x0 C:\CooCox\CoIDE\gcc\Sourcery G++ Lite\arm-none-eabi\lib\thumb2\libc.a(lib_a-strlen.o)
 .bss           0x00000000        0x0 C:\CooCox\CoIDE\gcc\Sourcery G++ Lite\arm-none-eabi\lib\thumb2\libc.a(lib_a-strlen.o)
 .data          0x00000000        0x0 C:\CooCox\CoIDE\gcc\Sourcery G++ Lite\arm-none-eabi\lib\thumb2\libc.a(lib_a-strncpy.o)
 .bss           0x00000000        0x0 C:\CooCox\CoIDE\gcc\Sourcery G++ Lite\arm-none-eabi\lib\thumb2\libc.a(lib_a-strncpy.o)

Memory Configuration

Name             Origin             Length             Attributes
rom              0x08000000         0x00020000         xr
ram              0x20000000         0x00002000         xrw
*default*        0x00000000         0xffffffff

Linker script and memory map

                0x20002000                _eram = 0x20002000

.text           0x08000000     0x6f40
 *(.isr_vector .isr_vector.*)
 .isr_vector    0x08000000      0x124 ..\obj\startup_stm32f10x_md_vl.o
                0x08000000                g_pfnVectors
 *(.text .text.* .gnu.linkonce.t.*)
 .text.Default_Reset_Handler
                0x08000124       0x6c ..\obj\startup_stm32f10x_md_vl.o
                0x08000124                Default_Reset_Handler
                0x08000124                Reset_Handler
 .text.Default_Handler
                0x08000190        0x8 ..\obj\startup_stm32f10x_md_vl.o
                0x08000190                EXTI2_IRQHandler
                0x08000190                DebugMon_Handler
                0x08000190                TIM1_CC_IRQHandler
                0x08000190                HardFault_Handler
                0x08000190                PVD_IRQHandler
                0x08000190                NMI_Handler
                0x08000190                EXTI3_IRQHandler
                0x08000190                EXTI0_IRQHandler
                0x08000190                I2C2_EV_IRQHandler
                0x08000190                TIM1_UP_TIM16_IRQHandler
                0x08000190                UsageFault_Handler
                0x08000190                SPI1_IRQHandler
                0x08000190                TAMPER_IRQHandler
                0x08000190                TIM6_DAC_IRQHandler
                0x08000190                DMA1_Channel4_IRQHandler
                0x08000190                USART3_IRQHandler
                0x08000190                RTC_IRQHandler
                0x08000190                DMA1_Channel7_IRQHandler
                0x08000190                TIM4_IRQHandler
                0x08000190                I2C1_EV_IRQHandler
                0x08000190                DMA1_Channel6_IRQHandler
                0x08000190                TIM3_IRQHandler
                0x08000190                RCC_IRQHandler
                0x08000190                DMA1_Channel1_IRQHandler
                0x08000190                CEC_IRQHandler
                0x08000190                EXTI15_10_IRQHandler
                0x08000190                TIM7_IRQHandler
                0x08000190                EXTI9_5_IRQHandler
                0x08000190                SPI2_IRQHandler
                0x08000190                MemManage_Handler
                0x08000190                DMA1_Channel5_IRQHandler
                0x08000190                EXTI4_IRQHandler
                0x08000190                TIM1_TRG_COM_TIM17_IRQHandler
                0x08000190                DMA1_Channel3_IRQHandler
                0x08000190                WWDG_IRQHandler
                0x08000190                TIM2_IRQHandler
                0x08000190                EXTI1_IRQHandler
                0x08000190                RTCAlarm_IRQHandler
                0x08000190                USART2_IRQHandler
                0x08000190                I2C2_ER_IRQHandler
                0x08000190                DMA1_Channel2_IRQHandler
                0x08000190                FLASH_IRQHandler
                0x08000190                BusFault_Handler
                0x08000190                USART1_IRQHandler
                0x08000190                I2C1_ER_IRQHandler
                0x08000190                TIM1_BRK_TIM15_IRQHandler
 .text.SystemInit
                0x08000198       0xbc ..\obj\system_stm32f10x.o
                0x08000198                SystemInit
 .text.SetSysClock
                0x08000254        0xc ..\obj\system_stm32f10x.o
 .text.SetSysClockTo24
                0x08000260      0x15c ..\obj\system_stm32f10x.o
 .text.GPIO_Init
                0x080003bc      0x1c0 ..\obj\stm32f10x_gpio.o
                0x080003bc                GPIO_Init
 .text.GPIO_ReadInputDataBit
                0x0800057c       0x40 ..\obj\stm32f10x_gpio.o
                0x0800057c                GPIO_ReadInputDataBit
 .text.GPIO_WriteBit
                0x080005bc       0x30 ..\obj\stm32f10x_gpio.o
                0x080005bc                GPIO_WriteBit
 .text.ADC_Sensor_Init
                0x080005ec      0x1a0 ..\obj\adc_sensor.o
                0x080005ec                ADC_Sensor_Init
 .text.ADC1_IRQHandler
                0x0800078c       0x6c ..\obj\adc_sensor.o
                0x0800078c                ADC1_IRQHandler
 .text.bubblesort
                0x080007f8       0xb0 ..\obj\adc_sensor.o
                0x080007f8                bubblesort
 .text.ADC_Poll_task
                0x080008a8      0x100 ..\obj\adc_sensor.o
 .text.DAC_Init
                0x080009a8       0x78 ..\obj\stm32f10x_dac.o
                0x080009a8                DAC_Init
 .text.DAC_Cmd  0x08000a20       0x6c ..\obj\stm32f10x_dac.o
                0x08000a20                DAC_Cmd
 .text.DAC_SetChannel1Data
                0x08000a8c       0x38 ..\obj\stm32f10x_dac.o
                0x08000a8c                DAC_SetChannel1Data
 .text.indicators_set_num
                0x08000ac4       0x88 ..\obj\indicator.o
                0x08000ac4                indicators_set_num
 .text.str_to_ind
                0x08000b4c      0x68c ..\obj\indicator.o
                0x08000b4c                str_to_ind
 .text.Init_Task
                0x080011d8       0x34 ..\obj\main.o
 .text.main     0x0800120c       0x48 ..\obj\main.o
                0x0800120c                main
 .text.tablo_indicator_struct_init
                0x08001254       0xac ..\obj\tablo.o
                0x08001254                tablo_indicator_struct_init
 .text.tablo_devices_init
                0x08001300       0x20 ..\obj\tablo.o
                0x08001300                tablo_devices_init
 .text.PutChar  0x08001320       0x24 ..\obj\printf.o
                0x08001320                PutChar
 .text.PutString
                0x08001344       0x48 ..\obj\printf.o
                0x08001344                PutString
 .text.PutUnsignedInt
                0x0800138c       0xbc ..\obj\printf.o
                0x0800138c                PutUnsignedInt
 .text.PutSignedInt
                0x08001448      0x12c ..\obj\printf.o
                0x08001448                PutSignedInt
 .text.PutHexa  0x08001574       0xe8 ..\obj\printf.o
                0x08001574                PutHexa
 .text.vsnprintf
                0x0800165c      0x2a4 ..\obj\printf.o
                0x0800165c                vsnprintf
 .text.snprintf
                0x08001900       0x34 ..\obj\printf.o
                0x08001900                snprintf
 .text.RCC_AHBPeriphClockCmd
                0x08001934       0x5c ..\obj\stm32f10x_rcc.o
                0x08001934                RCC_AHBPeriphClockCmd
 .text.RCC_APB2PeriphClockCmd
                0x08001990       0x5c ..\obj\stm32f10x_rcc.o
                0x08001990                RCC_APB2PeriphClockCmd
 .text.RCC_APB1PeriphClockCmd
                0x080019ec       0x5c ..\obj\stm32f10x_rcc.o
                0x080019ec                RCC_APB1PeriphClockCmd
 .text.DAC_Out_Init
                0x08001a48       0x70 ..\obj\dac.o
                0x08001a48                DAC_Out_Init
 .text.xTaskGenericCreate
                0x08001ab8      0x1ac ..\obj\tasks.o
                0x08001ab8                xTaskGenericCreate
 .text.vTaskDelete
                0x08001c64       0xc0 ..\obj\tasks.o
                0x08001c64                vTaskDelete
 .text.vTaskDelay
                0x08001d24       0x5c ..\obj\tasks.o
                0x08001d24                vTaskDelay
 .text.vTaskStartScheduler
                0x08001d80       0x74 ..\obj\tasks.o
                0x08001d80                vTaskStartScheduler
 .text.vTaskSuspendAll
                0x08001df4       0x24 ..\obj\tasks.o
                0x08001df4                vTaskSuspendAll
 .text.xTaskResumeAll
                0x08001e18      0x154 ..\obj\tasks.o
                0x08001e18                xTaskResumeAll
 .text.vTaskIncrementTick
                0x08001f6c      0x1b8 ..\obj\tasks.o
                0x08001f6c                vTaskIncrementTick
 .text.vTaskSwitchContext
                0x08002124       0xd0 ..\obj\tasks.o
                0x08002124                vTaskSwitchContext
 .text.vTaskPlaceOnEventList
                0x080021f4       0x78 ..\obj\tasks.o
                0x080021f4                vTaskPlaceOnEventList
 .text.xTaskRemoveFromEventList
                0x0800226c       0xc4 ..\obj\tasks.o
                0x0800226c                xTaskRemoveFromEventList
 .text.vTaskSetTimeOutState
                0x08002330       0x30 ..\obj\tasks.o
                0x08002330                vTaskSetTimeOutState
 .text.xTaskCheckForTimeOut
                0x08002360       0xa4 ..\obj\tasks.o
                0x08002360                xTaskCheckForTimeOut
 .text.vTaskMissedYield
                0x08002404       0x18 ..\obj\tasks.o
                0x08002404                vTaskMissedYield
 .text.prvIdleTask
                0x0800241c       0x24 ..\obj\tasks.o
 .text.prvInitialiseTCBVariables
                0x08002440       0x7c ..\obj\tasks.o
 .text.prvInitialiseTaskLists
                0x080024bc       0xa4 ..\obj\tasks.o
 .text.prvCheckTasksWaitingTermination
                0x08002560       0x98 ..\obj\tasks.o
 .text.prvAddCurrentTaskToDelayedList
                0x080025f8       0x8c ..\obj\tasks.o
 .text.prvAllocateTCBAndStack
                0x08002684       0x74 ..\obj\tasks.o
 .text.prvDeleteTCB
                0x080026f8       0x20 ..\obj\tasks.o
 .text.xTaskGetCurrentTaskHandle
                0x08002718       0x20 ..\obj\tasks.o
                0x08002718                xTaskGetCurrentTaskHandle
 .text.vTaskPriorityInherit
                0x08002738       0xd8 ..\obj\tasks.o
                0x08002738                vTaskPriorityInherit
 .text.vTaskPriorityDisinherit
                0x08002810       0x90 ..\obj\tasks.o
                0x08002810                vTaskPriorityDisinherit
 .text.ADC_Init
                0x080028a0       0xc0 ..\obj\stm32f10x_adc.o
                0x080028a0                ADC_Init
 .text.ADC_Cmd  0x08002960       0x38 ..\obj\stm32f10x_adc.o
                0x08002960                ADC_Cmd
 .text.ADC_ITConfig
                0x08002998       0x4c ..\obj\stm32f10x_adc.o
                0x08002998                ADC_ITConfig
 .text.ADC_ResetCalibration
                0x080029e4       0x20 ..\obj\stm32f10x_adc.o
                0x080029e4                ADC_ResetCalibration
 .text.ADC_GetResetCalibrationStatus
                0x08002a04       0x38 ..\obj\stm32f10x_adc.o
                0x08002a04                ADC_GetResetCalibrationStatus
 .text.ADC_StartCalibration
                0x08002a3c       0x20 ..\obj\stm32f10x_adc.o
                0x08002a3c                ADC_StartCalibration
 .text.ADC_GetCalibrationStatus
                0x08002a5c       0x38 ..\obj\stm32f10x_adc.o
                0x08002a5c                ADC_GetCalibrationStatus
 .text.ADC_AutoInjectedConvCmd
                0x08002a94       0x38 ..\obj\stm32f10x_adc.o
                0x08002a94                ADC_AutoInjectedConvCmd
 .text.ADC_ExternalTrigInjectedConvConfig
                0x08002acc       0x38 ..\obj\stm32f10x_adc.o
                0x08002acc                ADC_ExternalTrigInjectedConvConfig
 .text.ADC_SoftwareStartInjectedConvCmd
                0x08002b04       0x38 ..\obj\stm32f10x_adc.o
                0x08002b04                ADC_SoftwareStartInjectedConvCmd
 .text.ADC_InjectedChannelConfig
                0x08002b3c      0x150 ..\obj\stm32f10x_adc.o
                0x08002b3c                ADC_InjectedChannelConfig
 .text.ADC_InjectedSequencerLengthConfig
                0x08002c8c       0x4c ..\obj\stm32f10x_adc.o
                0x08002c8c                ADC_InjectedSequencerLengthConfig
 .text.ADC_GetInjectedConversionValue
                0x08002cd8       0x34 ..\obj\stm32f10x_adc.o
                0x08002cd8                ADC_GetInjectedConversionValue
 .text.ADC_GetITStatus
                0x08002d0c       0x6c ..\obj\stm32f10x_adc.o
                0x08002d0c                ADC_GetITStatus
 .text.ADC_ClearITPendingBit
                0x08002d78       0x30 ..\obj\stm32f10x_adc.o
                0x08002d78                ADC_ClearITPendingBit
 .text.float_to_string
                0x08002da8      0x3f8 ..\obj\string_utils.o
                0x08002da8                float_to_string
 .text.string_to_float
                0x080031a0      0x114 ..\obj\string_utils.o
                0x080031a0                string_to_float
 .text.keyboard_init
                0x080032b4       0x90 ..\obj\keyboard.o
                0x080032b4                keyboard_init
 .text.keyboard_task
                0x08003344       0x70 ..\obj\keyboard.o
                0x08003344                keyboard_task
 .text.keyboard_poll
                0x080033b4       0x7c ..\obj\keyboard.o
                0x080033b4                keyboard_poll
 .text.menuChange
                0x08003430       0x30 ..\obj\menu.o
                0x08003430                menuChange
 .text.menuChange_NEXT
                0x08003460       0x6c ..\obj\menu.o
                0x08003460                menuChange_NEXT
 .text.dispMenu
                0x080034cc       0x70 ..\obj\menu.o
                0x080034cc                dispMenu
 .text.menuKey  0x0800353c       0xec ..\obj\menu.o
                0x0800353c                menuKey
 .text.menuHandler
                0x08003628       0x84 ..\obj\menu.o
                0x08003628                menuHandler
 .text.startMenu
                0x080036ac       0x7c ..\obj\menu.o
                0x080036ac                startMenu
 .text.SetBrightnessKey
                0x08003728       0xd0 ..\obj\menu.o
                0x08003728                SetBrightnessKey
 .text.SetTypeOutKey
                0x080037f8      0x100 ..\obj\menu.o
                0x080037f8                SetTypeOutKey
 .text.InputFieldKey
                0x080038f8      0x4b0 ..\obj\menu.o
                0x080038f8                InputFieldKey
 .text.Set_Blink_Sym
                0x08003da8       0x78 ..\obj\menu.o
                0x08003da8                Set_Blink_Sym
 .text.DisplayProcess
                0x08003e20      0x220 ..\obj\menu.o
 .text.vListInitialise
                0x08004040       0x48 ..\obj\list.o
                0x08004040                vListInitialise
 .text.vListInitialiseItem
                0x08004088       0x1c ..\obj\list.o
                0x08004088                vListInitialiseItem
 .text.vListInsertEnd
                0x080040a4       0x54 ..\obj\list.o
                0x080040a4                vListInsertEnd
 .text.vListInsert
                0x080040f8       0x78 ..\obj\list.o
                0x080040f8                vListInsert
 .text.vListRemove
                0x08004170       0x54 ..\obj\list.o
                0x08004170                vListRemove
 .text.FLASH_UnlockBank1
                0x080041c4       0x30 ..\obj\stm32f10x_flash.o
                0x080041c4                FLASH_UnlockBank1
 .text.FLASH_LockBank1
                0x080041f4       0x24 ..\obj\stm32f10x_flash.o
                0x080041f4                FLASH_LockBank1
 .text.FLASH_ErasePage
                0x08004218       0x94 ..\obj\stm32f10x_flash.o
                0x08004218                FLASH_ErasePage
 .text.FLASH_ProgramWord
                0x080042ac       0xc4 ..\obj\stm32f10x_flash.o
                0x080042ac                FLASH_ProgramWord
 .text.FLASH_ClearFlag
                0x08004370       0x20 ..\obj\stm32f10x_flash.o
                0x08004370                FLASH_ClearFlag
 .text.FLASH_GetBank1Status
                0x08004390       0x70 ..\obj\stm32f10x_flash.o
                0x08004390                FLASH_GetBank1Status
 .text.FLASH_WaitForLastOperation
                0x08004400       0x4c ..\obj\stm32f10x_flash.o
                0x08004400                FLASH_WaitForLastOperation
 .text.pxPortInitialiseStack
                0x0800444c       0x60 ..\obj\port.o
                0x0800444c                pxPortInitialiseStack
 .text.SVC_Handler
                0x080044ac       0x20 ..\obj\port.o
                0x080044ac                SVC_Handler
 .text.vPortStartFirstTask
                0x080044cc       0x14 ..\obj\port.o
                0x080044cc                vPortStartFirstTask
 .text.xPortStartScheduler
                0x080044e0       0x54 ..\obj\port.o
                0x080044e0                xPortStartScheduler
 .text.vPortYieldFromISR
                0x08004534       0x18 ..\obj\port.o
                0x08004534                vPortYieldFromISR
 .text.vPortEnterCritical
                0x0800454c       0x2c ..\obj\port.o
                0x0800454c                vPortEnterCritical
 .text.vPortExitCritical
                0x08004578       0x38 ..\obj\port.o
                0x08004578                vPortExitCritical
 .text.PendSV_Handler
                0x080045b0       0x3c ..\obj\port.o
                0x080045b0                PendSV_Handler
 .text.SysTick_Handler
                0x080045ec       0x38 ..\obj\port.o
                0x080045ec                SysTick_Handler
 .text.prvSetupTimerInterrupt
                0x08004624       0x28 ..\obj\port.o
 .text.xQueueGenericCreate
                0x0800464c       0xd4 ..\obj\queue.o
                0x0800464c                xQueueGenericCreate
 .text.xQueueCreateMutex
                0x08004720       0x9c ..\obj\queue.o
                0x08004720                xQueueCreateMutex
 .text.xQueueGenericSend
                0x080047bc      0x124 ..\obj\queue.o
                0x080047bc                xQueueGenericSend
 .text.xQueueGenericSendFromISR
                0x080048e0       0x90 ..\obj\queue.o
                0x080048e0                xQueueGenericSendFromISR
 .text.xQueueGenericReceive
                0x08004970      0x188 ..\obj\queue.o
                0x08004970                xQueueGenericReceive
 .text.uxQueueMessagesWaiting
                0x08004af8       0x24 ..\obj\queue.o
                0x08004af8                uxQueueMessagesWaiting
 .text.prvCopyDataToQueue
                0x08004b1c       0xc4 ..\obj\queue.o
 .text.prvCopyDataFromQueue
                0x08004be0       0x50 ..\obj\queue.o
 .text.prvUnlockQueue
                0x08004c30       0xa0 ..\obj\queue.o
 .text.prvIsQueueEmpty
                0x08004cd0       0x2c ..\obj\queue.o
 .text.prvIsQueueFull
                0x08004cfc       0x30 ..\obj\queue.o
 .text.DMA_Init
                0x08004d2c       0x84 ..\obj\stm32f10x_dma.o
                0x08004d2c                DMA_Init
 .text.DMA_StructInit
                0x08004db0       0x6c ..\obj\stm32f10x_dma.o
                0x08004db0                DMA_StructInit
 .text.DMA_Cmd  0x08004e1c       0x3c ..\obj\stm32f10x_dma.o
                0x08004e1c                DMA_Cmd
 .text.DMA_GetFlagStatus
                0x08004e58       0x60 ..\obj\stm32f10x_dma.o
                0x08004e58                DMA_GetFlagStatus
 .text.DMA_ClearFlag
                0x08004eb8       0x38 ..\obj\stm32f10x_dma.o
                0x08004eb8                DMA_ClearFlag
 .text.Store_Channels_Data
                0x08004ef0      0x208 ..\obj\channels.o
                0x08004ef0                Store_Channels_Data
 .text.Restore_Channels_Data
                0x080050f8      0x248 ..\obj\channels.o
                0x080050f8                Restore_Channels_Data
 .text.spi_buses_init
                0x08005340       0x64 ..\obj\spi_bus.o
                0x08005340                spi_buses_init
 .text.spi1_config
                0x080053a4      0x1e0 ..\obj\spi_bus.o
                0x080053a4                spi1_config
 .text.spi1_write_buf
                0x08005584       0x44 ..\obj\spi_bus.o
                0x08005584                spi1_write_buf
 .text.spi1_task
                0x080055c8      0x100 ..\obj\spi_bus.o
 .text.NVIC_Init
                0x080056c8       0xec ..\obj\misc.o
                0x080056c8                NVIC_Init
 .text.SPI_Init
                0x080057b4       0x98 ..\obj\stm32f10x_spi.o
                0x080057b4                SPI_Init
 .text.SPI_Cmd  0x0800584c       0x40 ..\obj\stm32f10x_spi.o
                0x0800584c                SPI_Cmd
 .text.SPI_I2S_DMACmd
                0x0800588c       0x4c ..\obj\stm32f10x_spi.o
                0x0800588c                SPI_I2S_DMACmd
 .text.SPI_CalculateCRC
                0x080058d8       0x40 ..\obj\stm32f10x_spi.o
                0x080058d8                SPI_CalculateCRC
 .text.pvPortMalloc
                0x08005918       0x98 ..\obj\heap_1.o
                0x08005918                pvPortMalloc
 .text.vPortFree
                0x080059b0       0x14 ..\obj\heap_1.o
                0x080059b0                vPortFree
 .text          0x080059c4       0x7c C:\CooCox\CoIDE\gcc\Sourcery G++ Lite\arm-none-eabi\lib\thumb2\libm.a(lib_a-sf_fpclassify.o)
                0x080059c4                __fpclassifyf
 .text          0x08005a40      0x370 c:/coocox/coide/gcc/sourcery g++ lite/bin/../lib/gcc/arm-none-eabi/4.5.1/thumb2\libgcc.a(_arm_addsubdf3.o)
                0x08005a40                __aeabi_drsub
                0x08005a48                __aeabi_dsub
                0x08005a48                __subdf3
                0x08005a4c                __aeabi_dadd
                0x08005a4c                __adddf3
                0x08005cc4                __floatunsidf
                0x08005cc4                __aeabi_ui2d
                0x08005ce4                __floatsidf
                0x08005ce4                __aeabi_i2d
                0x08005d08                __aeabi_f2d
                0x08005d08                __extendsfdf2
                0x08005d44                __floatundidf
                0x08005d44                __aeabi_ul2d
                0x08005d54                __floatdidf
                0x08005d54                __aeabi_l2d
 .text          0x08005db0      0x424 c:/coocox/coide/gcc/sourcery g++ lite/bin/../lib/gcc/arm-none-eabi/4.5.1/thumb2\libgcc.a(_arm_muldivdf3.o)
                0x08005db0                __aeabi_dmul
                0x08005db0                __muldf3
                0x08006004                __divdf3
                0x08006004                __aeabi_ddiv
 .text          0x080061d4      0x110 c:/coocox/coide/gcc/sourcery g++ lite/bin/../lib/gcc/arm-none-eabi/4.5.1/thumb2\libgcc.a(_arm_cmpdf2.o)
                0x080061d4                __gtdf2
                0x080061d4                __gedf2
                0x080061dc                __ltdf2
                0x080061dc                __ledf2
                0x080061e4                __nedf2
                0x080061e4                __eqdf2
                0x080061e4                __cmpdf2
                0x08006260                __aeabi_cdrcmple
                0x08006270                __aeabi_cdcmpeq
                0x08006270                __aeabi_cdcmple
                0x08006280                __aeabi_dcmpeq
                0x08006294                __aeabi_dcmplt
                0x080062a8                __aeabi_dcmple
                0x080062bc                __aeabi_dcmpge
                0x080062d0                __aeabi_dcmpgt
 .text          0x080062e4       0xa0 c:/coocox/coide/gcc/sourcery g++ lite/bin/../lib/gcc/arm-none-eabi/4.5.1/thumb2\libgcc.a(_arm_truncdfsf2.o)
                0x080062e4                __truncdfsf2
                0x080062e4                __aeabi_d2f
 .text          0x08006384      0x21c c:/coocox/coide/gcc/sourcery g++ lite/bin/../lib/gcc/arm-none-eabi/4.5.1/thumb2\libgcc.a(_arm_addsubsf3.o)
                0x08006384                __aeabi_frsub
                0x0800638c                __subsf3
                0x0800638c                __aeabi_fsub
                0x08006390                __aeabi_fadd
                0x08006390                __addsf3
                0x080064f0                __aeabi_ui2f
                0x080064f0                __floatunsisf
                0x080064f8                __aeabi_i2f
                0x080064f8                __floatsisf
                0x08006514                __aeabi_ul2f
                0x08006514                __floatundisf
                0x08006524                __aeabi_l2f
                0x08006524                __floatdisf
 .text          0x080065a0      0x2a0 c:/coocox/coide/gcc/sourcery g++ lite/bin/../lib/gcc/arm-none-eabi/4.5.1/thumb2\libgcc.a(_arm_muldivsf3.o)
                0x080065a0                __mulsf3
                0x080065a0                __aeabi_fmul
                0x08006708                __aeabi_fdiv
                0x08006708                __divsf3
 .text          0x08006840       0xec c:/coocox/coide/gcc/sourcery g++ lite/bin/../lib/gcc/arm-none-eabi/4.5.1/thumb2\libgcc.a(_arm_cmpsf2.o)
                0x08006840                __gesf2
                0x08006840                __gtsf2
                0x08006848                __lesf2
                0x08006848                __ltsf2
                0x08006850                __nesf2
                0x08006850                __eqsf2
                0x08006850                __cmpsf2
                0x080068b0                __aeabi_cfrcmple
                0x080068b8                __aeabi_cfcmpeq
                0x080068b8                __aeabi_cfcmple
                0x080068c8                __aeabi_fcmpeq
                0x080068dc                __aeabi_fcmplt
                0x080068f0                __aeabi_fcmple
                0x08006904                __aeabi_fcmpge
                0x08006918                __aeabi_fcmpgt
 .text          0x0800692c       0x40 c:/coocox/coide/gcc/sourcery g++ lite/bin/../lib/gcc/arm-none-eabi/4.5.1/thumb2\libgcc.a(_arm_fixunssfsi.o)
                0x0800692c                __fixunssfsi
                0x0800692c                __aeabi_f2uiz
 .text          0x0800696c      0x150 C:\CooCox\CoIDE\gcc\Sourcery G++ Lite\arm-none-eabi\lib\thumb2\libc.a(lib_a-memcpy.o)
                0x0800696c                memcpy
 .text          0x08006abc       0xb4 C:\CooCox\CoIDE\gcc\Sourcery G++ Lite\arm-none-eabi\lib\thumb2\libc.a(lib_a-memset.o)
                0x08006abc                memset
 .text          0x08006b70       0x60 C:\CooCox\CoIDE\gcc\Sourcery G++ Lite\arm-none-eabi\lib\thumb2\libc.a(lib_a-strlen.o)
                0x08006b70                strlen
 .text          0x08006bd0       0x7c C:\CooCox\CoIDE\gcc\Sourcery G++ Lite\arm-none-eabi\lib\thumb2\libc.a(lib_a-strncpy.o)
                0x08006bd0                strncpy
 *(.glue_7t)
 .glue_7t       0x00000000        0x0 linker stubs
 *(.glue_7)
 .glue_7        0x00000000        0x0 linker stubs
 *(.rodata .rodata* .gnu.linkonce.r.*)
 .rodata        0x08006c4c       0x10 ..\obj\adc_sensor.o
 .rodata        0x08006c5c       0x44 ..\obj\indicator.o
                0x08006c5c                Sym_table
 .rodata        0x08006ca0        0x8 ..\obj\main.o
 .rodata        0x08006ca8        0x8 ..\obj\tasks.o
 .rodata        0x08006cb0       0x54 ..\obj\string_utils.o
 .rodata        0x08006d04        0xc ..\obj\keyboard.o
 .rodata        0x08006d10      0x120 ..\obj\menu.o
                0x08006d10                strNULL
                0x08006d14                Null_Menu
                0x08006d38                m_s0i1
                0x08006d58                m_s1i1
                0x08006d78                m_s1i2
                0x08006d98                m_s1i3
                0x08006db8                m_s3i1
                0x08006dd8                m_s3i2
 .rodata        0x08006e30        0xc ..\obj\spi_bus.o
 .rodata        0x08006e3c      0x104 C:\CooCox\CoIDE\gcc\Sourcery G++ Lite\arm-none-eabi\lib\thumb2\libc.a(lib_a-ctype_.o)
                0x08006e3c                _ctype_

.vfp11_veneer   0x08006f40        0x0
 .vfp11_veneer  0x00000000        0x0 linker stubs

.v4_bx          0x08006f40        0x0
 .v4_bx         0x00000000        0x0 linker stubs

.ARM.extab
 *(.ARM.extab* .gnu.linkonce.armextab.*)

.ARM.exidx
 *(.ARM.exidx* .gnu.linkonce.armexidx.*)
                0x08006f40                . = ALIGN (0x4)
                0x08006f40                _etext = .
                0x08006f40                _sidata = .

.data           0x20000000       0x14 load address 0x08006f40
                0x20000000                _sdata = .
 *(.data .data.*)
 .data          0x20000000        0x4 ..\obj\tasks.o
 .data          0x20000004        0x4 ..\obj\port.o
 .data          0x20000008        0x8 ..\obj\channels.o
                0x20000008                Data
                0x2000000c                MemoryProgramStatus
                0x2000000d                FLASHStatus
 .data          0x20000010        0x4 C:\CooCox\CoIDE\gcc\Sourcery G++ Lite\arm-none-eabi\lib\thumb2\libc.a(lib_a-ctype_.o)
                0x20000010                __ctype_ptr__
                0x20000014                . = ALIGN (0x4)
                0x20000014                _edata = .

.bss            0x20000018     0x13d4 load address 0x08006f58
                0x20000018                _sbss = .
 *(.bss .bss.*)
 .bss           0x20000018       0x88 ..\obj\adc_sensor.o
 .bss           0x200000a0      0x100 ..\obj\tasks.o
                0x200000a0                pxCurrentTCB
 .bss           0x200001a0        0xc ..\obj\menu.o
                0x200001a0                flag_menu_entry
 .bss           0x200001ac       0x10 ..\obj\channels.o
                0x200001ac                EraseCounter
                0x200001b0                Address
                0x200001b4                NbrOfPage
                0x200001b8                FlashError
 *fill*         0x200001bc        0x4 00
 .bss           0x200001c0     0x1008 ..\obj\heap_1.o
 *(COMMON)
 COMMON         0x200011c8        0x8 ..\obj\adc_sensor.o
                0x200011c8                ADC_Data_1
                0x200011cc                xADCQueue
 COMMON         0x200011d0      0x1b6 ..\obj\tablo.o
                0x200011d0                tab
 *fill*         0x20001386        0x2 00
 COMMON         0x20001388        0x4 ..\obj\keyboard.o
                0x20001388                xKeyboardQueue
 COMMON         0x2000138c       0x30 ..\obj\menu.o
                0x2000138c                menuStack
                0x200013b4                menuStackTop
                0x200013b8                selectedMenuItem
 COMMON         0x200013bc       0x2c ..\obj\channels.o
                0x200013bc                channels
 COMMON         0x200013e8        0x4 ..\obj\spi_bus.o
                0x200013e8                xSPI_Buf_Mutex
                0x200013ec                . = ALIGN (0x4)
                0x200013ec                _ebss = .

.co_stack       0x200013ec      0x404 load address 0x0800832c
                0x200013f0                . = ALIGN (0x8)
 *fill*         0x200013ec        0x4 00
 *(.co_stack .co_stack.*)
 .co_stack      0x200013f0      0x400 ..\obj\startup_stm32f10x_md_vl.o
                0x200013f0                pulStack
                0x200017f0                . = ALIGN (0x4)
                0x200017f0                _end = .
LOAD ..\obj\stm32f10x_tim.o
LOAD ..\obj\startup_stm32f10x_md_vl.o
LOAD ..\obj\core_cm3.o
LOAD ..\obj\system_stm32f10x.o
LOAD ..\obj\stm32f10x_pwr.o
LOAD ..\obj\stm32f10x_gpio.o
LOAD ..\obj\adc_sensor.o
LOAD ..\obj\stm32f10x_dac.o
LOAD ..\obj\indicator.o
LOAD ..\obj\main.o
LOAD ..\obj\timers.o
LOAD ..\obj\tablo.o
LOAD ..\obj\printf.o
LOAD ..\obj\stm32f10x_rcc.o
LOAD ..\obj\dac.o
LOAD ..\obj\tasks.o
LOAD ..\obj\stm32f10x_adc.o
LOAD ..\obj\string_utils.o
LOAD ..\obj\keyboard.o
LOAD ..\obj\menu.o
LOAD ..\obj\list.o
LOAD ..\obj\syscalls.o
LOAD ..\obj\stm32f10x_flash.o
LOAD ..\obj\port.o
LOAD ..\obj\queue.o
LOAD ..\obj\stm32f10x_dma.o
LOAD ..\obj\croutine.o
LOAD ..\obj\channels.o
LOAD ..\obj\spi_bus.o
LOAD ..\obj\misc.o
LOAD ..\obj\stm32f10x_spi.o
LOAD ..\obj\heap_1.o
LOAD C:\CooCox\CoIDE\gcc\Sourcery G++ Lite\arm-none-eabi\lib\thumb2\libm.a
START GROUP
LOAD c:/coocox/coide/gcc/sourcery g++ lite/bin/../lib/gcc/arm-none-eabi/4.5.1/thumb2\libgcc.a
LOAD C:\CooCox\CoIDE\gcc\Sourcery G++ Lite\arm-none-eabi\lib\thumb2\libc.a
END GROUP
OUTPUT(tablo_proto_test.elf elf32-littlearm)

.debug_abbrev   0x00000000     0x28ed
 .debug_abbrev  0x00000000      0x172 ..\obj\stm32f10x_tim.o
 .debug_abbrev  0x00000172       0xa3 ..\obj\startup_stm32f10x_md_vl.o
 .debug_abbrev  0x00000215       0xd5 ..\obj\core_cm3.o
 .debug_abbrev  0x000002ea      0x17e ..\obj\system_stm32f10x.o
 .debug_abbrev  0x00000468      0x184 ..\obj\stm32f10x_pwr.o
 .debug_abbrev  0x000005ec      0x1a4 ..\obj\stm32f10x_gpio.o
 .debug_abbrev  0x00000790      0x1cc ..\obj\adc_sensor.o
 .debug_abbrev  0x0000095c      0x172 ..\obj\stm32f10x_dac.o
 .debug_abbrev  0x00000ace      0x164 ..\obj\indicator.o
 .debug_abbrev  0x00000c32       0x86 ..\obj\main.o
 .debug_abbrev  0x00000cb8       0x40 ..\obj\timers.o
 .debug_abbrev  0x00000cf8      0x10b ..\obj\tablo.o
 .debug_abbrev  0x00000e03      0x238 ..\obj\printf.o
 .debug_abbrev  0x0000103b      0x191 ..\obj\stm32f10x_rcc.o
 .debug_abbrev  0x000011cc       0xec ..\obj\dac.o
 .debug_abbrev  0x000012b8      0x193 ..\obj\tasks.o
 .debug_abbrev  0x0000144b      0x174 ..\obj\stm32f10x_adc.o
 .debug_abbrev  0x000015bf       0xc7 ..\obj\string_utils.o
 .debug_abbrev  0x00001686      0x13b ..\obj\keyboard.o
 .debug_abbrev  0x000017c1      0x236 ..\obj\menu.o
 .debug_abbrev  0x000019f7       0xb2 ..\obj\list.o
 .debug_abbrev  0x00001aa9       0xde ..\obj\syscalls.o
 .debug_abbrev  0x00001b87      0x162 ..\obj\stm32f10x_flash.o
 .debug_abbrev  0x00001ce9      0x138 ..\obj\port.o
 .debug_abbrev  0x00001e21      0x103 ..\obj\queue.o
 .debug_abbrev  0x00001f24      0x14e ..\obj\stm32f10x_dma.o
 .debug_abbrev  0x00002072      0x197 ..\obj\croutine.o
 .debug_abbrev  0x00002209      0x164 ..\obj\channels.o
 .debug_abbrev  0x0000236d      0x1e1 ..\obj\spi_bus.o
 .debug_abbrev  0x0000254e      0x135 ..\obj\misc.o
 .debug_abbrev  0x00002683      0x15d ..\obj\stm32f10x_spi.o
 .debug_abbrev  0x000027e0      0x10d ..\obj\heap_1.o

.debug_info     0x00000000     0xcc14
 .debug_info    0x00000000     0x1e18 ..\obj\stm32f10x_tim.o
 .debug_info    0x00001e18      0x143 ..\obj\startup_stm32f10x_md_vl.o
 .debug_info    0x00001f5b      0x548 ..\obj\core_cm3.o
 .debug_info    0x000024a3      0x433 ..\obj\system_stm32f10x.o
 .debug_info    0x000028d6      0x45b ..\obj\stm32f10x_pwr.o
 .debug_info    0x00002d31      0x723 ..\obj\stm32f10x_gpio.o
 .debug_info    0x00003454      0x839 ..\obj\adc_sensor.o
 .debug_info    0x00003c8d      0x671 ..\obj\stm32f10x_dac.o
 .debug_info    0x000042fe      0x421 ..\obj\indicator.o
 .debug_info    0x0000471f       0xef ..\obj\main.o
 .debug_info    0x0000480e       0x89 ..\obj\timers.o
 .debug_info    0x00004897      0x2a7 ..\obj\tablo.o
 .debug_info    0x00004b3e      0xed2 ..\obj\printf.o
 .debug_info    0x00005a10      0x976 ..\obj\stm32f10x_rcc.o
 .debug_info    0x00006386      0x268 ..\obj\dac.o
 .debug_info    0x000065ee      0xc80 ..\obj\tasks.o
 .debug_info    0x0000726e      0xc0e ..\obj\stm32f10x_adc.o
 .debug_info    0x00007e7c      0x1ba ..\obj\string_utils.o
 .debug_info    0x00008036      0x2be ..\obj\keyboard.o
 .debug_info    0x000082f4      0x910 ..\obj\menu.o
 .debug_info    0x00008c04      0x2cb ..\obj\list.o
 .debug_info    0x00008ecf      0x440 ..\obj\syscalls.o
 .debug_info    0x0000930f      0x819 ..\obj\stm32f10x_flash.o
 .debug_info    0x00009b28      0x214 ..\obj\port.o
 .debug_info    0x00009d3c      0x7a4 ..\obj\queue.o
 .debug_info    0x0000a4e0      0x4a2 ..\obj\stm32f10x_dma.o
 .debug_info    0x0000a982      0x4ec ..\obj\croutine.o
 .debug_info    0x0000ae6e      0x5a7 ..\obj\channels.o
 .debug_info    0x0000b415      0x7b5 ..\obj\spi_bus.o
 .debug_info    0x0000bbca      0x546 ..\obj\misc.o
 .debug_info    0x0000c110      0x971 ..\obj\stm32f10x_spi.o
 .debug_info    0x0000ca81      0x193 ..\obj\heap_1.o

.debug_line     0x00000000     0x6c0c
 .debug_line    0x00000000      0xac7 ..\obj\stm32f10x_tim.o
 .debug_line    0x00000ac7       0xc7 ..\obj\startup_stm32f10x_md_vl.o
 .debug_line    0x00000b8e      0x29f ..\obj\core_cm3.o
 .debug_line    0x00000e2d      0x270 ..\obj\system_stm32f10x.o
 .debug_line    0x0000109d      0x2a1 ..\obj\stm32f10x_pwr.o
 .debug_line    0x0000133e      0x3e1 ..\obj\stm32f10x_gpio.o
 .debug_line    0x0000171f      0x3a8 ..\obj\adc_sensor.o
 .debug_line    0x00001ac7      0x391 ..\obj\stm32f10x_dac.o
 .debug_line    0x00001e58      0x37a ..\obj\indicator.o
 .debug_line    0x000021d2       0xf9 ..\obj\main.o
 .debug_line    0x000022cb       0x78 ..\obj\timers.o
 .debug_line    0x00002343      0x1f9 ..\obj\tablo.o
 .debug_line    0x0000253c      0x3e0 ..\obj\printf.o
 .debug_line    0x0000291c      0x508 ..\obj\stm32f10x_rcc.o
 .debug_line    0x00002e24      0x23a ..\obj\dac.o
 .debug_line    0x0000305e      0x6ad ..\obj\tasks.o
 .debug_line    0x0000370b      0x555 ..\obj\stm32f10x_adc.o
 .debug_line    0x00003c60      0x1d7 ..\obj\string_utils.o
 .debug_line    0x00003e37      0x2da ..\obj\keyboard.o
 .debug_line    0x00004111      0x4be ..\obj\menu.o
 .debug_line    0x000045cf      0x24e ..\obj\list.o
 .debug_line    0x0000481d      0x1ae ..\obj\syscalls.o
 .debug_line    0x000049cb      0x50c ..\obj\stm32f10x_flash.o
 .debug_line    0x00004ed7      0x24c ..\obj\port.o
 .debug_line    0x00005123      0x46b ..\obj\queue.o
 .debug_line    0x0000558e      0x335 ..\obj\stm32f10x_dma.o
 .debug_line    0x000058c3      0x31d ..\obj\croutine.o
 .debug_line    0x00005be0      0x361 ..\obj\channels.o
 .debug_line    0x00005f41      0x457 ..\obj\spi_bus.o
 .debug_line    0x00006398      0x276 ..\obj\misc.o
 .debug_line    0x0000660e      0x454 ..\obj\stm32f10x_spi.o
 .debug_line    0x00006a62      0x1aa ..\obj\heap_1.o

.debug_loc      0x00000000     0x5c5e
 .debug_loc     0x00000000     0x13e8 ..\obj\stm32f10x_tim.o
 .debug_loc     0x000013e8       0x64 ..\obj\startup_stm32f10x_md_vl.o
 .debug_loc     0x0000144c      0x3f0 ..\obj\core_cm3.o
 .debug_loc     0x0000183c       0xc8 ..\obj\system_stm32f10x.o
 .debug_loc     0x00001904      0x238 ..\obj\stm32f10x_pwr.o
 .debug_loc     0x00001b3c      0x3e4 ..\obj\stm32f10x_gpio.o
 .debug_loc     0x00001f20       0xd4 ..\obj\adc_sensor.o
 .debug_loc     0x00001ff4      0x3ac ..\obj\stm32f10x_dac.o
 .debug_loc     0x000023a0       0xaa ..\obj\indicator.o
 .debug_loc     0x0000244a       0x70 ..\obj\main.o
 .debug_loc     0x000024ba       0x64 ..\obj\tablo.o
 .debug_loc     0x0000251e      0x3ea ..\obj\printf.o
 .debug_loc     0x00002908      0x714 ..\obj\stm32f10x_rcc.o
 .debug_loc     0x0000301c       0x38 ..\obj\dac.o
 .debug_loc     0x00003054      0x698 ..\obj\tasks.o
 .debug_loc     0x000036ec      0x7d4 ..\obj\stm32f10x_adc.o
 .debug_loc     0x00003ec0       0x70 ..\obj\string_utils.o
 .debug_loc     0x00003f30       0x9c ..\obj\keyboard.o
 .debug_loc     0x00003fcc      0x268 ..\obj\menu.o
 .debug_loc     0x00004234      0x118 ..\obj\list.o
 .debug_loc     0x0000434c      0x1ec ..\obj\syscalls.o
 .debug_loc     0x00004538      0x5d8 ..\obj\stm32f10x_flash.o
 .debug_loc     0x00004b10      0x178 ..\obj\port.o
 .debug_loc     0x00004c88      0x380 ..\obj\queue.o
 .debug_loc     0x00005008      0x268 ..\obj\stm32f10x_dma.o
 .debug_loc     0x00005270      0x188 ..\obj\croutine.o
 .debug_loc     0x000053f8       0x9c ..\obj\channels.o
 .debug_loc     0x00005494       0xe2 ..\obj\spi_bus.o
 .debug_loc     0x00005576      0x118 ..\obj\misc.o
 .debug_loc     0x0000568e      0x508 ..\obj\stm32f10x_spi.o
 .debug_loc     0x00005b96       0xc8 ..\obj\heap_1.o

.debug_pubnames
                0x00000000     0x268e
 .debug_pubnames
                0x00000000      0x7b0 ..\obj\stm32f10x_tim.o
 .debug_pubnames
                0x000007b0       0x4a ..\obj\startup_stm32f10x_md_vl.o
 .debug_pubnames
                0x000007fa      0x159 ..\obj\core_cm3.o
 .debug_pubnames
                0x00000953       0x61 ..\obj\system_stm32f10x.o
 .debug_pubnames
                0x000009b4       0xcb ..\obj\stm32f10x_pwr.o
 .debug_pubnames
                0x00000a7f      0x19d ..\obj\stm32f10x_gpio.o
 .debug_pubnames
                0x00000c1c       0x66 ..\obj\adc_sensor.o
 .debug_pubnames
                0x00000c82      0x17d ..\obj\stm32f10x_dac.o
 .debug_pubnames
                0x00000dff       0x5a ..\obj\indicator.o
 .debug_pubnames
                0x00000e59       0x1b ..\obj\main.o
 .debug_pubnames
                0x00000e74       0x51 ..\obj\tablo.o
 .debug_pubnames
                0x00000ec5      0x101 ..\obj\printf.o
 .debug_pubnames
                0x00000fc6      0x2da ..\obj\stm32f10x_rcc.o
 .debug_pubnames
                0x000012a0       0x23 ..\obj\dac.o
 .debug_pubnames
                0x000012c3      0x24c ..\obj\tasks.o
 .debug_pubnames
                0x0000150f      0x401 ..\obj\stm32f10x_adc.o
 .debug_pubnames
                0x00001910       0x3a ..\obj\string_utils.o
 .debug_pubnames
                0x0000194a       0x5b ..\obj\keyboard.o
 .debug_pubnames
                0x000019a5      0x15b ..\obj\menu.o
 .debug_pubnames
                0x00001b00       0x71 ..\obj\list.o
 .debug_pubnames
                0x00001b71       0x71 ..\obj\syscalls.o
 .debug_pubnames
                0x00001be2      0x2f2 ..\obj\stm32f10x_flash.o
 .debug_pubnames
                0x00001ed4      0x101 ..\obj\port.o
 .debug_pubnames
                0x00001fd5      0x12e ..\obj\queue.o
 .debug_pubnames
                0x00002103       0xea ..\obj\stm32f10x_dma.o
 .debug_pubnames
                0x000021ed       0x96 ..\obj\croutine.o
 .debug_pubnames
                0x00002283       0xcd ..\obj\channels.o
 .debug_pubnames
                0x00002350       0x5b ..\obj\spi_bus.o
 .debug_pubnames
                0x000023ab       0x89 ..\obj\misc.o
 .debug_pubnames
                0x00002434      0x1f6 ..\obj\stm32f10x_spi.o
 .debug_pubnames
                0x0000262a       0x64 ..\obj\heap_1.o

.debug_pubtypes
                0x00000000     0x11d5
 .debug_pubtypes
                0x00000000       0xd8 ..\obj\stm32f10x_tim.o
 .debug_pubtypes
                0x000000d8       0x50 ..\obj\core_cm3.o
 .debug_pubtypes
                0x00000128       0x55 ..\obj\system_stm32f10x.o
 .debug_pubtypes
                0x0000017d       0x78 ..\obj\stm32f10x_pwr.o
 .debug_pubtypes
                0x000001f5       0xc3 ..\obj\stm32f10x_gpio.o
 .debug_pubtypes
                0x000002b8       0xfc ..\obj\adc_sensor.o
 .debug_pubtypes
                0x000003b4       0x8c ..\obj\stm32f10x_dac.o
 .debug_pubtypes
                0x00000440       0x8d ..\obj\indicator.o
 .debug_pubtypes
                0x000004cd       0x12 ..\obj\main.o
 .debug_pubtypes
                0x000004df       0x12 ..\obj\timers.o
 .debug_pubtypes
                0x000004f1       0x56 ..\obj\tablo.o
 .debug_pubtypes
                0x00000547      0x139 ..\obj\printf.o
 .debug_pubtypes
                0x00000680       0x9e ..\obj\stm32f10x_rcc.o
 .debug_pubtypes
                0x0000071e       0x91 ..\obj\dac.o
 .debug_pubtypes
                0x000007af      0x10c ..\obj\tasks.o
 .debug_pubtypes
                0x000008bb       0x8c ..\obj\stm32f10x_adc.o
 .debug_pubtypes
                0x00000947       0x2b ..\obj\string_utils.o
 .debug_pubtypes
                0x00000972       0x9a ..\obj\keyboard.o
 .debug_pubtypes
                0x00000a0c       0x80 ..\obj\menu.o
 .debug_pubtypes
                0x00000a8c       0x7a ..\obj\list.o
 .debug_pubtypes
                0x00000b06       0xaa ..\obj\syscalls.o
 .debug_pubtypes
                0x00000bb0       0x8d ..\obj\stm32f10x_flash.o
 .debug_pubtypes
                0x00000c3d       0x33 ..\obj\port.o
 .debug_pubtypes
                0x00000c70       0xd4 ..\obj\queue.o
 .debug_pubtypes
                0x00000d44       0x98 ..\obj\stm32f10x_dma.o
 .debug_pubtypes
                0x00000ddc       0xcd ..\obj\croutine.o
 .debug_pubtypes
                0x00000ea9       0x8f ..\obj\channels.o
 .debug_pubtypes
                0x00000f38      0x13b ..\obj\spi_bus.o
 .debug_pubtypes
                0x00001073       0x80 ..\obj\misc.o
 .debug_pubtypes
                0x000010f3       0xb6 ..\obj\stm32f10x_spi.o
 .debug_pubtypes
                0x000011a9       0x2c ..\obj\heap_1.o

.debug_aranges  0x00000000     0x1088
 .debug_aranges
                0x00000000      0x2f0 ..\obj\stm32f10x_tim.o
 .debug_aranges
                0x000002f0       0x28 ..\obj\startup_stm32f10x_md_vl.o
 .debug_aranges
                0x00000318       0xc8 ..\obj\core_cm3.o
 .debug_aranges
                0x000003e0       0x38 ..\obj\system_stm32f10x.o
 .debug_aranges
                0x00000418       0x70 ..\obj\stm32f10x_pwr.o
 .debug_aranges
                0x00000488       0xa8 ..\obj\stm32f10x_gpio.o
 .debug_aranges
                0x00000530       0x38 ..\obj\adc_sensor.o
 .debug_aranges
                0x00000568       0xa0 ..\obj\stm32f10x_dac.o
 .debug_aranges
                0x00000608       0x30 ..\obj\indicator.o
 .debug_aranges
                0x00000638       0x28 ..\obj\main.o
 .debug_aranges
                0x00000660       0x28 ..\obj\tablo.o
 .debug_aranges
                0x00000688       0xa0 ..\obj\printf.o
 .debug_aranges
                0x00000728      0x120 ..\obj\stm32f10x_rcc.o
 .debug_aranges
                0x00000848       0x20 ..\obj\dac.o
 .debug_aranges
                0x00000868      0x110 ..\obj\tasks.o
 .debug_aranges
                0x00000978      0x138 ..\obj\stm32f10x_adc.o
 .debug_aranges
                0x00000ab0       0x28 ..\obj\string_utils.o
 .debug_aranges
                0x00000ad8       0x30 ..\obj\keyboard.o
 .debug_aranges
                0x00000b08       0x70 ..\obj\menu.o
 .debug_aranges
                0x00000b78       0x40 ..\obj\list.o
 .debug_aranges
                0x00000bb8       0x60 ..\obj\syscalls.o
 .debug_aranges
                0x00000c18       0xf8 ..\obj\stm32f10x_flash.o
 .debug_aranges
                0x00000d10       0x70 ..\obj\port.o
 .debug_aranges
                0x00000d80       0x98 ..\obj\queue.o
 .debug_aranges
                0x00000e18       0x70 ..\obj\stm32f10x_dma.o
 .debug_aranges
                0x00000e88       0x50 ..\obj\croutine.o
 .debug_aranges
                0x00000ed8       0x30 ..\obj\channels.o
 .debug_aranges
                0x00000f08       0x38 ..\obj\spi_bus.o
 .debug_aranges
                0x00000f40       0x40 ..\obj\misc.o
 .debug_aranges
                0x00000f80       0xd0 ..\obj\stm32f10x_spi.o
 .debug_aranges
                0x00001050       0x38 ..\obj\heap_1.o

.debug_ranges   0x00000000      0xe98
 .debug_ranges  0x00000000      0x2e0 ..\obj\stm32f10x_tim.o
 .debug_ranges  0x000002e0       0x18 ..\obj\startup_stm32f10x_md_vl.o
 .debug_ranges  0x000002f8       0xb8 ..\obj\core_cm3.o
 .debug_ranges  0x000003b0       0x28 ..\obj\system_stm32f10x.o
 .debug_ranges  0x000003d8       0x60 ..\obj\stm32f10x_pwr.o
 .debug_ranges  0x00000438       0x98 ..\obj\stm32f10x_gpio.o
 .debug_ranges  0x000004d0       0x28 ..\obj\adc_sensor.o
 .debug_ranges  0x000004f8       0x90 ..\obj\stm32f10x_dac.o
 .debug_ranges  0x00000588       0x20 ..\obj\indicator.o
 .debug_ranges  0x000005a8       0x18 ..\obj\main.o
 .debug_ranges  0x000005c0       0x18 ..\obj\tablo.o
 .debug_ranges  0x000005d8       0x90 ..\obj\printf.o
 .debug_ranges  0x00000668      0x110 ..\obj\stm32f10x_rcc.o
 .debug_ranges  0x00000778       0x10 ..\obj\dac.o
 .debug_ranges  0x00000788      0x100 ..\obj\tasks.o
 .debug_ranges  0x00000888      0x128 ..\obj\stm32f10x_adc.o
 .debug_ranges  0x000009b0       0x18 ..\obj\string_utils.o
 .debug_ranges  0x000009c8       0x20 ..\obj\keyboard.o
 .debug_ranges  0x000009e8       0x60 ..\obj\menu.o
 .debug_ranges  0x00000a48       0x30 ..\obj\list.o
 .debug_ranges  0x00000a78       0x50 ..\obj\syscalls.o
 .debug_ranges  0x00000ac8       0xe8 ..\obj\stm32f10x_flash.o
 .debug_ranges  0x00000bb0       0x60 ..\obj\port.o
 .debug_ranges  0x00000c10       0x88 ..\obj\queue.o
 .debug_ranges  0x00000c98       0x60 ..\obj\stm32f10x_dma.o
 .debug_ranges  0x00000cf8       0x40 ..\obj\croutine.o
 .debug_ranges  0x00000d38       0x20 ..\obj\channels.o
 .debug_ranges  0x00000d58       0x28 ..\obj\spi_bus.o
 .debug_ranges  0x00000d80       0x30 ..\obj\misc.o
 .debug_ranges  0x00000db0       0xc0 ..\obj\stm32f10x_spi.o
 .debug_ranges  0x00000e70       0x28 ..\obj\heap_1.o

.debug_str      0x00000000     0x51be
 .debug_str     0x00000000      0xcbb ..\obj\stm32f10x_tim.o
                                0xd5c (size before relaxing)
 .debug_str     0x00000cbb       0xd5 ..\obj\startup_stm32f10x_md_vl.o
                                0x100 (size before relaxing)
 .debug_str     0x00000d90      0x184 ..\obj\core_cm3.o
                                0x24b (size before relaxing)
 .debug_str     0x00000f14      0x179 ..\obj\system_stm32f10x.o
                                0x253 (size before relaxing)
 .debug_str     0x0000108d      0x149 ..\obj\stm32f10x_pwr.o
                                0x291 (size before relaxing)
 .debug_str     0x000011d6      0x399 ..\obj\stm32f10x_gpio.o
                                0x498 (size before relaxing)
 .debug_str     0x0000156f      0x59c ..\obj\adc_sensor.o
                                0x7bf (size before relaxing)
 .debug_str     0x00001b0b      0x2b5 ..\obj\stm32f10x_dac.o
                                0x3c2 (size before relaxing)
 .debug_str     0x00001dc0      0x21c ..\obj\indicator.o
                                0x2f7 (size before relaxing)
 .debug_str     0x00001fdc       0x69 ..\obj\main.o
                                0x187 (size before relaxing)
 .debug_str     0x00002045       0x66 ..\obj\timers.o
                                0x103 (size before relaxing)
 .debug_str     0x000020ab       0x86 ..\obj\tablo.o
                                0x223 (size before relaxing)
 .debug_str     0x00002131      0x4b7 ..\obj\printf.o
                                0x620 (size before relaxing)
 .debug_str     0x000025e8      0x43f ..\obj\stm32f10x_rcc.o
                                0x5ec (size before relaxing)
 .debug_str     0x00002a27       0x74 ..\obj\dac.o
                                0x2c3 (size before relaxing)
 .debug_str     0x00002a9b      0x71a ..\obj\tasks.o
                                0x85a (size before relaxing)
 .debug_str     0x000031b5      0x471 ..\obj\stm32f10x_adc.o
                                0x67a (size before relaxing)
 .debug_str     0x00003626       0xb6 ..\obj\string_utils.o
                                0x1f2 (size before relaxing)
 .debug_str     0x000036dc       0xb1 ..\obj\keyboard.o
                                0x2c1 (size before relaxing)
 .debug_str     0x0000378d      0x284 ..\obj\menu.o
                                0x58b (size before relaxing)
 .debug_str     0x00003a11       0xf7 ..\obj\list.o
                                0x237 (size before relaxing)
 .debug_str     0x00003b08      0x169 ..\obj\syscalls.o
                                0x2a0 (size before relaxing)
 .debug_str     0x00003c71      0x447 ..\obj\stm32f10x_flash.o
                                0x567 (size before relaxing)
 .debug_str     0x000040b8      0x170 ..\obj\port.o
                                0x240 (size before relaxing)
 .debug_str     0x00004228      0x315 ..\obj\queue.o
                                0x4d4 (size before relaxing)
 .debug_str     0x0000453d      0x23e ..\obj\stm32f10x_dma.o
                                0x340 (size before relaxing)
 .debug_str     0x0000477b      0x29c ..\obj\croutine.o
                                0x443 (size before relaxing)
 .debug_str     0x00004a17       0xee ..\obj\channels.o
                                0x3c1 (size before relaxing)
 .debug_str     0x00004b05      0x16a ..\obj\spi_bus.o
                                0x5e5 (size before relaxing)
 .debug_str     0x00004c6f      0x174 ..\obj\misc.o
                                0x342 (size before relaxing)
 .debug_str     0x00004de3      0x2e0 ..\obj\stm32f10x_spi.o
                                0x57c (size before relaxing)
 .debug_str     0x000050c3       0xfb ..\obj\heap_1.o
                                0x1ab (size before relaxing)

.comment        0x00000000       0x2a
 .comment       0x00000000       0x2a ..\obj\stm32f10x_tim.o
                                 0x2b (size before relaxing)
 .comment       0x00000000       0x2b ..\obj\startup_stm32f10x_md_vl.o
 .comment       0x00000000       0x2b ..\obj\core_cm3.o
 .comment       0x00000000       0x2b ..\obj\system_stm32f10x.o
 .comment       0x00000000       0x2b ..\obj\stm32f10x_pwr.o
 .comment       0x00000000       0x2b ..\obj\stm32f10x_gpio.o
 .comment       0x00000000       0x2b ..\obj\adc_sensor.o
 .comment       0x00000000       0x2b ..\obj\stm32f10x_dac.o
 .comment       0x00000000       0x2b ..\obj\indicator.o
 .comment       0x00000000       0x2b ..\obj\main.o
 .comment       0x00000000       0x2b ..\obj\timers.o
 .comment       0x00000000       0x2b ..\obj\tablo.o
 .comment       0x00000000       0x2b ..\obj\printf.o
 .comment       0x00000000       0x2b ..\obj\stm32f10x_rcc.o
 .comment       0x00000000       0x2b ..\obj\dac.o
 .comment       0x00000000       0x2b ..\obj\tasks.o
 .comment       0x00000000       0x2b ..\obj\stm32f10x_adc.o
 .comment       0x00000000       0x2b ..\obj\string_utils.o
 .comment       0x00000000       0x2b ..\obj\keyboard.o
 .comment       0x00000000       0x2b ..\obj\menu.o
 .comment       0x00000000       0x2b ..\obj\list.o
 .comment       0x00000000       0x2b ..\obj\syscalls.o
 .comment       0x00000000       0x2b ..\obj\stm32f10x_flash.o
 .comment       0x00000000       0x2b ..\obj\port.o
 .comment       0x00000000       0x2b ..\obj\queue.o
 .comment       0x00000000       0x2b ..\obj\stm32f10x_dma.o
 .comment       0x00000000       0x2b ..\obj\croutine.o
 .comment       0x00000000       0x2b ..\obj\channels.o
 .comment       0x00000000       0x2b ..\obj\spi_bus.o
 .comment       0x00000000       0x2b ..\obj\misc.o
 .comment       0x00000000       0x2b ..\obj\stm32f10x_spi.o
 .comment       0x00000000       0x2b ..\obj\heap_1.o

.ARM.attributes
                0x00000000       0x31
 .ARM.attributes
                0x00000000       0x31 ..\obj\stm32f10x_tim.o
 .ARM.attributes
                0x00000031       0x31 ..\obj\startup_stm32f10x_md_vl.o
 .ARM.attributes
                0x00000062       0x31 ..\obj\core_cm3.o
 .ARM.attributes
                0x00000093       0x31 ..\obj\system_stm32f10x.o
 .ARM.attributes
                0x000000c4       0x31 ..\obj\stm32f10x_pwr.o
 .ARM.attributes
                0x000000f5       0x31 ..\obj\stm32f10x_gpio.o
 .ARM.attributes
                0x00000126       0x31 ..\obj\adc_sensor.o
 .ARM.attributes
                0x00000157       0x31 ..\obj\stm32f10x_dac.o
 .ARM.attributes
                0x00000188       0x31 ..\obj\indicator.o
 .ARM.attributes
                0x000001b9       0x31 ..\obj\main.o
 .ARM.attributes
                0x000001ea       0x31 ..\obj\timers.o
 .ARM.attributes
                0x0000021b       0x31 ..\obj\tablo.o
 .ARM.attributes
                0x0000024c       0x31 ..\obj\printf.o
 .ARM.attributes
                0x0000027d       0x31 ..\obj\stm32f10x_rcc.o
 .ARM.attributes
                0x000002ae       0x31 ..\obj\dac.o
 .ARM.attributes
                0x000002df       0x31 ..\obj\tasks.o
 .ARM.attributes
                0x00000310       0x31 ..\obj\stm32f10x_adc.o
 .ARM.attributes
                0x00000341       0x31 ..\obj\string_utils.o
 .ARM.attributes
                0x00000372       0x31 ..\obj\keyboard.o
 .ARM.attributes
                0x000003a3       0x31 ..\obj\menu.o
 .ARM.attributes
                0x000003d4       0x31 ..\obj\list.o
 .ARM.attributes
                0x00000405       0x31 ..\obj\syscalls.o
 .ARM.attributes
                0x00000436       0x31 ..\obj\stm32f10x_flash.o
 .ARM.attributes
                0x00000467       0x31 ..\obj\port.o
 .ARM.attributes
                0x00000498       0x31 ..\obj\queue.o
 .ARM.attributes
                0x000004c9       0x31 ..\obj\stm32f10x_dma.o
 .ARM.attributes
                0x000004fa       0x31 ..\obj\croutine.o
 .ARM.attributes
                0x0000052b       0x31 ..\obj\channels.o
 .ARM.attributes
                0x0000055c       0x31 ..\obj\spi_bus.o
 .ARM.attributes
                0x0000058d       0x31 ..\obj\misc.o
 .ARM.attributes
                0x000005be       0x31 ..\obj\stm32f10x_spi.o
 .ARM.attributes
                0x000005ef       0x31 ..\obj\heap_1.o
 .ARM.attributes
                0x00000620       0x29 C:\CooCox\CoIDE\gcc\Sourcery G++ Lite\arm-none-eabi\lib\thumb2\libm.a(lib_a-sf_fpclassify.o)
 .ARM.attributes
                0x00000649       0x1b c:/coocox/coide/gcc/sourcery g++ lite/bin/../lib/gcc/arm-none-eabi/4.5.1/thumb2\libgcc.a(_arm_addsubdf3.o)
 .ARM.attributes
                0x00000664       0x1b c:/coocox/coide/gcc/sourcery g++ lite/bin/../lib/gcc/arm-none-eabi/4.5.1/thumb2\libgcc.a(_arm_muldivdf3.o)
 .ARM.attributes
                0x0000067f       0x1b c:/coocox/coide/gcc/sourcery g++ lite/bin/../lib/gcc/arm-none-eabi/4.5.1/thumb2\libgcc.a(_arm_cmpdf2.o)
 .ARM.attributes
                0x0000069a       0x1b c:/coocox/coide/gcc/sourcery g++ lite/bin/../lib/gcc/arm-none-eabi/4.5.1/thumb2\libgcc.a(_arm_truncdfsf2.o)
 .ARM.attributes
                0x000006b5       0x1b c:/coocox/coide/gcc/sourcery g++ lite/bin/../lib/gcc/arm-none-eabi/4.5.1/thumb2\libgcc.a(_arm_addsubsf3.o)
 .ARM.attributes
                0x000006d0       0x1b c:/coocox/coide/gcc/sourcery g++ lite/bin/../lib/gcc/arm-none-eabi/4.5.1/thumb2\libgcc.a(_arm_muldivsf3.o)
 .ARM.attributes
                0x000006eb       0x1b c:/coocox/coide/gcc/sourcery g++ lite/bin/../lib/gcc/arm-none-eabi/4.5.1/thumb2\libgcc.a(_arm_cmpsf2.o)
 .ARM.attributes
                0x00000706       0x1b c:/coocox/coide/gcc/sourcery g++ lite/bin/../lib/gcc/arm-none-eabi/4.5.1/thumb2\libgcc.a(_arm_fixunssfsi.o)
 .ARM.attributes
                0x00000721       0x29 C:\CooCox\CoIDE\gcc\Sourcery G++ Lite\arm-none-eabi\lib\thumb2\libc.a(lib_a-ctype_.o)
 .ARM.attributes
                0x0000074a       0x29 C:\CooCox\CoIDE\gcc\Sourcery G++ Lite\arm-none-eabi\lib\thumb2\libc.a(lib_a-memcpy.o)
 .ARM.attributes
                0x00000773       0x29 C:\CooCox\CoIDE\gcc\Sourcery G++ Lite\arm-none-eabi\lib\thumb2\libc.a(lib_a-memset.o)
 .ARM.attributes
                0x0000079c       0x29 C:\CooCox\CoIDE\gcc\Sourcery G++ Lite\arm-none-eabi\lib\thumb2\libc.a(lib_a-strlen.o)
 .ARM.attributes
                0x000007c5       0x29 C:\CooCox\CoIDE\gcc\Sourcery G++ Lite\arm-none-eabi\lib\thumb2\libc.a(lib_a-strncpy.o)

.debug_frame    0x00000000     0x33d0
 .debug_frame   0x00000000      0xa20 ..\obj\stm32f10x_tim.o
 .debug_frame   0x00000a20       0x48 ..\obj\startup_stm32f10x_md_vl.o
 .debug_frame   0x00000a68      0x280 ..\obj\core_cm3.o
 .debug_frame   0x00000ce8       0x80 ..\obj\system_stm32f10x.o
 .debug_frame   0x00000d68      0x140 ..\obj\stm32f10x_pwr.o
 .debug_frame   0x00000ea8      0x210 ..\obj\stm32f10x_gpio.o
 .debug_frame   0x000010b8       0x88 ..\obj\adc_sensor.o
 .debug_frame   0x00001140      0x1ec ..\obj\stm32f10x_dac.o
 .debug_frame   0x0000132c       0x70 ..\obj\indicator.o
 .debug_frame   0x0000139c       0x50 ..\obj\main.o
 .debug_frame   0x000013ec       0x48 ..\obj\tablo.o
 .debug_frame   0x00001434      0x244 ..\obj\printf.o
 .debug_frame   0x00001678      0x3a4 ..\obj\stm32f10x_rcc.o
 .debug_frame   0x00001a1c       0x30 ..\obj\dac.o
 .debug_frame   0x00001a4c      0x3c0 ..\obj\tasks.o
 .debug_frame   0x00001e0c      0x400 ..\obj\stm32f10x_adc.o
 .debug_frame   0x0000220c       0x50 ..\obj\string_utils.o
 .debug_frame   0x0000225c       0x6c ..\obj\keyboard.o
 .debug_frame   0x000022c8      0x170 ..\obj\menu.o
 .debug_frame   0x00002438       0x9c ..\obj\list.o
 .debug_frame   0x000024d4      0x108 ..\obj\syscalls.o
 .debug_frame   0x000025dc      0x338 ..\obj\stm32f10x_flash.o
 .debug_frame   0x00002914      0x110 ..\obj\port.o
 .debug_frame   0x00002a24      0x204 ..\obj\queue.o
 .debug_frame   0x00002c28      0x144 ..\obj\stm32f10x_dma.o
 .debug_frame   0x00002d6c       0xf0 ..\obj\croutine.o
 .debug_frame   0x00002e5c       0x68 ..\obj\channels.o
 .debug_frame   0x00002ec4       0x90 ..\obj\spi_bus.o
 .debug_frame   0x00002f54       0x9c ..\obj\misc.o
 .debug_frame   0x00002ff0      0x29c ..\obj\stm32f10x_spi.o
 .debug_frame   0x0000328c       0x7c ..\obj\heap_1.o
 .debug_frame   0x00003308       0x20 C:\CooCox\CoIDE\gcc\Sourcery G++ Lite\arm-none-eabi\lib\thumb2\libm.a(lib_a-sf_fpclassify.o)
 .debug_frame   0x00003328       0x30 C:\CooCox\CoIDE\gcc\Sourcery G++ Lite\arm-none-eabi\lib\thumb2\libc.a(lib_a-memcpy.o)
 .debug_frame   0x00003358       0x2c C:\CooCox\CoIDE\gcc\Sourcery G++ Lite\arm-none-eabi\lib\thumb2\libc.a(lib_a-memset.o)
 .debug_frame   0x00003384       0x20 C:\CooCox\CoIDE\gcc\Sourcery G++ Lite\arm-none-eabi\lib\thumb2\libc.a(lib_a-strlen.o)
 .debug_frame   0x000033a4       0x2c C:\CooCox\CoIDE\gcc\Sourcery G++ Lite\arm-none-eabi\lib\thumb2\libc.a(lib_a-strncpy.o)
