Archive member included because of file (symbol)

C:\CooCox\CoIDE\gcc\Sourcery G++ Lite\arm-none-eabi\lib\thumb2\libm.a(lib_a-sf_fpclassify.o)
                              ..\obj\string_utils.o (__fpclassifyf)
c:/coocox/coide/gcc/sourcery g++ lite/bin/../lib/gcc/arm-none-eabi/4.5.1/thumb2\libgcc.a(_arm_addsubdf3.o)
                              ..\obj\string_utils.o (__aeabi_f2d)
c:/coocox/coide/gcc/sourcery g++ lite/bin/../lib/gcc/arm-none-eabi/4.5.1/thumb2\libgcc.a(_arm_cmpdf2.o)
                              ..\obj\string_utils.o (__aeabi_dcmpgt)
c:/coocox/coide/gcc/sourcery g++ lite/bin/../lib/gcc/arm-none-eabi/4.5.1/thumb2\libgcc.a(_arm_addsubsf3.o)
                              ..\obj\string_utils.o (__aeabi_fadd)
c:/coocox/coide/gcc/sourcery g++ lite/bin/../lib/gcc/arm-none-eabi/4.5.1/thumb2\libgcc.a(_arm_muldivsf3.o)
                              ..\obj\string_utils.o (__aeabi_fmul)
c:/coocox/coide/gcc/sourcery g++ lite/bin/../lib/gcc/arm-none-eabi/4.5.1/thumb2\libgcc.a(_arm_cmpsf2.o)
                              ..\obj\string_utils.o (__aeabi_fcmplt)
c:/coocox/coide/gcc/sourcery g++ lite/bin/../lib/gcc/arm-none-eabi/4.5.1/thumb2\libgcc.a(_arm_fixunssfsi.o)
                              ..\obj\string_utils.o (__aeabi_f2uiz)
C:\CooCox\CoIDE\gcc\Sourcery G++ Lite\arm-none-eabi\lib\thumb2\libc.a(lib_a-ctype_.o)
                              ..\obj\string_utils.o (__ctype_ptr__)
C:\CooCox\CoIDE\gcc\Sourcery G++ Lite\arm-none-eabi\lib\thumb2\libc.a(lib_a-memcpy.o)
                              ..\obj\menu.o (memcpy)
C:\CooCox\CoIDE\gcc\Sourcery G++ Lite\arm-none-eabi\lib\thumb2\libc.a(lib_a-memset.o)
                              ..\obj\tasks.o (memset)
C:\CooCox\CoIDE\gcc\Sourcery G++ Lite\arm-none-eabi\lib\thumb2\libc.a(lib_a-signal.o)
                              ..\obj\menu.o (signal)
C:\CooCox\CoIDE\gcc\Sourcery G++ Lite\arm-none-eabi\lib\thumb2\libc.a(lib_a-signalr.o)
                              C:\CooCox\CoIDE\gcc\Sourcery G++ Lite\arm-none-eabi\lib\thumb2\libc.a(lib_a-signal.o) (_kill_r)
C:\CooCox\CoIDE\gcc\Sourcery G++ Lite\arm-none-eabi\lib\thumb2\libc.a(lib_a-strlen.o)
                              ..\obj\indicator.o (strlen)
C:\CooCox\CoIDE\gcc\Sourcery G++ Lite\arm-none-eabi\lib\thumb2\libc.a(lib_a-strncpy.o)
                              ..\obj\tasks.o (strncpy)
C:\CooCox\CoIDE\gcc\Sourcery G++ Lite\arm-none-eabi\lib\thumb2\libc.a(lib_a-mallocr.o)
                              C:\CooCox\CoIDE\gcc\Sourcery G++ Lite\arm-none-eabi\lib\thumb2\libc.a(lib_a-signal.o) (_malloc_r)
C:\CooCox\CoIDE\gcc\Sourcery G++ Lite\arm-none-eabi\lib\thumb2\libc.a(lib_a-mlock.o)
                              C:\CooCox\CoIDE\gcc\Sourcery G++ Lite\arm-none-eabi\lib\thumb2\libc.a(lib_a-mallocr.o) (__malloc_lock)
C:\CooCox\CoIDE\gcc\Sourcery G++ Lite\arm-none-eabi\lib\thumb2\libc.a(lib_a-reent.o)
                              C:\CooCox\CoIDE\gcc\Sourcery G++ Lite\arm-none-eabi\lib\thumb2\libc.a(lib_a-signalr.o) (errno)
C:\CooCox\CoIDE\gcc\Sourcery G++ Lite\arm-none-eabi\lib\thumb2\libc.a(lib_a-sbrkr.o)
                              C:\CooCox\CoIDE\gcc\Sourcery G++ Lite\arm-none-eabi\lib\thumb2\libc.a(lib_a-mallocr.o) (_sbrk_r)
C:\CooCox\CoIDE\gcc\Sourcery G++ Lite\arm-none-eabi\lib\thumb2\libc.a(lib_a-freer.o)
                              C:\CooCox\CoIDE\gcc\Sourcery G++ Lite\arm-none-eabi\lib\thumb2\libc.a(lib_a-mallocr.o) (_free_r)

Allocating common symbols
Common symbol       size              file

ADC_Data_1          0x2               ..\obj\adc_sensor.o
errno               0x4               C:\CooCox\CoIDE\gcc\Sourcery G++ Lite\arm-none-eabi\lib\thumb2\libc.a(lib_a-reent.o)
menuStack           0x28              ..\obj\menu.o
tab                 0x1b6             ..\obj\tablo.o
xSPI_Buf_Mutex      0x4               ..\obj\spi_bus.o
menuStackTop        0x1               ..\obj\menu.o
selectedMenuItem    0x4               ..\obj\menu.o
channels            0x40              ..\obj\channels.o
xKeyboardQueue      0x4               ..\obj\keyboard.o

Discarded input sections

 .text          0x00000000        0x0 ..\obj\stm32f10x_tim.o
 .data          0x00000000        0x0 ..\obj\stm32f10x_tim.o
 .bss           0x00000000        0x0 ..\obj\stm32f10x_tim.o
 .text.TIM_DeInit
                0x00000000      0x2b0 ..\obj\stm32f10x_tim.o
 .text.TIM_TimeBaseInit
                0x00000000      0x120 ..\obj\stm32f10x_tim.o
 .text.TIM_OC1Init
                0x00000000      0x134 ..\obj\stm32f10x_tim.o
 .text.TIM_OC2Init
                0x00000000      0x134 ..\obj\stm32f10x_tim.o
 .text.TIM_OC3Init
                0x00000000      0x130 ..\obj\stm32f10x_tim.o
 .text.TIM_OC4Init
                0x00000000       0xe8 ..\obj\stm32f10x_tim.o
 .text.TIM_ICInit
                0x00000000       0xa8 ..\obj\stm32f10x_tim.o
 .text.TIM_PWMIConfig
                0x00000000       0xc4 ..\obj\stm32f10x_tim.o
 .text.TIM_BDTRConfig
                0x00000000       0x5c ..\obj\stm32f10x_tim.o
 .text.TIM_TimeBaseStructInit
[...]
Memory Configuration

Name             Origin             Length             Attributes
rom              0x08000000         0x00020000         xr
ram              0x20000000         0x00002000         xrw
*default*        0x00000000         0xffffffff

Linker script and memory map

                0x20002000                _eram = 0x20002000

.text           0x08000000     0x5f6c
 *(.isr_vector .isr_vector.*)
 .isr_vector    0x08000000      0x124 ..\obj\startup_stm32f10x_md_vl.o
                0x08000000                g_pfnVectors
 *(.text .text.* .gnu.linkonce.t.*)
 .text.Default_Reset_Handler
                0x08000124       0x6c ..\obj\startup_stm32f10x_md_vl.o
                0x08000124                Default_Reset_Handler
                0x08000124                Reset_Handler
 .text.Default_Handler
                0x08000190        0x8 ..\obj\startup_stm32f10x_md_vl.o
                0x08000190                EXTI2_IRQHandler
                0x08000190                DebugMon_Handler
                0x08000190                TIM1_CC_IRQHandler
                0x08000190                HardFault_Handler
                0x08000190                PVD_IRQHandler
                0x08000190                NMI_Handler
                0x08000190                EXTI3_IRQHandler
                0x08000190                EXTI0_IRQHandler
                0x08000190                I2C2_EV_IRQHandler
                0x08000190                TIM1_UP_TIM16_IRQHandler
                0x08000190                UsageFault_Handler
                0x08000190                SPI1_IRQHandler
                0x08000190                TAMPER_IRQHandler
                0x08000190                TIM6_DAC_IRQHandler
                0x08000190                DMA1_Channel4_IRQHandler
                0x08000190                USART3_IRQHandler
                0x08000190                RTC_IRQHandler
                0x08000190                DMA1_Channel7_IRQHandler
                0x08000190                TIM4_IRQHandler
                0x08000190                I2C1_EV_IRQHandler
                0x08000190                DMA1_Channel6_IRQHandler
                0x08000190                TIM3_IRQHandler
                0x08000190                RCC_IRQHandler
                0x08000190                DMA1_Channel1_IRQHandler
                0x08000190                CEC_IRQHandler
                0x08000190                EXTI15_10_IRQHandler
                0x08000190                TIM7_IRQHandler
                0x08000190                EXTI9_5_IRQHandler
                0x08000190                SPI2_IRQHandler
                0x08000190                MemManage_Handler
                0x08000190                DMA1_Channel5_IRQHandler
                0x08000190                EXTI4_IRQHandler
                0x08000190                TIM1_TRG_COM_TIM17_IRQHandler
                0x08000190                DMA1_Channel3_IRQHandler
                0x08000190                WWDG_IRQHandler
                0x08000190                TIM2_IRQHandler
                0x08000190                EXTI1_IRQHandler
                0x08000190                RTCAlarm_IRQHandler
                0x08000190                USART2_IRQHandler
                0x08000190                I2C2_ER_IRQHandler
                0x08000190                DMA1_Channel2_IRQHandler
                0x08000190                FLASH_IRQHandler
                0x08000190                BusFault_Handler
                0x08000190                USART1_IRQHandler
                0x08000190                I2C1_ER_IRQHandler
                0x08000190                TIM1_BRK_TIM15_IRQHandler
 .text.SystemInit
                0x08000198       0xbc ..\obj\system_stm32f10x.o
                0x08000198                SystemInit
 .text.SetSysClock
                0x08000254        0xc ..\obj\system_stm32f10x.o
 .text.SetSysClockTo24
                0x08000260      0x15c ..\obj\system_stm32f10x.o
 .text.GPIO_Init
                0x080003bc      0x1c0 ..\obj\stm32f10x_gpio.o
                0x080003bc                GPIO_Init
 .text.GPIO_ReadInputDataBit
                0x0800057c       0x40 ..\obj\stm32f10x_gpio.o
                0x0800057c                GPIO_ReadInputDataBit
 .text.GPIO_WriteBit
                0x080005bc       0x30 ..\obj\stm32f10x_gpio.o
                0x080005bc                GPIO_WriteBit
 .text.ADC_Sensor_Init
                0x080005ec      0x184 ..\obj\adc_sensor.o
                0x080005ec                ADC_Sensor_Init
 .text.ADC1_IRQHandler
                0x08000770       0x5c ..\obj\adc_sensor.o
                0x08000770                ADC1_IRQHandler
 .text.ADC_Poll_task
                0x080007cc       0xbc ..\obj\adc_sensor.o
 .text.DAC_Init
                0x08000888       0x78 ..\obj\stm32f10x_dac.o
                0x08000888                DAC_Init
 .text.DAC_Cmd  0x08000900       0x6c ..\obj\stm32f10x_dac.o
                0x08000900                DAC_Cmd
 .text.DAC_SetChannel1Data
                0x0800096c       0x38 ..\obj\stm32f10x_dac.o
                0x0800096c                DAC_SetChannel1Data
 .text.indicators_set_num
                0x080009a4       0x88 ..\obj\indicator.o
                0x080009a4                indicators_set_num
 .text.str_to_ind
                0x08000a2c      0x688 ..\obj\indicator.o
                0x08000a2c                str_to_ind
 .text.Init_Task
                0x080010b4       0x30 ..\obj\main.o
 .text.main     0x080010e4       0x48 ..\obj\main.o
                0x080010e4                main
 .text.tablo_indicator_struct_init
                0x0800112c       0xac ..\obj\tablo.o
                0x0800112c                tablo_indicator_struct_init
 .text.tablo_devices_init
                0x080011d8       0x20 ..\obj\tablo.o
                0x080011d8                tablo_devices_init
 .text.PutChar  0x080011f8       0x24 ..\obj\printf.o
                0x080011f8                PutChar
 .text.PutString
                0x0800121c       0x48 ..\obj\printf.o
                0x0800121c                PutString
 .text.PutUnsignedInt
                0x08001264       0xbc ..\obj\printf.o
                0x08001264                PutUnsignedInt
 .text.PutSignedInt
                0x08001320      0x12c ..\obj\printf.o
                0x08001320                PutSignedInt
 .text.PutHexa  0x0800144c       0xe8 ..\obj\printf.o
                0x0800144c                PutHexa
 .text.vsnprintf
                0x08001534      0x2a4 ..\obj\printf.o
                0x08001534                vsnprintf
 .text.snprintf
                0x080017d8       0x34 ..\obj\printf.o
                0x080017d8                snprintf
 .text.RCC_AHBPeriphClockCmd
                0x0800180c       0x5c ..\obj\stm32f10x_rcc.o
                0x0800180c                RCC_AHBPeriphClockCmd
 .text.RCC_APB2PeriphClockCmd
                0x08001868       0x5c ..\obj\stm32f10x_rcc.o
                0x08001868                RCC_APB2PeriphClockCmd
 .text.RCC_APB1PeriphClockCmd
                0x080018c4       0x5c ..\obj\stm32f10x_rcc.o
                0x080018c4                RCC_APB1PeriphClockCmd
 .text.DAC_Out_Init
                0x08001920       0x70 ..\obj\dac.o
                0x08001920                DAC_Out_Init
 .text.xTaskGenericCreate
                0x08001990      0x1ac ..\obj\tasks.o
                0x08001990                xTaskGenericCreate
 .text.vTaskDelete
                0x08001b3c       0xc0 ..\obj\tasks.o
                0x08001b3c                vTaskDelete
 .text.vTaskDelay
                0x08001bfc       0x5c ..\obj\tasks.o
                0x08001bfc                vTaskDelay
 .text.vTaskStartScheduler
                0x08001c58       0x74 ..\obj\tasks.o
                0x08001c58                vTaskStartScheduler
 .text.vTaskSuspendAll
                0x08001ccc       0x24 ..\obj\tasks.o
                0x08001ccc                vTaskSuspendAll
 .text.xTaskResumeAll
                0x08001cf0      0x154 ..\obj\tasks.o
                0x08001cf0                xTaskResumeAll
 .text.vTaskIncrementTick
                0x08001e44      0x1b8 ..\obj\tasks.o
                0x08001e44                vTaskIncrementTick
 .text.vTaskSwitchContext
                0x08001ffc       0xd0 ..\obj\tasks.o
                0x08001ffc                vTaskSwitchContext
 .text.vTaskPlaceOnEventList
                0x080020cc       0x78 ..\obj\tasks.o
                0x080020cc                vTaskPlaceOnEventList
 .text.xTaskRemoveFromEventList
                0x08002144       0xc4 ..\obj\tasks.o
                0x08002144                xTaskRemoveFromEventList
 .text.vTaskSetTimeOutState
                0x08002208       0x30 ..\obj\tasks.o
                0x08002208                vTaskSetTimeOutState
 .text.xTaskCheckForTimeOut
                0x08002238       0xa4 ..\obj\tasks.o
                0x08002238                xTaskCheckForTimeOut
 .text.vTaskMissedYield
                0x080022dc       0x18 ..\obj\tasks.o
                0x080022dc                vTaskMissedYield
 .text.prvIdleTask
                0x080022f4       0x24 ..\obj\tasks.o
 .text.prvInitialiseTCBVariables
                0x08002318       0x7c ..\obj\tasks.o
 .text.prvInitialiseTaskLists
                0x08002394       0xa4 ..\obj\tasks.o
 .text.prvCheckTasksWaitingTermination
                0x08002438       0x98 ..\obj\tasks.o
 .text.prvAddCurrentTaskToDelayedList
                0x080024d0       0x8c ..\obj\tasks.o
 .text.prvAllocateTCBAndStack
                0x0800255c       0x74 ..\obj\tasks.o
 .text.prvDeleteTCB
                0x080025d0       0x20 ..\obj\tasks.o
 .text.xTaskGetCurrentTaskHandle
                0x080025f0       0x20 ..\obj\tasks.o
                0x080025f0                xTaskGetCurrentTaskHandle
 .text.vTaskPriorityInherit
                0x08002610       0xd8 ..\obj\tasks.o
                0x08002610                vTaskPriorityInherit
 .text.vTaskPriorityDisinherit
                0x080026e8       0x90 ..\obj\tasks.o
                0x080026e8                vTaskPriorityDisinherit
 .text.ADC_Init
                0x08002778       0xc0 ..\obj\stm32f10x_adc.o
                0x08002778                ADC_Init
 .text.ADC_Cmd  0x08002838       0x38 ..\obj\stm32f10x_adc.o
                0x08002838                ADC_Cmd
 .text.ADC_ITConfig
                0x08002870       0x4c ..\obj\stm32f10x_adc.o
                0x08002870                ADC_ITConfig
 .text.ADC_ResetCalibration
                0x080028bc       0x20 ..\obj\stm32f10x_adc.o
                0x080028bc                ADC_ResetCalibration
 .text.ADC_GetResetCalibrationStatus
                0x080028dc       0x38 ..\obj\stm32f10x_adc.o
                0x080028dc                ADC_GetResetCalibrationStatus
 .text.ADC_StartCalibration
                0x08002914       0x20 ..\obj\stm32f10x_adc.o
                0x08002914                ADC_StartCalibration
 .text.ADC_GetCalibrationStatus
                0x08002934       0x38 ..\obj\stm32f10x_adc.o
                0x08002934                ADC_GetCalibrationStatus
 .text.ADC_AutoInjectedConvCmd
                0x0800296c       0x38 ..\obj\stm32f10x_adc.o
                0x0800296c                ADC_AutoInjectedConvCmd
 .text.ADC_ExternalTrigInjectedConvConfig
                0x080029a4       0x38 ..\obj\stm32f10x_adc.o
                0x080029a4                ADC_ExternalTrigInjectedConvConfig
 .text.ADC_SoftwareStartInjectedConvCmd
                0x080029dc       0x38 ..\obj\stm32f10x_adc.o
                0x080029dc                ADC_SoftwareStartInjectedConvCmd
 .text.ADC_InjectedChannelConfig
                0x08002a14      0x150 ..\obj\stm32f10x_adc.o
                0x08002a14                ADC_InjectedChannelConfig
 .text.ADC_InjectedSequencerLengthConfig
                0x08002b64       0x4c ..\obj\stm32f10x_adc.o
                0x08002b64                ADC_InjectedSequencerLengthConfig
 .text.ADC_GetInjectedConversionValue
                0x08002bb0       0x34 ..\obj\stm32f10x_adc.o
                0x08002bb0                ADC_GetInjectedConversionValue
 .text.ADC_GetITStatus
                0x08002be4       0x6c ..\obj\stm32f10x_adc.o
                0x08002be4                ADC_GetITStatus
 .text.ADC_ClearITPendingBit
                0x08002c50       0x30 ..\obj\stm32f10x_adc.o
                0x08002c50                ADC_ClearITPendingBit
 .text.float_to_string
                0x08002c80      0x3f8 ..\obj\string_utils.o
                0x08002c80                float_to_string
 .text.string_to_float
                0x08003078      0x114 ..\obj\string_utils.o
                0x08003078                string_to_float
 .text.keyboard_init
                0x0800318c       0x90 ..\obj\keyboard.o
                0x0800318c                keyboard_init
 .text.keyboard_task
                0x0800321c       0x70 ..\obj\keyboard.o
                0x0800321c                keyboard_task
 .text.keyboard_poll
                0x0800328c       0x7c ..\obj\keyboard.o
                0x0800328c                keyboard_poll
 .text.menuChange
                0x08003308       0x30 ..\obj\menu.o
                0x08003308                menuChange
 .text.menuChange_NEXT
                0x08003338       0x6c ..\obj\menu.o
                0x08003338                menuChange_NEXT
 .text.dispMenu
                0x080033a4       0x8c ..\obj\menu.o
                0x080033a4                dispMenu
 .text.menuKey  0x08003430       0xec ..\obj\menu.o
                0x08003430                menuKey
 .text.menuHandler
                0x0800351c       0x9c ..\obj\menu.o
                0x0800351c                menuHandler
 .text.startMenu
                0x080035b8       0x7c ..\obj\menu.o
                0x080035b8                startMenu
 .text.CalibrationKey
                0x08003634      0x464 ..\obj\menu.o
                0x08003634                CalibrationKey
 .text.Set_Blink_Sym
                0x08003a98       0x78 ..\obj\menu.o
                0x08003a98                Set_Blink_Sym
 .text.DisplayProcess
                0x08003b10      0x164 ..\obj\menu.o
 .text.vListInitialise
                0x08003c74       0x48 ..\obj\list.o
                0x08003c74                vListInitialise
 .text.vListInitialiseItem
                0x08003cbc       0x1c ..\obj\list.o
                0x08003cbc                vListInitialiseItem
 .text.vListInsertEnd
                0x08003cd8       0x54 ..\obj\list.o
                0x08003cd8                vListInsertEnd
 .text.vListInsert
                0x08003d2c       0x78 ..\obj\list.o
                0x08003d2c                vListInsert
 .text.vListRemove
                0x08003da4       0x54 ..\obj\list.o
                0x08003da4                vListRemove
 .text.pxPortInitialiseStack
                0x08003df8       0x60 ..\obj\port.o
                0x08003df8                pxPortInitialiseStack
 .text.SVC_Handler
                0x08003e58       0x20 ..\obj\port.o
                0x08003e58                SVC_Handler
 .text.vPortStartFirstTask
                0x08003e78       0x14 ..\obj\port.o
                0x08003e78                vPortStartFirstTask
 .text.xPortStartScheduler
                0x08003e8c       0x54 ..\obj\port.o
                0x08003e8c                xPortStartScheduler
 .text.vPortYieldFromISR
                0x08003ee0       0x18 ..\obj\port.o
                0x08003ee0                vPortYieldFromISR
 .text.vPortEnterCritical
                0x08003ef8       0x2c ..\obj\port.o
                0x08003ef8                vPortEnterCritical
 .text.vPortExitCritical
                0x08003f24       0x38 ..\obj\port.o
                0x08003f24                vPortExitCritical
 .text.PendSV_Handler
                0x08003f5c       0x3c ..\obj\port.o
                0x08003f5c                PendSV_Handler
 .text.SysTick_Handler
                0x08003f98       0x38 ..\obj\port.o
                0x08003f98                SysTick_Handler
 .text.prvSetupTimerInterrupt
                0x08003fd0       0x28 ..\obj\port.o
 .text.xQueueGenericCreate
                0x08003ff8       0xd4 ..\obj\queue.o
                0x08003ff8                xQueueGenericCreate
 .text.xQueueCreateMutex
                0x080040cc       0x9c ..\obj\queue.o
                0x080040cc                xQueueCreateMutex
 .text.xQueueGenericSend
                0x08004168      0x124 ..\obj\queue.o
                0x08004168                xQueueGenericSend
 .text.xQueueGenericReceive
                0x0800428c      0x188 ..\obj\queue.o
                0x0800428c                xQueueGenericReceive
 .text.uxQueueMessagesWaiting
                0x08004414       0x24 ..\obj\queue.o
                0x08004414                uxQueueMessagesWaiting
 .text.prvCopyDataToQueue
                0x08004438       0xc4 ..\obj\queue.o
 .text.prvCopyDataFromQueue
                0x080044fc       0x50 ..\obj\queue.o
 .text.prvUnlockQueue
                0x0800454c       0xa0 ..\obj\queue.o
 .text.prvIsQueueEmpty
                0x080045ec       0x2c ..\obj\queue.o
 .text.prvIsQueueFull
                0x08004618       0x30 ..\obj\queue.o
 .text.DMA_Init
                0x08004648       0x84 ..\obj\stm32f10x_dma.o
                0x08004648                DMA_Init
 .text.DMA_StructInit
                0x080046cc       0x6c ..\obj\stm32f10x_dma.o
                0x080046cc                DMA_StructInit
 .text.DMA_Cmd  0x08004738       0x3c ..\obj\stm32f10x_dma.o
                0x08004738                DMA_Cmd
 .text.DMA_GetFlagStatus
                0x08004774       0x60 ..\obj\stm32f10x_dma.o
                0x08004774                DMA_GetFlagStatus
 .text.DMA_ClearFlag
                0x080047d4       0x38 ..\obj\stm32f10x_dma.o
                0x080047d4                DMA_ClearFlag
 .text.spi_buses_init
                0x0800480c       0x64 ..\obj\spi_bus.o
                0x0800480c                spi_buses_init
 .text.spi1_config
                0x08004870      0x1e0 ..\obj\spi_bus.o
                0x08004870                spi1_config
 .text.spi1_write_buf
                0x08004a50       0x44 ..\obj\spi_bus.o
                0x08004a50                spi1_write_buf
 .text.spi1_task
                0x08004a94      0x100 ..\obj\spi_bus.o
 .text.NVIC_Init
                0x08004b94       0xec ..\obj\misc.o
                0x08004b94                NVIC_Init
 .text.SPI_Init
                0x08004c80       0x98 ..\obj\stm32f10x_spi.o
                0x08004c80                SPI_Init
 .text.SPI_Cmd  0x08004d18       0x40 ..\obj\stm32f10x_spi.o
                0x08004d18                SPI_Cmd
 .text.SPI_I2S_DMACmd
                0x08004d58       0x4c ..\obj\stm32f10x_spi.o
                0x08004d58                SPI_I2S_DMACmd
 .text.SPI_CalculateCRC
                0x08004da4       0x40 ..\obj\stm32f10x_spi.o
                0x08004da4                SPI_CalculateCRC
 .text.pvPortMalloc
                0x08004de4       0x98 ..\obj\heap_1.o
                0x08004de4                pvPortMalloc
 .text.vPortFree
                0x08004e7c       0x14 ..\obj\heap_1.o
                0x08004e7c                vPortFree
 .text          0x08004e90       0x7c C:\CooCox\CoIDE\gcc\Sourcery G++ Lite\arm-none-eabi\lib\thumb2\libm.a(lib_a-sf_fpclassify.o)
                0x08004e90                __fpclassifyf
 .text          0x08004f0c      0x370 c:/coocox/coide/gcc/sourcery g++ lite/bin/../lib/gcc/arm-none-eabi/4.5.1/thumb2\libgcc.a(_arm_addsubdf3.o)
                0x08004f0c                __aeabi_drsub
                0x08004f14                __aeabi_dsub
                0x08004f14                __subdf3
                0x08004f18                __aeabi_dadd
                0x08004f18                __adddf3
                0x08005190                __floatunsidf
                0x08005190                __aeabi_ui2d
                0x080051b0                __floatsidf
                0x080051b0                __aeabi_i2d
                0x080051d4                __aeabi_f2d
                0x080051d4                __extendsfdf2
                0x08005210                __floatundidf
                0x08005210                __aeabi_ul2d
                0x08005220                __floatdidf
                0x08005220                __aeabi_l2d
 .text          0x0800527c      0x110 c:/coocox/coide/gcc/sourcery g++ lite/bin/../lib/gcc/arm-none-eabi/4.5.1/thumb2\libgcc.a(_arm_cmpdf2.o)
                0x0800527c                __gtdf2
                0x0800527c                __gedf2
                0x08005284                __ltdf2
                0x08005284                __ledf2
                0x0800528c                __nedf2
                0x0800528c                __eqdf2
                0x0800528c                __cmpdf2
                0x08005308                __aeabi_cdrcmple
                0x08005318                __aeabi_cdcmpeq
                0x08005318                __aeabi_cdcmple
                0x08005328                __aeabi_dcmpeq
                0x0800533c                __aeabi_dcmplt
                0x08005350                __aeabi_dcmple
                0x08005364                __aeabi_dcmpge
                0x08005378                __aeabi_dcmpgt
 .text          0x0800538c      0x21c c:/coocox/coide/gcc/sourcery g++ lite/bin/../lib/gcc/arm-none-eabi/4.5.1/thumb2\libgcc.a(_arm_addsubsf3.o)
                0x0800538c                __aeabi_frsub
                0x08005394                __subsf3
                0x08005394                __aeabi_fsub
                0x08005398                __aeabi_fadd
                0x08005398                __addsf3
                0x080054f8                __aeabi_ui2f
                0x080054f8                __floatunsisf
                0x08005500                __aeabi_i2f
                0x08005500                __floatsisf
                0x0800551c                __aeabi_ul2f
                0x0800551c                __floatundisf
                0x0800552c                __aeabi_l2f
                0x0800552c                __floatdisf
 .text          0x080055a8      0x2a0 c:/coocox/coide/gcc/sourcery g++ lite/bin/../lib/gcc/arm-none-eabi/4.5.1/thumb2\libgcc.a(_arm_muldivsf3.o)
                0x080055a8                __mulsf3
                0x080055a8                __aeabi_fmul
                0x08005710                __aeabi_fdiv
                0x08005710                __divsf3
 .text          0x08005848       0xec c:/coocox/coide/gcc/sourcery g++ lite/bin/../lib/gcc/arm-none-eabi/4.5.1/thumb2\libgcc.a(_arm_cmpsf2.o)
                0x08005848                __gesf2
                0x08005848                __gtsf2
                0x08005850                __lesf2
                0x08005850                __ltsf2
                0x08005858                __nesf2
                0x08005858                __eqsf2
                0x08005858                __cmpsf2
                0x080058b8                __aeabi_cfrcmple
                0x080058c0                __aeabi_cfcmpeq
                0x080058c0                __aeabi_cfcmple
                0x080058d0                __aeabi_fcmpeq
                0x080058e4                __aeabi_fcmplt
                0x080058f8                __aeabi_fcmple
                0x0800590c                __aeabi_fcmpge
                0x08005920                __aeabi_fcmpgt
 .text          0x08005934       0x40 c:/coocox/coide/gcc/sourcery g++ lite/bin/../lib/gcc/arm-none-eabi/4.5.1/thumb2\libgcc.a(_arm_fixunssfsi.o)
                0x08005934                __fixunssfsi
                0x08005934                __aeabi_f2uiz
 .text          0x08005974      0x150 C:\CooCox\CoIDE\gcc\Sourcery G++ Lite\arm-none-eabi\lib\thumb2\libc.a(lib_a-memcpy.o)
                0x08005974                memcpy
 .text          0x08005ac4       0xb4 C:\CooCox\CoIDE\gcc\Sourcery G++ Lite\arm-none-eabi\lib\thumb2\libc.a(lib_a-memset.o)
                0x08005ac4                memset
 .text          0x08005b78       0x60 C:\CooCox\CoIDE\gcc\Sourcery G++ Lite\arm-none-eabi\lib\thumb2\libc.a(lib_a-strlen.o)
                0x08005b78                strlen
 .text          0x08005bd8       0x7c C:\CooCox\CoIDE\gcc\Sourcery G++ Lite\arm-none-eabi\lib\thumb2\libc.a(lib_a-strncpy.o)
                0x08005bd8                strncpy
 *(.glue_7t)
 .glue_7t       0x00000000        0x0 linker stubs
 *(.glue_7)
 .glue_7        0x00000000        0x0 linker stubs
 *(.rodata .rodata* .gnu.linkonce.r.*)
 .rodata        0x08005c54       0x10 ..\obj\adc_sensor.o
 .rodata        0x08005c64       0x40 ..\obj\indicator.o
                0x08005c64                Sym_table
 .rodata        0x08005ca4        0x8 ..\obj\main.o
 .rodata        0x08005cac        0x8 ..\obj\tasks.o
 .rodata        0x08005cb4       0x54 ..\obj\string_utils.o
 .rodata        0x08005d08        0xc ..\obj\keyboard.o
 .rodata        0x08005d14      0x148 ..\obj\menu.o
                0x08005d14                strNULL
                0x08005d18                Null_Menu
                0x08005d3c                m_s0i1
                0x08005d5c                m_s1i1
                0x08005d7c                m_s1i2
                0x08005d9c                m_s3i1
                0x08005dbc                m_s3i2
                0x08005ddc                m_s3i3
                0x08005dfc                m_s3i4
                0x08005e1c                m_s3i5
 .rodata        0x08005e5c        0xc ..\obj\spi_bus.o
 .rodata        0x08005e68      0x104 C:\CooCox\CoIDE\gcc\Sourcery G++ Lite\arm-none-eabi\lib\thumb2\libc.a(lib_a-ctype_.o)
                0x08005e68                _ctype_

.vfp11_veneer   0x08005f6c        0x0
 .vfp11_veneer  0x00000000        0x0 linker stubs

.v4_bx          0x08005f6c        0x0
 .v4_bx         0x00000000        0x0 linker stubs

.ARM.extab
 *(.ARM.extab* .gnu.linkonce.armextab.*)

.ARM.exidx
 *(.ARM.exidx* .gnu.linkonce.armexidx.*)
                0x08005f6c                . = ALIGN (0x4)
                0x08005f6c                _etext = .
                0x08005f6c                _sidata = .

.data           0x20000000        0xc load address 0x08005f6c
                0x20000000                _sdata = .
 *(.data .data.*)
 .data          0x20000000        0x4 ..\obj\tasks.o
 .data          0x20000004        0x4 ..\obj\port.o
 .data          0x20000008        0x4 C:\CooCox\CoIDE\gcc\Sourcery G++ Lite\arm-none-eabi\lib\thumb2\libc.a(lib_a-ctype_.o)
                0x20000008                __ctype_ptr__
                0x2000000c                . = ALIGN (0x4)
                0x2000000c                _edata = .

.bss            0x20000010     0x1354 load address 0x08005f7c
                0x20000010                _sbss = .
 *(.bss .bss.*)
 .bss           0x20000010        0x8 ..\obj\adc_sensor.o
                0x20000010                adc_ready
 .bss           0x20000018      0x100 ..\obj\tasks.o
                0x20000018                pxCurrentTCB
 .bss           0x20000118        0xc ..\obj\menu.o
                0x20000118                flag_menu_entry
                0x20000119                dynamic_disp
 *fill*         0x20000124        0x4 00
 .bss           0x20000128     0x1008 ..\obj\heap_1.o
 *(COMMON)
 COMMON         0x20001130        0x2 ..\obj\adc_sensor.o
                0x20001130                ADC_Data_1
 *fill*         0x20001132        0x2 00
 COMMON         0x20001134      0x1b6 ..\obj\tablo.o
                0x20001134                tab
 *fill*         0x200012ea        0x2 00
 COMMON         0x200012ec        0x4 ..\obj\keyboard.o
                0x200012ec                xKeyboardQueue
 COMMON         0x200012f0       0x30 ..\obj\menu.o
                0x200012f0                menuStack
                0x20001318                menuStackTop
                0x2000131c                selectedMenuItem
 COMMON         0x20001320       0x40 ..\obj\channels.o
                0x20001320                channels
 COMMON         0x20001360        0x4 ..\obj\spi_bus.o
                0x20001360                xSPI_Buf_Mutex
                0x20001364                . = ALIGN (0x4)
                0x20001364                _ebss = .

.co_stack       0x20001364      0x404 load address 0x080072d0
                0x20001368                . = ALIGN (0x8)
 *fill*         0x20001364        0x4 00
 *(.co_stack .co_stack.*)
 .co_stack      0x20001368      0x400 ..\obj\startup_stm32f10x_md_vl.o
                0x20001368                pulStack
                0x20001768                . = ALIGN (0x4)
                0x20001768                _end = .
LOAD ..\obj\stm32f10x_tim.o
LOAD ..\obj\startup_stm32f10x_md_vl.o
LOAD ..\obj\core_cm3.o
LOAD ..\obj\system_stm32f10x.o
LOAD ..\obj\stm32f10x_pwr.o
LOAD ..\obj\stm32f10x_gpio.o
LOAD ..\obj\adc_sensor.o
LOAD ..\obj\stm32f10x_dac.o
LOAD ..\obj\indicator.o
LOAD ..\obj\main.o
LOAD ..\obj\timers.o
LOAD ..\obj\tablo.o
LOAD ..\obj\printf.o
LOAD ..\obj\stm32f10x_rcc.o
LOAD ..\obj\dac.o
LOAD ..\obj\tasks.o
LOAD ..\obj\stm32f10x_adc.o
LOAD ..\obj\string_utils.o
LOAD ..\obj\keyboard.o
LOAD ..\obj\menu.o
LOAD ..\obj\list.o
LOAD ..\obj\syscalls.o
LOAD ..\obj\stm32f10x_flash.o
LOAD ..\obj\port.o
LOAD ..\obj\queue.o
LOAD ..\obj\stm32f10x_dma.o
LOAD ..\obj\croutine.o
LOAD ..\obj\channels.o
LOAD ..\obj\spi_bus.o
LOAD ..\obj\misc.o
LOAD ..\obj\stm32f10x_spi.o
LOAD ..\obj\heap_1.o
LOAD C:\CooCox\CoIDE\gcc\Sourcery G++ Lite\arm-none-eabi\lib\thumb2\libm.a
START GROUP
LOAD c:/coocox/coide/gcc/sourcery g++ lite/bin/../lib/gcc/arm-none-eabi/4.5.1/thumb2\libgcc.a
LOAD C:\CooCox\CoIDE\gcc\Sourcery G++ Lite\arm-none-eabi\lib\thumb2\libc.a
END GROUP
OUTPUT(tablo_proto_test.elf elf32-littlearm)

.debug_abbrev   0x00000000     0x2884
 .debug_abbrev  0x00000000      0x172 ..\obj\stm32f10x_tim.o
 .debug_abbrev  0x00000172       0xa3 ..\obj\startup_stm32f10x_md_vl.o
 .debug_abbrev  0x00000215       0xd5 ..\obj\core_cm3.o
 .debug_abbrev  0x000002ea      0x17e ..\obj\system_stm32f10x.o
 .debug_abbrev  0x00000468      0x184 ..\obj\stm32f10x_pwr.o
 .debug_abbrev  0x000005ec      0x1a4 ..\obj\stm32f10x_gpio.o
 .debug_abbrev  0x00000790      0x1b6 ..\obj\adc_sensor.o
 .debug_abbrev  0x00000946      0x172 ..\obj\stm32f10x_dac.o
 .debug_abbrev  0x00000ab8      0x164 ..\obj\indicator.o
 .debug_abbrev  0x00000c1c       0x86 ..\obj\main.o
 .debug_abbrev  0x00000ca2       0x40 ..\obj\timers.o
 .debug_abbrev  0x00000ce2      0x10b ..\obj\tablo.o
 .debug_abbrev  0x00000ded      0x238 ..\obj\printf.o
 .debug_abbrev  0x00001025      0x191 ..\obj\stm32f10x_rcc.o
 .debug_abbrev  0x000011b6       0xec ..\obj\dac.o
 .debug_abbrev  0x000012a2      0x193 ..\obj\tasks.o
 .debug_abbrev  0x00001435      0x174 ..\obj\stm32f10x_adc.o
 .debug_abbrev  0x000015a9       0xc7 ..\obj\string_utils.o
 .debug_abbrev  0x00001670      0x13b ..\obj\keyboard.o
 .debug_abbrev  0x000017ab      0x247 ..\obj\menu.o
 .debug_abbrev  0x000019f2       0xb2 ..\obj\list.o
 .debug_abbrev  0x00001aa4       0xde ..\obj\syscalls.o
 .debug_abbrev  0x00001b82      0x162 ..\obj\stm32f10x_flash.o
 .debug_abbrev  0x00001ce4      0x138 ..\obj\port.o
 .debug_abbrev  0x00001e1c      0x103 ..\obj\queue.o
 .debug_abbrev  0x00001f1f      0x14e ..\obj\stm32f10x_dma.o
 .debug_abbrev  0x0000206d      0x197 ..\obj\croutine.o
 .debug_abbrev  0x00002204      0x100 ..\obj\channels.o
 .debug_abbrev  0x00002304      0x1e1 ..\obj\spi_bus.o
 .debug_abbrev  0x000024e5      0x135 ..\obj\misc.o
 .debug_abbrev  0x0000261a      0x15d ..\obj\stm32f10x_spi.o
 .debug_abbrev  0x00002777      0x10d ..\obj\heap_1.o

.debug_info     0x00000000     0xca14
 .debug_info    0x00000000     0x1e18 ..\obj\stm32f10x_tim.o
 .debug_info    0x00001e18      0x143 ..\obj\startup_stm32f10x_md_vl.o
 .debug_info    0x00001f5b      0x548 ..\obj\core_cm3.o
 .debug_info    0x000024a3      0x433 ..\obj\system_stm32f10x.o
 .debug_info    0x000028d6      0x45b ..\obj\stm32f10x_pwr.o
 .debug_info    0x00002d31      0x723 ..\obj\stm32f10x_gpio.o
 .debug_info    0x00003454      0x7bd ..\obj\adc_sensor.o
 .debug_info    0x00003c11      0x671 ..\obj\stm32f10x_dac.o
 .debug_info    0x00004282      0x421 ..\obj\indicator.o
 .debug_info    0x000046a3       0xef ..\obj\main.o
 .debug_info    0x00004792       0x89 ..\obj\timers.o
 .debug_info    0x0000481b      0x2a7 ..\obj\tablo.o
 .debug_info    0x00004ac2      0xed2 ..\obj\printf.o
 .debug_info    0x00005994      0x976 ..\obj\stm32f10x_rcc.o
 .debug_info    0x0000630a      0x268 ..\obj\dac.o
 .debug_info    0x00006572      0xc80 ..\obj\tasks.o
 .debug_info    0x000071f2      0xc0e ..\obj\stm32f10x_adc.o
 .debug_info    0x00007e00      0x1ba ..\obj\string_utils.o
 .debug_info    0x00007fba      0x2be ..\obj\keyboard.o
 .debug_info    0x00008278      0xa2d ..\obj\menu.o
 .debug_info    0x00008ca5      0x2cb ..\obj\list.o
 .debug_info    0x00008f70      0x440 ..\obj\syscalls.o
 .debug_info    0x000093b0      0x819 ..\obj\stm32f10x_flash.o
 .debug_info    0x00009bc9      0x214 ..\obj\port.o
 .debug_info    0x00009ddd      0x7a4 ..\obj\queue.o
 .debug_info    0x0000a581      0x4a2 ..\obj\stm32f10x_dma.o
 .debug_info    0x0000aa23      0x4ec ..\obj\croutine.o
 .debug_info    0x0000af0f      0x306 ..\obj\channels.o
 .debug_info    0x0000b215      0x7b5 ..\obj\spi_bus.o
 .debug_info    0x0000b9ca      0x546 ..\obj\misc.o
 .debug_info    0x0000bf10      0x971 ..\obj\stm32f10x_spi.o
 .debug_info    0x0000c881      0x193 ..\obj\heap_1.o

.debug_line     0x00000000     0x69d6
 .debug_line    0x00000000      0xac7 ..\obj\stm32f10x_tim.o
 .debug_line    0x00000ac7       0xc7 ..\obj\startup_stm32f10x_md_vl.o
 .debug_line    0x00000b8e      0x29f ..\obj\core_cm3.o
 .debug_line    0x00000e2d      0x270 ..\obj\system_stm32f10x.o
 .debug_line    0x0000109d      0x2a1 ..\obj\stm32f10x_pwr.o
 .debug_line    0x0000133e      0x3e1 ..\obj\stm32f10x_gpio.o
 .debug_line    0x0000171f      0x313 ..\obj\adc_sensor.o
 .debug_line    0x00001a32      0x391 ..\obj\stm32f10x_dac.o
 .debug_line    0x00001dc3      0x37a ..\obj\indicator.o
 .debug_line    0x0000213d       0xf8 ..\obj\main.o
 .debug_line    0x00002235       0x78 ..\obj\timers.o
 .debug_line    0x000022ad      0x1f9 ..\obj\tablo.o
 .debug_line    0x000024a6      0x3e0 ..\obj\printf.o
 .debug_line    0x00002886      0x508 ..\obj\stm32f10x_rcc.o
 .debug_line    0x00002d8e      0x23a ..\obj\dac.o
 .debug_line    0x00002fc8      0x6ad ..\obj\tasks.o
 .debug_line    0x00003675      0x555 ..\obj\stm32f10x_adc.o
 .debug_line    0x00003bca      0x1d7 ..\obj\string_utils.o
 .debug_line    0x00003da1      0x2da ..\obj\keyboard.o
 .debug_line    0x0000407b      0x4b9 ..\obj\menu.o
 .debug_line    0x00004534      0x24e ..\obj\list.o
 .debug_line    0x00004782      0x1ae ..\obj\syscalls.o
 .debug_line    0x00004930      0x50c ..\obj\stm32f10x_flash.o
 .debug_line    0x00004e3c      0x24c ..\obj\port.o
 .debug_line    0x00005088      0x46b ..\obj\queue.o
 .debug_line    0x000054f3      0x335 ..\obj\stm32f10x_dma.o
 .debug_line    0x00005828      0x31d ..\obj\croutine.o
 .debug_line    0x00005b45      0x1c6 ..\obj\channels.o
 .debug_line    0x00005d0b      0x457 ..\obj\spi_bus.o
 .debug_line    0x00006162      0x276 ..\obj\misc.o
 .debug_line    0x000063d8      0x454 ..\obj\stm32f10x_spi.o
 .debug_line    0x0000682c      0x1aa ..\obj\heap_1.o

.debug_loc      0x00000000     0x5c1a
 .debug_loc     0x00000000     0x13e8 ..\obj\stm32f10x_tim.o
 .debug_loc     0x000013e8       0x64 ..\obj\startup_stm32f10x_md_vl.o
 .debug_loc     0x0000144c      0x3f0 ..\obj\core_cm3.o
 .debug_loc     0x0000183c       0xc8 ..\obj\system_stm32f10x.o
 .debug_loc     0x00001904      0x238 ..\obj\stm32f10x_pwr.o
 .debug_loc     0x00001b3c      0x3e4 ..\obj\stm32f10x_gpio.o
 .debug_loc     0x00001f20       0x9c ..\obj\adc_sensor.o
 .debug_loc     0x00001fbc      0x3ac ..\obj\stm32f10x_dac.o
 .debug_loc     0x00002368       0xaa ..\obj\indicator.o
 .debug_loc     0x00002412       0x70 ..\obj\main.o
 .debug_loc     0x00002482       0x64 ..\obj\tablo.o
 .debug_loc     0x000024e6      0x3ea ..\obj\printf.o
 .debug_loc     0x000028d0      0x714 ..\obj\stm32f10x_rcc.o
 .debug_loc     0x00002fe4       0x38 ..\obj\dac.o
 .debug_loc     0x0000301c      0x698 ..\obj\tasks.o
 .debug_loc     0x000036b4      0x7d4 ..\obj\stm32f10x_adc.o
 .debug_loc     0x00003e88       0x70 ..\obj\string_utils.o
 .debug_loc     0x00003ef8       0x9c ..\obj\keyboard.o
 .debug_loc     0x00003f94      0x2cc ..\obj\menu.o
 .debug_loc     0x00004260      0x118 ..\obj\list.o
 .debug_loc     0x00004378      0x1ec ..\obj\syscalls.o
 .debug_loc     0x00004564      0x5d8 ..\obj\stm32f10x_flash.o
 .debug_loc     0x00004b3c      0x178 ..\obj\port.o
 .debug_loc     0x00004cb4      0x380 ..\obj\queue.o
 .debug_loc     0x00005034      0x268 ..\obj\stm32f10x_dma.o
 .debug_loc     0x0000529c      0x188 ..\obj\croutine.o
 .debug_loc     0x00005424       0x2c ..\obj\channels.o
 .debug_loc     0x00005450       0xe2 ..\obj\spi_bus.o
 .debug_loc     0x00005532      0x118 ..\obj\misc.o
 .debug_loc     0x0000564a      0x508 ..\obj\stm32f10x_spi.o
 .debug_loc     0x00005b52       0xc8 ..\obj\heap_1.o

.debug_pubnames
                0x00000000     0x2690
 .debug_pubnames
                0x00000000      0x7b0 ..\obj\stm32f10x_tim.o
 .debug_pubnames
                0x000007b0       0x4a ..\obj\startup_stm32f10x_md_vl.o
 .debug_pubnames
                0x000007fa      0x159 ..\obj\core_cm3.o
 .debug_pubnames
                0x00000953       0x61 ..\obj\system_stm32f10x.o
 .debug_pubnames
                0x000009b4       0xcb ..\obj\stm32f10x_pwr.o
 .debug_pubnames
                0x00000a7f      0x19d ..\obj\stm32f10x_gpio.o
 .debug_pubnames
                0x00000c1c       0x57 ..\obj\adc_sensor.o
 .debug_pubnames
                0x00000c73      0x17d ..\obj\stm32f10x_dac.o
 .debug_pubnames
                0x00000df0       0x5a ..\obj\indicator.o
 .debug_pubnames
                0x00000e4a       0x1b ..\obj\main.o
 .debug_pubnames
                0x00000e65       0x51 ..\obj\tablo.o
 .debug_pubnames
                0x00000eb6      0x101 ..\obj\printf.o
 .debug_pubnames
                0x00000fb7      0x2da ..\obj\stm32f10x_rcc.o
 .debug_pubnames
                0x00001291       0x23 ..\obj\dac.o
 .debug_pubnames
                0x000012b4      0x24c ..\obj\tasks.o
 .debug_pubnames
                0x00001500      0x401 ..\obj\stm32f10x_adc.o
 .debug_pubnames
                0x00001901       0x3a ..\obj\string_utils.o
 .debug_pubnames
                0x0000193b       0x5b ..\obj\keyboard.o
 .debug_pubnames
                0x00001996      0x1ae ..\obj\menu.o
 .debug_pubnames
                0x00001b44       0x71 ..\obj\list.o
 .debug_pubnames
                0x00001bb5       0x71 ..\obj\syscalls.o
 .debug_pubnames
                0x00001c26      0x2f2 ..\obj\stm32f10x_flash.o
 .debug_pubnames
                0x00001f18      0x101 ..\obj\port.o
 .debug_pubnames
                0x00002019      0x12e ..\obj\queue.o
 .debug_pubnames
                0x00002147       0xea ..\obj\stm32f10x_dma.o
 .debug_pubnames
                0x00002231       0x96 ..\obj\croutine.o
 .debug_pubnames
                0x000022c7       0x8b ..\obj\channels.o
 .debug_pubnames
                0x00002352       0x5b ..\obj\spi_bus.o
 .debug_pubnames
                0x000023ad       0x89 ..\obj\misc.o
 .debug_pubnames
                0x00002436      0x1f6 ..\obj\stm32f10x_spi.o
 .debug_pubnames
                0x0000262c       0x64 ..\obj\heap_1.o

.debug_pubtypes
                0x00000000     0x116e
 .debug_pubtypes
                0x00000000       0xd8 ..\obj\stm32f10x_tim.o
 .debug_pubtypes
                0x000000d8       0x50 ..\obj\core_cm3.o
 .debug_pubtypes
                0x00000128       0x55 ..\obj\system_stm32f10x.o
 .debug_pubtypes
                0x0000017d       0x78 ..\obj\stm32f10x_pwr.o
 .debug_pubtypes
                0x000001f5       0xc3 ..\obj\stm32f10x_gpio.o
 .debug_pubtypes
                0x000002b8       0xeb ..\obj\adc_sensor.o
 .debug_pubtypes
                0x000003a3       0x8c ..\obj\stm32f10x_dac.o
 .debug_pubtypes
                0x0000042f       0x8d ..\obj\indicator.o
 .debug_pubtypes
                0x000004bc       0x12 ..\obj\main.o
 .debug_pubtypes
                0x000004ce       0x12 ..\obj\timers.o
 .debug_pubtypes
                0x000004e0       0x56 ..\obj\tablo.o
 .debug_pubtypes
                0x00000536      0x139 ..\obj\printf.o
 .debug_pubtypes
                0x0000066f       0x9e ..\obj\stm32f10x_rcc.o
 .debug_pubtypes
                0x0000070d       0x91 ..\obj\dac.o
 .debug_pubtypes
                0x0000079e      0x10c ..\obj\tasks.o
 .debug_pubtypes
                0x000008aa       0x8c ..\obj\stm32f10x_adc.o
 .debug_pubtypes
                0x00000936       0x2b ..\obj\string_utils.o
 .debug_pubtypes
                0x00000961       0x9a ..\obj\keyboard.o
 .debug_pubtypes
                0x000009fb       0x73 ..\obj\menu.o
 .debug_pubtypes
                0x00000a6e       0x7a ..\obj\list.o
 .debug_pubtypes
                0x00000ae8       0xaa ..\obj\syscalls.o
 .debug_pubtypes
                0x00000b92       0x8d ..\obj\stm32f10x_flash.o
 .debug_pubtypes
                0x00000c1f       0x33 ..\obj\port.o
 .debug_pubtypes
                0x00000c52       0xd4 ..\obj\queue.o
 .debug_pubtypes
                0x00000d26       0x98 ..\obj\stm32f10x_dma.o
 .debug_pubtypes
                0x00000dbe       0xcd ..\obj\croutine.o
 .debug_pubtypes
                0x00000e8b       0x46 ..\obj\channels.o
 .debug_pubtypes
                0x00000ed1      0x13b ..\obj\spi_bus.o
 .debug_pubtypes
                0x0000100c       0x80 ..\obj\misc.o
 .debug_pubtypes
                0x0000108c       0xb6 ..\obj\stm32f10x_spi.o
 .debug_pubtypes
                0x00001142       0x2c ..\obj\heap_1.o

.debug_aranges  0x00000000     0x1080
 .debug_aranges
                0x00000000      0x2f0 ..\obj\stm32f10x_tim.o
 .debug_aranges
                0x000002f0       0x28 ..\obj\startup_stm32f10x_md_vl.o
 .debug_aranges
                0x00000318       0xc8 ..\obj\core_cm3.o
 .debug_aranges
                0x000003e0       0x38 ..\obj\system_stm32f10x.o
 .debug_aranges
                0x00000418       0x70 ..\obj\stm32f10x_pwr.o
 .debug_aranges
                0x00000488       0xa8 ..\obj\stm32f10x_gpio.o
 .debug_aranges
                0x00000530       0x30 ..\obj\adc_sensor.o
 .debug_aranges
                0x00000560       0xa0 ..\obj\stm32f10x_dac.o
 .debug_aranges
                0x00000600       0x30 ..\obj\indicator.o
 .debug_aranges
                0x00000630       0x28 ..\obj\main.o
 .debug_aranges
                0x00000658       0x28 ..\obj\tablo.o
 .debug_aranges
                0x00000680       0xa0 ..\obj\printf.o
 .debug_aranges
                0x00000720      0x120 ..\obj\stm32f10x_rcc.o
 .debug_aranges
                0x00000840       0x20 ..\obj\dac.o
 .debug_aranges
                0x00000860      0x110 ..\obj\tasks.o
 .debug_aranges
                0x00000970      0x138 ..\obj\stm32f10x_adc.o
 .debug_aranges
                0x00000aa8       0x28 ..\obj\string_utils.o
 .debug_aranges
                0x00000ad0       0x30 ..\obj\keyboard.o
 .debug_aranges
                0x00000b00       0x80 ..\obj\menu.o
 .debug_aranges
                0x00000b80       0x40 ..\obj\list.o
 .debug_aranges
                0x00000bc0       0x60 ..\obj\syscalls.o
 .debug_aranges
                0x00000c20       0xf8 ..\obj\stm32f10x_flash.o
 .debug_aranges
                0x00000d18       0x70 ..\obj\port.o
 .debug_aranges
                0x00000d88       0x98 ..\obj\queue.o
 .debug_aranges
                0x00000e20       0x70 ..\obj\stm32f10x_dma.o
 .debug_aranges
                0x00000e90       0x50 ..\obj\croutine.o
 .debug_aranges
                0x00000ee0       0x20 ..\obj\channels.o
 .debug_aranges
                0x00000f00       0x38 ..\obj\spi_bus.o
 .debug_aranges
                0x00000f38       0x40 ..\obj\misc.o
 .debug_aranges
                0x00000f78       0xd0 ..\obj\stm32f10x_spi.o
 .debug_aranges
                0x00001048       0x38 ..\obj\heap_1.o

.debug_ranges   0x00000000      0xe90
 .debug_ranges  0x00000000      0x2e0 ..\obj\stm32f10x_tim.o
 .debug_ranges  0x000002e0       0x18 ..\obj\startup_stm32f10x_md_vl.o
 .debug_ranges  0x000002f8       0xb8 ..\obj\core_cm3.o
 .debug_ranges  0x000003b0       0x28 ..\obj\system_stm32f10x.o
 .debug_ranges  0x000003d8       0x60 ..\obj\stm32f10x_pwr.o
 .debug_ranges  0x00000438       0x98 ..\obj\stm32f10x_gpio.o
 .debug_ranges  0x000004d0       0x20 ..\obj\adc_sensor.o
 .debug_ranges  0x000004f0       0x90 ..\obj\stm32f10x_dac.o
 .debug_ranges  0x00000580       0x20 ..\obj\indicator.o
 .debug_ranges  0x000005a0       0x18 ..\obj\main.o
 .debug_ranges  0x000005b8       0x18 ..\obj\tablo.o
 .debug_ranges  0x000005d0       0x90 ..\obj\printf.o
 .debug_ranges  0x00000660      0x110 ..\obj\stm32f10x_rcc.o
 .debug_ranges  0x00000770       0x10 ..\obj\dac.o
 .debug_ranges  0x00000780      0x100 ..\obj\tasks.o
 .debug_ranges  0x00000880      0x128 ..\obj\stm32f10x_adc.o
 .debug_ranges  0x000009a8       0x18 ..\obj\string_utils.o
 .debug_ranges  0x000009c0       0x20 ..\obj\keyboard.o
 .debug_ranges  0x000009e0       0x70 ..\obj\menu.o
 .debug_ranges  0x00000a50       0x30 ..\obj\list.o
 .debug_ranges  0x00000a80       0x50 ..\obj\syscalls.o
 .debug_ranges  0x00000ad0       0xe8 ..\obj\stm32f10x_flash.o
 .debug_ranges  0x00000bb8       0x60 ..\obj\port.o
 .debug_ranges  0x00000c18       0x88 ..\obj\queue.o
 .debug_ranges  0x00000ca0       0x60 ..\obj\stm32f10x_dma.o
 .debug_ranges  0x00000d00       0x40 ..\obj\croutine.o
 .debug_ranges  0x00000d40       0x10 ..\obj\channels.o
 .debug_ranges  0x00000d50       0x28 ..\obj\spi_bus.o
 .debug_ranges  0x00000d78       0x30 ..\obj\misc.o
 .debug_ranges  0x00000da8       0xc0 ..\obj\stm32f10x_spi.o
 .debug_ranges  0x00000e68       0x28 ..\obj\heap_1.o

.debug_str      0x00000000     0x51ce
 .debug_str     0x00000000      0xcbb ..\obj\stm32f10x_tim.o
                                0xd5c (size before relaxing)
 .debug_str     0x00000cbb       0xd5 ..\obj\startup_stm32f10x_md_vl.o
                                0x100 (size before relaxing)
 .debug_str     0x00000d90      0x184 ..\obj\core_cm3.o
                                0x24b (size before relaxing)
 .debug_str     0x00000f14      0x179 ..\obj\system_stm32f10x.o
                                0x253 (size before relaxing)
 .debug_str     0x0000108d      0x149 ..\obj\stm32f10x_pwr.o
                                0x291 (size before relaxing)
 .debug_str     0x000011d6      0x399 ..\obj\stm32f10x_gpio.o
                                0x498 (size before relaxing)
 .debug_str     0x0000156f      0x575 ..\obj\adc_sensor.o
                                0x785 (size before relaxing)
 .debug_str     0x00001ae4      0x2b5 ..\obj\stm32f10x_dac.o
                                0x3c2 (size before relaxing)
 .debug_str     0x00001d99      0x234 ..\obj\indicator.o
                                0x2f7 (size before relaxing)
 .debug_str     0x00001fcd       0x69 ..\obj\main.o
                                0x187 (size before relaxing)
 .debug_str     0x00002036       0x66 ..\obj\timers.o
                                0x103 (size before relaxing)
 .debug_str     0x0000209c       0x86 ..\obj\tablo.o
                                0x223 (size before relaxing)
 .debug_str     0x00002122      0x4b7 ..\obj\printf.o
                                0x620 (size before relaxing)
 .debug_str     0x000025d9      0x43f ..\obj\stm32f10x_rcc.o
                                0x5ec (size before relaxing)
 .debug_str     0x00002a18       0x74 ..\obj\dac.o
                                0x2c3 (size before relaxing)
 .debug_str     0x00002a8c      0x71a ..\obj\tasks.o
                                0x85a (size before relaxing)
 .debug_str     0x000031a6      0x471 ..\obj\stm32f10x_adc.o
                                0x67a (size before relaxing)
 .debug_str     0x00003617       0xb6 ..\obj\string_utils.o
                                0x1f2 (size before relaxing)
 .debug_str     0x000036cd       0xb1 ..\obj\keyboard.o
                                0x2c1 (size before relaxing)
 .debug_str     0x0000377e      0x2d9 ..\obj\menu.o
                                0x60b (size before relaxing)
 .debug_str     0x00003a57       0xf7 ..\obj\list.o
                                0x237 (size before relaxing)
 .debug_str     0x00003b4e      0x169 ..\obj\syscalls.o
                                0x2a0 (size before relaxing)
 .debug_str     0x00003cb7      0x447 ..\obj\stm32f10x_flash.o
                                0x567 (size before relaxing)
 .debug_str     0x000040fe      0x170 ..\obj\port.o
                                0x240 (size before relaxing)
 .debug_str     0x0000426e      0x315 ..\obj\queue.o
                                0x4d4 (size before relaxing)
 .debug_str     0x00004583      0x23e ..\obj\stm32f10x_dma.o
                                0x340 (size before relaxing)
 .debug_str     0x000047c1      0x29c ..\obj\croutine.o
                                0x443 (size before relaxing)
 .debug_str     0x00004a5d       0xb8 ..\obj\channels.o
                                0x240 (size before relaxing)
 .debug_str     0x00004b15      0x16a ..\obj\spi_bus.o
                                0x5e5 (size before relaxing)
 .debug_str     0x00004c7f      0x174 ..\obj\misc.o
                                0x342 (size before relaxing)
 .debug_str     0x00004df3      0x2e0 ..\obj\stm32f10x_spi.o
                                0x57c (size before relaxing)
 .debug_str     0x000050d3       0xfb ..\obj\heap_1.o
                                0x1ab (size before relaxing)

.comment        0x00000000       0x2a
 .comment       0x00000000       0x2a ..\obj\stm32f10x_tim.o
                                 0x2b (size before relaxing)
 .comment       0x00000000       0x2b ..\obj\startup_stm32f10x_md_vl.o
 .comment       0x00000000       0x2b ..\obj\core_cm3.o
 .comment       0x00000000       0x2b ..\obj\system_stm32f10x.o
 .comment       0x00000000       0x2b ..\obj\stm32f10x_pwr.o
 .comment       0x00000000       0x2b ..\obj\stm32f10x_gpio.o
 .comment       0x00000000       0x2b ..\obj\adc_sensor.o
 .comment       0x00000000       0x2b ..\obj\stm32f10x_dac.o
 .comment       0x00000000       0x2b ..\obj\indicator.o
 .comment       0x00000000       0x2b ..\obj\main.o
 .comment       0x00000000       0x2b ..\obj\timers.o
 .comment       0x00000000       0x2b ..\obj\tablo.o
 .comment       0x00000000       0x2b ..\obj\printf.o
 .comment       0x00000000       0x2b ..\obj\stm32f10x_rcc.o
 .comment       0x00000000       0x2b ..\obj\dac.o
 .comment       0x00000000       0x2b ..\obj\tasks.o
 .comment       0x00000000       0x2b ..\obj\stm32f10x_adc.o
 .comment       0x00000000       0x2b ..\obj\string_utils.o
 .comment       0x00000000       0x2b ..\obj\keyboard.o
 .comment       0x00000000       0x2b ..\obj\menu.o
 .comment       0x00000000       0x2b ..\obj\list.o
 .comment       0x00000000       0x2b ..\obj\syscalls.o
 .comment       0x00000000       0x2b ..\obj\stm32f10x_flash.o
 .comment       0x00000000       0x2b ..\obj\port.o
 .comment       0x00000000       0x2b ..\obj\queue.o
 .comment       0x00000000       0x2b ..\obj\stm32f10x_dma.o
 .comment       0x00000000       0x2b ..\obj\croutine.o
 .comment       0x00000000       0x2b ..\obj\channels.o
 .comment       0x00000000       0x2b ..\obj\spi_bus.o
 .comment       0x00000000       0x2b ..\obj\misc.o
 .comment       0x00000000       0x2b ..\obj\stm32f10x_spi.o
 .comment       0x00000000       0x2b ..\obj\heap_1.o

.ARM.attributes
                0x00000000       0x31
 .ARM.attributes
                0x00000000       0x31 ..\obj\stm32f10x_tim.o
 .ARM.attributes
                0x00000031       0x31 ..\obj\startup_stm32f10x_md_vl.o
 .ARM.attributes
                0x00000062       0x31 ..\obj\core_cm3.o
 .ARM.attributes
                0x00000093       0x31 ..\obj\system_stm32f10x.o
 .ARM.attributes
                0x000000c4       0x31 ..\obj\stm32f10x_pwr.o
 .ARM.attributes
                0x000000f5       0x31 ..\obj\stm32f10x_gpio.o
 .ARM.attributes
                0x00000126       0x31 ..\obj\adc_sensor.o
 .ARM.attributes
                0x00000157       0x31 ..\obj\stm32f10x_dac.o
 .ARM.attributes
                0x00000188       0x31 ..\obj\indicator.o
 .ARM.attributes
                0x000001b9       0x31 ..\obj\main.o
 .ARM.attributes
                0x000001ea       0x31 ..\obj\timers.o
 .ARM.attributes
                0x0000021b       0x31 ..\obj\tablo.o
 .ARM.attributes
                0x0000024c       0x31 ..\obj\printf.o
 .ARM.attributes
                0x0000027d       0x31 ..\obj\stm32f10x_rcc.o
 .ARM.attributes
                0x000002ae       0x31 ..\obj\dac.o
 .ARM.attributes
                0x000002df       0x31 ..\obj\tasks.o
 .ARM.attributes
                0x00000310       0x31 ..\obj\stm32f10x_adc.o
 .ARM.attributes
                0x00000341       0x31 ..\obj\string_utils.o
 .ARM.attributes
                0x00000372       0x31 ..\obj\keyboard.o
 .ARM.attributes
                0x000003a3       0x31 ..\obj\menu.o
 .ARM.attributes
                0x000003d4       0x31 ..\obj\list.o
 .ARM.attributes
                0x00000405       0x31 ..\obj\syscalls.o
 .ARM.attributes
                0x00000436       0x31 ..\obj\stm32f10x_flash.o
 .ARM.attributes
                0x00000467       0x31 ..\obj\port.o
 .ARM.attributes
                0x00000498       0x31 ..\obj\queue.o
 .ARM.attributes
                0x000004c9       0x31 ..\obj\stm32f10x_dma.o
 .ARM.attributes
                0x000004fa       0x31 ..\obj\croutine.o
 .ARM.attributes
                0x0000052b       0x31 ..\obj\channels.o
 .ARM.attributes
                0x0000055c       0x31 ..\obj\spi_bus.o
 .ARM.attributes
                0x0000058d       0x31 ..\obj\misc.o
 .ARM.attributes
                0x000005be       0x31 ..\obj\stm32f10x_spi.o
 .ARM.attributes
                0x000005ef       0x31 ..\obj\heap_1.o
 .ARM.attributes
                0x00000620       0x29 C:\CooCox\CoIDE\gcc\Sourcery G++ Lite\arm-none-eabi\lib\thumb2\libm.a(lib_a-sf_fpclassify.o)
 .ARM.attributes
                0x00000649       0x1b c:/coocox/coide/gcc/sourcery g++ lite/bin/../lib/gcc/arm-none-eabi/4.5.1/thumb2\libgcc.a(_arm_addsubdf3.o)
 .ARM.attributes
                0x00000664       0x1b c:/coocox/coide/gcc/sourcery g++ lite/bin/../lib/gcc/arm-none-eabi/4.5.1/thumb2\libgcc.a(_arm_cmpdf2.o)
 .ARM.attributes
                0x0000067f       0x1b c:/coocox/coide/gcc/sourcery g++ lite/bin/../lib/gcc/arm-none-eabi/4.5.1/thumb2\libgcc.a(_arm_addsubsf3.o)
 .ARM.attributes
                0x0000069a       0x1b c:/coocox/coide/gcc/sourcery g++ lite/bin/../lib/gcc/arm-none-eabi/4.5.1/thumb2\libgcc.a(_arm_muldivsf3.o)
 .ARM.attributes
                0x000006b5       0x1b c:/coocox/coide/gcc/sourcery g++ lite/bin/../lib/gcc/arm-none-eabi/4.5.1/thumb2\libgcc.a(_arm_cmpsf2.o)
 .ARM.attributes
                0x000006d0       0x1b c:/coocox/coide/gcc/sourcery g++ lite/bin/../lib/gcc/arm-none-eabi/4.5.1/thumb2\libgcc.a(_arm_fixunssfsi.o)
 .ARM.attributes
                0x000006eb       0x29 C:\CooCox\CoIDE\gcc\Sourcery G++ Lite\arm-none-eabi\lib\thumb2\libc.a(lib_a-ctype_.o)
 .ARM.attributes
                0x00000714       0x29 C:\CooCox\CoIDE\gcc\Sourcery G++ Lite\arm-none-eabi\lib\thumb2\libc.a(lib_a-memcpy.o)
 .ARM.attributes
                0x0000073d       0x29 C:\CooCox\CoIDE\gcc\Sourcery G++ Lite\arm-none-eabi\lib\thumb2\libc.a(lib_a-memset.o)
 .ARM.attributes
                0x00000766       0x29 C:\CooCox\CoIDE\gcc\Sourcery G++ Lite\arm-none-eabi\lib\thumb2\libc.a(lib_a-signal.o)
 .ARM.attributes
                0x0000078f       0x29 C:\CooCox\CoIDE\gcc\Sourcery G++ Lite\arm-none-eabi\lib\thumb2\libc.a(lib_a-signalr.o)
 .ARM.attributes
                0x000007b8       0x29 C:\CooCox\CoIDE\gcc\Sourcery G++ Lite\arm-none-eabi\lib\thumb2\libc.a(lib_a-strlen.o)
 .ARM.attributes
                0x000007e1       0x29 C:\CooCox\CoIDE\gcc\Sourcery G++ Lite\arm-none-eabi\lib\thumb2\libc.a(lib_a-strncpy.o)
 .ARM.attributes
                0x0000080a       0x29 C:\CooCox\CoIDE\gcc\Sourcery G++ Lite\arm-none-eabi\lib\thumb2\libc.a(lib_a-mallocr.o)
 .ARM.attributes
                0x00000833       0x29 C:\CooCox\CoIDE\gcc\Sourcery G++ Lite\arm-none-eabi\lib\thumb2\libc.a(lib_a-mlock.o)
 .ARM.attributes
                0x0000085c       0x29 C:\CooCox\CoIDE\gcc\Sourcery G++ Lite\arm-none-eabi\lib\thumb2\libc.a(lib_a-reent.o)
 .ARM.attributes
                0x00000885       0x29 C:\CooCox\CoIDE\gcc\Sourcery G++ Lite\arm-none-eabi\lib\thumb2\libc.a(lib_a-sbrkr.o)
 .ARM.attributes
                0x000008ae       0x29 C:\CooCox\CoIDE\gcc\Sourcery G++ Lite\arm-none-eabi\lib\thumb2\libc.a(lib_a-freer.o)

.debug_frame    0x00000000     0x35e8
 .debug_frame   0x00000000      0xa20 ..\obj\stm32f10x_tim.o
 .debug_frame   0x00000a20       0x48 ..\obj\startup_stm32f10x_md_vl.o
 .debug_frame   0x00000a68      0x280 ..\obj\core_cm3.o
 .debug_frame   0x00000ce8       0x80 ..\obj\system_stm32f10x.o
 .debug_frame   0x00000d68      0x140 ..\obj\stm32f10x_pwr.o
 .debug_frame   0x00000ea8      0x210 ..\obj\stm32f10x_gpio.o
 .debug_frame   0x000010b8       0x6c ..\obj\adc_sensor.o
 .debug_frame   0x00001124      0x1ec ..\obj\stm32f10x_dac.o
 .debug_frame   0x00001310       0x70 ..\obj\indicator.o
 .debug_frame   0x00001380       0x50 ..\obj\main.o
 .debug_frame   0x000013d0       0x48 ..\obj\tablo.o
 .debug_frame   0x00001418      0x244 ..\obj\printf.o
 .debug_frame   0x0000165c      0x3a4 ..\obj\stm32f10x_rcc.o
 .debug_frame   0x00001a00       0x30 ..\obj\dac.o
 .debug_frame   0x00001a30      0x3c0 ..\obj\tasks.o
 .debug_frame   0x00001df0      0x400 ..\obj\stm32f10x_adc.o
 .debug_frame   0x000021f0       0x50 ..\obj\string_utils.o
 .debug_frame   0x00002240       0x6c ..\obj\keyboard.o
 .debug_frame   0x000022ac      0x19c ..\obj\menu.o
 .debug_frame   0x00002448       0x9c ..\obj\list.o
 .debug_frame   0x000024e4      0x108 ..\obj\syscalls.o
 .debug_frame   0x000025ec      0x338 ..\obj\stm32f10x_flash.o
 .debug_frame   0x00002924      0x110 ..\obj\port.o
 .debug_frame   0x00002a34      0x204 ..\obj\queue.o
 .debug_frame   0x00002c38      0x144 ..\obj\stm32f10x_dma.o
 .debug_frame   0x00002d7c       0xf0 ..\obj\croutine.o
 .debug_frame   0x00002e6c       0x28 ..\obj\channels.o
 .debug_frame   0x00002e94       0x90 ..\obj\spi_bus.o
 .debug_frame   0x00002f24       0x9c ..\obj\misc.o
 .debug_frame   0x00002fc0      0x29c ..\obj\stm32f10x_spi.o
 .debug_frame   0x0000325c       0x7c ..\obj\heap_1.o
 .debug_frame   0x000032d8       0x20 C:\CooCox\CoIDE\gcc\Sourcery G++ Lite\arm-none-eabi\lib\thumb2\libm.a(lib_a-sf_fpclassify.o)
 .debug_frame   0x000032f8       0x30 C:\CooCox\CoIDE\gcc\Sourcery G++ Lite\arm-none-eabi\lib\thumb2\libc.a(lib_a-memcpy.o)
 .debug_frame   0x00003328       0x2c C:\CooCox\CoIDE\gcc\Sourcery G++ Lite\arm-none-eabi\lib\thumb2\libc.a(lib_a-memset.o)
 .debug_frame   0x00003354       0xc0 C:\CooCox\CoIDE\gcc\Sourcery G++ Lite\arm-none-eabi\lib\thumb2\libc.a(lib_a-signal.o)
 .debug_frame   0x00003414       0x3c C:\CooCox\CoIDE\gcc\Sourcery G++ Lite\arm-none-eabi\lib\thumb2\libc.a(lib_a-signalr.o)
 .debug_frame   0x00003450       0x20 C:\CooCox\CoIDE\gcc\Sourcery G++ Lite\arm-none-eabi\lib\thumb2\libc.a(lib_a-strlen.o)
 .debug_frame   0x00003470       0x2c C:\CooCox\CoIDE\gcc\Sourcery G++ Lite\arm-none-eabi\lib\thumb2\libc.a(lib_a-strncpy.o)
 .debug_frame   0x0000349c       0x3c C:\CooCox\CoIDE\gcc\Sourcery G++ Lite\arm-none-eabi\lib\thumb2\libc.a(lib_a-mallocr.o)
 .debug_frame   0x000034d8       0x30 C:\CooCox\CoIDE\gcc\Sourcery G++ Lite\arm-none-eabi\lib\thumb2\libc.a(lib_a-mlock.o)
 .debug_frame   0x00003508       0x64 C:\CooCox\CoIDE\gcc\Sourcery G++ Lite\arm-none-eabi\lib\thumb2\libc.a(lib_a-reent.o)
 .debug_frame   0x0000356c       0x2c C:\CooCox\CoIDE\gcc\Sourcery G++ Lite\arm-none-eabi\lib\thumb2\libc.a(lib_a-sbrkr.o)
 .debug_frame   0x00003598       0x50 C:\CooCox\CoIDE\gcc\Sourcery G++ Lite\arm-none-eabi\lib\thumb2\libc.a(lib_a-freer.o)
