Archive member included because of file (symbol)

C:\CooCox\CoIDE\gcc\Sourcery G++ Lite\arm-none-eabi\lib\thumb2\libm.a(lib_a-sf_fpclassify.o)
                              ..\obj\string_utils.o (__fpclassifyf)
c:/coocox/coide/gcc/sourcery g++ lite/bin/../lib/gcc/arm-none-eabi/4.5.1/thumb2\libgcc.a(_arm_addsubdf3.o)
                              ..\obj\string_utils.o (__aeabi_f2d)
c:/coocox/coide/gcc/sourcery g++ lite/bin/../lib/gcc/arm-none-eabi/4.5.1/thumb2\libgcc.a(_arm_cmpdf2.o)
                              ..\obj\menu.o (__aeabi_dcmple)
c:/coocox/coide/gcc/sourcery g++ lite/bin/../lib/gcc/arm-none-eabi/4.5.1/thumb2\libgcc.a(_arm_addsubsf3.o)
                              ..\obj\string_utils.o (__aeabi_fadd)
c:/coocox/coide/gcc/sourcery g++ lite/bin/../lib/gcc/arm-none-eabi/4.5.1/thumb2\libgcc.a(_arm_muldivsf3.o)
                              ..\obj\string_utils.o (__aeabi_fmul)
c:/coocox/coide/gcc/sourcery g++ lite/bin/../lib/gcc/arm-none-eabi/4.5.1/thumb2\libgcc.a(_arm_cmpsf2.o)
                              ..\obj\string_utils.o (__aeabi_fcmplt)
c:/coocox/coide/gcc/sourcery g++ lite/bin/../lib/gcc/arm-none-eabi/4.5.1/thumb2\libgcc.a(_arm_fixunssfsi.o)
                              ..\obj\string_utils.o (__aeabi_f2uiz)
C:\CooCox\CoIDE\gcc\Sourcery G++ Lite\arm-none-eabi\lib\thumb2\libc.a(lib_a-ctype_.o)
                              ..\obj\string_utils.o (__ctype_ptr__)
C:\CooCox\CoIDE\gcc\Sourcery G++ Lite\arm-none-eabi\lib\thumb2\libc.a(lib_a-memcpy.o)
                              ..\obj\adc_sensor.o (memcpy)
C:\CooCox\CoIDE\gcc\Sourcery G++ Lite\arm-none-eabi\lib\thumb2\libc.a(lib_a-memset.o)
                              ..\obj\tasks.o (memset)
C:\CooCox\CoIDE\gcc\Sourcery G++ Lite\arm-none-eabi\lib\thumb2\libc.a(lib_a-strlen.o)
                              ..\obj\indicator.o (strlen)
C:\CooCox\CoIDE\gcc\Sourcery G++ Lite\arm-none-eabi\lib\thumb2\libc.a(lib_a-strncpy.o)
                              ..\obj\tasks.o (strncpy)

Allocating common symbols
Common symbol       size              file

ADC_Data_1          0x2               ..\obj\adc_sensor.o
menuStack           0x28              ..\obj\menu.o
tab                 0x1b6             ..\obj\tablo.o
xSPI_Buf_Mutex      0x4               ..\obj\spi_bus.o
menuStackTop        0x1               ..\obj\menu.o
xADCQueue           0x4               ..\obj\adc_sensor.o
selectedMenuItem    0x4               ..\obj\menu.o
channels            0x48              ..\obj\channels.o
xKeyboardQueue      0x4               ..\obj\keyboard.o

Discarded input sections

 .text          0x00000000        0x0 ..\obj\stm32f10x_tim.o
 .data          0x00000000        0x0 ..\obj\stm32f10x_tim.o
 .bss           0x00000000        0x0 ..\obj\stm32f10x_tim.o
 .text.TIM_DeInit
                0x00000000      0x2b0 ..\obj\stm32f10x_tim.o
 .text.TIM_TimeBaseInit
                0x00000000      0x120 ..\obj\stm32f10x_tim.o
 .text.TIM_OC1Init
                0x00000000      0x134 ..\obj\stm32f10x_tim.o
 .text.TIM_OC2Init
                0x00000000      0x134 ..\obj\stm32f10x_tim.o
 .text.TIM_OC3Init
                0x00000000      0x130 ..\obj\stm32f10x_tim.o
 .text.TIM_OC4Init
                0x00000000       0xe8 ..\obj\stm32f10x_tim.o
 .text.TIM_ICInit
                0x00000000       0xa8 ..\obj\stm32f10x_tim.o
 .text.TIM_PWMIConfig
                0x00000000       0xc4 ..\obj\stm32f10x_tim.o
 .text.TIM_BDTRConfig
                0x00000000       0x5c ..\obj\stm32f10x_tim.o
 .text.TIM_TimeBaseStructInit
                0x00000000       0x3c ..\obj\stm32f10x_tim.o
 .text.TIM_OCStructInit
                0x00000000       0x54 ..\obj\stm32f10x_tim.o
 .text.TIM_ICStructInit
                0x00000000       0x3c ..\obj\stm32f10x_tim.o
 .text.TIM_BDTRStructInit
                0x00000000       0x4c ..\obj\stm32f10x_tim.o
 .text.TIM_Cmd  0x00000000       0x40 ..\obj\stm32f10x_tim.o
 .text.TIM_CtrlPWMOutputs
                0x00000000       0x50 ..\obj\stm32f10x_tim.o
 .text.TIM_ITConfig
                0x00000000       0x4c ..\obj\stm32f10x_tim.o
 .text.TIM_GenerateEvent
                0x00000000       0x1c ..\obj\stm32f10x_tim.o
 .text.TIM_DMAConfig
                0x00000000       0x2c ..\obj\stm32f10x_tim.o
 .text.TIM_DMACmd
                0x00000000       0x4c ..\obj\stm32f10x_tim.o
 .text.TIM_InternalClockConfig
                0x00000000       0x24 ..\obj\stm32f10x_tim.o
 .text.TIM_ITRxExternalClockConfig
                0x00000000       0x30 ..\obj\stm32f10x_tim.o
 .text.TIM_TIxExternalClockConfig
                0x00000000       0x58 ..\obj\stm32f10x_tim.o
 .text.TIM_ETRClockMode1Config
                0x00000000       0x54 ..\obj\stm32f10x_tim.o
 .text.TIM_ETRClockMode2Config
                0x00000000       0x34 ..\obj\stm32f10x_tim.o
 .text.TIM_ETRConfig
                0x00000000       0x54 ..\obj\stm32f10x_tim.o
 .text.TIM_PrescalerConfig
                0x00000000       0x28 ..\obj\stm32f10x_tim.o
 .text.TIM_CounterModeConfig
                0x00000000       0x3c ..\obj\stm32f10x_tim.o
 .text.TIM_SelectInputTrigger
                0x00000000       0x3c ..\obj\stm32f10x_tim.o
 .text.TIM_EncoderInterfaceConfig
                0x00000000       0x98 ..\obj\stm32f10x_tim.o
 .text.TIM_ForcedOC1Config
                0x00000000       0x3c ..\obj\stm32f10x_tim.o
 .text.TIM_ForcedOC2Config
                0x00000000       0x40 ..\obj\stm32f10x_tim.o
 .text.TIM_ForcedOC3Config
                0x00000000       0x3c ..\obj\stm32f10x_tim.o
 .text.TIM_ForcedOC4Config
                0x00000000       0x40 ..\obj\stm32f10x_tim.o
 .text.TIM_ARRPreloadConfig
                0x00000000       0x40 ..\obj\stm32f10x_tim.o
 .text.TIM_SelectCOM
                0x00000000       0x40 ..\obj\stm32f10x_tim.o
 .text.TIM_SelectCCDMA
                0x00000000       0x40 ..\obj\stm32f10x_tim.o
 .text.TIM_CCPreloadControl
                0x00000000       0x40 ..\obj\stm32f10x_tim.o
 .text.TIM_OC1PreloadConfig
                0x00000000       0x3c ..\obj\stm32f10x_tim.o
 .text.TIM_OC2PreloadConfig
                0x00000000       0x40 ..\obj\stm32f10x_tim.o
 .text.TIM_OC3PreloadConfig
                0x00000000       0x3c ..\obj\stm32f10x_tim.o
 .text.TIM_OC4PreloadConfig
                0x00000000       0x40 ..\obj\stm32f10x_tim.o
 .text.TIM_OC1FastConfig
                0x00000000       0x3c ..\obj\stm32f10x_tim.o
 .text.TIM_OC2FastConfig
                0x00000000       0x40 ..\obj\stm32f10x_tim.o
 .text.TIM_OC3FastConfig
                0x00000000       0x3c ..\obj\stm32f10x_tim.o
 .text.TIM_OC4FastConfig
                0x00000000       0x40 ..\obj\stm32f10x_tim.o
 .text.TIM_ClearOC1Ref
                0x00000000       0x3c ..\obj\stm32f10x_tim.o
 .text.TIM_ClearOC2Ref
                0x00000000       0x44 ..\obj\stm32f10x_tim.o
 .text.TIM_ClearOC3Ref
                0x00000000       0x3c ..\obj\stm32f10x_tim.o
 .text.TIM_ClearOC4Ref
                0x00000000       0x44 ..\obj\stm32f10x_tim.o
 .text.TIM_OC1PolarityConfig
                0x00000000       0x3c ..\obj\stm32f10x_tim.o
 .text.TIM_OC1NPolarityConfig
                0x00000000       0x3c ..\obj\stm32f10x_tim.o
 .text.TIM_OC2PolarityConfig
                0x00000000       0x40 ..\obj\stm32f10x_tim.o
 .text.TIM_OC2NPolarityConfig
                0x00000000       0x40 ..\obj\stm32f10x_tim.o
 .text.TIM_OC3PolarityConfig
                0x00000000       0x40 ..\obj\stm32f10x_tim.o
 .text.TIM_OC3NPolarityConfig
                0x00000000       0x40 ..\obj\stm32f10x_tim.o
 .text.TIM_OC4PolarityConfig
                0x00000000       0x40 ..\obj\stm32f10x_tim.o
 .text.TIM_CCxCmd
                0x00000000       0x60 ..\obj\stm32f10x_tim.o
 .text.TIM_CCxNCmd
                0x00000000       0x60 ..\obj\stm32f10x_tim.o
 .text.TIM_SelectOCxM
                0x00000000       0xc0 ..\obj\stm32f10x_tim.o
 .text.TIM_UpdateDisableConfig
                0x00000000       0x40 ..\obj\stm32f10x_tim.o
 .text.TIM_UpdateRequestConfig
                0x00000000       0x40 ..\obj\stm32f10x_tim.o
 .text.TIM_SelectHallSensor
                0x00000000       0x40 ..\obj\stm32f10x_tim.o
 .text.TIM_SelectOnePulseMode
                0x00000000       0x38 ..\obj\stm32f10x_tim.o
 .text.TIM_SelectOutputTrigger
                0x00000000       0x38 ..\obj\stm32f10x_tim.o
 .text.TIM_SelectSlaveMode
                0x00000000       0x38 ..\obj\stm32f10x_tim.o
 .text.TIM_SelectMasterSlaveMode
                0x00000000       0x38 ..\obj\stm32f10x_tim.o
 .text.TIM_SetCounter
                0x00000000       0x1c ..\obj\stm32f10x_tim.o
 .text.TIM_SetAutoreload
                0x00000000       0x1c ..\obj\stm32f10x_tim.o
 .text.TIM_SetCompare1
                0x00000000       0x1c ..\obj\stm32f10x_tim.o
 .text.TIM_SetCompare2
                0x00000000       0x1c ..\obj\stm32f10x_tim.o
 .text.TIM_SetCompare3
                0x00000000       0x1c ..\obj\stm32f10x_tim.o
 .text.TIM_SetCompare4
                0x00000000       0x20 ..\obj\stm32f10x_tim.o
 .text.TIM_SetIC1Prescaler
                0x00000000       0x38 ..\obj\stm32f10x_tim.o
 .text.TIM_SetIC2Prescaler
                0x00000000       0x40 ..\obj\stm32f10x_tim.o
 .text.TIM_SetIC3Prescaler
                0x00000000       0x38 ..\obj\stm32f10x_tim.o
 .text.TIM_SetIC4Prescaler
                0x00000000       0x40 ..\obj\stm32f10x_tim.o
 .text.TIM_SetClockDivision
                0x00000000       0x38 ..\obj\stm32f10x_tim.o
 .text.TIM_GetCapture1
                0x00000000       0x1c ..\obj\stm32f10x_tim.o
 .text.TIM_GetCapture2
                0x00000000       0x1c ..\obj\stm32f10x_tim.o
 .text.TIM_GetCapture3
                0x00000000       0x1c ..\obj\stm32f10x_tim.o
 .text.TIM_GetCapture4
                0x00000000       0x1c ..\obj\stm32f10x_tim.o
 .text.TIM_GetCounter
                0x00000000       0x1c ..\obj\stm32f10x_tim.o
 .text.TIM_GetPrescaler
                0x00000000       0x1c ..\obj\stm32f10x_tim.o
 .text.TIM_GetFlagStatus
                0x00000000       0x40 ..\obj\stm32f10x_tim.o
 .text.TIM_ClearFlag
                0x00000000       0x24 ..\obj\stm32f10x_tim.o
 .text.TIM_GetITStatus
                0x00000000       0x64 ..\obj\stm32f10x_tim.o
 .text.TIM_ClearITPendingBit
                0x00000000       0x24 ..\obj\stm32f10x_tim.o
 .text.TI1_Config
                0x00000000       0xec ..\obj\stm32f10x_tim.o
 .text.TI2_Config
                0x00000000      0x10c ..\obj\stm32f10x_tim.o
 .text.TI3_Config
                0x00000000       0xfc ..\obj\stm32f10x_tim.o
 .text.TI4_Config
                0x00000000      0x114 ..\obj\stm32f10x_tim.o
 .text          0x00000000        0x0 ..\obj\startup_stm32f10x_md_vl.o
 .data          0x00000000        0x0 ..\obj\startup_stm32f10x_md_vl.o
 .bss           0x00000000        0x0 ..\obj\startup_stm32f10x_md_vl.o
 .text          0x00000000        0x0 ..\obj\core_cm3.o
 .data          0x00000000        0x0 ..\obj\core_cm3.o
 .bss           0x00000000        0x0 ..\obj\core_cm3.o
 .text.__get_PSP
                0x00000000       0x10 ..\obj\core_cm3.o
 .text.__set_PSP
                0x00000000        0x8 ..\obj\core_cm3.o
 .text.__get_MSP
                0x00000000       0x10 ..\obj\core_cm3.o
 .text.__set_MSP
                0x00000000        0x8 ..\obj\core_cm3.o
 .text.__get_BASEPRI
                0x00000000       0x20 ..\obj\core_cm3.o
 .text.__set_BASEPRI
                0x00000000       0x18 ..\obj\core_cm3.o
 .text.__get_PRIMASK
                0x00000000       0x20 ..\obj\core_cm3.o
 .text.__set_PRIMASK
                0x00000000       0x18 ..\obj\core_cm3.o
 .text.__get_FAULTMASK
                0x00000000       0x20 ..\obj\core_cm3.o
 .text.__set_FAULTMASK
                0x00000000       0x18 ..\obj\core_cm3.o
 .text.__get_CONTROL
                0x00000000       0x20 ..\obj\core_cm3.o
 .text.__set_CONTROL
                0x00000000       0x18 ..\obj\core_cm3.o
 .text.__REV    0x00000000       0x24 ..\obj\core_cm3.o
 .text.__REV16  0x00000000       0x24 ..\obj\core_cm3.o
 .text.__REVSH  0x00000000       0x24 ..\obj\core_cm3.o
 .text.__RBIT   0x00000000       0x24 ..\obj\core_cm3.o
 .text.__LDREXB
                0x00000000       0x24 ..\obj\core_cm3.o
 .text.__LDREXH
                0x00000000       0x24 ..\obj\core_cm3.o
 .text.__LDREXW
                0x00000000       0x24 ..\obj\core_cm3.o
 .text.__STREXB
                0x00000000       0x2c ..\obj\core_cm3.o
 .text.__STREXH
                0x00000000       0x2c ..\obj\core_cm3.o
 .text.__STREXW
                0x00000000       0x28 ..\obj\core_cm3.o
 .text          0x00000000        0x0 ..\obj\system_stm32f10x.o
 .data          0x00000000       0x14 ..\obj\system_stm32f10x.o
 .bss           0x00000000        0x0 ..\obj\system_stm32f10x.o
 .text.SystemCoreClockUpdate
                0x00000000      0x13c ..\obj\system_stm32f10x.o
 .text          0x00000000        0x0 ..\obj\stm32f10x_pwr.o
 .data          0x00000000        0x0 ..\obj\stm32f10x_pwr.o
 .bss           0x00000000        0x0 ..\obj\stm32f10x_pwr.o
 .text.__WFI    0x00000000        0xc ..\obj\stm32f10x_pwr.o
 .text.__WFE    0x00000000        0xc ..\obj\stm32f10x_pwr.o
 .text.PWR_DeInit
                0x00000000       0x20 ..\obj\stm32f10x_pwr.o
 .text.PWR_BackupAccessCmd
                0x00000000       0x20 ..\obj\stm32f10x_pwr.o
 .text.PWR_PVDCmd
                0x00000000       0x20 ..\obj\stm32f10x_pwr.o
 .text.PWR_PVDLevelConfig
                0x00000000       0x44 ..\obj\stm32f10x_pwr.o
 .text.PWR_WakeUpPinCmd
                0x00000000       0x20 ..\obj\stm32f10x_pwr.o
 .text.PWR_EnterSTOPMode
                0x00000000       0x84 ..\obj\stm32f10x_pwr.o
 .text.PWR_EnterSTANDBYMode
                0x00000000       0x54 ..\obj\stm32f10x_pwr.o
 .text.PWR_GetFlagStatus
                0x00000000       0x40 ..\obj\stm32f10x_pwr.o
 .text.PWR_ClearFlag
                0x00000000       0x34 ..\obj\stm32f10x_pwr.o
 .text          0x00000000        0x0 ..\obj\stm32f10x_gpio.o
 .data          0x00000000        0x0 ..\obj\stm32f10x_gpio.o
 .bss           0x00000000        0x0 ..\obj\stm32f10x_gpio.o
 .text.GPIO_DeInit
                0x00000000      0x128 ..\obj\stm32f10x_gpio.o
 .text.GPIO_AFIODeInit
                0x00000000       0x20 ..\obj\stm32f10x_gpio.o
 .text.GPIO_StructInit
                0x00000000       0x2c ..\obj\stm32f10x_gpio.o
 .text.GPIO_ReadInputData
                0x00000000       0x1c ..\obj\stm32f10x_gpio.o
 .text.GPIO_ReadOutputDataBit
                0x00000000       0x40 ..\obj\stm32f10x_gpio.o
 .text.GPIO_ReadOutputData
                0x00000000       0x1c ..\obj\stm32f10x_gpio.o
 .text.GPIO_SetBits
                0x00000000       0x1c ..\obj\stm32f10x_gpio.o
 .text.GPIO_ResetBits
                0x00000000       0x1c ..\obj\stm32f10x_gpio.o
 .text.GPIO_Write
                0x00000000       0x1c ..\obj\stm32f10x_gpio.o
 .text.GPIO_PinLockConfig
                0x00000000       0x44 ..\obj\stm32f10x_gpio.o
 .text.GPIO_EventOutputConfig
                0x00000000       0x5c ..\obj\stm32f10x_gpio.o
 .text.GPIO_EventOutputCmd
                0x00000000       0x20 ..\obj\stm32f10x_gpio.o
 .text.GPIO_PinRemapConfig
                0x00000000      0x124 ..\obj\stm32f10x_gpio.o
 .text.GPIO_EXTILineConfig
                0x00000000       0xb4 ..\obj\stm32f10x_gpio.o
 .text.GPIO_ETH_MediaInterfaceConfig
                0x00000000       0x20 ..\obj\stm32f10x_gpio.o
 .text          0x00000000        0x0 ..\obj\adc_sensor.o
 .data          0x00000000        0x0 ..\obj\adc_sensor.o
 .text          0x00000000        0x0 ..\obj\stm32f10x_dac.o
 .data          0x00000000        0x0 ..\obj\stm32f10x_dac.o
 .bss           0x00000000        0x0 ..\obj\stm32f10x_dac.o
 .text.DAC_DeInit
                0x00000000       0x20 ..\obj\stm32f10x_dac.o
 .text.DAC_StructInit
                0x00000000       0x34 ..\obj\stm32f10x_dac.o
 .text.DAC_ITConfig
                0x00000000       0x68 ..\obj\stm32f10x_dac.o
 .text.DAC_DMACmd
                0x00000000       0x6c ..\obj\stm32f10x_dac.o
 .text.DAC_SoftwareTriggerCmd
                0x00000000       0x74 ..\obj\stm32f10x_dac.o
 .text.DAC_DualSoftwareTriggerCmd
                0x00000000       0x4c ..\obj\stm32f10x_dac.o
 .text.DAC_WaveGenerationCmd
                0x00000000       0x68 ..\obj\stm32f10x_dac.o
 .text.DAC_SetChannel2Data
                0x00000000       0x38 ..\obj\stm32f10x_dac.o
 .text.DAC_SetDualChannelData
                0x00000000       0x68 ..\obj\stm32f10x_dac.o
 .text.DAC_GetDataOutputValue
                0x00000000       0x3c ..\obj\stm32f10x_dac.o
 .text.DAC_GetFlagStatus
                0x00000000       0x48 ..\obj\stm32f10x_dac.o
 .text.DAC_ClearFlag
                0x00000000       0x28 ..\obj\stm32f10x_dac.o
 .text.DAC_GetITStatus
                0x00000000       0x70 ..\obj\stm32f10x_dac.o
 .text.DAC_ClearITPendingBit
                0x00000000       0x28 ..\obj\stm32f10x_dac.o
 .text          0x00000000        0x0 ..\obj\indicator.o
 .data          0x00000000        0x0 ..\obj\indicator.o
 .bss           0x00000000        0x0 ..\obj\indicator.o
 .text.indicators_init
                0x00000000       0x1c ..\obj\indicator.o
 .text          0x00000000        0x0 ..\obj\main.o
 .data          0x00000000        0x0 ..\obj\main.o
 .bss           0x00000000        0x0 ..\obj\main.o
 .text          0x00000000        0x0 ..\obj\timers.o
 .data          0x00000000        0x0 ..\obj\timers.o
 .bss           0x00000000        0x0 ..\obj\timers.o
 .text          0x00000000        0x0 ..\obj\tablo.o
 .data          0x00000000        0x0 ..\obj\tablo.o
 .bss           0x00000000        0x0 ..\obj\tablo.o
 .text          0x00000000        0x0 ..\obj\printf.o
 .data          0x00000000       0xf4 ..\obj\printf.o
 .bss           0x00000000        0x0 ..\obj\printf.o
 .text.PrintChar
                0x00000000       0x14 ..\obj\printf.o
 .text.vsprintf
                0x00000000       0x28 ..\obj\printf.o
 .rodata        0x00000000       0x24 ..\obj\printf.o
 .text.vfprintf
                0x00000000       0x6c ..\obj\printf.o
 .text.vprintf  0x00000000       0x2c ..\obj\printf.o
 .text.fprintf  0x00000000       0x30 ..\obj\printf.o
 .text.printf   0x00000000       0x2c ..\obj\printf.o
 .text.sprintf  0x00000000       0x30 ..\obj\printf.o
 .text.puts     0x00000000       0x28 ..\obj\printf.o
 .text.fputc    0x00000000       0x4c ..\obj\printf.o
 .text.fputs    0x00000000       0x50 ..\obj\printf.o
 .text          0x00000000        0x0 ..\obj\stm32f10x_rcc.o
 .data          0x00000000       0x14 ..\obj\stm32f10x_rcc.o
 .bss           0x00000000        0x0 ..\obj\stm32f10x_rcc.o
 .text.RCC_DeInit
                0x00000000       0xac ..\obj\stm32f10x_rcc.o
 .text.RCC_HSEConfig
                0x00000000       0x88 ..\obj\stm32f10x_rcc.o
 .text.RCC_WaitForHSEStartUp
                0x00000000       0x64 ..\obj\stm32f10x_rcc.o
 .text.RCC_AdjustHSICalibrationValue
                0x00000000       0x48 ..\obj\stm32f10x_rcc.o
 .text.RCC_HSICmd
                0x00000000       0x20 ..\obj\stm32f10x_rcc.o
 .text.RCC_PLLConfig
                0x00000000       0x4c ..\obj\stm32f10x_rcc.o
 .text.RCC_PLLCmd
                0x00000000       0x20 ..\obj\stm32f10x_rcc.o
 .text.RCC_PREDIV1Config
                0x00000000       0x50 ..\obj\stm32f10x_rcc.o
 .text.RCC_SYSCLKConfig
                0x00000000       0x44 ..\obj\stm32f10x_rcc.o
 .text.RCC_GetSYSCLKSource
                0x00000000       0x20 ..\obj\stm32f10x_rcc.o
 .text.RCC_HCLKConfig
                0x00000000       0x44 ..\obj\stm32f10x_rcc.o
 .text.RCC_PCLK1Config
                0x00000000       0x44 ..\obj\stm32f10x_rcc.o
 .text.RCC_PCLK2Config
                0x00000000       0x48 ..\obj\stm32f10x_rcc.o
 .text.RCC_ITConfig
                0x00000000       0x64 ..\obj\stm32f10x_rcc.o
 .text.RCC_USBCLKConfig
                0x00000000       0x20 ..\obj\stm32f10x_rcc.o
 .text.RCC_ADCCLKConfig
                0x00000000       0x44 ..\obj\stm32f10x_rcc.o
 .text.RCC_LSEConfig
                0x00000000       0x5c ..\obj\stm32f10x_rcc.o
 .text.RCC_LSICmd
                0x00000000       0x20 ..\obj\stm32f10x_rcc.o
 .text.RCC_RTCCLKConfig
                0x00000000       0x30 ..\obj\stm32f10x_rcc.o
 .text.RCC_RTCCLKCmd
                0x00000000       0x20 ..\obj\stm32f10x_rcc.o
 .text.RCC_GetClocksFreq
                0x00000000      0x1cc ..\obj\stm32f10x_rcc.o
 .text.RCC_APB2PeriphResetCmd
                0x00000000       0x5c ..\obj\stm32f10x_rcc.o
 .text.RCC_APB1PeriphResetCmd
                0x00000000       0x5c ..\obj\stm32f10x_rcc.o
 .text.RCC_BackupResetCmd
                0x00000000       0x20 ..\obj\stm32f10x_rcc.o
 .text.RCC_ClockSecuritySystemCmd
                0x00000000       0x20 ..\obj\stm32f10x_rcc.o
 .text.RCC_MCOConfig
                0x00000000       0x20 ..\obj\stm32f10x_rcc.o
 .text.RCC_GetFlagStatus
                0x00000000       0x90 ..\obj\stm32f10x_rcc.o
 .text.RCC_ClearFlag
                0x00000000       0x24 ..\obj\stm32f10x_rcc.o
 .text.RCC_GetITStatus
                0x00000000       0x44 ..\obj\stm32f10x_rcc.o
 .text.RCC_ClearITPendingBit
                0x00000000       0x20 ..\obj\stm32f10x_rcc.o
 .text          0x00000000        0x0 ..\obj\dac.o
 .data          0x00000000        0x0 ..\obj\dac.o
 .bss           0x00000000        0x0 ..\obj\dac.o
 .text          0x00000000        0x0 ..\obj\tasks.o
 .text.vTaskSuspend
                0x00000000       0xc0 ..\obj\tasks.o
 .text.xTaskIsTaskSuspended
                0x00000000       0x50 ..\obj\tasks.o
 .text.vTaskResume
                0x00000000       0xac ..\obj\tasks.o
 .text.xTaskResumeFromISR
                0x00000000       0xd4 ..\obj\tasks.o
 .text.vTaskEndScheduler
                0x00000000       0x20 ..\obj\tasks.o
 .text.xTaskGetTickCount
                0x00000000       0x28 ..\obj\tasks.o
 .text.xTaskGetTickCountFromISR
                0x00000000       0x38 ..\obj\tasks.o
 .text.uxTaskGetNumberOfTasks
                0x00000000       0x18 ..\obj\tasks.o
 .text          0x00000000        0x0 ..\obj\stm32f10x_adc.o
 .data          0x00000000        0x0 ..\obj\stm32f10x_adc.o
 .bss           0x00000000        0x0 ..\obj\stm32f10x_adc.o
 .text.ADC_DeInit
                0x00000000       0x88 ..\obj\stm32f10x_adc.o
 .text.ADC_StructInit
                0x00000000       0x44 ..\obj\stm32f10x_adc.o
 .text.ADC_DMACmd
                0x00000000       0x38 ..\obj\stm32f10x_adc.o
 .text.ADC_SoftwareStartConvCmd
                0x00000000       0x38 ..\obj\stm32f10x_adc.o
 .text.ADC_GetSoftwareStartConvStatus
                0x00000000       0x38 ..\obj\stm32f10x_adc.o
 .text.ADC_DiscModeChannelCountConfig
                0x00000000       0x4c ..\obj\stm32f10x_adc.o
 .text.ADC_DiscModeCmd
                0x00000000       0x38 ..\obj\stm32f10x_adc.o
 .text.ADC_RegularChannelConfig
                0x00000000      0x1d0 ..\obj\stm32f10x_adc.o
 .text.ADC_ExternalTrigConvCmd
                0x00000000       0x38 ..\obj\stm32f10x_adc.o
 .text.ADC_GetConversionValue
                0x00000000       0x1c ..\obj\stm32f10x_adc.o
 .text.ADC_GetDualModeConversionValue
                0x00000000       0x18 ..\obj\stm32f10x_adc.o
 .text.ADC_InjectedDiscModeCmd
                0x00000000       0x38 ..\obj\stm32f10x_adc.o
 .text.ADC_ExternalTrigInjectedConvCmd
                0x00000000       0x38 ..\obj\stm32f10x_adc.o
 .text.ADC_GetSoftwareStartInjectedConvCmdStatus
                0x00000000       0x38 ..\obj\stm32f10x_adc.o
 .text.ADC_SetInjectedOffset
                0x00000000       0x34 ..\obj\stm32f10x_adc.o
 .text.ADC_AnalogWatchdogCmd
                0x00000000       0x3c ..\obj\stm32f10x_adc.o
 .text.ADC_AnalogWatchdogThresholdsConfig
                0x00000000       0x28 ..\obj\stm32f10x_adc.o
 .text.ADC_AnalogWatchdogSingleChannelConfig
                0x00000000       0x3c ..\obj\stm32f10x_adc.o
 .text.ADC_TempSensorVrefintCmd
                0x00000000       0x4c ..\obj\stm32f10x_adc.o
 .text.ADC_GetFlagStatus
                0x00000000       0x40 ..\obj\stm32f10x_adc.o
 .text.ADC_ClearFlag
                0x00000000       0x20 ..\obj\stm32f10x_adc.o
 .text          0x00000000        0x0 ..\obj\string_utils.o
 .data          0x00000000        0x0 ..\obj\string_utils.o
 .bss           0x00000000        0x0 ..\obj\string_utils.o
 .text          0x00000000        0x0 ..\obj\keyboard.o
 .data          0x00000000        0x0 ..\obj\keyboard.o
 .bss           0x00000000        0x0 ..\obj\keyboard.o
 .text          0x00000000        0x0 ..\obj\menu.o
 .data          0x00000000        0x0 ..\obj\menu.o
 .text          0x00000000        0x0 ..\obj\list.o
 .data          0x00000000        0x0 ..\obj\list.o
 .bss           0x00000000        0x0 ..\obj\list.o
 .text          0x00000000        0x0 ..\obj\syscalls.o
 .data          0x00000000        0x0 ..\obj\syscalls.o
 .bss           0x00000000        0x4 ..\obj\syscalls.o
 .text._sbrk    0x00000000       0x5c ..\obj\syscalls.o
 .text.link     0x00000000       0x1c ..\obj\syscalls.o
 .text._close   0x00000000       0x18 ..\obj\syscalls.o
 .text._fstat   0x00000000       0x24 ..\obj\syscalls.o
 .text._isatty  0x00000000       0x18 ..\obj\syscalls.o
 .text._lseek   0x00000000       0x1c ..\obj\syscalls.o
 .text._read    0x00000000       0x1c ..\obj\syscalls.o
 .text._write   0x00000000       0x1c ..\obj\syscalls.o
 .text.abort    0x00000000        0x8 ..\obj\syscalls.o
 .text          0x00000000        0x0 ..\obj\stm32f10x_flash.o
 .data          0x00000000        0x0 ..\obj\stm32f10x_flash.o
 .bss           0x00000000        0x0 ..\obj\stm32f10x_flash.o
 .text.FLASH_SetLatency
                0x00000000       0x44 ..\obj\stm32f10x_flash.o
 .text.FLASH_HalfCycleAccessCmd
                0x00000000       0x48 ..\obj\stm32f10x_flash.o
 .text.FLASH_PrefetchBufferCmd
                0x00000000       0x48 ..\obj\stm32f10x_flash.o
 .text.FLASH_Unlock
                0x00000000       0x30 ..\obj\stm32f10x_flash.o
 .text.FLASH_UnlockBank1
                0x00000000       0x30 ..\obj\stm32f10x_flash.o
 .text.FLASH_Lock
                0x00000000       0x24 ..\obj\stm32f10x_flash.o
 .text.FLASH_LockBank1
                0x00000000       0x24 ..\obj\stm32f10x_flash.o
 .text.FLASH_ErasePage
                0x00000000       0x94 ..\obj\stm32f10x_flash.o
 .text.FLASH_EraseAllPages
                0x00000000       0x84 ..\obj\stm32f10x_flash.o
 .text.FLASH_EraseAllBank1Pages
                0x00000000       0x84 ..\obj\stm32f10x_flash.o
 .text.FLASH_EraseOptionBytes
                0x00000000      0x140 ..\obj\stm32f10x_flash.o
 .text.FLASH_ProgramWord
                0x00000000       0xc4 ..\obj\stm32f10x_flash.o
 .text.FLASH_ProgramHalfWord
                0x00000000       0x78 ..\obj\stm32f10x_flash.o
 .text.FLASH_ProgramOptionByteData
                0x00000000       0xa4 ..\obj\stm32f10x_flash.o
 .text.FLASH_EnableWriteProtection
                0x00000000      0x160 ..\obj\stm32f10x_flash.o
 .text.FLASH_ReadOutProtection
                0x00000000      0x148 ..\obj\stm32f10x_flash.o
 .text.FLASH_UserOptionByteConfig
                0x00000000       0xc4 ..\obj\stm32f10x_flash.o
 .text.FLASH_GetUserOptionByte
                0x00000000       0x1c ..\obj\stm32f10x_flash.o
 .text.FLASH_GetWriteProtectionOptionByte
                0x00000000       0x18 ..\obj\stm32f10x_flash.o
 .text.FLASH_GetReadOutProtectionStatus
                0x00000000       0x3c ..\obj\stm32f10x_flash.o
 .text.FLASH_GetPrefetchBufferStatus
                0x00000000       0x3c ..\obj\stm32f10x_flash.o
 .text.FLASH_ITConfig
                0x00000000       0x5c ..\obj\stm32f10x_flash.o
 .text.FLASH_GetFlagStatus
                0x00000000       0x6c ..\obj\stm32f10x_flash.o
 .text.FLASH_ClearFlag
                0x00000000       0x20 ..\obj\stm32f10x_flash.o
 .text.FLASH_GetStatus
                0x00000000       0x70 ..\obj\stm32f10x_flash.o
 .text.FLASH_GetBank1Status
                0x00000000       0x70 ..\obj\stm32f10x_flash.o
 .text.FLASH_WaitForLastOperation
                0x00000000       0x4c ..\obj\stm32f10x_flash.o
 .text.FLASH_WaitForLastBank1Operation
                0x00000000       0x4c ..\obj\stm32f10x_flash.o
 .text          0x00000000        0x0 ..\obj\port.o
 .bss           0x00000000        0x0 ..\obj\port.o
 .rodata        0x00000000        0x4 ..\obj\port.o
 .text.vPortEndScheduler
                0x00000000        0xc ..\obj\port.o
 .text          0x00000000        0x0 ..\obj\queue.o
 .data          0x00000000        0x0 ..\obj\queue.o
 .bss           0x00000000        0x0 ..\obj\queue.o
 .text.xQueueReceiveFromISR
                0x00000000       0x94 ..\obj\queue.o
 .text.uxQueueMessagesWaitingFromISR
                0x00000000       0x1c ..\obj\queue.o
 .text.vQueueDelete
                0x00000000       0x20 ..\obj\queue.o
 .text.xQueueIsQueueEmptyFromISR
                0x00000000       0x24 ..\obj\queue.o
 .text.xQueueIsQueueFullFromISR
                0x00000000       0x2c ..\obj\queue.o
 .text          0x00000000        0x0 ..\obj\stm32f10x_dma.o
 .data          0x00000000        0x0 ..\obj\stm32f10x_dma.o
 .bss           0x00000000        0x0 ..\obj\stm32f10x_dma.o
 .text.DMA_DeInit
                0x00000000      0x224 ..\obj\stm32f10x_dma.o
 .text.DMA_ITConfig
                0x00000000       0x40 ..\obj\stm32f10x_dma.o
 .text.DMA_SetCurrDataCounter
                0x00000000       0x1c ..\obj\stm32f10x_dma.o
 .text.DMA_GetCurrDataCounter
                0x00000000       0x1c ..\obj\stm32f10x_dma.o
 .text.DMA_GetITStatus
                0x00000000       0x60 ..\obj\stm32f10x_dma.o
 .text.DMA_ClearITPendingBit
                0x00000000       0x38 ..\obj\stm32f10x_dma.o
 .text          0x00000000        0x0 ..\obj\croutine.o
 .data          0x00000000        0x0 ..\obj\croutine.o
 .bss           0x00000000       0x80 ..\obj\croutine.o
 .text.xCoRoutineCreate
                0x00000000       0xf4 ..\obj\croutine.o
 .text.vCoRoutineAddToDelayedList
                0x00000000       0xb4 ..\obj\croutine.o
 .text.prvCheckPendingReadyList
                0x00000000       0xa0 ..\obj\croutine.o
 .text.prvCheckDelayedList
                0x00000000      0x170 ..\obj\croutine.o
 .text.vCoRoutineSchedule
                0x00000000       0xf0 ..\obj\croutine.o
 .text.prvInitialiseCoRoutineLists
                0x00000000       0x8c ..\obj\croutine.o
 .text.xCoRoutineRemoveFromEventList
                0x00000000       0x60 ..\obj\croutine.o
 .text          0x00000000        0x0 ..\obj\channels.o
 .data          0x00000000        0x8 ..\obj\channels.o
 .bss           0x00000000       0x10 ..\obj\channels.o
 .text.ChannelsInit
                0x00000000       0x80 ..\obj\channels.o
 .text          0x00000000        0x0 ..\obj\spi_bus.o
 .data          0x00000000        0x0 ..\obj\spi_bus.o
 .bss           0x00000000        0x0 ..\obj\spi_bus.o
 .text          0x00000000        0x0 ..\obj\misc.o
 .data          0x00000000        0x0 ..\obj\misc.o
 .bss           0x00000000        0x0 ..\obj\misc.o
 .text.NVIC_PriorityGroupConfig
                0x00000000       0x28 ..\obj\misc.o
 .text.NVIC_SetVectorTable
                0x00000000       0x2c ..\obj\misc.o
 .text.NVIC_SystemLPConfig
                0x00000000       0x5c ..\obj\misc.o
 .text.SysTick_CLKSourceConfig
                0x00000000       0x4c ..\obj\misc.o
 .text          0x00000000        0x0 ..\obj\stm32f10x_spi.o
 .data          0x00000000        0x0 ..\obj\stm32f10x_spi.o
 .bss           0x00000000        0x0 ..\obj\stm32f10x_spi.o
 .text.SPI_I2S_DeInit
                0x00000000       0x88 ..\obj\stm32f10x_spi.o
 .text.I2S_Init
                0x00000000      0x1a4 ..\obj\stm32f10x_spi.o
 .text.SPI_StructInit
                0x00000000       0x5c ..\obj\stm32f10x_spi.o
 .text.I2S_StructInit
                0x00000000       0x44 ..\obj\stm32f10x_spi.o
 .text.I2S_Cmd  0x00000000       0x40 ..\obj\stm32f10x_spi.o
 .text.SPI_I2S_ITConfig
                0x00000000       0x70 ..\obj\stm32f10x_spi.o
 .text.SPI_I2S_SendData
                0x00000000       0x1c ..\obj\stm32f10x_spi.o
 .text.SPI_I2S_ReceiveData
                0x00000000       0x1c ..\obj\stm32f10x_spi.o
 .text.SPI_NSSInternalSoftwareConfig
                0x00000000       0x44 ..\obj\stm32f10x_spi.o
 .text.SPI_SSOutputCmd
                0x00000000       0x40 ..\obj\stm32f10x_spi.o
 .text.SPI_DataSizeConfig
                0x00000000       0x38 ..\obj\stm32f10x_spi.o
 .text.SPI_TransmitCRC
                0x00000000       0x24 ..\obj\stm32f10x_spi.o
 .text.SPI_GetCRC
                0x00000000       0x34 ..\obj\stm32f10x_spi.o
 .text.SPI_GetCRCPolynomial
                0x00000000       0x1c ..\obj\stm32f10x_spi.o
 .text.SPI_BiDirectionalLineConfig
                0x00000000       0x40 ..\obj\stm32f10x_spi.o
 .text.SPI_I2S_GetFlagStatus
                0x00000000       0x40 ..\obj\stm32f10x_spi.o
 .text.SPI_I2S_ClearFlag
                0x00000000       0x24 ..\obj\stm32f10x_spi.o
 .text.SPI_I2S_GetITStatus
                0x00000000       0x8c ..\obj\stm32f10x_spi.o
 .text.SPI_I2S_ClearITPendingBit
                0x00000000       0x38 ..\obj\stm32f10x_spi.o
 .text          0x00000000        0x0 ..\obj\heap_1.o
 .data          0x00000000        0x0 ..\obj\heap_1.o
 .text.vPortInitialiseBlocks
                0x00000000       0x18 ..\obj\heap_1.o
 .text.xPortGetFreeHeapSize
                0x00000000       0x1c ..\obj\heap_1.o
 .data          0x00000000        0x0 C:\CooCox\CoIDE\gcc\Sourcery G++ Lite\arm-none-eabi\lib\thumb2\libm.a(lib_a-sf_fpclassify.o)
 .bss           0x00000000        0x0 C:\CooCox\CoIDE\gcc\Sourcery G++ Lite\arm-none-eabi\lib\thumb2\libm.a(lib_a-sf_fpclassify.o)
 .data          0x00000000        0x0 c:/coocox/coide/gcc/sourcery g++ lite/bin/../lib/gcc/arm-none-eabi/4.5.1/thumb2\libgcc.a(_arm_addsubdf3.o)
 .bss           0x00000000        0x0 c:/coocox/coide/gcc/sourcery g++ lite/bin/../lib/gcc/arm-none-eabi/4.5.1/thumb2\libgcc.a(_arm_addsubdf3.o)
 .data          0x00000000        0x0 c:/coocox/coide/gcc/sourcery g++ lite/bin/../lib/gcc/arm-none-eabi/4.5.1/thumb2\libgcc.a(_arm_cmpdf2.o)
 .bss           0x00000000        0x0 c:/coocox/coide/gcc/sourcery g++ lite/bin/../lib/gcc/arm-none-eabi/4.5.1/thumb2\libgcc.a(_arm_cmpdf2.o)
 .data          0x00000000        0x0 c:/coocox/coide/gcc/sourcery g++ lite/bin/../lib/gcc/arm-none-eabi/4.5.1/thumb2\libgcc.a(_arm_addsubsf3.o)
 .bss           0x00000000        0x0 c:/coocox/coide/gcc/sourcery g++ lite/bin/../lib/gcc/arm-none-eabi/4.5.1/thumb2\libgcc.a(_arm_addsubsf3.o)
 .data          0x00000000        0x0 c:/coocox/coide/gcc/sourcery g++ lite/bin/../lib/gcc/arm-none-eabi/4.5.1/thumb2\libgcc.a(_arm_muldivsf3.o)
 .bss           0x00000000        0x0 c:/coocox/coide/gcc/sourcery g++ lite/bin/../lib/gcc/arm-none-eabi/4.5.1/thumb2\libgcc.a(_arm_muldivsf3.o)
 .data          0x00000000        0x0 c:/coocox/coide/gcc/sourcery g++ lite/bin/../lib/gcc/arm-none-eabi/4.5.1/thumb2\libgcc.a(_arm_cmpsf2.o)
 .bss           0x00000000        0x0 c:/coocox/coide/gcc/sourcery g++ lite/bin/../lib/gcc/arm-none-eabi/4.5.1/thumb2\libgcc.a(_arm_cmpsf2.o)
 .data          0x00000000        0x0 c:/coocox/coide/gcc/sourcery g++ lite/bin/../lib/gcc/arm-none-eabi/4.5.1/thumb2\libgcc.a(_arm_fixunssfsi.o)
 .bss           0x00000000        0x0 c:/coocox/coide/gcc/sourcery g++ lite/bin/../lib/gcc/arm-none-eabi/4.5.1/thumb2\libgcc.a(_arm_fixunssfsi.o)
 .text          0x00000000        0x0 C:\CooCox\CoIDE\gcc\Sourcery G++ Lite\arm-none-eabi\lib\thumb2\libc.a(lib_a-ctype_.o)
 .bss           0x00000000        0x0 C:\CooCox\CoIDE\gcc\Sourcery G++ Lite\arm-none-eabi\lib\thumb2\libc.a(lib_a-ctype_.o)
 .data          0x00000000        0x0 C:\CooCox\CoIDE\gcc\Sourcery G++ Lite\arm-none-eabi\lib\thumb2\libc.a(lib_a-memcpy.o)
 .bss           0x00000000        0x0 C:\CooCox\CoIDE\gcc\Sourcery G++ Lite\arm-none-eabi\lib\thumb2\libc.a(lib_a-memcpy.o)
 .data          0x00000000        0x0 C:\CooCox\CoIDE\gcc\Sourcery G++ Lite\arm-none-eabi\lib\thumb2\libc.a(lib_a-memset.o)
 .bss           0x00000000        0x0 C:\CooCox\CoIDE\gcc\Sourcery G++ Lite\arm-none-eabi\lib\thumb2\libc.a(lib_a-memset.o)
 .data          0x00000000        0x0 C:\CooCox\CoIDE\gcc\Sourcery G++ Lite\arm-none-eabi\lib\thumb2\libc.a(lib_a-strlen.o)
 .bss           0x00000000        0x0 C:\CooCox\CoIDE\gcc\Sourcery G++ Lite\arm-none-eabi\lib\thumb2\libc.a(lib_a-strlen.o)
 .data          0x00000000        0x0 C:\CooCox\CoIDE\gcc\Sourcery G++ Lite\arm-none-eabi\lib\thumb2\libc.a(lib_a-strncpy.o)
 .bss           0x00000000        0x0 C:\CooCox\CoIDE\gcc\Sourcery G++ Lite\arm-none-eabi\lib\thumb2\libc.a(lib_a-strncpy.o)

Memory Configuration

Name             Origin             Length             Attributes
rom              0x08000000         0x00020000         xr
ram              0x20000000         0x00002000         xrw
*default*        0x00000000         0xffffffff

Linker script and memory map

                0x20002000                _eram = 0x20002000

.text           0x08000000     0x6198
 *(.isr_vector .isr_vector.*)
 .isr_vector    0x08000000      0x124 ..\obj\startup_stm32f10x_md_vl.o
                0x08000000                g_pfnVectors
 *(.text .text.* .gnu.linkonce.t.*)
 .text.Default_Reset_Handler
                0x08000124       0x6c ..\obj\startup_stm32f10x_md_vl.o
                0x08000124                Default_Reset_Handler
                0x08000124                Reset_Handler
 .text.Default_Handler
                0x08000190        0x8 ..\obj\startup_stm32f10x_md_vl.o
                0x08000190                EXTI2_IRQHandler
                0x08000190                DebugMon_Handler
                0x08000190                TIM1_CC_IRQHandler
                0x08000190                HardFault_Handler
                0x08000190                PVD_IRQHandler
                0x08000190                NMI_Handler
                0x08000190                EXTI3_IRQHandler
                0x08000190                EXTI0_IRQHandler
                0x08000190                I2C2_EV_IRQHandler
                0x08000190                TIM1_UP_TIM16_IRQHandler
                0x08000190                UsageFault_Handler
                0x08000190                SPI1_IRQHandler
                0x08000190                TAMPER_IRQHandler
                0x08000190                TIM6_DAC_IRQHandler
                0x08000190                DMA1_Channel4_IRQHandler
                0x08000190                USART3_IRQHandler
                0x08000190                RTC_IRQHandler
                0x08000190                DMA1_Channel7_IRQHandler
                0x08000190                TIM4_IRQHandler
                0x08000190                I2C1_EV_IRQHandler
                0x08000190                DMA1_Channel6_IRQHandler
                0x08000190                TIM3_IRQHandler
                0x08000190                RCC_IRQHandler
                0x08000190                DMA1_Channel1_IRQHandler
                0x08000190                CEC_IRQHandler
                0x08000190                EXTI15_10_IRQHandler
                0x08000190                TIM7_IRQHandler
                0x08000190                EXTI9_5_IRQHandler
                0x08000190                SPI2_IRQHandler
                0x08000190                MemManage_Handler
                0x08000190                DMA1_Channel5_IRQHandler
                0x08000190                EXTI4_IRQHandler
                0x08000190                TIM1_TRG_COM_TIM17_IRQHandler
                0x08000190                DMA1_Channel3_IRQHandler
                0x08000190                WWDG_IRQHandler
                0x08000190                TIM2_IRQHandler
                0x08000190                EXTI1_IRQHandler
                0x08000190                RTCAlarm_IRQHandler
                0x08000190                USART2_IRQHandler
                0x08000190                I2C2_ER_IRQHandler
                0x08000190                DMA1_Channel2_IRQHandler
                0x08000190                FLASH_IRQHandler
                0x08000190                BusFault_Handler
                0x08000190                USART1_IRQHandler
                0x08000190                I2C1_ER_IRQHandler
                0x08000190                TIM1_BRK_TIM15_IRQHandler
 .text.SystemInit
                0x08000198       0xbc ..\obj\system_stm32f10x.o
                0x08000198                SystemInit
 .text.SetSysClock
                0x08000254        0xc ..\obj\system_stm32f10x.o
 .text.SetSysClockTo24
                0x08000260      0x15c ..\obj\system_stm32f10x.o
 .text.GPIO_Init
                0x080003bc      0x1c0 ..\obj\stm32f10x_gpio.o
                0x080003bc                GPIO_Init
 .text.GPIO_ReadInputDataBit
                0x0800057c       0x40 ..\obj\stm32f10x_gpio.o
                0x0800057c                GPIO_ReadInputDataBit
 .text.GPIO_WriteBit
                0x080005bc       0x30 ..\obj\stm32f10x_gpio.o
                0x080005bc                GPIO_WriteBit
 .text.ADC_Sensor_Init
                0x080005ec      0x1a0 ..\obj\adc_sensor.o
                0x080005ec                ADC_Sensor_Init
 .text.ADC1_IRQHandler
                0x0800078c       0x6c ..\obj\adc_sensor.o
                0x0800078c                ADC1_IRQHandler
 .text.bubblesort
                0x080007f8       0xb0 ..\obj\adc_sensor.o
                0x080007f8                bubblesort
 .text.ADC_Poll_task
                0x080008a8      0x100 ..\obj\adc_sensor.o
 .text.DAC_Init
                0x080009a8       0x78 ..\obj\stm32f10x_dac.o
                0x080009a8                DAC_Init
 .text.DAC_Cmd  0x08000a20       0x6c ..\obj\stm32f10x_dac.o
                0x08000a20                DAC_Cmd
 .text.DAC_SetChannel1Data
                0x08000a8c       0x38 ..\obj\stm32f10x_dac.o
                0x08000a8c                DAC_SetChannel1Data
 .text.indicators_set_num
                0x08000ac4       0x88 ..\obj\indicator.o
                0x08000ac4                indicators_set_num
 .text.str_to_ind
                0x08000b4c      0x688 ..\obj\indicator.o
                0x08000b4c                str_to_ind
 .text.Init_Task
                0x080011d4       0x30 ..\obj\main.o
 .text.main     0x08001204       0x48 ..\obj\main.o
                0x08001204                main
 .text.tablo_indicator_struct_init
                0x0800124c       0xac ..\obj\tablo.o
                0x0800124c                tablo_indicator_struct_init
 .text.tablo_devices_init
                0x080012f8       0x20 ..\obj\tablo.o
                0x080012f8                tablo_devices_init
 .text.PutChar  0x08001318       0x24 ..\obj\printf.o
                0x08001318                PutChar
 .text.PutString
                0x0800133c       0x48 ..\obj\printf.o
                0x0800133c                PutString
 .text.PutUnsignedInt
                0x08001384       0xbc ..\obj\printf.o
                0x08001384                PutUnsignedInt
 .text.PutSignedInt
                0x08001440      0x12c ..\obj\printf.o
                0x08001440                PutSignedInt
 .text.PutHexa  0x0800156c       0xe8 ..\obj\printf.o
                0x0800156c                PutHexa
 .text.vsnprintf
                0x08001654      0x2a4 ..\obj\printf.o
                0x08001654                vsnprintf
 .text.snprintf
                0x080018f8       0x34 ..\obj\printf.o
                0x080018f8                snprintf
 .text.RCC_AHBPeriphClockCmd
                0x0800192c       0x5c ..\obj\stm32f10x_rcc.o
                0x0800192c                RCC_AHBPeriphClockCmd
 .text.RCC_APB2PeriphClockCmd
                0x08001988       0x5c ..\obj\stm32f10x_rcc.o
                0x08001988                RCC_APB2PeriphClockCmd
 .text.RCC_APB1PeriphClockCmd
                0x080019e4       0x5c ..\obj\stm32f10x_rcc.o
                0x080019e4                RCC_APB1PeriphClockCmd
 .text.DAC_Out_Init
                0x08001a40       0x70 ..\obj\dac.o
                0x08001a40                DAC_Out_Init
 .text.xTaskGenericCreate
                0x08001ab0      0x1ac ..\obj\tasks.o
                0x08001ab0                xTaskGenericCreate
 .text.vTaskDelete
                0x08001c5c       0xc0 ..\obj\tasks.o
                0x08001c5c                vTaskDelete
 .text.vTaskDelay
                0x08001d1c       0x5c ..\obj\tasks.o
                0x08001d1c                vTaskDelay
 .text.vTaskStartScheduler
                0x08001d78       0x74 ..\obj\tasks.o
                0x08001d78                vTaskStartScheduler
 .text.vTaskSuspendAll
                0x08001dec       0x24 ..\obj\tasks.o
                0x08001dec                vTaskSuspendAll
 .text.xTaskResumeAll
                0x08001e10      0x154 ..\obj\tasks.o
                0x08001e10                xTaskResumeAll
 .text.vTaskIncrementTick
                0x08001f64      0x1b8 ..\obj\tasks.o
                0x08001f64                vTaskIncrementTick
 .text.vTaskSwitchContext
                0x0800211c       0xd0 ..\obj\tasks.o
                0x0800211c                vTaskSwitchContext
 .text.vTaskPlaceOnEventList
                0x080021ec       0x78 ..\obj\tasks.o
                0x080021ec                vTaskPlaceOnEventList
 .text.xTaskRemoveFromEventList
                0x08002264       0xc4 ..\obj\tasks.o
                0x08002264                xTaskRemoveFromEventList
 .text.vTaskSetTimeOutState
                0x08002328       0x30 ..\obj\tasks.o
                0x08002328                vTaskSetTimeOutState
 .text.xTaskCheckForTimeOut
                0x08002358       0xa4 ..\obj\tasks.o
                0x08002358                xTaskCheckForTimeOut
 .text.vTaskMissedYield
                0x080023fc       0x18 ..\obj\tasks.o
                0x080023fc                vTaskMissedYield
 .text.prvIdleTask
                0x08002414       0x24 ..\obj\tasks.o
 .text.prvInitialiseTCBVariables
                0x08002438       0x7c ..\obj\tasks.o
 .text.prvInitialiseTaskLists
                0x080024b4       0xa4 ..\obj\tasks.o
 .text.prvCheckTasksWaitingTermination
                0x08002558       0x98 ..\obj\tasks.o
 .text.prvAddCurrentTaskToDelayedList
                0x080025f0       0x8c ..\obj\tasks.o
 .text.prvAllocateTCBAndStack
                0x0800267c       0x74 ..\obj\tasks.o
 .text.prvDeleteTCB
                0x080026f0       0x20 ..\obj\tasks.o
 .text.xTaskGetCurrentTaskHandle
                0x08002710       0x20 ..\obj\tasks.o
                0x08002710                xTaskGetCurrentTaskHandle
 .text.vTaskPriorityInherit
                0x08002730       0xd8 ..\obj\tasks.o
                0x08002730                vTaskPriorityInherit
 .text.vTaskPriorityDisinherit
                0x08002808       0x90 ..\obj\tasks.o
                0x08002808                vTaskPriorityDisinherit
 .text.ADC_Init
                0x08002898       0xc0 ..\obj\stm32f10x_adc.o
                0x08002898                ADC_Init
 .text.ADC_Cmd  0x08002958       0x38 ..\obj\stm32f10x_adc.o
                0x08002958                ADC_Cmd
 .text.ADC_ITConfig
                0x08002990       0x4c ..\obj\stm32f10x_adc.o
                0x08002990                ADC_ITConfig
 .text.ADC_ResetCalibration
                0x080029dc       0x20 ..\obj\stm32f10x_adc.o
                0x080029dc                ADC_ResetCalibration
 .text.ADC_GetResetCalibrationStatus
                0x080029fc       0x38 ..\obj\stm32f10x_adc.o
                0x080029fc                ADC_GetResetCalibrationStatus
 .text.ADC_StartCalibration
                0x08002a34       0x20 ..\obj\stm32f10x_adc.o
                0x08002a34                ADC_StartCalibration
 .text.ADC_GetCalibrationStatus
                0x08002a54       0x38 ..\obj\stm32f10x_adc.o
                0x08002a54                ADC_GetCalibrationStatus
 .text.ADC_AutoInjectedConvCmd
                0x08002a8c       0x38 ..\obj\stm32f10x_adc.o
                0x08002a8c                ADC_AutoInjectedConvCmd
 .text.ADC_ExternalTrigInjectedConvConfig
                0x08002ac4       0x38 ..\obj\stm32f10x_adc.o
                0x08002ac4                ADC_ExternalTrigInjectedConvConfig
 .text.ADC_SoftwareStartInjectedConvCmd
                0x08002afc       0x38 ..\obj\stm32f10x_adc.o
                0x08002afc                ADC_SoftwareStartInjectedConvCmd
 .text.ADC_InjectedChannelConfig
                0x08002b34      0x150 ..\obj\stm32f10x_adc.o
                0x08002b34                ADC_InjectedChannelConfig
 .text.ADC_InjectedSequencerLengthConfig
                0x08002c84       0x4c ..\obj\stm32f10x_adc.o
                0x08002c84                ADC_InjectedSequencerLengthConfig
 .text.ADC_GetInjectedConversionValue
                0x08002cd0       0x34 ..\obj\stm32f10x_adc.o
                0x08002cd0                ADC_GetInjectedConversionValue
 .text.ADC_GetITStatus
                0x08002d04       0x6c ..\obj\stm32f10x_adc.o
                0x08002d04                ADC_GetITStatus
 .text.ADC_ClearITPendingBit
                0x08002d70       0x30 ..\obj\stm32f10x_adc.o
                0x08002d70                ADC_ClearITPendingBit
 .text.float_to_string
                0x08002da0      0x3f8 ..\obj\string_utils.o
                0x08002da0                float_to_string
 .text.string_to_float
                0x08003198      0x114 ..\obj\string_utils.o
                0x08003198                string_to_float
 .text.keyboard_init
                0x080032ac       0x90 ..\obj\keyboard.o
                0x080032ac                keyboard_init
 .text.keyboard_task
                0x0800333c       0x70 ..\obj\keyboard.o
                0x0800333c                keyboard_task
 .text.keyboard_poll
                0x080033ac       0x7c ..\obj\keyboard.o
                0x080033ac                keyboard_poll
 .text.menuChange
                0x08003428       0x30 ..\obj\menu.o
                0x08003428                menuChange
 .text.menuChange_NEXT
                0x08003458       0x6c ..\obj\menu.o
                0x08003458                menuChange_NEXT
 .text.dispMenu
                0x080034c4       0x8c ..\obj\menu.o
                0x080034c4                dispMenu
 .text.menuKey  0x08003550       0xec ..\obj\menu.o
                0x08003550                menuKey
 .text.menuHandler
                0x0800363c       0x6c ..\obj\menu.o
                0x0800363c                menuHandler
 .text.startMenu
                0x080036a8       0x7c ..\obj\menu.o
                0x080036a8                startMenu
 .text.SetBrightnessKey
                0x08003724       0xcc ..\obj\menu.o
                0x08003724                SetBrightnessKey
 .text.InputFieldKey
                0x080037f0      0x4c0 ..\obj\menu.o
                0x080037f0                InputFieldKey
 .text.Set_Blink_Sym
                0x08003cb0       0x78 ..\obj\menu.o
                0x08003cb0                Set_Blink_Sym
 .text.DisplayProcess
                0x08003d28      0x120 ..\obj\menu.o
 .text.vListInitialise
                0x08003e48       0x48 ..\obj\list.o
                0x08003e48                vListInitialise
 .text.vListInitialiseItem
                0x08003e90       0x1c ..\obj\list.o
                0x08003e90                vListInitialiseItem
 .text.vListInsertEnd
                0x08003eac       0x54 ..\obj\list.o
                0x08003eac                vListInsertEnd
 .text.vListInsert
                0x08003f00       0x78 ..\obj\list.o
                0x08003f00                vListInsert
 .text.vListRemove
                0x08003f78       0x54 ..\obj\list.o
                0x08003f78                vListRemove
 .text.pxPortInitialiseStack
                0x08003fcc       0x60 ..\obj\port.o
                0x08003fcc                pxPortInitialiseStack
 .text.SVC_Handler
                0x0800402c       0x20 ..\obj\port.o
                0x0800402c                SVC_Handler
 .text.vPortStartFirstTask
                0x0800404c       0x14 ..\obj\port.o
                0x0800404c                vPortStartFirstTask
 .text.xPortStartScheduler
                0x08004060       0x54 ..\obj\port.o
                0x08004060                xPortStartScheduler
 .text.vPortYieldFromISR
                0x080040b4       0x18 ..\obj\port.o
                0x080040b4                vPortYieldFromISR
 .text.vPortEnterCritical
                0x080040cc       0x2c ..\obj\port.o
                0x080040cc                vPortEnterCritical
 .text.vPortExitCritical
                0x080040f8       0x38 ..\obj\port.o
                0x080040f8                vPortExitCritical
 .text.PendSV_Handler
                0x08004130       0x3c ..\obj\port.o
                0x08004130                PendSV_Handler
 .text.SysTick_Handler
                0x0800416c       0x38 ..\obj\port.o
                0x0800416c                SysTick_Handler
 .text.prvSetupTimerInterrupt
                0x080041a4       0x28 ..\obj\port.o
 .text.xQueueGenericCreate
                0x080041cc       0xd4 ..\obj\queue.o
                0x080041cc                xQueueGenericCreate
 .text.xQueueCreateMutex
                0x080042a0       0x9c ..\obj\queue.o
                0x080042a0                xQueueCreateMutex
 .text.xQueueGenericSend
                0x0800433c      0x124 ..\obj\queue.o
                0x0800433c                xQueueGenericSend
 .text.xQueueGenericSendFromISR
                0x08004460       0x90 ..\obj\queue.o
                0x08004460                xQueueGenericSendFromISR
 .text.xQueueGenericReceive
                0x080044f0      0x188 ..\obj\queue.o
                0x080044f0                xQueueGenericReceive
 .text.uxQueueMessagesWaiting
                0x08004678       0x24 ..\obj\queue.o
                0x08004678                uxQueueMessagesWaiting
 .text.prvCopyDataToQueue
                0x0800469c       0xc4 ..\obj\queue.o
 .text.prvCopyDataFromQueue
                0x08004760       0x50 ..\obj\queue.o
 .text.prvUnlockQueue
                0x080047b0       0xa0 ..\obj\queue.o
 .text.prvIsQueueEmpty
                0x08004850       0x2c ..\obj\queue.o
 .text.prvIsQueueFull
                0x0800487c       0x30 ..\obj\queue.o
 .text.DMA_Init
                0x080048ac       0x84 ..\obj\stm32f10x_dma.o
                0x080048ac                DMA_Init
 .text.DMA_StructInit
                0x08004930       0x6c ..\obj\stm32f10x_dma.o
                0x08004930                DMA_StructInit
 .text.DMA_Cmd  0x0800499c       0x3c ..\obj\stm32f10x_dma.o
                0x0800499c                DMA_Cmd
 .text.DMA_GetFlagStatus
                0x080049d8       0x60 ..\obj\stm32f10x_dma.o
                0x080049d8                DMA_GetFlagStatus
 .text.DMA_ClearFlag
                0x08004a38       0x38 ..\obj\stm32f10x_dma.o
                0x08004a38                DMA_ClearFlag
 .text.spi_buses_init
                0x08004a70       0x64 ..\obj\spi_bus.o
                0x08004a70                spi_buses_init
 .text.spi1_config
                0x08004ad4      0x1e0 ..\obj\spi_bus.o
                0x08004ad4                spi1_config
 .text.spi1_write_buf
                0x08004cb4       0x44 ..\obj\spi_bus.o
                0x08004cb4                spi1_write_buf
 .text.spi1_task
                0x08004cf8      0x100 ..\obj\spi_bus.o
 .text.NVIC_Init
                0x08004df8       0xec ..\obj\misc.o
                0x08004df8                NVIC_Init
 .text.SPI_Init
                0x08004ee4       0x98 ..\obj\stm32f10x_spi.o
                0x08004ee4                SPI_Init
 .text.SPI_Cmd  0x08004f7c       0x40 ..\obj\stm32f10x_spi.o
                0x08004f7c                SPI_Cmd
 .text.SPI_I2S_DMACmd
                0x08004fbc       0x4c ..\obj\stm32f10x_spi.o
                0x08004fbc                SPI_I2S_DMACmd
 .text.SPI_CalculateCRC
                0x08005008       0x40 ..\obj\stm32f10x_spi.o
                0x08005008                SPI_CalculateCRC
 .text.pvPortMalloc
                0x08005048       0x98 ..\obj\heap_1.o
                0x08005048                pvPortMalloc
 .text.vPortFree
                0x080050e0       0x14 ..\obj\heap_1.o
                0x080050e0                vPortFree
 .text          0x080050f4       0x7c C:\CooCox\CoIDE\gcc\Sourcery G++ Lite\arm-none-eabi\lib\thumb2\libm.a(lib_a-sf_fpclassify.o)
                0x080050f4                __fpclassifyf
 .text          0x08005170      0x370 c:/coocox/coide/gcc/sourcery g++ lite/bin/../lib/gcc/arm-none-eabi/4.5.1/thumb2\libgcc.a(_arm_addsubdf3.o)
                0x08005170                __aeabi_drsub
                0x08005178                __aeabi_dsub
                0x08005178                __subdf3
                0x0800517c                __aeabi_dadd
                0x0800517c                __adddf3
                0x080053f4                __floatunsidf
                0x080053f4                __aeabi_ui2d
                0x08005414                __floatsidf
                0x08005414                __aeabi_i2d
                0x08005438                __aeabi_f2d
                0x08005438                __extendsfdf2
                0x08005474                __floatundidf
                0x08005474                __aeabi_ul2d
                0x08005484                __floatdidf
                0x08005484                __aeabi_l2d
 .text          0x080054e0      0x110 c:/coocox/coide/gcc/sourcery g++ lite/bin/../lib/gcc/arm-none-eabi/4.5.1/thumb2\libgcc.a(_arm_cmpdf2.o)
                0x080054e0                __gtdf2
                0x080054e0                __gedf2
                0x080054e8                __ltdf2
                0x080054e8                __ledf2
                0x080054f0                __nedf2
                0x080054f0                __eqdf2
                0x080054f0                __cmpdf2
                0x0800556c                __aeabi_cdrcmple
                0x0800557c                __aeabi_cdcmpeq
                0x0800557c                __aeabi_cdcmple
                0x0800558c                __aeabi_dcmpeq
                0x080055a0                __aeabi_dcmplt
                0x080055b4                __aeabi_dcmple
                0x080055c8                __aeabi_dcmpge
                0x080055dc                __aeabi_dcmpgt
 .text          0x080055f0      0x21c c:/coocox/coide/gcc/sourcery g++ lite/bin/../lib/gcc/arm-none-eabi/4.5.1/thumb2\libgcc.a(_arm_addsubsf3.o)
                0x080055f0                __aeabi_frsub
                0x080055f8                __subsf3
                0x080055f8                __aeabi_fsub
                0x080055fc                __aeabi_fadd
                0x080055fc                __addsf3
                0x0800575c                __aeabi_ui2f
                0x0800575c                __floatunsisf
                0x08005764                __aeabi_i2f
                0x08005764                __floatsisf
                0x08005780                __aeabi_ul2f
                0x08005780                __floatundisf
                0x08005790                __aeabi_l2f
                0x08005790                __floatdisf
 .text          0x0800580c      0x2a0 c:/coocox/coide/gcc/sourcery g++ lite/bin/../lib/gcc/arm-none-eabi/4.5.1/thumb2\libgcc.a(_arm_muldivsf3.o)
                0x0800580c                __mulsf3
                0x0800580c                __aeabi_fmul
                0x08005974                __aeabi_fdiv
                0x08005974                __divsf3
 .text          0x08005aac       0xec c:/coocox/coide/gcc/sourcery g++ lite/bin/../lib/gcc/arm-none-eabi/4.5.1/thumb2\libgcc.a(_arm_cmpsf2.o)
                0x08005aac                __gesf2
                0x08005aac                __gtsf2
                0x08005ab4                __lesf2
                0x08005ab4                __ltsf2
                0x08005abc                __nesf2
                0x08005abc                __eqsf2
                0x08005abc                __cmpsf2
                0x08005b1c                __aeabi_cfrcmple
                0x08005b24                __aeabi_cfcmpeq
                0x08005b24                __aeabi_cfcmple
                0x08005b34                __aeabi_fcmpeq
                0x08005b48                __aeabi_fcmplt
                0x08005b5c                __aeabi_fcmple
                0x08005b70                __aeabi_fcmpge
                0x08005b84                __aeabi_fcmpgt
 .text          0x08005b98       0x40 c:/coocox/coide/gcc/sourcery g++ lite/bin/../lib/gcc/arm-none-eabi/4.5.1/thumb2\libgcc.a(_arm_fixunssfsi.o)
                0x08005b98                __fixunssfsi
                0x08005b98                __aeabi_f2uiz
 .text          0x08005bd8      0x150 C:\CooCox\CoIDE\gcc\Sourcery G++ Lite\arm-none-eabi\lib\thumb2\libc.a(lib_a-memcpy.o)
                0x08005bd8                memcpy
 .text          0x08005d28       0xb4 C:\CooCox\CoIDE\gcc\Sourcery G++ Lite\arm-none-eabi\lib\thumb2\libc.a(lib_a-memset.o)
                0x08005d28                memset
 .text          0x08005ddc       0x60 C:\CooCox\CoIDE\gcc\Sourcery G++ Lite\arm-none-eabi\lib\thumb2\libc.a(lib_a-strlen.o)
                0x08005ddc                strlen
 .text          0x08005e3c       0x7c C:\CooCox\CoIDE\gcc\Sourcery G++ Lite\arm-none-eabi\lib\thumb2\libc.a(lib_a-strncpy.o)
                0x08005e3c                strncpy
 *(.glue_7t)
 .glue_7t       0x00000000        0x0 linker stubs
 *(.glue_7)
 .glue_7        0x00000000        0x0 linker stubs
 *(.rodata .rodata* .gnu.linkonce.r.*)
 .rodata        0x08005eb8       0x10 ..\obj\adc_sensor.o
 .rodata        0x08005ec8       0x40 ..\obj\indicator.o
                0x08005ec8                Sym_table
 .rodata        0x08005f08        0x8 ..\obj\main.o
 .rodata        0x08005f10        0x8 ..\obj\tasks.o
 .rodata        0x08005f18       0x54 ..\obj\string_utils.o
 .rodata        0x08005f6c        0xc ..\obj\keyboard.o
 .rodata        0x08005f78      0x110 ..\obj\menu.o
                0x08005f78                strNULL
                0x08005f7c                Null_Menu
                0x08005fa0                m_s0i1
                0x08005fc0                m_s1i1
                0x08005fe0                m_s1i2
                0x08006000                m_s1i3
                0x08006020                m_s3i1
                0x08006040                m_s3i2
 .rodata        0x08006088        0xc ..\obj\spi_bus.o
 .rodata        0x08006094      0x104 C:\CooCox\CoIDE\gcc\Sourcery G++ Lite\arm-none-eabi\lib\thumb2\libc.a(lib_a-ctype_.o)
                0x08006094                _ctype_

.vfp11_veneer   0x08006198        0x0
 .vfp11_veneer  0x00000000        0x0 linker stubs

.v4_bx          0x08006198        0x0
 .v4_bx         0x00000000        0x0 linker stubs

.ARM.extab
 *(.ARM.extab* .gnu.linkonce.armextab.*)

.ARM.exidx
 *(.ARM.exidx* .gnu.linkonce.armexidx.*)
                0x08006198                . = ALIGN (0x4)
                0x08006198                _etext = .
                0x08006198                _sidata = .

.data           0x20000000        0xc load address 0x08006198
                0x20000000                _sdata = .
 *(.data .data.*)
 .data          0x20000000        0x4 ..\obj\tasks.o
 .data          0x20000004        0x4 ..\obj\port.o
 .data          0x20000008        0x4 C:\CooCox\CoIDE\gcc\Sourcery G++ Lite\arm-none-eabi\lib\thumb2\libc.a(lib_a-ctype_.o)
                0x20000008                __ctype_ptr__
                0x2000000c                . = ALIGN (0x4)
                0x2000000c                _edata = .

.bss            0x20000010     0x13e0 load address 0x080061a8
                0x20000010                _sbss = .
 *(.bss .bss.*)
 .bss           0x20000010       0x88 ..\obj\adc_sensor.o
 .bss           0x20000098      0x100 ..\obj\tasks.o
                0x20000098                pxCurrentTCB
 .bss           0x20000198        0xc ..\obj\menu.o
                0x20000198                flag_menu_entry
                0x20000199                dynamic_disp
 *fill*         0x200001a4        0x4 00
 .bss           0x200001a8     0x1008 ..\obj\heap_1.o
 *(COMMON)
 COMMON         0x200011b0        0x8 ..\obj\adc_sensor.o
                0x200011b0                ADC_Data_1
                0x200011b4                xADCQueue
 COMMON         0x200011b8      0x1b6 ..\obj\tablo.o
                0x200011b8                tab
 *fill*         0x2000136e        0x2 00
 COMMON         0x20001370        0x4 ..\obj\keyboard.o
                0x20001370                xKeyboardQueue
 COMMON         0x20001374       0x30 ..\obj\menu.o
                0x20001374                menuStack
                0x2000139c                menuStackTop
                0x200013a0                selectedMenuItem
 COMMON         0x200013a4       0x48 ..\obj\channels.o
                0x200013a4                channels
 COMMON         0x200013ec        0x4 ..\obj\spi_bus.o
                0x200013ec                xSPI_Buf_Mutex
                0x200013f0                . = ALIGN (0x4)
                0x200013f0                _ebss = .

.co_stack       0x200013f0      0x400 load address 0x08007588
                0x200013f0                . = ALIGN (0x8)
 *(.co_stack .co_stack.*)
 .co_stack      0x200013f0      0x400 ..\obj\startup_stm32f10x_md_vl.o
                0x200013f0                pulStack
                0x200017f0                . = ALIGN (0x4)
                0x200017f0                _end = .
LOAD ..\obj\stm32f10x_tim.o
LOAD ..\obj\startup_stm32f10x_md_vl.o
LOAD ..\obj\core_cm3.o
LOAD ..\obj\system_stm32f10x.o
LOAD ..\obj\stm32f10x_pwr.o
LOAD ..\obj\stm32f10x_gpio.o
LOAD ..\obj\adc_sensor.o
LOAD ..\obj\stm32f10x_dac.o
LOAD ..\obj\indicator.o
LOAD ..\obj\main.o
LOAD ..\obj\timers.o
LOAD ..\obj\tablo.o
LOAD ..\obj\printf.o
LOAD ..\obj\stm32f10x_rcc.o
LOAD ..\obj\dac.o
LOAD ..\obj\tasks.o
LOAD ..\obj\stm32f10x_adc.o
LOAD ..\obj\string_utils.o
LOAD ..\obj\keyboard.o
LOAD ..\obj\menu.o
LOAD ..\obj\list.o
LOAD ..\obj\syscalls.o
LOAD ..\obj\stm32f10x_flash.o
LOAD ..\obj\port.o
LOAD ..\obj\queue.o
LOAD ..\obj\stm32f10x_dma.o
LOAD ..\obj\croutine.o
LOAD ..\obj\channels.o
LOAD ..\obj\spi_bus.o
LOAD ..\obj\misc.o
LOAD ..\obj\stm32f10x_spi.o
LOAD ..\obj\heap_1.o
LOAD C:\CooCox\CoIDE\gcc\Sourcery G++ Lite\arm-none-eabi\lib\thumb2\libm.a
START GROUP
LOAD c:/coocox/coide/gcc/sourcery g++ lite/bin/../lib/gcc/arm-none-eabi/4.5.1/thumb2\libgcc.a
LOAD C:\CooCox\CoIDE\gcc\Sourcery G++ Lite\arm-none-eabi\lib\thumb2\libc.a
END GROUP
OUTPUT(tablo_proto_test.elf elf32-littlearm)

.debug_abbrev   0x00000000     0x2880
 .debug_abbrev  0x00000000      0x172 ..\obj\stm32f10x_tim.o
 .debug_abbrev  0x00000172       0xa3 ..\obj\startup_stm32f10x_md_vl.o
 .debug_abbrev  0x00000215       0xd5 ..\obj\core_cm3.o
 .debug_abbrev  0x000002ea      0x17e ..\obj\system_stm32f10x.o
 .debug_abbrev  0x00000468      0x184 ..\obj\stm32f10x_pwr.o
 .debug_abbrev  0x000005ec      0x1a4 ..\obj\stm32f10x_gpio.o
 .debug_abbrev  0x00000790      0x1cc ..\obj\adc_sensor.o
 .debug_abbrev  0x0000095c      0x172 ..\obj\stm32f10x_dac.o
 .debug_abbrev  0x00000ace      0x164 ..\obj\indicator.o
 .debug_abbrev  0x00000c32       0x86 ..\obj\main.o
 .debug_abbrev  0x00000cb8       0x40 ..\obj\timers.o
 .debug_abbrev  0x00000cf8      0x10b ..\obj\tablo.o
 .debug_abbrev  0x00000e03      0x238 ..\obj\printf.o
 .debug_abbrev  0x0000103b      0x191 ..\obj\stm32f10x_rcc.o
 .debug_abbrev  0x000011cc       0xec ..\obj\dac.o
 .debug_abbrev  0x000012b8      0x193 ..\obj\tasks.o
 .debug_abbrev  0x0000144b      0x174 ..\obj\stm32f10x_adc.o
 .debug_abbrev  0x000015bf       0xc7 ..\obj\string_utils.o
 .debug_abbrev  0x00001686      0x13b ..\obj\keyboard.o
 .debug_abbrev  0x000017c1      0x22d ..\obj\menu.o
 .debug_abbrev  0x000019ee       0xb2 ..\obj\list.o
 .debug_abbrev  0x00001aa0       0xde ..\obj\syscalls.o
 .debug_abbrev  0x00001b7e      0x162 ..\obj\stm32f10x_flash.o
 .debug_abbrev  0x00001ce0      0x138 ..\obj\port.o
 .debug_abbrev  0x00001e18      0x103 ..\obj\queue.o
 .debug_abbrev  0x00001f1b      0x14e ..\obj\stm32f10x_dma.o
 .debug_abbrev  0x00002069      0x197 ..\obj\croutine.o
 .debug_abbrev  0x00002200      0x100 ..\obj\channels.o
 .debug_abbrev  0x00002300      0x1e1 ..\obj\spi_bus.o
 .debug_abbrev  0x000024e1      0x135 ..\obj\misc.o
 .debug_abbrev  0x00002616      0x15d ..\obj\stm32f10x_spi.o
 .debug_abbrev  0x00002773      0x10d ..\obj\heap_1.o

.debug_info     0x00000000     0xca5b
 .debug_info    0x00000000     0x1e18 ..\obj\stm32f10x_tim.o
 .debug_info    0x00001e18      0x143 ..\obj\startup_stm32f10x_md_vl.o
 .debug_info    0x00001f5b      0x548 ..\obj\core_cm3.o
 .debug_info    0x000024a3      0x433 ..\obj\system_stm32f10x.o
 .debug_info    0x000028d6      0x45b ..\obj\stm32f10x_pwr.o
 .debug_info    0x00002d31      0x723 ..\obj\stm32f10x_gpio.o
 .debug_info    0x00003454      0x89b ..\obj\adc_sensor.o
 .debug_info    0x00003cef      0x671 ..\obj\stm32f10x_dac.o
 .debug_info    0x00004360      0x421 ..\obj\indicator.o
 .debug_info    0x00004781       0xef ..\obj\main.o
 .debug_info    0x00004870       0x89 ..\obj\timers.o
 .debug_info    0x000048f9      0x2a7 ..\obj\tablo.o
 .debug_info    0x00004ba0      0xed2 ..\obj\printf.o
 .debug_info    0x00005a72      0x976 ..\obj\stm32f10x_rcc.o
 .debug_info    0x000063e8      0x268 ..\obj\dac.o
 .debug_info    0x00006650      0xc80 ..\obj\tasks.o
 .debug_info    0x000072d0      0xc0e ..\obj\stm32f10x_adc.o
 .debug_info    0x00007ede      0x1ba ..\obj\string_utils.o
 .debug_info    0x00008098      0x2be ..\obj\keyboard.o
 .debug_info    0x00008356      0x961 ..\obj\menu.o
 .debug_info    0x00008cb7      0x2cb ..\obj\list.o
 .debug_info    0x00008f82      0x440 ..\obj\syscalls.o
 .debug_info    0x000093c2      0x819 ..\obj\stm32f10x_flash.o
 .debug_info    0x00009bdb      0x214 ..\obj\port.o
 .debug_info    0x00009def      0x7a4 ..\obj\queue.o
 .debug_info    0x0000a593      0x4a2 ..\obj\stm32f10x_dma.o
 .debug_info    0x0000aa35      0x4ec ..\obj\croutine.o
 .debug_info    0x0000af21      0x33b ..\obj\channels.o
 .debug_info    0x0000b25c      0x7b5 ..\obj\spi_bus.o
 .debug_info    0x0000ba11      0x546 ..\obj\misc.o
 .debug_info    0x0000bf57      0x971 ..\obj\stm32f10x_spi.o
 .debug_info    0x0000c8c8      0x193 ..\obj\heap_1.o

.debug_line     0x00000000     0x6a3b
 .debug_line    0x00000000      0xac7 ..\obj\stm32f10x_tim.o
 .debug_line    0x00000ac7       0xc7 ..\obj\startup_stm32f10x_md_vl.o
 .debug_line    0x00000b8e      0x29f ..\obj\core_cm3.o
 .debug_line    0x00000e2d      0x270 ..\obj\system_stm32f10x.o
 .debug_line    0x0000109d      0x2a1 ..\obj\stm32f10x_pwr.o
 .debug_line    0x0000133e      0x3e1 ..\obj\stm32f10x_gpio.o
 .debug_line    0x0000171f      0x3a8 ..\obj\adc_sensor.o
 .debug_line    0x00001ac7      0x391 ..\obj\stm32f10x_dac.o
 .debug_line    0x00001e58      0x37a ..\obj\indicator.o
 .debug_line    0x000021d2       0xf8 ..\obj\main.o
 .debug_line    0x000022ca       0x78 ..\obj\timers.o
 .debug_line    0x00002342      0x1f9 ..\obj\tablo.o
 .debug_line    0x0000253b      0x3e0 ..\obj\printf.o
 .debug_line    0x0000291b      0x508 ..\obj\stm32f10x_rcc.o
 .debug_line    0x00002e23      0x23a ..\obj\dac.o
 .debug_line    0x0000305d      0x6ad ..\obj\tasks.o
 .debug_line    0x0000370a      0x555 ..\obj\stm32f10x_adc.o
 .debug_line    0x00003c5f      0x1d7 ..\obj\string_utils.o
 .debug_line    0x00003e36      0x2da ..\obj\keyboard.o
 .debug_line    0x00004110      0x489 ..\obj\menu.o
 .debug_line    0x00004599      0x24e ..\obj\list.o
 .debug_line    0x000047e7      0x1ae ..\obj\syscalls.o
 .debug_line    0x00004995      0x50c ..\obj\stm32f10x_flash.o
 .debug_line    0x00004ea1      0x24c ..\obj\port.o
 .debug_line    0x000050ed      0x46b ..\obj\queue.o
 .debug_line    0x00005558      0x335 ..\obj\stm32f10x_dma.o
 .debug_line    0x0000588d      0x31d ..\obj\croutine.o
 .debug_line    0x00005baa      0x1c6 ..\obj\channels.o
 .debug_line    0x00005d70      0x457 ..\obj\spi_bus.o
 .debug_line    0x000061c7      0x276 ..\obj\misc.o
 .debug_line    0x0000643d      0x454 ..\obj\stm32f10x_spi.o
 .debug_line    0x00006891      0x1aa ..\obj\heap_1.o

.debug_loc      0x00000000     0x5bb6
 .debug_loc     0x00000000     0x13e8 ..\obj\stm32f10x_tim.o
 .debug_loc     0x000013e8       0x64 ..\obj\startup_stm32f10x_md_vl.o
 .debug_loc     0x0000144c      0x3f0 ..\obj\core_cm3.o
 .debug_loc     0x0000183c       0xc8 ..\obj\system_stm32f10x.o
 .debug_loc     0x00001904      0x238 ..\obj\stm32f10x_pwr.o
 .debug_loc     0x00001b3c      0x3e4 ..\obj\stm32f10x_gpio.o
 .debug_loc     0x00001f20       0xd4 ..\obj\adc_sensor.o
 .debug_loc     0x00001ff4      0x3ac ..\obj\stm32f10x_dac.o
 .debug_loc     0x000023a0       0xaa ..\obj\indicator.o
 .debug_loc     0x0000244a       0x70 ..\obj\main.o
 .debug_loc     0x000024ba       0x64 ..\obj\tablo.o
 .debug_loc     0x0000251e      0x3ea ..\obj\printf.o
 .debug_loc     0x00002908      0x714 ..\obj\stm32f10x_rcc.o
 .debug_loc     0x0000301c       0x38 ..\obj\dac.o
 .debug_loc     0x00003054      0x698 ..\obj\tasks.o
 .debug_loc     0x000036ec      0x7d4 ..\obj\stm32f10x_adc.o
 .debug_loc     0x00003ec0       0x70 ..\obj\string_utils.o
 .debug_loc     0x00003f30       0x9c ..\obj\keyboard.o
 .debug_loc     0x00003fcc      0x230 ..\obj\menu.o
 .debug_loc     0x000041fc      0x118 ..\obj\list.o
 .debug_loc     0x00004314      0x1ec ..\obj\syscalls.o
 .debug_loc     0x00004500      0x5d8 ..\obj\stm32f10x_flash.o
 .debug_loc     0x00004ad8      0x178 ..\obj\port.o
 .debug_loc     0x00004c50      0x380 ..\obj\queue.o
 .debug_loc     0x00004fd0      0x268 ..\obj\stm32f10x_dma.o
 .debug_loc     0x00005238      0x188 ..\obj\croutine.o
 .debug_loc     0x000053c0       0x2c ..\obj\channels.o
 .debug_loc     0x000053ec       0xe2 ..\obj\spi_bus.o
 .debug_loc     0x000054ce      0x118 ..\obj\misc.o
 .debug_loc     0x000055e6      0x508 ..\obj\stm32f10x_spi.o
 .debug_loc     0x00005aee       0xc8 ..\obj\heap_1.o

.debug_pubnames
                0x00000000     0x264b
 .debug_pubnames
                0x00000000      0x7b0 ..\obj\stm32f10x_tim.o
 .debug_pubnames
                0x000007b0       0x4a ..\obj\startup_stm32f10x_md_vl.o
 .debug_pubnames
                0x000007fa      0x159 ..\obj\core_cm3.o
 .debug_pubnames
                0x00000953       0x61 ..\obj\system_stm32f10x.o
 .debug_pubnames
                0x000009b4       0xcb ..\obj\stm32f10x_pwr.o
 .debug_pubnames
                0x00000a7f      0x19d ..\obj\stm32f10x_gpio.o
 .debug_pubnames
                0x00000c1c       0x66 ..\obj\adc_sensor.o
 .debug_pubnames
                0x00000c82      0x17d ..\obj\stm32f10x_dac.o
 .debug_pubnames
                0x00000dff       0x5a ..\obj\indicator.o
 .debug_pubnames
                0x00000e59       0x1b ..\obj\main.o
 .debug_pubnames
                0x00000e74       0x51 ..\obj\tablo.o
 .debug_pubnames
                0x00000ec5      0x101 ..\obj\printf.o
 .debug_pubnames
                0x00000fc6      0x2da ..\obj\stm32f10x_rcc.o
 .debug_pubnames
                0x000012a0       0x23 ..\obj\dac.o
 .debug_pubnames
                0x000012c3      0x24c ..\obj\tasks.o
 .debug_pubnames
                0x0000150f      0x401 ..\obj\stm32f10x_adc.o
 .debug_pubnames
                0x00001910       0x3a ..\obj\string_utils.o
 .debug_pubnames
                0x0000194a       0x5b ..\obj\keyboard.o
 .debug_pubnames
                0x000019a5      0x15a ..\obj\menu.o
 .debug_pubnames
                0x00001aff       0x71 ..\obj\list.o
 .debug_pubnames
                0x00001b70       0x71 ..\obj\syscalls.o
 .debug_pubnames
                0x00001be1      0x2f2 ..\obj\stm32f10x_flash.o
 .debug_pubnames
                0x00001ed3      0x101 ..\obj\port.o
 .debug_pubnames
                0x00001fd4      0x12e ..\obj\queue.o
 .debug_pubnames
                0x00002102       0xea ..\obj\stm32f10x_dma.o
 .debug_pubnames
                0x000021ec       0x96 ..\obj\croutine.o
 .debug_pubnames
                0x00002282       0x8b ..\obj\channels.o
 .debug_pubnames
                0x0000230d       0x5b ..\obj\spi_bus.o
 .debug_pubnames
                0x00002368       0x89 ..\obj\misc.o
 .debug_pubnames
                0x000023f1      0x1f6 ..\obj\stm32f10x_spi.o
 .debug_pubnames
                0x000025e7       0x64 ..\obj\heap_1.o

.debug_pubtypes
                0x00000000     0x118c
 .debug_pubtypes
                0x00000000       0xd8 ..\obj\stm32f10x_tim.o
 .debug_pubtypes
                0x000000d8       0x50 ..\obj\core_cm3.o
 .debug_pubtypes
                0x00000128       0x55 ..\obj\system_stm32f10x.o
 .debug_pubtypes
                0x0000017d       0x78 ..\obj\stm32f10x_pwr.o
 .debug_pubtypes
                0x000001f5       0xc3 ..\obj\stm32f10x_gpio.o
 .debug_pubtypes
                0x000002b8       0xfc ..\obj\adc_sensor.o
 .debug_pubtypes
                0x000003b4       0x8c ..\obj\stm32f10x_dac.o
 .debug_pubtypes
                0x00000440       0x8d ..\obj\indicator.o
 .debug_pubtypes
                0x000004cd       0x12 ..\obj\main.o
 .debug_pubtypes
                0x000004df       0x12 ..\obj\timers.o
 .debug_pubtypes
                0x000004f1       0x56 ..\obj\tablo.o
 .debug_pubtypes
                0x00000547      0x139 ..\obj\printf.o
 .debug_pubtypes
                0x00000680       0x9e ..\obj\stm32f10x_rcc.o
 .debug_pubtypes
                0x0000071e       0x91 ..\obj\dac.o
 .debug_pubtypes
                0x000007af      0x10c ..\obj\tasks.o
 .debug_pubtypes
                0x000008bb       0x8c ..\obj\stm32f10x_adc.o
 .debug_pubtypes
                0x00000947       0x2b ..\obj\string_utils.o
 .debug_pubtypes
                0x00000972       0x9a ..\obj\keyboard.o
 .debug_pubtypes
                0x00000a0c       0x73 ..\obj\menu.o
 .debug_pubtypes
                0x00000a7f       0x7a ..\obj\list.o
 .debug_pubtypes
                0x00000af9       0xaa ..\obj\syscalls.o
 .debug_pubtypes
                0x00000ba3       0x8d ..\obj\stm32f10x_flash.o
 .debug_pubtypes
                0x00000c30       0x33 ..\obj\port.o
 .debug_pubtypes
                0x00000c63       0xd4 ..\obj\queue.o
 .debug_pubtypes
                0x00000d37       0x98 ..\obj\stm32f10x_dma.o
 .debug_pubtypes
                0x00000dcf       0xcd ..\obj\croutine.o
 .debug_pubtypes
                0x00000e9c       0x53 ..\obj\channels.o
 .debug_pubtypes
                0x00000eef      0x13b ..\obj\spi_bus.o
 .debug_pubtypes
                0x0000102a       0x80 ..\obj\misc.o
 .debug_pubtypes
                0x000010aa       0xb6 ..\obj\stm32f10x_spi.o
 .debug_pubtypes
                0x00001160       0x2c ..\obj\heap_1.o

.debug_aranges  0x00000000     0x1070
 .debug_aranges
                0x00000000      0x2f0 ..\obj\stm32f10x_tim.o
 .debug_aranges
                0x000002f0       0x28 ..\obj\startup_stm32f10x_md_vl.o
 .debug_aranges
                0x00000318       0xc8 ..\obj\core_cm3.o
 .debug_aranges
                0x000003e0       0x38 ..\obj\system_stm32f10x.o
 .debug_aranges
                0x00000418       0x70 ..\obj\stm32f10x_pwr.o
 .debug_aranges
                0x00000488       0xa8 ..\obj\stm32f10x_gpio.o
 .debug_aranges
                0x00000530       0x38 ..\obj\adc_sensor.o
 .debug_aranges
                0x00000568       0xa0 ..\obj\stm32f10x_dac.o
 .debug_aranges
                0x00000608       0x30 ..\obj\indicator.o
 .debug_aranges
                0x00000638       0x28 ..\obj\main.o
 .debug_aranges
                0x00000660       0x28 ..\obj\tablo.o
 .debug_aranges
                0x00000688       0xa0 ..\obj\printf.o
 .debug_aranges
                0x00000728      0x120 ..\obj\stm32f10x_rcc.o
 .debug_aranges
                0x00000848       0x20 ..\obj\dac.o
 .debug_aranges
                0x00000868      0x110 ..\obj\tasks.o
 .debug_aranges
                0x00000978      0x138 ..\obj\stm32f10x_adc.o
 .debug_aranges
                0x00000ab0       0x28 ..\obj\string_utils.o
 .debug_aranges
                0x00000ad8       0x30 ..\obj\keyboard.o
 .debug_aranges
                0x00000b08       0x68 ..\obj\menu.o
 .debug_aranges
                0x00000b70       0x40 ..\obj\list.o
 .debug_aranges
                0x00000bb0       0x60 ..\obj\syscalls.o
 .debug_aranges
                0x00000c10       0xf8 ..\obj\stm32f10x_flash.o
 .debug_aranges
                0x00000d08       0x70 ..\obj\port.o
 .debug_aranges
                0x00000d78       0x98 ..\obj\queue.o
 .debug_aranges
                0x00000e10       0x70 ..\obj\stm32f10x_dma.o
 .debug_aranges
                0x00000e80       0x50 ..\obj\croutine.o
 .debug_aranges
                0x00000ed0       0x20 ..\obj\channels.o
 .debug_aranges
                0x00000ef0       0x38 ..\obj\spi_bus.o
 .debug_aranges
                0x00000f28       0x40 ..\obj\misc.o
 .debug_aranges
                0x00000f68       0xd0 ..\obj\stm32f10x_spi.o
 .debug_aranges
                0x00001038       0x38 ..\obj\heap_1.o

.debug_ranges   0x00000000      0xe80
 .debug_ranges  0x00000000      0x2e0 ..\obj\stm32f10x_tim.o
 .debug_ranges  0x000002e0       0x18 ..\obj\startup_stm32f10x_md_vl.o
 .debug_ranges  0x000002f8       0xb8 ..\obj\core_cm3.o
 .debug_ranges  0x000003b0       0x28 ..\obj\system_stm32f10x.o
 .debug_ranges  0x000003d8       0x60 ..\obj\stm32f10x_pwr.o
 .debug_ranges  0x00000438       0x98 ..\obj\stm32f10x_gpio.o
 .debug_ranges  0x000004d0       0x28 ..\obj\adc_sensor.o
 .debug_ranges  0x000004f8       0x90 ..\obj\stm32f10x_dac.o
 .debug_ranges  0x00000588       0x20 ..\obj\indicator.o
 .debug_ranges  0x000005a8       0x18 ..\obj\main.o
 .debug_ranges  0x000005c0       0x18 ..\obj\tablo.o
 .debug_ranges  0x000005d8       0x90 ..\obj\printf.o
 .debug_ranges  0x00000668      0x110 ..\obj\stm32f10x_rcc.o
 .debug_ranges  0x00000778       0x10 ..\obj\dac.o
 .debug_ranges  0x00000788      0x100 ..\obj\tasks.o
 .debug_ranges  0x00000888      0x128 ..\obj\stm32f10x_adc.o
 .debug_ranges  0x000009b0       0x18 ..\obj\string_utils.o
 .debug_ranges  0x000009c8       0x20 ..\obj\keyboard.o
 .debug_ranges  0x000009e8       0x58 ..\obj\menu.o
 .debug_ranges  0x00000a40       0x30 ..\obj\list.o
 .debug_ranges  0x00000a70       0x50 ..\obj\syscalls.o
 .debug_ranges  0x00000ac0       0xe8 ..\obj\stm32f10x_flash.o
 .debug_ranges  0x00000ba8       0x60 ..\obj\port.o
 .debug_ranges  0x00000c08       0x88 ..\obj\queue.o
 .debug_ranges  0x00000c90       0x60 ..\obj\stm32f10x_dma.o
 .debug_ranges  0x00000cf0       0x40 ..\obj\croutine.o
 .debug_ranges  0x00000d30       0x10 ..\obj\channels.o
 .debug_ranges  0x00000d40       0x28 ..\obj\spi_bus.o
 .debug_ranges  0x00000d68       0x30 ..\obj\misc.o
 .debug_ranges  0x00000d98       0xc0 ..\obj\stm32f10x_spi.o
 .debug_ranges  0x00000e58       0x28 ..\obj\heap_1.o

.debug_str      0x00000000     0x5200
 .debug_str     0x00000000      0xcbb ..\obj\stm32f10x_tim.o
                                0xd5c (size before relaxing)
 .debug_str     0x00000cbb       0xd5 ..\obj\startup_stm32f10x_md_vl.o
                                0x100 (size before relaxing)
 .debug_str     0x00000d90      0x184 ..\obj\core_cm3.o
                                0x24b (size before relaxing)
 .debug_str     0x00000f14      0x179 ..\obj\system_stm32f10x.o
                                0x253 (size before relaxing)
 .debug_str     0x0000108d      0x149 ..\obj\stm32f10x_pwr.o
                                0x291 (size before relaxing)
 .debug_str     0x000011d6      0x399 ..\obj\stm32f10x_gpio.o
                                0x498 (size before relaxing)
 .debug_str     0x0000156f      0x5c1 ..\obj\adc_sensor.o
                                0x7e4 (size before relaxing)
 .debug_str     0x00001b30      0x2b5 ..\obj\stm32f10x_dac.o
                                0x3c2 (size before relaxing)
 .debug_str     0x00001de5      0x227 ..\obj\indicator.o
                                0x2f7 (size before relaxing)
 .debug_str     0x0000200c       0x69 ..\obj\main.o
                                0x187 (size before relaxing)
 .debug_str     0x00002075       0x66 ..\obj\timers.o
                                0x103 (size before relaxing)
 .debug_str     0x000020db       0x86 ..\obj\tablo.o
                                0x223 (size before relaxing)
 .debug_str     0x00002161      0x4b7 ..\obj\printf.o
                                0x620 (size before relaxing)
 .debug_str     0x00002618      0x43f ..\obj\stm32f10x_rcc.o
                                0x5ec (size before relaxing)
 .debug_str     0x00002a57       0x74 ..\obj\dac.o
                                0x2c3 (size before relaxing)
 .debug_str     0x00002acb      0x71a ..\obj\tasks.o
                                0x85a (size before relaxing)
 .debug_str     0x000031e5      0x471 ..\obj\stm32f10x_adc.o
                                0x67a (size before relaxing)
 .debug_str     0x00003656       0xb6 ..\obj\string_utils.o
                                0x1f2 (size before relaxing)
 .debug_str     0x0000370c       0xb1 ..\obj\keyboard.o
                                0x2c1 (size before relaxing)
 .debug_str     0x000037bd      0x2cc ..\obj\menu.o
                                0x5fa (size before relaxing)
 .debug_str     0x00003a89       0xf7 ..\obj\list.o
                                0x237 (size before relaxing)
 .debug_str     0x00003b80      0x169 ..\obj\syscalls.o
                                0x2a0 (size before relaxing)
 .debug_str     0x00003ce9      0x447 ..\obj\stm32f10x_flash.o
                                0x567 (size before relaxing)
 .debug_str     0x00004130      0x170 ..\obj\port.o
                                0x240 (size before relaxing)
 .debug_str     0x000042a0      0x315 ..\obj\queue.o
                                0x4d4 (size before relaxing)
 .debug_str     0x000045b5      0x23e ..\obj\stm32f10x_dma.o
                                0x340 (size before relaxing)
 .debug_str     0x000047f3      0x29c ..\obj\croutine.o
                                0x443 (size before relaxing)
 .debug_str     0x00004a8f       0xb8 ..\obj\channels.o
                                0x261 (size before relaxing)
 .debug_str     0x00004b47      0x16a ..\obj\spi_bus.o
                                0x5e5 (size before relaxing)
 .debug_str     0x00004cb1      0x174 ..\obj\misc.o
                                0x342 (size before relaxing)
 .debug_str     0x00004e25      0x2e0 ..\obj\stm32f10x_spi.o
                                0x57c (size before relaxing)
 .debug_str     0x00005105       0xfb ..\obj\heap_1.o
                                0x1ab (size before relaxing)

.comment        0x00000000       0x2a
 .comment       0x00000000       0x2a ..\obj\stm32f10x_tim.o
                                 0x2b (size before relaxing)
 .comment       0x00000000       0x2b ..\obj\startup_stm32f10x_md_vl.o
 .comment       0x00000000       0x2b ..\obj\core_cm3.o
 .comment       0x00000000       0x2b ..\obj\system_stm32f10x.o
 .comment       0x00000000       0x2b ..\obj\stm32f10x_pwr.o
 .comment       0x00000000       0x2b ..\obj\stm32f10x_gpio.o
 .comment       0x00000000       0x2b ..\obj\adc_sensor.o
 .comment       0x00000000       0x2b ..\obj\stm32f10x_dac.o
 .comment       0x00000000       0x2b ..\obj\indicator.o
 .comment       0x00000000       0x2b ..\obj\main.o
 .comment       0x00000000       0x2b ..\obj\timers.o
 .comment       0x00000000       0x2b ..\obj\tablo.o
 .comment       0x00000000       0x2b ..\obj\printf.o
 .comment       0x00000000       0x2b ..\obj\stm32f10x_rcc.o
 .comment       0x00000000       0x2b ..\obj\dac.o
 .comment       0x00000000       0x2b ..\obj\tasks.o
 .comment       0x00000000       0x2b ..\obj\stm32f10x_adc.o
 .comment       0x00000000       0x2b ..\obj\string_utils.o
 .comment       0x00000000       0x2b ..\obj\keyboard.o
 .comment       0x00000000       0x2b ..\obj\menu.o
 .comment       0x00000000       0x2b ..\obj\list.o
 .comment       0x00000000       0x2b ..\obj\syscalls.o
 .comment       0x00000000       0x2b ..\obj\stm32f10x_flash.o
 .comment       0x00000000       0x2b ..\obj\port.o
 .comment       0x00000000       0x2b ..\obj\queue.o
 .comment       0x00000000       0x2b ..\obj\stm32f10x_dma.o
 .comment       0x00000000       0x2b ..\obj\croutine.o
 .comment       0x00000000       0x2b ..\obj\channels.o
 .comment       0x00000000       0x2b ..\obj\spi_bus.o
 .comment       0x00000000       0x2b ..\obj\misc.o
 .comment       0x00000000       0x2b ..\obj\stm32f10x_spi.o
 .comment       0x00000000       0x2b ..\obj\heap_1.o

.ARM.attributes
                0x00000000       0x31
 .ARM.attributes
                0x00000000       0x31 ..\obj\stm32f10x_tim.o
 .ARM.attributes
                0x00000031       0x31 ..\obj\startup_stm32f10x_md_vl.o
 .ARM.attributes
                0x00000062       0x31 ..\obj\core_cm3.o
 .ARM.attributes
                0x00000093       0x31 ..\obj\system_stm32f10x.o
 .ARM.attributes
                0x000000c4       0x31 ..\obj\stm32f10x_pwr.o
 .ARM.attributes
                0x000000f5       0x31 ..\obj\stm32f10x_gpio.o
 .ARM.attributes
                0x00000126       0x31 ..\obj\adc_sensor.o
 .ARM.attributes
                0x00000157       0x31 ..\obj\stm32f10x_dac.o
 .ARM.attributes
                0x00000188       0x31 ..\obj\indicator.o
 .ARM.attributes
                0x000001b9       0x31 ..\obj\main.o
 .ARM.attributes
                0x000001ea       0x31 ..\obj\timers.o
 .ARM.attributes
                0x0000021b       0x31 ..\obj\tablo.o
 .ARM.attributes
                0x0000024c       0x31 ..\obj\printf.o
 .ARM.attributes
                0x0000027d       0x31 ..\obj\stm32f10x_rcc.o
 .ARM.attributes
                0x000002ae       0x31 ..\obj\dac.o
 .ARM.attributes
                0x000002df       0x31 ..\obj\tasks.o
 .ARM.attributes
                0x00000310       0x31 ..\obj\stm32f10x_adc.o
 .ARM.attributes
                0x00000341       0x31 ..\obj\string_utils.o
 .ARM.attributes
                0x00000372       0x31 ..\obj\keyboard.o
 .ARM.attributes
                0x000003a3       0x31 ..\obj\menu.o
 .ARM.attributes
                0x000003d4       0x31 ..\obj\list.o
 .ARM.attributes
                0x00000405       0x31 ..\obj\syscalls.o
 .ARM.attributes
                0x00000436       0x31 ..\obj\stm32f10x_flash.o
 .ARM.attributes
                0x00000467       0x31 ..\obj\port.o
 .ARM.attributes
                0x00000498       0x31 ..\obj\queue.o
 .ARM.attributes
                0x000004c9       0x31 ..\obj\stm32f10x_dma.o
 .ARM.attributes
                0x000004fa       0x31 ..\obj\croutine.o
 .ARM.attributes
                0x0000052b       0x31 ..\obj\channels.o
 .ARM.attributes
                0x0000055c       0x31 ..\obj\spi_bus.o
 .ARM.attributes
                0x0000058d       0x31 ..\obj\misc.o
 .ARM.attributes
                0x000005be       0x31 ..\obj\stm32f10x_spi.o
 .ARM.attributes
                0x000005ef       0x31 ..\obj\heap_1.o
 .ARM.attributes
                0x00000620       0x29 C:\CooCox\CoIDE\gcc\Sourcery G++ Lite\arm-none-eabi\lib\thumb2\libm.a(lib_a-sf_fpclassify.o)
 .ARM.attributes
                0x00000649       0x1b c:/coocox/coide/gcc/sourcery g++ lite/bin/../lib/gcc/arm-none-eabi/4.5.1/thumb2\libgcc.a(_arm_addsubdf3.o)
 .ARM.attributes
                0x00000664       0x1b c:/coocox/coide/gcc/sourcery g++ lite/bin/../lib/gcc/arm-none-eabi/4.5.1/thumb2\libgcc.a(_arm_cmpdf2.o)
 .ARM.attributes
                0x0000067f       0x1b c:/coocox/coide/gcc/sourcery g++ lite/bin/../lib/gcc/arm-none-eabi/4.5.1/thumb2\libgcc.a(_arm_addsubsf3.o)
 .ARM.attributes
                0x0000069a       0x1b c:/coocox/coide/gcc/sourcery g++ lite/bin/../lib/gcc/arm-none-eabi/4.5.1/thumb2\libgcc.a(_arm_muldivsf3.o)
 .ARM.attributes
                0x000006b5       0x1b c:/coocox/coide/gcc/sourcery g++ lite/bin/../lib/gcc/arm-none-eabi/4.5.1/thumb2\libgcc.a(_arm_cmpsf2.o)
 .ARM.attributes
                0x000006d0       0x1b c:/coocox/coide/gcc/sourcery g++ lite/bin/../lib/gcc/arm-none-eabi/4.5.1/thumb2\libgcc.a(_arm_fixunssfsi.o)
 .ARM.attributes
                0x000006eb       0x29 C:\CooCox\CoIDE\gcc\Sourcery G++ Lite\arm-none-eabi\lib\thumb2\libc.a(lib_a-ctype_.o)
 .ARM.attributes
                0x00000714       0x29 C:\CooCox\CoIDE\gcc\Sourcery G++ Lite\arm-none-eabi\lib\thumb2\libc.a(lib_a-memcpy.o)
 .ARM.attributes
                0x0000073d       0x29 C:\CooCox\CoIDE\gcc\Sourcery G++ Lite\arm-none-eabi\lib\thumb2\libc.a(lib_a-memset.o)
 .ARM.attributes
                0x00000766       0x29 C:\CooCox\CoIDE\gcc\Sourcery G++ Lite\arm-none-eabi\lib\thumb2\libc.a(lib_a-strlen.o)
 .ARM.attributes
                0x0000078f       0x29 C:\CooCox\CoIDE\gcc\Sourcery G++ Lite\arm-none-eabi\lib\thumb2\libc.a(lib_a-strncpy.o)

.debug_frame    0x00000000     0x336c
 .debug_frame   0x00000000      0xa20 ..\obj\stm32f10x_tim.o
 .debug_frame   0x00000a20       0x48 ..\obj\startup_stm32f10x_md_vl.o
 .debug_frame   0x00000a68      0x280 ..\obj\core_cm3.o
 .debug_frame   0x00000ce8       0x80 ..\obj\system_stm32f10x.o
 .debug_frame   0x00000d68      0x140 ..\obj\stm32f10x_pwr.o
 .debug_frame   0x00000ea8      0x210 ..\obj\stm32f10x_gpio.o
 .debug_frame   0x000010b8       0x88 ..\obj\adc_sensor.o
 .debug_frame   0x00001140      0x1ec ..\obj\stm32f10x_dac.o
 .debug_frame   0x0000132c       0x70 ..\obj\indicator.o
 .debug_frame   0x0000139c       0x50 ..\obj\main.o
 .debug_frame   0x000013ec       0x48 ..\obj\tablo.o
 .debug_frame   0x00001434      0x244 ..\obj\printf.o
 .debug_frame   0x00001678      0x3a4 ..\obj\stm32f10x_rcc.o
 .debug_frame   0x00001a1c       0x30 ..\obj\dac.o
 .debug_frame   0x00001a4c      0x3c0 ..\obj\tasks.o
 .debug_frame   0x00001e0c      0x400 ..\obj\stm32f10x_adc.o
 .debug_frame   0x0000220c       0x50 ..\obj\string_utils.o
 .debug_frame   0x0000225c       0x6c ..\obj\keyboard.o
 .debug_frame   0x000022c8      0x14c ..\obj\menu.o
 .debug_frame   0x00002414       0x9c ..\obj\list.o
 .debug_frame   0x000024b0      0x108 ..\obj\syscalls.o
 .debug_frame   0x000025b8      0x338 ..\obj\stm32f10x_flash.o
 .debug_frame   0x000028f0      0x110 ..\obj\port.o
 .debug_frame   0x00002a00      0x204 ..\obj\queue.o
 .debug_frame   0x00002c04      0x144 ..\obj\stm32f10x_dma.o
 .debug_frame   0x00002d48       0xf0 ..\obj\croutine.o
 .debug_frame   0x00002e38       0x28 ..\obj\channels.o
 .debug_frame   0x00002e60       0x90 ..\obj\spi_bus.o
 .debug_frame   0x00002ef0       0x9c ..\obj\misc.o
 .debug_frame   0x00002f8c      0x29c ..\obj\stm32f10x_spi.o
 .debug_frame   0x00003228       0x7c ..\obj\heap_1.o
 .debug_frame   0x000032a4       0x20 C:\CooCox\CoIDE\gcc\Sourcery G++ Lite\arm-none-eabi\lib\thumb2\libm.a(lib_a-sf_fpclassify.o)
 .debug_frame   0x000032c4       0x30 C:\CooCox\CoIDE\gcc\Sourcery G++ Lite\arm-none-eabi\lib\thumb2\libc.a(lib_a-memcpy.o)
 .debug_frame   0x000032f4       0x2c C:\CooCox\CoIDE\gcc\Sourcery G++ Lite\arm-none-eabi\lib\thumb2\libc.a(lib_a-memset.o)
 .debug_frame   0x00003320       0x20 C:\CooCox\CoIDE\gcc\Sourcery G++ Lite\arm-none-eabi\lib\thumb2\libc.a(lib_a-strlen.o)
 .debug_frame   0x00003340       0x2c C:\CooCox\CoIDE\gcc\Sourcery G++ Lite\arm-none-eabi\lib\thumb2\libc.a(lib_a-strncpy.o)
